GC: pause 26.72ms. collected 173.761648MB. incr 
GC: pause 19.26ms. collected 37.909576MB. incr 
GC: pause 47.74ms. collected 84.636975MB. full 
GC: pause 126.71ms. collected 84.639463MB. full 
GC: pause 120.88ms. collected 160.463684MB. incr 
GC: pause 28.41ms. collected 39.763272MB. incr 
GC: pause 23.21ms. collected 45.848944MB. incr 
GC: pause 9.32ms. collected 45.785872MB. incr 
GC: pause 13.34ms. collected 45.864464MB. incr 
GC: pause 23.76ms. collected 81.126136MB. incr 
GC: pause 51.97ms. collected 207.834073MB. incr 
GC: pause 56.33ms. collected 45.783200MB. full 
GC: pause 133.49ms. collected 46.955896MB. incr 
GC: pause 52.11ms. collected 133.522058MB. incr 
GC: pause 49.48ms. collected 49.126400MB. incr 
GC: pause 73.73ms. collected 107.250144MB. full 
GC: pause 198.80ms. collected 108.828801MB. full 
GC: pause 185.36ms. collected 104.111503MB. incr 
GC: pause 33.28ms. collected 102.121642MB. incr 
GC: pause 40.25ms. collected 93.581776MB. incr 
GC: pause 37.26ms. collected 110.340423MB. incr 
GC: pause 45.39ms. collected 121.786963MB. incr 
GC: pause 266.32ms. collected 2044.162155MB. incr 
GC: pause 80.07ms. collected 225.186054MB. incr 
GC: pause 55.17ms. collected 120.746070MB. incr 
GC: pause 45.76ms. collected 133.798659MB. incr 
GC: pause 43.14ms. collected 120.557472MB. incr 
GC: pause 41.25ms. collected 141.632560MB. incr 
GC: pause 47.29ms. collected 133.408969MB. incr 
GC: pause 52.93ms. collected 135.280096MB. incr 
GC: pause 52.93ms. collected 131.818511MB. incr 
GC: pause 53.98ms. collected 158.504398MB. incr 
GC: pause 60.96ms. collected 171.670546MB. incr 
GC: pause 50.54ms. collected 168.199445MB. incr 
GC: pause 58.80ms. collected 168.406688MB. incr 
GC: pause 64.23ms. collected 175.073206MB. incr 
GC: pause 67.36ms. collected 175.864080MB. incr 
GC: pause 68.35ms. collected 186.713376MB. incr 
GC: pause 116.36ms. collected 371.343797MB. incr 
GC: pause 72.91ms. collected 195.128858MB. incr 
GC: pause 63.12ms. collected 203.911233MB. incr 
GC: pause 42.78ms. collected 203.272203MB. incr 
GC: pause 47.73ms. collected 203.722397MB. incr 
GC: pause 46.19ms. collected 204.903874MB. incr 
GC: pause 47.24ms. collected 205.100631MB. incr 
GC: pause 48.22ms. collected 205.732412MB. incr 
GC: pause 55.87ms. collected 201.595234MB. incr 
GC: pause 63.54ms. collected 198.164545MB. incr 
GC: pause 143.00ms. collected 411.928479MB. full 
GC: pause 327.66ms. collected 329.267797MB. incr 
GC: pause 59.25ms. collected 216.576418MB. incr 
GC: pause 42.83ms. collected 157.303930MB. incr 
GC: pause 43.74ms. collected 156.880160MB. incr 
GC: pause 45.57ms. collected 164.822560MB. incr 
GC: pause 51.11ms. collected 157.421447MB. incr 
GC: pause 46.24ms. collected 170.420247MB. incr 
GC: pause 45.67ms. collected 170.912515MB. incr 
GC: pause 41.97ms. collected 167.784912MB. incr 
GC: pause 43.84ms. collected 169.242409MB. incr 
GC: pause 46.06ms. collected 169.420512MB. incr 
GC: pause 42.90ms. collected 171.373104MB. incr 
GC: pause 40.95ms. collected 171.223024MB. incr 
GC: pause 40.01ms. collected 173.089504MB. incr 
GC: pause 38.84ms. collected 174.144608MB. incr 
GC: pause 50.38ms. collected 165.245304MB. incr 
GC: pause 57.06ms. collected 174.440517MB. incr 
GC: pause 60.09ms. collected 175.546003MB. incr 
GC: pause 59.95ms. collected 172.826320MB. incr 
GC: pause 65.31ms. collected 177.602320MB. incr 
GC: pause 60.93ms. collected 185.408254MB. incr 
GC: pause 62.15ms. collected 178.001484MB. incr 
GC: pause 71.75ms. collected 397.988449MB. incr 
GC: pause 24.17ms. collected 200.664896MB. incr 
GC: pause 17.53ms. collected 194.706400MB. incr 
GC: pause 7.27ms. collected 194.706400MB. incr 
GC: pause 7.27ms. collected 194.707952MB. incr 
GC: pause 7.31ms. collected 194.706752MB. incr 
GC: pause 7.42ms. collected 195.032400MB. incr 
GC: pause 7.65ms. collected 196.272448MB. incr 
GC: pause 7.30ms. collected 194.799248MB. incr 
GC: pause 7.29ms. collected 194.706400MB. incr 
GC: pause 7.74ms. collected 194.706400MB. incr 
GC: pause 7.32ms. collected 194.706400MB. incr 
GC: pause 7.31ms. collected 194.706400MB. incr 
GC: pause 7.29ms. collected 194.706400MB. incr 
GC: pause 7.30ms. collected 194.706400MB. incr 
GC: pause 7.34ms. collected 194.707952MB. incr 
GC: pause 7.32ms. collected 196.161744MB. incr 
GC: pause 7.29ms. collected 195.236304MB. incr 
GC: pause 7.26ms. collected 194.706400MB. incr 
GC: pause 7.37ms. collected 195.032960MB. incr 
GC: pause 7.28ms. collected 196.366640MB. incr 
GC: pause 7.27ms. collected 194.708304MB. incr 
GC: pause 7.29ms. collected 196.691296MB. incr 
GC: pause 7.31ms. collected 194.708304MB. incr 
GC: pause 7.31ms. collected 196.680240MB. incr 
GC: pause 7.37ms. collected 194.719360MB. incr 
GC: pause 7.33ms. collected 196.598448MB. incr 
GC: pause 7.36ms. collected 194.801152MB. incr 
GC: pause 7.27ms. collected 196.691296MB. incr 
GC: pause 7.11ms. collected 196.163248MB. incr 
GC: pause 7.43ms. collected 195.236352MB. incr 
GC: pause 7.43ms. collected 196.163248MB. incr 
GC: pause 7.33ms. collected 195.236352MB. incr 
GC: pause 7.33ms. collected 196.693200MB. incr 
GC: pause 7.32ms. collected 196.597888MB. incr 
GC: pause 7.29ms. collected 194.801712MB. incr 
GC: pause 7.31ms. collected 196.693200MB. incr 
GC: pause 7.33ms. collected 196.600352MB. incr 
GC: pause 7.32ms. collected 194.801152MB. incr 
GC: pause 7.32ms. collected 196.691296MB. incr 
GC: pause 7.31ms. collected 196.693200MB. incr 
GC: pause 7.33ms. collected 196.693200MB. incr 
GC: pause 7.31ms. collected 196.693200MB. incr 
GC: pause 7.62ms. collected 196.693200MB. incr 
GC: pause 7.36ms. collected 196.693200MB. incr 
GC: pause 7.33ms. collected 196.693200MB. incr 
GC: pause 7.29ms. collected 196.693200MB. incr 
GC: pause 7.39ms. collected 196.693200MB. incr 
GC: pause 7.30ms. collected 196.693200MB. incr 
GC: pause 7.33ms. collected 196.693200MB. incr 
GC: pause 7.33ms. collected 196.693200MB. incr 
GC: pause 7.31ms. collected 196.693200MB. incr 
GC: pause 7.34ms. collected 196.694752MB. incr 
GC: pause 7.30ms. collected 198.148544MB. incr 
GC: pause 7.27ms. collected 197.223104MB. incr 
GC: pause 7.28ms. collected 196.693200MB. incr 
GC: pause 7.31ms. collected 196.695104MB. incr 
GC: pause 7.31ms. collected 198.678096MB. incr 
GC: pause 7.37ms. collected 196.695104MB. incr 
GC: pause 7.43ms. collected 198.148192MB. incr 
GC: pause 7.23ms. collected 197.223104MB. incr 
GC: pause 7.26ms. collected 197.019760MB. incr 
GC: pause 7.45ms. collected 198.353440MB. incr 
GC: pause 7.41ms. collected 198.150096MB. incr 
GC: pause 7.31ms. collected 197.223104MB. incr 
GC: pause 7.49ms. collected 197.021104MB. incr 
GC: pause 7.36ms. collected 198.352096MB. incr 
GC: pause 7.34ms. collected 198.680000MB. incr 
GC: pause 7.44ms. collected 197.021104MB. incr 
GC: pause 7.32ms. collected 198.352096MB. incr 
GC: pause 7.35ms. collected 198.680000MB. incr 
GC: pause 7.33ms. collected 198.150096MB. incr 
GC: pause 7.32ms. collected 197.223104MB. incr 
GC: pause 7.35ms. collected 198.680000MB. incr 
GC: pause 7.32ms. collected 198.673296MB. incr 
GC: pause 7.36ms. collected 196.701808MB. incr 
GC: pause 7.35ms. collected 198.678096MB. incr 
GC: pause 7.37ms. collected 198.680000MB. incr 
GC: pause 7.33ms. collected 198.680000MB. incr 
GC: pause 7.36ms. collected 198.680000MB. incr 
GC: pause 7.33ms. collected 198.680000MB. incr 
GC: pause 7.34ms. collected 198.680000MB. incr 
GC: pause 7.32ms. collected 198.680000MB. incr 
GC: pause 7.33ms. collected 198.680000MB. incr 
GC: pause 7.33ms. collected 198.680000MB. incr 
GC: pause 7.85ms. collected 198.680000MB. incr 
GC: pause 7.27ms. collected 198.680000MB. incr 
GC: pause 7.29ms. collected 198.680000MB. incr 
GC: pause 7.29ms. collected 198.680000MB. incr 
GC: pause 7.37ms. collected 198.680000MB. incr 
GC: pause 7.33ms. collected 198.680000MB. incr 
GC: pause 7.46ms. collected 198.680000MB. incr 
GC: pause 7.25ms. collected 198.680000MB. incr 
GC: pause 7.15ms. collected 199.005680MB. incr 
GC: pause 7.50ms. collected 200.341120MB. incr 
GC: pause 7.38ms. collected 198.680000MB. incr 
GC: pause 7.42ms. collected 199.007904MB. incr 
GC: pause 7.35ms. collected 200.338896MB. incr 
GC: pause 7.34ms. collected 200.136896MB. incr 
GC: pause 7.32ms. collected 199.209904MB. incr 
GC: pause 7.33ms. collected 198.681904MB. incr 
GC: pause 7.34ms. collected 200.664896MB. incr 
GC: pause 7.34ms. collected 200.136848MB. incr 
GC: pause 7.36ms. collected 199.209952MB. incr 
GC: pause 7.45ms. collected 199.006560MB. incr 
GC: pause 7.53ms. collected 200.340240MB. incr 
GC: pause 7.37ms. collected 200.666800MB. incr 
GC: pause 7.48ms. collected 199.006560MB. incr 
GC: pause 7.37ms. collected 200.340240MB. incr 
GC: pause 7.41ms. collected 200.666800MB. incr 
GC: pause 7.39ms. collected 200.136896MB. incr 
GC: pause 7.32ms. collected 199.209904MB. incr 
GC: pause 7.34ms. collected 200.666800MB. incr 
GC: pause 7.38ms. collected 200.666800MB. incr 
GC: pause 7.40ms. collected 200.573952MB. incr 
GC: pause 7.31ms. collected 198.774752MB. incr 
GC: pause 7.28ms. collected 200.664896MB. incr 
GC: pause 7.29ms. collected 200.666800MB. incr 
GC: pause 7.32ms. collected 200.666800MB. incr 
GC: pause 7.30ms. collected 200.668704MB. incr 
GC: pause 7.40ms. collected 200.991456MB. incr 
GC: pause 7.33ms. collected 202.234192MB. incr 
GC: pause 7.35ms. collected 200.759648MB. incr 
GC: pause 7.35ms. collected 200.660096MB. incr 
GC: pause 7.25ms. collected 200.666800MB. incr 
GC: pause 7.20ms. collected 200.666800MB. incr 
GC: pause 7.45ms. collected 200.666800MB. incr 
GC: pause 7.36ms. collected 200.673504MB. incr 
GC: pause 7.37ms. collected 200.666800MB. incr 
GC: pause 7.33ms. collected 200.666800MB. incr 
GC: pause 7.29ms. collected 200.666800MB. incr 
GC: pause 7.33ms. collected 200.668704MB. incr 
GC: pause 7.41ms. collected 202.649904MB. incr 
GC: pause 7.32ms. collected 200.668592MB. incr 
GC: pause 7.43ms. collected 200.993360MB. incr 
GC: pause 7.33ms. collected 202.327040MB. incr 
GC: pause 7.35ms. collected 202.123648MB. incr 
GC: pause 7.36ms. collected 201.196752MB. incr 
GC: pause 7.35ms. collected 200.668704MB. incr 
GC: pause 7.42ms. collected 202.651696MB. incr 
GC: pause 7.41ms. collected 200.994704MB. incr 
GC: pause 7.34ms. collected 202.325696MB. incr 
GC: pause 7.40ms. collected 202.646896MB. incr 
GC: pause 7.40ms. collected 200.675056MB. incr 
GC: pause 7.37ms. collected 202.652048MB. incr 
GC: pause 7.37ms. collected 202.545776MB. incr 
GC: pause 7.35ms. collected 200.774624MB. incr 
GC: pause 7.37ms. collected 202.646848MB. incr 
GC: pause 7.44ms. collected 201.001456MB. incr 
GC: pause 7.34ms. collected 202.325696MB. incr 
GC: pause 7.35ms. collected 202.653600MB. incr 
GC: pause 7.35ms. collected 202.653600MB. incr 
GC: pause 7.32ms. collected 202.653600MB. incr 
GC: pause 7.36ms. collected 202.560752MB. incr 
GC: pause 7.43ms. collected 201.086208MB. incr 
GC: pause 7.39ms. collected 202.327040MB. incr 
GC: pause 7.28ms. collected 202.655152MB. incr 
GC: pause 7.21ms. collected 202.653952MB. incr 
GC: pause 7.48ms. collected 204.108544MB. incr 
GC: pause 7.66ms. collected 203.183552MB. incr 
GC: pause 7.39ms. collected 202.646896MB. incr 
GC: pause 7.35ms. collected 202.567456MB. incr 
GC: pause 7.39ms. collected 202.653600MB. incr 
GC: pause 7.40ms. collected 202.653600MB. incr 
GC: pause 7.37ms. collected 202.739744MB. incr 
GC: pause 7.33ms. collected 202.660304MB. incr 
GC: pause 7.40ms. collected 202.653600MB. incr 
GC: pause 7.34ms. collected 202.653600MB. incr 
GC: pause 7.35ms. collected 202.653600MB. incr 
GC: pause 7.50ms. collected 202.980160MB. incr 
GC: pause 7.38ms. collected 204.313840MB. incr 
GC: pause 7.40ms. collected 202.655504MB. incr 
GC: pause 7.48ms. collected 204.638496MB. incr 
GC: pause 7.42ms. collected 202.655504MB. incr 
GC: pause 7.41ms. collected 204.626720MB. incr 
GC: pause 7.46ms. collected 202.667280MB. incr 
GC: pause 15.74ms. collected 204.545648MB. incr 
GC: pause 7.43ms. collected 202.748352MB. incr 
GC: pause 7.38ms. collected 204.638496MB. incr 
GC: pause 7.38ms. collected 204.110496MB. incr 
GC: pause 7.43ms. collected 203.183504MB. incr 
GC: pause 7.39ms. collected 204.547552MB. incr 
GC: pause 7.41ms. collected 202.748352MB. incr 
GC: pause 7.38ms. collected 204.638496MB. incr 
GC: pause 7.39ms. collected 204.633696MB. incr 
GC: pause 7.42ms. collected 202.662208MB. incr 
GC: pause 7.47ms. collected 204.638496MB. incr 
GC: pause 7.38ms. collected 204.640400MB. incr 
GC: pause 7.15ms. collected 204.640400MB. incr 
GC: pause 7.50ms. collected 204.633648MB. incr 
GC: pause 7.48ms. collected 202.988256MB. incr 
GC: pause 7.43ms. collected 204.312496MB. incr 
GC: pause 7.44ms. collected 204.642304MB. incr 
GC: pause 7.39ms. collected 204.640400MB. incr 
GC: pause 7.40ms. collected 206.095392MB. incr 
GC: pause 7.66ms. collected 205.170304MB. incr 
GC: pause 7.44ms. collected 204.640400MB. incr 
GC: pause 7.40ms. collected 204.633696MB. incr 
GC: pause 7.42ms. collected 204.640400MB. incr 
GC: pause 7.42ms. collected 204.640400MB. incr 
GC: pause 7.41ms. collected 204.640400MB. incr 
GC: pause 7.44ms. collected 204.647104MB. incr 
GC: pause 7.43ms. collected 204.640400MB. incr 
GC: pause 7.39ms. collected 204.640400MB. incr 
GC: pause 7.38ms. collected 204.640400MB. incr 
GC: pause 7.47ms. collected 204.966960MB. incr 
GC: pause 7.41ms. collected 206.300640MB. incr 
GC: pause 7.50ms. collected 204.642304MB. incr 
GC: pause 7.42ms. collected 206.532448MB. incr 
GC: pause 7.44ms. collected 204.733248MB. incr 
GC: pause 7.48ms. collected 204.968304MB. incr 
GC: pause 7.42ms. collected 206.299296MB. incr 
GC: pause 7.41ms. collected 206.534352MB. incr 
GC: pause 7.37ms. collected 204.733248MB. incr 
GC: pause 7.49ms. collected 206.517952MB. incr 
GC: pause 7.43ms. collected 204.749648MB. incr 
GC: pause 7.43ms. collected 206.534352MB. incr 
GC: pause 7.54ms. collected 204.735152MB. incr 
GC: pause 7.52ms. collected 206.625296MB. incr 
GC: pause 7.31ms. collected 206.627200MB. incr 
GC: pause 7.36ms. collected 204.966960MB. incr 
GC: pause 7.49ms. collected 206.300640MB. incr 
GC: pause 7.46ms. collected 206.627200MB. incr 
GC: pause 7.47ms. collected 206.627200MB. incr 
GC: pause 7.44ms. collected 206.534352MB. incr 
GC: pause 7.47ms. collected 205.059808MB. incr 
GC: pause 7.39ms. collected 206.300640MB. incr 
GC: pause 7.44ms. collected 206.627200MB. incr 
GC: pause 7.45ms. collected 206.627200MB. incr 
GC: pause 7.43ms. collected 206.627200MB. incr 
GC: pause 7.43ms. collected 206.629104MB. incr 
GC: pause 7.51ms. collected 206.951856MB. incr 
GC: pause 7.44ms. collected 208.194592MB. incr 
GC: pause 7.44ms. collected 206.720048MB. incr 
GC: pause 7.42ms. collected 206.627200MB. incr 
GC: pause 7.45ms. collected 206.627200MB. incr 
GC: pause 7.46ms. collected 206.627200MB. incr 
GC: pause 7.40ms. collected 206.627200MB. incr 
GC: pause 7.44ms. collected 206.627200MB. incr 
GC: pause 7.43ms. collected 206.627200MB. incr 
GC: pause 7.54ms. collected 208.084048MB. incr 
GC: pause 7.49ms. collected 207.157152MB. incr 
GC: pause 7.48ms. collected 206.627200MB. incr 
GC: pause 7.43ms. collected 206.629104MB. incr 
GC: pause 7.43ms. collected 208.612096MB. incr 
GC: pause 7.52ms. collected 206.953760MB. incr 
GC: pause 7.42ms. collected 208.287440MB. incr 
GC: pause 7.50ms. collected 206.629104MB. incr 
GC: pause 7.47ms. collected 208.612096MB. incr 
GC: pause 7.57ms. collected 206.955104MB. incr 
GC: pause 7.39ms. collected 208.286096MB. incr 
GC: pause 7.22ms. collected 208.521152MB. incr 
GC: pause 7.51ms. collected 206.720048MB. incr 
GC: pause 7.48ms. collected 208.521152MB. incr 
GC: pause 7.44ms. collected 206.721952MB. incr 
GC: pause 7.46ms. collected 208.612096MB. incr 
GC: pause 7.49ms. collected 208.614000MB. incr 
GC: pause 7.44ms. collected 206.949888MB. incr 
GC: pause 7.45ms. collected 208.291312MB. incr 
GC: pause 7.43ms. collected 208.614000MB. incr 
GC: pause 7.44ms. collected 208.614000MB. incr 
GC: pause 7.42ms. collected 208.521152MB. incr 
GC: pause 7.47ms. collected 206.721952MB. incr 
GC: pause 7.47ms. collected 208.612096MB. incr 
GC: pause 7.43ms. collected 208.614000MB. incr 
GC: pause 11.26ms. collected 208.614000MB. incr 
GC: pause 7.47ms. collected 208.615904MB. incr 
GC: pause 7.56ms. collected 208.938656MB. incr 
GC: pause 7.51ms. collected 210.181392MB. incr 
GC: pause 7.43ms. collected 208.706848MB. incr 
GC: pause 7.43ms. collected 208.614000MB. incr 
GC: pause 7.47ms. collected 208.614000MB. incr 
GC: pause 7.45ms. collected 208.614000MB. incr 
GC: pause 7.45ms. collected 208.614000MB. incr 
GC: pause 7.44ms. collected 208.614000MB. incr 
GC: pause 7.38ms. collected 208.614000MB. incr 
GC: pause 7.46ms. collected 210.070848MB. incr 
GC: pause 7.44ms. collected 209.143952MB. incr 
GC: pause 7.48ms. collected 208.614000MB. incr 
GC: pause 7.51ms. collected 208.615904MB. incr 
GC: pause 7.40ms. collected 210.598896MB. incr 
GC: pause 7.37ms. collected 208.940560MB. incr 
GC: pause 7.57ms. collected 210.274240MB. incr 
GC: pause 7.47ms. collected 208.615904MB. incr 
GC: pause 7.43ms. collected 210.598896MB. incr 
GC: pause 7.44ms. collected 210.070848MB. incr 
GC: pause 7.48ms. collected 209.143952MB. incr 
GC: pause 7.54ms. collected 208.615904MB. incr 
GC: pause 7.52ms. collected 210.598896MB. incr 
GC: pause 7.54ms. collected 210.600800MB. incr 
GC: pause 7.56ms. collected 208.941904MB. incr 
GC: pause 7.47ms. collected 210.272896MB. incr 
GC: pause 7.45ms. collected 210.600800MB. incr 
GC: pause 7.53ms. collected 210.595520MB. incr 
GC: pause 7.57ms. collected 208.945840MB. incr 
GC: pause 7.47ms. collected 210.274240MB. incr 
GC: pause 7.49ms. collected 210.600800MB. incr 
GC: pause 7.49ms. collected 210.600800MB. incr 
GC: pause 7.46ms. collected 210.600800MB. incr 
GC: pause 7.54ms. collected 210.507952MB. incr 
GC: pause 7.56ms. collected 209.034752MB. incr 
GC: pause 7.49ms. collected 210.274800MB. incr 
GC: pause 7.55ms. collected 210.926800MB. incr 
GC: pause 7.47ms. collected 212.166848MB. incr 
GC: pause 7.52ms. collected 210.693648MB. incr 
GC: pause 7.46ms. collected 210.600800MB. incr 
GC: pause 7.46ms. collected 210.600800MB. incr 
GC: pause 7.46ms. collected 210.600800MB. incr 
GC: pause 7.45ms. collected 210.600800MB. incr 
GC: pause 7.49ms. collected 210.600800MB. incr 
GC: pause 7.45ms. collected 210.602352MB. incr 
GC: pause 7.39ms. collected 212.056144MB. incr 
GC: pause 7.60ms. collected 211.130704MB. incr 
GC: pause 7.63ms. collected 210.600800MB. incr 
GC: pause 7.62ms. collected 212.057648MB. incr 
GC: pause 7.50ms. collected 211.130752MB. incr 
GC: pause 7.58ms. collected 210.602352MB. incr 
GC: pause 7.61ms. collected 212.579344MB. incr 
GC: pause 7.49ms. collected 210.609056MB. incr 
GC: pause 7.50ms. collected 212.493200MB. incr 
GC: pause 7.52ms. collected 210.695200MB. incr 
GC: pause 7.49ms. collected 212.493200MB. incr 
GC: pause 7.50ms. collected 210.695552MB. incr 
GC: pause 7.49ms. collected 212.585696MB. incr 
GC: pause 7.52ms. collected 212.057648MB. incr 
GC: pause 7.51ms. collected 211.130752MB. incr 
GC: pause 7.57ms. collected 212.489216MB. incr 
GC: pause 7.50ms. collected 210.700736MB. incr 
GC: pause 7.50ms. collected 212.586048MB. incr 
GC: pause 7.48ms. collected 212.580896MB. incr 
GC: pause 7.52ms. collected 210.609408MB. incr 
GC: pause 7.48ms. collected 212.585696MB. incr 
GC: pause 7.47ms. collected 212.587600MB. incr 
GC: pause 7.47ms. collected 212.587600MB. incr 
GC: pause 7.44ms. collected 212.587600MB. incr 
GC: pause 7.52ms. collected 212.587600MB. incr 
GC: pause 7.49ms. collected 212.587600MB. incr 
GC: pause 7.49ms. collected 212.587600MB. incr 
GC: pause 7.63ms. collected 212.587600MB. incr 
GC: pause 7.43ms. collected 212.587600MB. incr 
GC: pause 7.32ms. collected 212.587600MB. incr 
GC: pause 7.25ms. collected 212.587600MB. incr 
GC: pause 7.66ms. collected 212.587600MB. incr 
GC: pause 7.50ms. collected 212.587600MB. incr 
GC: pause 7.48ms. collected 212.587600MB. incr 
GC: pause 7.52ms. collected 212.587600MB. incr 
GC: pause 7.56ms. collected 212.587600MB. incr 
GC: pause 7.48ms. collected 214.044448MB. incr 
GC: pause 7.52ms. collected 213.117552MB. incr 
GC: pause 7.47ms. collected 212.587600MB. incr 
GC: pause 7.58ms. collected 212.915504MB. incr 
GC: pause 7.52ms. collected 214.246496MB. incr 
GC: pause 17.45ms. collected 214.044448MB. incr 
GC: pause 7.52ms. collected 213.117552MB. incr 
GC: pause 7.50ms. collected 212.589504MB. incr 
GC: pause 7.49ms. collected 214.572496MB. incr 
GC: pause 7.62ms. collected 212.915504MB. incr 
GC: pause 7.52ms. collected 214.246496MB. incr 
GC: pause 7.52ms. collected 214.481552MB. incr 
GC: pause 7.55ms. collected 212.680448MB. incr 
GC: pause 7.48ms. collected 214.567696MB. incr 
GC: pause 7.64ms. collected 212.922208MB. incr 
GC: pause 7.49ms. collected 214.246496MB. incr 
GC: pause 7.47ms. collected 214.574400MB. incr 
GC: pause 7.48ms. collected 214.481552MB. incr 
GC: pause 7.50ms. collected 212.682352MB. incr 
GC: pause 7.49ms. collected 214.572496MB. incr 
GC: pause 7.47ms. collected 214.574400MB. incr 
GC: pause 7.53ms. collected 214.574400MB. incr 
GC: pause 7.43ms. collected 214.574400MB. incr 
GC: pause 7.32ms. collected 214.574400MB. incr 
GC: pause 7.66ms. collected 214.574400MB. incr 
GC: pause 7.68ms. collected 214.574400MB. incr 
GC: pause 7.50ms. collected 214.574400MB. incr 
GC: pause 7.55ms. collected 214.481552MB. incr 
GC: pause 7.50ms. collected 214.574400MB. incr 
GC: pause 7.47ms. collected 214.137344MB. incr 
GC: pause 7.55ms. collected 214.574352MB. incr 
GC: pause 7.48ms. collected 214.994896MB. incr 
GC: pause 7.49ms. collected 214.591008MB. incr 
GC: pause 7.49ms. collected 214.658640MB. incr 
GC: pause 7.49ms. collected 214.583008MB. incr 
GC: pause 7.49ms. collected 214.574400MB. incr 
GC: pause 7.54ms. collected 214.574400MB. incr 
GC: pause 7.53ms. collected 214.575952MB. incr 
GC: pause 7.57ms. collected 216.466800MB. incr 
GC: pause 7.50ms. collected 214.667248MB. incr 
GC: pause 7.58ms. collected 214.900960MB. incr 
GC: pause 7.58ms. collected 216.234640MB. incr 
GC: pause 7.51ms. collected 216.464096MB. incr 
GC: pause 7.51ms. collected 214.671504MB. incr 
GC: pause 7.46ms. collected 214.576304MB. incr 
GC: pause 7.56ms. collected 216.559296MB. incr 
GC: pause 7.54ms. collected 216.561200MB. incr 
GC: pause 7.51ms. collected 214.576304MB. incr 
GC: pause 7.50ms. collected 216.559296MB. incr 
GC: pause 7.52ms. collected 216.561200MB. incr 
GC: pause 7.51ms. collected 216.031248MB. incr 
GC: pause 7.60ms. collected 215.104352MB. incr 
GC: pause 7.49ms. collected 216.561200MB. incr 
GC: pause 7.30ms. collected 216.468352MB. incr 
GC: pause 7.62ms. collected 214.669152MB. incr 
GC: pause 7.51ms. collected 216.559296MB. incr 
GC: pause 7.52ms. collected 216.561200MB. incr 
GC: pause 7.55ms. collected 216.561200MB. incr 
GC: pause 7.58ms. collected 216.561200MB. incr 
GC: pause 7.59ms. collected 216.561200MB. incr 
GC: pause 7.47ms. collected 216.561200MB. incr 
GC: pause 7.50ms. collected 216.561200MB. incr 
GC: pause 7.54ms. collected 216.561200MB. incr 
GC: pause 7.53ms. collected 216.561200MB. incr 
GC: pause 7.51ms. collected 216.561200MB. incr 
GC: pause 7.63ms. collected 216.887760MB. incr 
GC: pause 7.62ms. collected 218.214736MB. incr 
GC: pause 7.59ms. collected 216.567904MB. incr 
GC: pause 7.57ms. collected 216.561200MB. incr 
GC: pause 7.55ms. collected 216.563104MB. incr 
GC: pause 7.61ms. collected 218.539392MB. incr 
GC: pause 7.53ms. collected 216.567904MB. incr 
GC: pause 7.61ms. collected 216.563104MB. incr 
GC: pause 7.54ms. collected 218.546096MB. incr 
GC: pause 7.61ms. collected 216.889104MB. incr 
GC: pause 7.54ms. collected 218.220096MB. incr 
GC: pause 7.60ms. collected 216.887760MB. incr 
GC: pause 7.54ms. collected 218.221440MB. incr 
GC: pause 7.66ms. collected 216.889104MB. incr 
GC: pause 7.64ms. collected 218.220096MB. incr 
GC: pause 7.60ms. collected 218.455152MB. incr 
GC: pause 7.39ms. collected 216.654048MB. incr 
GC: pause 7.34ms. collected 218.541296MB. incr 
GC: pause 7.71ms. collected 216.895808MB. incr 
GC: pause 7.56ms. collected 218.220096MB. incr 
GC: pause 7.58ms. collected 218.548000MB. incr 
GC: pause 7.52ms. collected 218.455152MB. incr 
GC: pause 7.56ms. collected 216.655952MB. incr 
GC: pause 7.53ms. collected 218.546096MB. incr 
GC: pause 7.52ms. collected 218.548000MB. incr 
GC: pause 16.25ms. collected 218.548000MB. incr 
GC: pause 7.56ms. collected 218.548000MB. incr 
GC: pause 7.54ms. collected 218.548000MB. incr 
GC: pause 7.55ms. collected 218.548000MB. incr 
GC: pause 7.52ms. collected 218.541296MB. incr 
GC: pause 7.54ms. collected 218.461856MB. incr 
GC: pause 7.56ms. collected 218.110896MB. incr 
GC: pause 7.64ms. collected 217.417712MB. incr 
GC: pause 7.63ms. collected 218.548000MB. incr 
GC: pause 7.61ms. collected 220.201536MB. incr 
GC: pause 7.54ms. collected 218.554704MB. incr 
GC: pause 7.56ms. collected 218.548000MB. incr 
GC: pause 7.54ms. collected 218.548000MB. incr 
GC: pause 7.61ms. collected 218.875904MB. incr 
GC: pause 7.54ms. collected 220.206896MB. incr 
GC: pause 7.54ms. collected 218.549904MB. incr 
GC: pause 7.56ms. collected 220.002992MB. incr 
GC: pause 7.51ms. collected 219.077904MB. incr 
GC: pause 7.54ms. collected 218.549904MB. incr 
GC: pause 7.61ms. collected 220.532896MB. incr 
GC: pause 7.52ms. collected 218.549904MB. incr 
GC: pause 7.43ms. collected 220.532896MB. incr 
GC: pause 7.79ms. collected 218.874560MB. incr 
GC: pause 7.71ms. collected 220.208240MB. incr 
GC: pause 7.66ms. collected 220.004848MB. incr 
GC: pause 7.74ms. collected 219.077952MB. incr 
GC: pause 7.60ms. collected 220.004896MB. incr 
GC: pause 7.62ms. collected 219.077904MB. incr 
GC: pause 7.57ms. collected 220.534800MB. incr 
GC: pause 7.55ms. collected 220.441952MB. incr 
GC: pause 7.55ms. collected 218.642752MB. incr 
GC: pause 7.59ms. collected 220.532896MB. incr 
GC: pause 7.53ms. collected 220.534800MB. incr 
GC: pause 7.57ms. collected 220.528096MB. incr 
GC: pause 7.64ms. collected 220.011552MB. incr 
GC: pause 7.60ms. collected 219.079504MB. incr 
GC: pause 7.61ms. collected 220.533248MB. incr 
GC: pause 7.59ms. collected 220.534800MB. incr 
GC: pause 7.58ms. collected 220.534800MB. incr 
GC: pause 7.60ms. collected 220.534800MB. incr 
GC: pause 7.58ms. collected 220.536704MB. incr 
GC: pause 7.57ms. collected 221.989744MB. incr 
GC: pause 7.61ms. collected 221.064752MB. incr 
GC: pause 7.58ms. collected 220.534800MB. incr 
GC: pause 7.58ms. collected 220.534800MB. incr 
GC: pause 7.63ms. collected 220.534800MB. incr 
GC: pause 7.59ms. collected 220.534800MB. incr 
GC: pause 7.61ms. collected 220.534800MB. incr 
GC: pause 7.63ms. collected 221.991648MB. incr 
GC: pause 7.47ms. collected 221.064752MB. incr 
GC: pause 7.34ms. collected 220.534800MB. incr 
GC: pause 7.61ms. collected 221.991648MB. incr 
GC: pause 7.58ms. collected 221.064752MB. incr 
GC: pause 7.61ms. collected 220.536704MB. incr 
GC: pause 7.63ms. collected 222.519696MB. incr 
GC: pause 7.65ms. collected 220.536704MB. incr 
GC: pause 7.62ms. collected 222.519696MB. incr 
GC: pause 7.65ms. collected 221.991648MB. incr 
GC: pause 7.60ms. collected 221.064752MB. incr 
GC: pause 7.74ms. collected 220.862704MB. incr 
GC: pause 7.56ms. collected 222.193696MB. incr 
GC: pause 7.60ms. collected 222.521600MB. incr 
GC: pause 7.58ms. collected 222.428752MB. incr 
GC: pause 7.65ms. collected 220.629552MB. incr 
GC: pause 7.56ms. collected 222.519696MB. incr 
GC: pause 7.61ms. collected 222.521600MB. incr 
GC: pause 7.61ms. collected 222.409200MB. incr 
GC: pause 7.65ms. collected 220.649104MB. incr 
GC: pause 7.62ms. collected 222.519696MB. incr 
GC: pause 7.62ms. collected 222.521600MB. incr 
GC: pause 7.61ms. collected 222.521600MB. incr 
GC: pause 7.60ms. collected 222.521600MB. incr 
GC: pause 7.63ms. collected 222.521600MB. incr 
GC: pause 7.56ms. collected 222.521600MB. incr 
GC: pause 7.63ms. collected 222.521600MB. incr 
GC: pause 7.64ms. collected 222.521600MB. incr 
GC: pause 7.70ms. collected 222.521600MB. incr 
GC: pause 7.58ms. collected 222.521600MB. incr 
GC: pause 7.34ms. collected 222.521600MB. incr 
GC: pause 9.25ms. collected 222.521600MB. incr 
GC: pause 7.71ms. collected 222.521600MB. incr 
GC: pause 7.74ms. collected 222.523504MB. incr 
GC: pause 7.78ms. collected 224.506496MB. incr 
GC: pause 7.58ms. collected 222.521600MB. incr 
GC: pause 8.11ms. collected 222.848160MB. incr 
GC: pause 7.60ms. collected 224.181840MB. incr 
GC: pause 7.70ms. collected 222.848160MB. incr 
GC: pause 7.61ms. collected 224.181840MB. incr 
GC: pause 7.75ms. collected 222.848160MB. incr 
GC: pause 7.60ms. collected 224.181840MB. incr 
GC: pause 7.69ms. collected 222.849504MB. incr 
GC: pause 7.63ms. collected 224.180496MB. incr 
GC: pause 7.72ms. collected 224.501696MB. incr 
GC: pause 7.63ms. collected 222.529856MB. incr 
GC: pause 7.64ms. collected 224.506848MB. incr 
GC: pause 7.65ms. collected 223.978496MB. incr 
GC: pause 7.59ms. collected 223.051504MB. incr 
GC: pause 7.59ms. collected 224.508400MB. incr 
GC: pause 7.60ms. collected 224.415552MB. incr 
GC: pause 7.59ms. collected 222.616352MB. incr 
GC: pause 7.58ms. collected 224.506496MB. incr 
GC: pause 7.62ms. collected 224.508400MB. incr 
GC: pause 7.60ms. collected 224.508400MB. incr 
GC: pause 7.70ms. collected 224.415552MB. incr 
GC: pause 7.69ms. collected 222.942352MB. incr 
GC: pause 7.46ms. collected 224.182400MB. incr 
GC: pause 7.45ms. collected 224.834400MB. incr 
GC: pause 7.77ms. collected 226.074448MB. incr 
GC: pause 7.72ms. collected 224.601248MB. incr 
GC: pause 7.65ms. collected 224.508400MB. incr 
GC: pause 7.62ms. collected 224.508400MB. incr 
GC: pause 7.56ms. collected 224.508400MB. incr 
GC: pause 7.57ms. collected 224.508400MB. incr 
GC: pause 7.57ms. collected 224.508400MB. incr 
GC: pause 7.62ms. collected 225.965248MB. incr 
GC: pause 7.61ms. collected 225.038352MB. incr 
GC: pause 7.64ms. collected 224.508400MB. incr 
GC: pause 7.64ms. collected 224.510304MB. incr 
GC: pause 7.65ms. collected 226.493296MB. incr 
GC: pause 7.76ms. collected 224.510304MB. incr 
GC: pause 7.65ms. collected 226.493296MB. incr 
GC: pause 7.63ms. collected 224.510304MB. incr 
GC: pause 7.63ms. collected 226.493296MB. incr 
GC: pause 7.69ms. collected 224.834960MB. incr 
GC: pause 7.64ms. collected 226.168640MB. incr 
GC: pause 7.63ms. collected 225.965296MB. incr 
GC: pause 7.62ms. collected 225.038304MB. incr 
GC: pause 7.61ms. collected 226.402352MB. incr 
GC: pause 7.57ms. collected 224.603152MB. incr 
GC: pause 7.65ms. collected 226.493296MB. incr 
GC: pause 7.65ms. collected 226.495200MB. incr 
GC: pause 7.73ms. collected 224.836304MB. incr 
GC: pause 7.73ms. collected 226.167296MB. incr 
GC: pause 7.64ms. collected 226.495200MB. incr 
GC: pause 7.46ms. collected 226.495200MB. incr 
GC: pause 7.74ms. collected 226.495200MB. incr 
GC: pause 7.69ms. collected 226.495200MB. incr 
GC: pause 7.65ms. collected 226.495200MB. incr 
GC: pause 7.63ms. collected 226.486592MB. incr 
GC: pause 7.61ms. collected 225.973904MB. incr 
GC: pause 7.64ms. collected 225.361696MB. incr 
GC: pause 7.68ms. collected 226.173712MB. incr 
GC: pause 7.65ms. collected 227.950192MB. incr 
GC: pause 7.65ms. collected 227.025104MB. incr 
GC: pause 7.64ms. collected 226.495200MB. incr 
GC: pause 7.75ms. collected 226.495200MB. incr 
GC: pause 7.63ms. collected 226.495200MB. incr 
GC: pause 7.78ms. collected 226.821760MB. incr 
GC: pause 7.63ms. collected 228.155440MB. incr 
GC: pause 7.65ms. collected 226.495200MB. incr 
GC: pause 7.80ms. collected 226.821760MB. incr 
GC: pause 7.66ms. collected 228.155440MB. incr 
GC: pause 7.88ms. collected 226.821760MB. incr 
GC: pause 7.68ms. collected 228.155440MB. incr 
GC: pause 7.65ms. collected 226.497104MB. incr 
GC: pause 7.69ms. collected 228.480096MB. incr 
GC: pause 7.70ms. collected 226.823104MB. incr 
GC: pause 7.64ms. collected 228.154096MB. incr 
GC: pause 7.61ms. collected 228.389152MB. incr 
GC: pause 7.73ms. collected 226.588048MB. incr 
GC: pause 7.72ms. collected 228.389152MB. incr 
GC: pause 7.60ms. collected 226.589952MB. incr 
GC: pause 7.39ms. collected 228.480096MB. incr 
GC: pause 7.77ms. collected 228.482000MB. incr 
GC: pause 7.70ms. collected 228.382080MB. incr 
GC: pause 7.89ms. collected 226.596672MB. incr 
GC: pause 7.60ms. collected 228.480448MB. incr 
GC: pause 7.72ms. collected 228.482000MB. incr 
GC: pause 7.64ms. collected 228.475296MB. incr 
GC: pause 7.69ms. collected 227.958800MB. incr 
GC: pause 7.67ms. collected 227.027008MB. incr 
GC: pause 8.96ms. collected 228.480096MB. incr 
GC: pause 7.67ms. collected 228.483904MB. incr 
GC: pause 7.66ms. collected 229.936944MB. incr 
GC: pause 7.91ms. collected 229.011952MB. incr 
GC: pause 7.65ms. collected 228.482000MB. incr 
GC: pause 7.68ms. collected 228.482000MB. incr 
GC: pause 7.68ms. collected 228.482000MB. incr 
GC: pause 7.67ms. collected 228.482000MB. incr 
GC: pause 7.67ms. collected 228.482000MB. incr 
GC: pause 7.67ms. collected 228.482000MB. incr 
GC: pause 7.64ms. collected 229.938848MB. incr 
GC: pause 7.63ms. collected 229.011952MB. incr 
GC: pause 7.63ms. collected 228.482000MB. incr 
GC: pause 7.63ms. collected 229.938848MB. incr 
GC: pause 7.61ms. collected 229.011952MB. incr 
GC: pause 7.71ms. collected 228.483904MB. incr 
GC: pause 7.73ms. collected 230.466896MB. incr 
GC: pause 7.62ms. collected 228.483904MB. incr 
GC: pause 7.45ms. collected 230.466896MB. incr 
GC: pause 7.86ms. collected 229.938848MB. incr 
GC: pause 7.80ms. collected 229.011952MB. incr 
GC: pause 7.77ms. collected 228.809904MB. incr 
GC: pause 7.66ms. collected 230.140896MB. incr 
GC: pause 7.62ms. collected 230.468800MB. incr 
GC: pause 7.69ms. collected 230.462096MB. incr 
GC: pause 7.67ms. collected 228.490608MB. incr 
GC: pause 7.65ms. collected 230.466896MB. incr 
GC: pause 7.64ms. collected 230.468800MB. incr 
GC: pause 7.68ms. collected 230.468800MB. incr 
GC: pause 7.68ms. collected 230.468800MB. incr 
GC: pause 7.65ms. collected 229.938896MB. incr 
GC: pause 7.68ms. collected 229.013808MB. incr 
GC: pause 7.68ms. collected 230.466896MB. incr 
GC: pause 7.68ms. collected 230.470704MB. incr 
GC: pause 7.69ms. collected 231.923744MB. incr 
GC: pause 8.01ms. collected 230.998752MB. incr 
GC: pause 7.71ms. collected 230.462096MB. incr 
GC: pause 7.68ms. collected 230.382656MB. incr 
GC: pause 7.66ms. collected 230.468800MB. incr 
GC: pause 7.64ms. collected 230.468800MB. incr 
GC: pause 7.67ms. collected 230.554944MB. incr 
GC: pause 7.63ms. collected 230.475504MB. incr 
GC: pause 7.62ms. collected 230.468800MB. incr 
GC: pause 7.64ms. collected 230.468800MB. incr 
GC: pause 7.73ms. collected 230.470704MB. incr 
GC: pause 7.63ms. collected 232.453696MB. incr 
GC: pause 7.54ms. collected 230.470704MB. incr 
GC: pause 7.83ms. collected 232.356960MB. incr 
GC: pause 7.80ms. collected 230.565536MB. incr 
GC: pause 7.78ms. collected 230.796704MB. incr 
GC: pause 7.65ms. collected 232.127696MB. incr 
GC: pause 7.69ms. collected 232.455600MB. incr 
GC: pause 7.69ms. collected 230.470704MB. incr 
GC: pause 7.67ms. collected 232.453696MB. incr 
GC: pause 7.75ms. collected 232.362752MB. incr 
GC: pause 7.72ms. collected 230.561648MB. incr 
GC: pause 7.70ms. collected 232.448896MB. incr 
GC: pause 7.68ms. collected 231.932352MB. incr 
GC: pause 7.67ms. collected 230.998752MB. incr 
GC: pause 7.71ms. collected 232.455600MB. incr 
GC: pause 7.70ms. collected 232.362752MB. incr 
GC: pause 7.71ms. collected 230.563552MB. incr 
GC: pause 7.69ms. collected 232.453696MB. incr 
GC: pause 7.72ms. collected 232.455600MB. incr 
GC: pause 7.65ms. collected 232.455600MB. incr 
GC: pause 7.69ms. collected 232.455600MB. incr 
GC: pause 7.71ms. collected 232.457504MB. incr 
GC: pause 7.74ms. collected 232.780256MB. incr 
GC: pause 7.72ms. collected 234.022992MB. incr 
GC: pause 7.72ms. collected 232.548448MB. incr 
GC: pause 7.66ms. collected 232.455600MB. incr 
GC: pause 7.64ms. collected 232.455600MB. incr 
GC: pause 7.76ms. collected 232.455600MB. incr 
GC: pause 7.62ms. collected 232.455600MB. incr 
GC: pause 7.99ms. collected 232.457504MB. incr 
GC: pause 7.87ms. collected 234.440496MB. incr 
GC: pause 7.65ms. collected 232.455600MB. incr 
GC: pause 7.81ms. collected 232.782160MB. incr 
GC: pause 7.71ms. collected 234.115840MB. incr 
GC: pause 7.83ms. collected 232.782160MB. incr 
GC: pause 7.69ms. collected 234.115840MB. incr 
GC: pause 7.83ms. collected 232.782160MB. incr 
GC: pause 7.71ms. collected 234.115840MB. incr 
GC: pause 7.77ms. collected 232.783504MB. incr 
GC: pause 7.69ms. collected 234.114496MB. incr 
GC: pause 7.73ms. collected 234.435696MB. incr 
GC: pause 7.69ms. collected 232.464208MB. incr 
GC: pause 7.74ms. collected 234.440496MB. incr 
GC: pause 7.68ms. collected 234.349552MB. incr 
GC: pause 7.74ms. collected 232.550000MB. incr 
GC: pause 7.71ms. collected 234.440848MB. incr 
GC: pause 7.74ms. collected 234.442400MB. incr 
GC: pause 7.72ms. collected 233.912448MB. incr 
GC: pause 7.69ms. collected 232.985552MB. incr 
GC: pause 7.72ms. collected 234.442400MB. incr 
GC: pause 7.69ms. collected 234.442400MB. incr 
GC: pause 7.70ms. collected 234.442400MB. incr 
GC: pause 7.75ms. collected 234.442400MB. incr 
GC: pause 7.75ms. collected 234.442400MB. incr 
GC: pause 7.82ms. collected 234.442400MB. incr 
GC: pause 7.58ms. collected 234.442400MB. incr 
GC: pause 7.51ms. collected 234.442400MB. incr 
GC: pause 7.86ms. collected 234.442400MB. incr 
GC: pause 7.82ms. collected 234.442400MB. incr 
GC: pause 7.75ms. collected 234.442400MB. incr 
GC: pause 7.69ms. collected 234.442400MB. incr 
GC: pause 7.71ms. collected 234.442400MB. incr 
GC: pause 7.80ms. collected 234.444304MB. incr 
GC: pause 7.73ms. collected 236.420592MB. incr 
GC: pause 7.69ms. collected 234.449104MB. incr 
GC: pause 7.81ms. collected 234.768960MB. incr 
GC: pause 7.76ms. collected 236.102640MB. incr 
GC: pause 7.77ms. collected 235.899248MB. incr 
GC: pause 7.73ms. collected 234.972352MB. incr 
GC: pause 7.75ms. collected 234.444304MB. incr 
GC: pause 7.74ms. collected 236.427296MB. incr 
GC: pause 7.75ms. collected 236.336352MB. incr 
GC: pause 7.73ms. collected 234.535248MB. incr 
GC: pause 7.70ms. collected 236.336352MB. incr 
GC: pause 7.72ms. collected 234.537152MB. incr 
GC: pause 7.70ms. collected 236.427296MB. incr 
GC: pause 7.74ms. collected 236.429200MB. incr 
GC: pause 7.81ms. collected 234.768960MB. incr 
GC: pause 7.71ms. collected 236.102640MB. incr 
GC: pause 7.76ms. collected 236.429200MB. incr 
GC: pause 7.77ms. collected 236.429200MB. incr 
GC: pause 7.81ms. collected 236.429200MB. incr 
GC: pause 7.69ms. collected 236.429200MB. incr 
GC: pause 7.45ms. collected 236.336352MB. incr 
GC: pause 7.96ms. collected 234.863152MB. incr 
GC: pause 7.77ms. collected 236.103200MB. incr 
GC: pause 7.72ms. collected 237.884144MB. incr 
GC: pause 7.71ms. collected 236.959152MB. incr 
GC: pause 7.72ms. collected 236.429200MB. incr 
GC: pause 7.78ms. collected 236.429200MB. incr 
GC: pause 7.74ms. collected 236.429200MB. incr 
GC: pause 7.75ms. collected 236.429200MB. incr 
GC: pause 7.72ms. collected 236.429200MB. incr 
GC: pause 7.74ms. collected 236.429200MB. incr 
GC: pause 7.86ms. collected 236.757104MB. incr 
GC: pause 7.75ms. collected 238.088096MB. incr 
GC: pause 7.78ms. collected 236.431104MB. incr 
GC: pause 7.73ms. collected 238.414096MB. incr 
GC: pause 7.76ms. collected 236.431104MB. incr 
GC: pause 7.71ms. collected 238.321248MB. incr 
GC: pause 7.75ms. collected 236.523952MB. incr 
GC: pause 7.72ms. collected 238.321248MB. incr 
GC: pause 7.71ms. collected 236.523952MB. incr 
GC: pause 7.69ms. collected 238.414096MB. incr 
GC: pause 7.77ms. collected 237.886096MB. incr 
GC: pause 7.70ms. collected 236.959104MB. incr 
GC: pause 7.69ms. collected 238.323152MB. incr 
GC: pause 7.71ms. collected 236.523952MB. incr 
GC: pause 8.28ms. collected 238.414096MB. incr 
GC: pause 7.67ms. collected 238.416000MB. incr 
GC: pause 7.56ms. collected 238.416000MB. incr 
GC: pause 7.87ms. collected 237.886096MB. incr 
GC: pause 7.71ms. collected 236.960656MB. incr 
GC: pause 7.69ms. collected 238.414448MB. incr 
GC: pause 7.72ms. collected 238.416000MB. incr 
GC: pause 7.74ms. collected 238.416000MB. incr 
GC: pause 7.76ms. collected 238.416000MB. incr 
GC: pause 7.77ms. collected 238.416000MB. incr 
GC: pause 7.75ms. collected 238.417904MB. incr 
GC: pause 7.77ms. collected 239.870992MB. incr 
GC: pause 7.76ms. collected 238.945904MB. incr 
GC: pause 7.73ms. collected 238.416000MB. incr 
GC: pause 7.79ms. collected 238.416000MB. incr 
GC: pause 7.75ms. collected 238.416000MB. incr 
GC: pause 7.84ms. collected 238.742560MB. incr 
GC: pause 7.80ms. collected 240.076240MB. incr 
GC: pause 7.76ms. collected 238.416000MB. incr 
GC: pause 7.84ms. collected 238.743904MB. incr 
GC: pause 7.75ms. collected 240.074896MB. incr 
GC: pause 7.76ms. collected 239.872848MB. incr 
GC: pause 7.74ms. collected 238.945952MB. incr 
GC: pause 7.71ms. collected 238.417552MB. incr 
GC: pause 9.12ms. collected 240.395968MB. incr 
GC: pause 7.74ms. collected 238.423184MB. incr 
GC: pause 7.81ms. collected 240.400896MB. incr 
GC: pause 7.73ms. collected 239.872896MB. incr 
GC: pause 7.81ms. collected 238.945904MB. incr 
GC: pause 7.70ms. collected 240.309952MB. incr 
GC: pause 7.53ms. collected 238.510752MB. incr 
GC: pause 7.96ms. collected 240.400896MB. incr 
GC: pause 7.97ms. collected 240.402800MB. incr 
GC: pause 7.73ms. collected 240.309952MB. incr 
GC: pause 7.83ms. collected 238.835408MB. incr 
GC: pause 7.74ms. collected 240.076240MB. incr 
GC: pause 7.75ms. collected 240.402800MB. incr 
GC: pause 7.74ms. collected 240.402800MB. incr 
GC: pause 7.75ms. collected 240.402800MB. incr 
GC: pause 7.76ms. collected 240.402800MB. incr 
GC: pause 7.78ms. collected 240.404352MB. incr 
GC: pause 7.88ms. collected 240.403152MB. incr 
GC: pause 7.79ms. collected 242.294848MB. incr 
GC: pause 7.78ms. collected 240.495648MB. incr 
GC: pause 7.78ms. collected 240.402800MB. incr 
GC: pause 7.78ms. collected 240.402800MB. incr 
GC: pause 7.78ms. collected 240.402800MB. incr 
GC: pause 7.77ms. collected 240.404704MB. incr 
GC: pause 7.83ms. collected 242.294848MB. incr 
GC: pause 7.77ms. collected 240.495648MB. incr 
GC: pause 7.76ms. collected 240.404704MB. incr 
GC: pause 7.75ms. collected 242.387696MB. incr 
GC: pause 7.77ms. collected 240.404704MB. incr 
GC: pause 7.76ms. collected 242.294848MB. incr 
GC: pause 7.77ms. collected 240.495648MB. incr 
GC: pause 7.85ms. collected 241.859696MB. incr 
GC: pause 7.71ms. collected 240.932704MB. incr 
GC: pause 7.54ms. collected 242.296752MB. incr 
GC: pause 7.88ms. collected 240.497552MB. incr 
GC: pause 7.85ms. collected 242.387696MB. incr 
GC: pause 7.79ms. collected 242.296752MB. incr 
GC: pause 7.81ms. collected 240.497200MB. incr 
GC: pause 7.78ms. collected 242.388048MB. incr 
GC: pause 7.83ms. collected 242.382896MB. incr 
GC: pause 7.79ms. collected 240.411408MB. incr 
GC: pause 7.78ms. collected 242.387696MB. incr 
GC: pause 7.79ms. collected 242.389600MB. incr 
GC: pause 7.82ms. collected 242.389600MB. incr 
GC: pause 7.80ms. collected 242.389600MB. incr 
GC: pause 7.81ms. collected 242.389600MB. incr 
GC: pause 7.80ms. collected 242.389600MB. incr 
GC: pause 7.80ms. collected 242.389600MB. incr 
GC: pause 7.78ms. collected 242.389600MB. incr 
GC: pause 7.76ms. collected 242.389600MB. incr 
GC: pause 7.78ms. collected 242.389600MB. incr 
GC: pause 7.79ms. collected 242.389600MB. incr 
GC: pause 7.84ms. collected 242.391152MB. incr 
GC: pause 8.22ms. collected 243.844896MB. incr 
GC: pause 7.80ms. collected 242.919552MB. incr 
GC: pause 7.75ms. collected 242.389600MB. incr 
GC: pause 7.77ms. collected 242.391504MB. incr 
GC: pause 7.79ms. collected 244.366464MB. incr 
GC: pause 7.91ms. collected 242.397632MB. incr 
GC: pause 7.99ms. collected 242.716160MB. incr 
GC: pause 7.58ms. collected 244.049840MB. incr 
GC: pause 7.97ms. collected 243.846496MB. incr 
GC: pause 7.81ms. collected 242.919504MB. incr 
GC: pause 7.89ms. collected 242.717504MB. incr 
GC: pause 7.78ms. collected 244.048496MB. incr 
GC: pause 7.78ms. collected 244.376400MB. incr 
GC: pause 7.88ms. collected 242.717504MB. incr 
GC: pause 7.75ms. collected 244.048496MB. incr 
GC: pause 7.79ms. collected 244.376400MB. incr 
GC: pause 7.80ms. collected 244.283552MB. incr 
GC: pause 7.80ms. collected 242.484352MB. incr 
GC: pause 7.80ms. collected 244.374496MB. incr 
GC: pause 7.82ms. collected 244.376400MB. incr 
GC: pause 7.83ms. collected 244.376400MB. incr 
GC: pause 7.78ms. collected 244.369696MB. incr 
GC: pause 7.83ms. collected 243.853152MB. incr 
GC: pause 7.83ms. collected 242.921456MB. incr 
GC: pause 7.78ms. collected 244.374496MB. incr 
GC: pause 7.86ms. collected 244.378304MB. incr 
GC: pause 7.79ms. collected 244.707488MB. incr 
GC: pause 7.80ms. collected 246.030208MB. incr 
GC: pause 8.06ms. collected 244.376400MB. incr 
GC: pause 7.79ms. collected 244.376400MB. incr 
GC: pause 7.81ms. collected 244.377952MB. incr 
GC: pause 7.85ms. collected 245.831696MB. incr 
GC: pause 7.81ms. collected 244.906352MB. incr 
GC: pause 7.61ms. collected 244.376400MB. incr 
GC: pause 7.53ms. collected 244.378304MB. incr 
GC: pause 7.93ms. collected 246.361296MB. incr 
GC: pause 7.86ms. collected 244.378304MB. incr 
GC: pause 7.82ms. collected 246.268288MB. incr 
GC: pause 7.80ms. collected 244.469408MB. incr 
GC: pause 7.89ms. collected 244.704304MB. incr 
GC: pause 8.09ms. collected 246.035296MB. incr 
GC: pause 7.86ms. collected 246.363200MB. incr 
GC: pause 7.82ms. collected 244.378304MB. incr 
GC: pause 7.86ms. collected 246.361296MB. incr 
GC: pause 7.81ms. collected 246.363200MB. incr 
GC: pause 7.85ms. collected 244.378304MB. incr 
GC: pause 7.81ms. collected 246.361296MB. incr 
GC: pause 7.84ms. collected 246.363200MB. incr 
GC: pause 7.82ms. collected 246.270352MB. incr 
GC: pause 7.83ms. collected 244.471152MB. incr 
GC: pause 7.86ms. collected 246.361296MB. incr 
GC: pause 7.84ms. collected 246.363200MB. incr 
GC: pause 7.80ms. collected 246.363200MB. incr 
GC: pause 7.84ms. collected 246.363200MB. incr 
GC: pause 7.78ms. collected 246.363200MB. incr 
GC: pause 7.83ms. collected 246.363200MB. incr 
GC: pause 7.83ms. collected 246.363200MB. incr 
GC: pause 7.85ms. collected 246.363200MB. incr 
GC: pause 7.93ms. collected 246.363200MB. incr 
GC: pause 7.80ms. collected 246.363200MB. incr 
GC: pause 7.59ms. collected 246.363200MB. incr 
GC: pause 7.98ms. collected 246.365104MB. incr 
GC: pause 7.88ms. collected 248.255248MB. incr 
GC: pause 7.90ms. collected 246.456048MB. incr 
GC: pause 7.85ms. collected 246.363200MB. incr 
GC: pause 7.96ms. collected 246.691104MB. incr 
GC: pause 7.86ms. collected 248.022096MB. incr 
GC: pause 7.92ms. collected 246.691104MB. incr 
GC: pause 7.96ms. collected 248.022096MB. incr 
GC: pause 7.93ms. collected 246.691104MB. incr 
GC: pause 7.89ms. collected 248.022096MB. incr 
GC: pause 7.99ms. collected 248.252016MB. incr 
GC: pause 7.88ms. collected 246.461184MB. incr 
GC: pause 7.87ms. collected 247.820048MB. incr 
GC: pause 7.95ms. collected 246.893152MB. incr 
GC: pause 8.51ms. collected 248.350000MB. incr 
GC: pause 7.88ms. collected 247.820048MB. incr 
GC: pause 7.88ms. collected 246.893152MB. incr 
GC: pause 7.86ms. collected 248.350000MB. incr 
GC: pause 7.85ms. collected 248.253136MB. incr 
GC: pause 7.85ms. collected 246.461616MB. incr 
GC: pause 7.82ms. collected 248.348448MB. incr 
GC: pause 7.84ms. collected 248.350000MB. incr 
GC: pause 7.97ms. collected 248.350000MB. incr 
GC: pause 7.98ms. collected 248.350000MB. incr 
GC: pause 7.71ms. collected 248.350000MB. incr 
GC: pause 8.00ms. collected 248.350000MB. incr 
GC: pause 8.05ms. collected 248.350000MB. incr 
GC: pause 7.96ms. collected 248.350000MB. incr 
GC: pause 7.94ms. collected 248.350000MB. incr 
GC: pause 7.86ms. collected 248.350000MB. incr 
GC: pause 7.84ms. collected 248.350000MB. incr 
GC: pause 7.87ms. collected 248.350000MB. incr 
GC: pause 7.85ms. collected 248.350000MB. incr 
GC: pause 7.94ms. collected 248.677904MB. incr 
GC: pause 7.90ms. collected 250.008896MB. incr 
GC: pause 7.94ms. collected 248.676560MB. incr 
GC: pause 7.86ms. collected 250.010240MB. incr 
GC: pause 7.91ms. collected 248.351904MB. incr 
GC: pause 7.98ms. collected 250.328192MB. incr 
GC: pause 7.90ms. collected 248.358608MB. incr 
GC: pause 7.91ms. collected 250.334896MB. incr 
GC: pause 7.98ms. collected 248.677904MB. incr 
GC: pause 7.86ms. collected 250.008896MB. incr 
GC: pause 7.88ms. collected 250.336800MB. incr 
GC: pause 7.83ms. collected 248.351904MB. incr 
GC: pause 7.89ms. collected 250.334896MB. incr 
GC: pause 7.88ms. collected 250.336800MB. incr 
GC: pause 7.95ms. collected 250.243952MB. incr 
GC: pause 7.85ms. collected 248.444752MB. incr 
GC: pause 7.66ms. collected 250.334896MB. incr 
GC: pause 8.06ms. collected 250.336800MB. incr 
GC: pause 8.03ms. collected 250.336800MB. incr 
GC: pause 7.90ms. collected 250.336800MB. incr 
GC: pause 7.89ms. collected 250.336800MB. incr 
GC: pause 7.90ms. collected 250.336800MB. incr 
GC: pause 7.83ms. collected 250.336800MB. incr 
GC: pause 7.83ms. collected 250.336800MB. incr 
GC: pause 7.91ms. collected 250.336800MB. incr 
GC: pause 7.85ms. collected 250.336800MB. incr 
GC: pause 7.91ms. collected 250.336800MB. incr 
GC: pause 7.86ms. collected 250.336800MB. incr 
GC: pause 8.03ms. collected 250.664704MB. incr 
GC: pause 7.86ms. collected 251.995696MB. incr 
GC: pause 7.91ms. collected 250.338704MB. incr 
GC: pause 7.90ms. collected 251.791792MB. incr 
GC: pause 7.85ms. collected 250.866704MB. incr 
GC: pause 7.91ms. collected 250.338704MB. incr 
GC: pause 7.93ms. collected 252.321696MB. incr 
GC: pause 7.91ms. collected 251.793648MB. incr 
GC: pause 7.86ms. collected 250.866752MB. incr 
GC: pause 7.88ms. collected 250.338704MB. incr 
GC: pause 7.95ms. collected 252.321696MB. incr 
GC: pause 7.97ms. collected 252.313344MB. incr 
GC: pause 7.92ms. collected 250.347056MB. incr 
GC: pause 7.72ms. collected 252.323600MB. incr 
GC: pause 7.67ms. collected 251.793696MB. incr 
GC: pause 7.98ms. collected 250.866704MB. incr 
GC: pause 7.91ms. collected 252.323600MB. incr 
GC: pause 7.87ms. collected 252.316896MB. incr 
GC: pause 8.00ms. collected 250.670064MB. incr 
GC: pause 7.87ms. collected 251.997040MB. incr 
GC: pause 7.90ms. collected 252.323600MB. incr 
GC: pause 7.85ms. collected 252.323600MB. incr 
GC: pause 7.88ms. collected 252.323600MB. incr 
GC: pause 7.93ms. collected 252.325504MB. incr 
GC: pause 7.97ms. collected 252.649600MB. incr 
GC: pause 7.92ms. collected 253.975792MB. incr 
GC: pause 7.91ms. collected 252.330304MB. incr 
GC: pause 7.98ms. collected 252.323600MB. incr 
GC: pause 7.88ms. collected 252.323600MB. incr 
GC: pause 7.93ms. collected 252.325152MB. incr 
GC: pause 7.91ms. collected 253.778944MB. incr 
GC: pause 7.90ms. collected 252.853504MB. incr 
GC: pause 7.95ms. collected 252.323600MB. incr 
GC: pause 7.97ms. collected 252.651504MB. incr 
GC: pause 7.86ms. collected 253.982496MB. incr 
GC: pause 7.96ms. collected 252.651504MB. incr 
GC: pause 7.87ms. collected 253.982496MB. incr 
GC: pause 8.05ms. collected 252.651504MB. incr 
GC: pause 8.00ms. collected 253.982496MB. incr 
GC: pause 7.75ms. collected 254.217552MB. incr 
GC: pause 8.01ms. collected 252.416448MB. incr 
GC: pause 7.87ms. collected 254.205136MB. incr 
GC: pause 8.08ms. collected 252.430416MB. incr 
GC: pause 7.98ms. collected 254.308848MB. incr 
GC: pause 7.89ms. collected 254.211120MB. incr 
GC: pause 7.89ms. collected 252.422880MB. incr 
GC: pause 7.92ms. collected 254.310400MB. incr 
GC: pause 7.98ms. collected 254.303696MB. incr 
GC: pause 8.01ms. collected 252.656864MB. incr 
GC: pause 7.95ms. collected 253.983840MB. incr 
GC: pause 7.98ms. collected 254.310400MB. incr 
GC: pause 7.94ms. collected 254.311952MB. incr 
GC: pause 7.94ms. collected 254.310752MB. incr 
GC: pause 7.94ms. collected 255.765344MB. incr 
GC: pause 8.26ms. collected 254.840352MB. incr 
GC: pause 7.93ms. collected 254.304832MB. incr 
GC: pause 7.96ms. collected 254.309264MB. incr 
GC: pause 7.93ms. collected 254.310400MB. incr 
GC: pause 7.90ms. collected 254.317104MB. incr 
GC: pause 7.91ms. collected 254.310400MB. incr 
GC: pause 7.93ms. collected 254.310400MB. incr 
GC: pause 7.89ms. collected 254.310400MB. incr 
GC: pause 8.00ms. collected 254.636960MB. incr 
GC: pause 8.02ms. collected 255.970640MB. incr 
GC: pause 7.77ms. collected 254.312304MB. incr 
GC: pause 8.08ms. collected 256.295296MB. incr 
GC: pause 7.94ms. collected 254.312304MB. incr 
GC: pause 7.94ms. collected 256.295296MB. incr 
GC: pause 7.97ms. collected 254.638304MB. incr 
GC: pause 7.93ms. collected 255.969296MB. incr 
GC: pause 7.94ms. collected 256.204352MB. incr 
GC: pause 7.95ms. collected 254.403248MB. incr 
GC: pause 7.95ms. collected 256.297200MB. incr 
GC: pause 7.89ms. collected 255.767296MB. incr 
GC: pause 7.96ms. collected 254.840304MB. incr 
GC: pause 7.99ms. collected 256.297200MB. incr 
GC: pause 7.95ms. collected 256.290496MB. incr 
GC: pause 8.00ms. collected 254.643664MB. incr 
GC: pause 7.92ms. collected 255.970640MB. incr 
GC: pause 7.96ms. collected 256.297200MB. incr 
GC: pause 7.99ms. collected 256.297200MB. incr 
GC: pause 7.93ms. collected 256.298752MB. incr 
GC: pause 7.96ms. collected 256.297552MB. incr 
GC: pause 7.91ms. collected 257.752144MB. incr 
GC: pause 7.95ms. collected 256.827152MB. incr 
GC: pause 7.95ms. collected 256.297200MB. incr 
GC: pause 7.93ms. collected 256.297200MB. incr 
GC: pause 7.96ms. collected 256.297200MB. incr 
GC: pause 8.04ms. collected 256.297200MB. incr 
GC: pause 7.80ms. collected 256.297200MB. incr 
GC: pause 8.13ms. collected 257.754048MB. incr 
GC: pause 8.01ms. collected 256.827152MB. incr 
GC: pause 7.99ms. collected 256.297200MB. incr 
GC: pause 7.97ms. collected 257.754096MB. incr 
GC: pause 7.97ms. collected 256.827104MB. incr 
GC: pause 8.11ms. collected 256.623760MB. incr 
GC: pause 7.95ms. collected 257.957440MB. incr 
GC: pause 8.00ms. collected 258.191152MB. incr 
GC: pause 7.98ms. collected 256.390048MB. incr 
GC: pause 8.01ms. collected 257.754096MB. incr 
GC: pause 15.50ms. collected 256.828656MB. incr 
GC: pause 8.05ms. collected 258.282448MB. incr 
GC: pause 8.02ms. collected 258.191152MB. incr 
GC: pause 7.98ms. collected 256.391952MB. incr 
GC: pause 7.95ms. collected 258.282096MB. incr 
GC: pause 7.96ms. collected 258.284000MB. incr 
GC: pause 8.00ms. collected 258.277296MB. incr 
GC: pause 7.95ms. collected 257.760752MB. incr 
GC: pause 7.99ms. collected 256.828704MB. incr 
GC: pause 7.93ms. collected 258.282448MB. incr 
GC: pause 7.92ms. collected 258.284000MB. incr 
GC: pause 7.94ms. collected 258.285552MB. incr 
GC: pause 8.16ms. collected 258.609008MB. incr 
GC: pause 8.01ms. collected 259.851392MB. incr 
GC: pause 7.82ms. collected 258.376848MB. incr 
GC: pause 8.05ms. collected 258.284000MB. incr 
GC: pause 8.11ms. collected 258.284000MB. incr 
GC: pause 8.00ms. collected 258.284000MB. incr 
GC: pause 8.05ms. collected 258.610560MB. incr 
GC: pause 8.02ms. collected 259.944240MB. incr 
GC: pause 8.08ms. collected 258.285552MB. incr 
GC: pause 8.04ms. collected 259.739296MB. incr 
GC: pause 7.98ms. collected 258.813952MB. incr 
GC: pause 8.06ms. collected 258.285904MB. incr 
GC: pause 8.01ms. collected 260.268896MB. incr 
GC: pause 8.12ms. collected 258.611904MB. incr 
GC: pause 7.98ms. collected 259.942896MB. incr 
GC: pause 8.02ms. collected 260.177952MB. incr 
GC: pause 8.00ms. collected 258.376848MB. incr 
GC: pause 8.01ms. collected 260.177952MB. incr 
GC: pause 7.97ms. collected 258.378752MB. incr 
GC: pause 8.00ms. collected 260.268896MB. incr 
GC: pause 7.95ms. collected 260.270800MB. incr 
GC: pause 8.09ms. collected 258.611904MB. incr 
GC: pause 8.03ms. collected 259.942896MB. incr 
GC: pause 7.92ms. collected 260.270800MB. incr 
GC: pause 7.97ms. collected 260.270800MB. incr 
GC: pause 7.94ms. collected 260.270800MB. incr 
GC: pause 8.05ms. collected 260.270800MB. incr 
GC: pause 7.84ms. collected 260.270800MB. incr 
GC: pause 8.14ms. collected 260.272352MB. incr 
GC: pause 8.13ms. collected 260.271152MB. incr 
GC: pause 7.99ms. collected 262.162848MB. incr 
GC: pause 8.00ms. collected 260.363648MB. incr 
GC: pause 8.01ms. collected 260.270800MB. incr 
GC: pause 7.96ms. collected 260.270800MB. incr 
GC: pause 7.98ms. collected 260.270800MB. incr 
GC: pause 8.02ms. collected 260.272704MB. incr 
GC: pause 8.04ms. collected 262.255696MB. incr 
GC: pause 8.03ms. collected 260.272352MB. incr 
GC: pause 8.01ms. collected 261.726096MB. incr 
GC: pause 7.97ms. collected 260.800752MB. incr 
GC: pause 7.97ms. collected 260.272704MB. incr 
GC: pause 8.06ms. collected 262.255696MB. incr 
GC: pause 7.98ms. collected 260.603792MB. incr 
GC: pause 7.96ms. collected 261.924608MB. incr 
GC: pause 8.00ms. collected 262.164752MB. incr 
GC: pause 7.97ms. collected 260.363648MB. incr 
GC: pause 7.98ms. collected 262.164752MB. incr 
GC: pause 8.03ms. collected 260.690208MB. incr 
GC: pause 8.01ms. collected 261.931040MB. incr 
GC: pause 8.04ms. collected 262.257600MB. incr 
GC: pause 8.14ms. collected 262.164752MB. incr 
GC: pause 7.79ms. collected 260.365552MB. incr 
GC: pause 7.75ms. collected 262.255696MB. incr 
GC: pause 8.12ms. collected 262.257600MB. incr 
GC: pause 8.10ms. collected 262.257600MB. incr 
GC: pause 8.14ms. collected 262.257600MB. incr 
GC: pause 8.12ms. collected 262.257600MB. incr 
GC: pause 8.00ms. collected 262.257600MB. incr 
GC: pause 7.95ms. collected 262.257600MB. incr 
GC: pause 9.71ms. collected 262.257600MB. incr 
GC: pause 8.00ms. collected 262.257600MB. incr 
GC: pause 8.02ms. collected 262.259504MB. incr 
GC: pause 8.04ms. collected 264.235792MB. incr 
GC: pause 8.01ms. collected 262.264304MB. incr 
GC: pause 7.95ms. collected 262.259152MB. incr 
GC: pause 8.00ms. collected 264.150000MB. incr 
GC: pause 8.04ms. collected 262.350448MB. incr 
GC: pause 8.02ms. collected 262.259504MB. incr 
GC: pause 8.01ms. collected 264.242496MB. incr 
GC: pause 8.07ms. collected 262.584160MB. incr 
GC: pause 8.03ms. collected 263.917840MB. incr 
GC: pause 8.12ms. collected 262.585504MB. incr 
GC: pause 7.99ms. collected 263.916496MB. incr 
GC: pause 8.08ms. collected 264.237696MB. incr 
GC: pause 7.94ms. collected 262.266208MB. incr 
GC: pause 7.80ms. collected 264.242496MB. incr 
GC: pause 8.23ms. collected 264.151552MB. incr 
GC: pause 8.18ms. collected 262.352352MB. incr 
GC: pause 8.06ms. collected 264.242496MB. incr 
GC: pause 8.01ms. collected 264.244400MB. incr 
GC: pause 8.00ms. collected 264.151552MB. incr 
GC: pause 8.19ms. collected 262.677008MB. incr 
GC: pause 7.99ms. collected 263.917840MB. incr 
GC: pause 7.97ms. collected 264.245952MB. incr 
GC: pause 8.02ms. collected 264.244752MB. incr 
GC: pause 8.14ms. collected 264.570400MB. incr 
GC: pause 8.02ms. collected 265.896592MB. incr 
GC: pause 8.04ms. collected 264.251104MB. incr 
GC: pause 8.06ms. collected 264.244400MB. incr 
GC: pause 8.00ms. collected 264.244400MB. incr 
GC: pause 7.99ms. collected 264.244400MB. incr 
GC: pause 8.01ms. collected 264.246304MB. incr 
GC: pause 8.04ms. collected 266.222592MB. incr 
GC: pause 7.98ms. collected 264.251104MB. incr 
GC: pause 7.99ms. collected 264.246304MB. incr 
GC: pause 8.03ms. collected 266.229296MB. incr 
GC: pause 8.15ms. collected 264.246304MB. incr 
GC: pause 8.02ms. collected 266.229296MB. incr 
GC: pause 7.78ms. collected 264.246304MB. incr 
GC: pause 8.25ms. collected 266.229296MB. incr 
GC: pause 8.06ms. collected 265.701248MB. incr 
GC: pause 8.20ms. collected 264.774352MB. incr 
GC: pause 8.13ms. collected 264.572304MB. incr 
GC: pause 7.99ms. collected 265.903296MB. incr 
GC: pause 8.01ms. collected 266.231200MB. incr 
GC: pause 8.05ms. collected 266.224496MB. incr 
GC: pause 8.13ms. collected 264.577664MB. incr 
GC: pause 8.01ms. collected 265.904640MB. incr 
GC: pause 8.03ms. collected 266.231200MB. incr 
GC: pause 8.08ms. collected 266.231200MB. incr 
GC: pause 8.02ms. collected 266.231200MB. incr 
GC: pause 8.11ms. collected 266.224496MB. incr 
GC: pause 8.05ms. collected 265.708000MB. incr 
GC: pause 8.07ms. collected 264.776208MB. incr 
GC: pause 8.03ms. collected 266.231200MB. incr 
GC: pause 8.04ms. collected 268.123248MB. incr 
GC: pause 8.00ms. collected 266.324048MB. incr 
GC: pause 7.97ms. collected 266.231200MB. incr 
GC: pause 7.98ms. collected 266.231200MB. incr 
GC: pause 8.01ms. collected 266.231200MB. incr 
GC: pause 8.08ms. collected 266.233104MB. incr 
GC: pause 8.02ms. collected 268.216096MB. incr 
GC: pause 7.77ms. collected 266.232752MB. incr 
GC: pause 8.16ms. collected 267.686496MB. incr 
GC: pause 8.10ms. collected 266.761152MB. incr 
GC: pause 8.09ms. collected 266.233104MB. incr 
GC: pause 8.10ms. collected 268.216096MB. incr 
GC: pause 8.06ms. collected 267.688048MB. incr 
GC: pause 16.85ms. collected 266.761152MB. incr 
GC: pause 8.04ms. collected 266.233104MB. incr 
GC: pause 8.08ms. collected 268.216096MB. incr 
GC: pause 8.09ms. collected 268.218000MB. incr 
GC: pause 8.15ms. collected 266.559104MB. incr 
GC: pause 8.09ms. collected 267.890096MB. incr 
GC: pause 8.04ms. collected 268.218000MB. incr 
GC: pause 8.05ms. collected 268.218000MB. incr 
GC: pause 8.07ms. collected 268.211296MB. incr 
GC: pause 8.14ms. collected 266.565808MB. incr 
GC: pause 8.02ms. collected 267.890096MB. incr 
GC: pause 8.04ms. collected 268.219904MB. incr 
GC: pause 8.04ms. collected 268.218000MB. incr 
GC: pause 8.08ms. collected 269.672992MB. incr 
GC: pause 8.05ms. collected 268.747904MB. incr 
GC: pause 8.01ms. collected 268.218000MB. incr 
GC: pause 8.10ms. collected 268.218000MB. incr 
GC: pause 8.04ms. collected 268.218000MB. incr 
GC: pause 7.88ms. collected 268.218000MB. incr 
GC: pause 8.21ms. collected 268.218000MB. incr 
GC: pause 8.09ms. collected 268.218000MB. incr 
GC: pause 8.04ms. collected 269.674848MB. incr 
GC: pause 8.10ms. collected 268.747952MB. incr 
GC: pause 8.06ms. collected 268.218000MB. incr 
GC: pause 8.10ms. collected 269.674896MB. incr 
GC: pause 8.06ms. collected 268.747904MB. incr 
GC: pause 8.18ms. collected 268.544560MB. incr 
GC: pause 8.04ms. collected 269.878240MB. incr 
GC: pause 8.09ms. collected 270.111952MB. incr 
GC: pause 8.09ms. collected 268.310848MB. incr 
GC: pause 8.09ms. collected 270.198096MB. incr 
GC: pause 8.14ms. collected 268.552608MB. incr 
GC: pause 8.06ms. collected 269.876896MB. incr 
GC: pause 8.07ms. collected 270.204800MB. incr 
GC: pause 8.09ms. collected 270.111952MB. incr 
GC: pause 8.07ms. collected 268.312752MB. incr 
GC: pause 8.06ms. collected 270.202896MB. incr 
GC: pause 8.08ms. collected 270.204800MB. incr 
GC: pause 8.09ms. collected 270.204800MB. incr 
GC: pause 8.05ms. collected 270.204800MB. incr 
GC: pause 8.06ms. collected 270.204800MB. incr 
GC: pause 8.10ms. collected 270.204800MB. incr 
GC: pause 7.89ms. collected 270.204800MB. incr 
GC: pause 8.18ms. collected 270.204800MB. incr 
GC: pause 8.12ms. collected 270.206704MB. incr 
GC: pause 8.48ms. collected 271.659744MB. incr 
GC: pause 8.04ms. collected 270.734752MB. incr 
GC: pause 8.09ms. collected 270.204800MB. incr 
GC: pause 8.08ms. collected 270.204800MB. incr 
GC: pause 8.15ms. collected 270.532704MB. incr 
GC: pause 8.03ms. collected 271.863696MB. incr 
GC: pause 8.16ms. collected 270.531360MB. incr 
GC: pause 8.08ms. collected 271.865040MB. incr 
GC: pause 8.09ms. collected 270.206704MB. incr 
GC: pause 8.27ms. collected 272.184128MB. incr 
GC: pause 8.08ms. collected 270.212272MB. incr 
GC: pause 8.07ms. collected 272.189696MB. incr 
GC: pause 8.11ms. collected 271.661696MB. incr 
GC: pause 8.05ms. collected 270.734704MB. incr 
GC: pause 8.10ms. collected 272.098752MB. incr 
GC: pause 8.07ms. collected 270.299552MB. incr 
GC: pause 8.04ms. collected 272.189696MB. incr 
GC: pause 8.05ms. collected 272.191600MB. incr 
GC: pause 8.09ms. collected 272.191600MB. incr 
GC: pause 8.21ms. collected 271.661696MB. incr 
GC: pause 7.90ms. collected 270.736608MB. incr 
GC: pause 8.13ms. collected 272.189696MB. incr 
GC: pause 8.15ms. collected 272.193152MB. incr 
GC: pause 8.07ms. collected 272.191952MB. incr 
GC: pause 19.10ms. collected 272.517600MB. incr 
GC: pause 8.35ms. collected 273.843792MB. incr 
GC: pause 8.16ms. collected 272.198304MB. incr 
GC: pause 8.11ms. collected 272.191600MB. incr 
GC: pause 8.10ms. collected 272.191600MB. incr 
GC: pause 8.12ms. collected 272.191600MB. incr 
GC: pause 8.10ms. collected 273.648448MB. incr 
GC: pause 8.14ms. collected 272.721552MB. incr 
GC: pause 8.10ms. collected 272.191600MB. incr 
GC: pause 8.14ms. collected 272.193504MB. incr 
GC: pause 8.13ms. collected 274.176496MB. incr 
GC: pause 8.22ms. collected 272.518160MB. incr 
GC: pause 8.11ms. collected 273.851840MB. incr 
GC: pause 8.07ms. collected 272.518992MB. incr 
GC: pause 8.08ms. collected 273.851008MB. incr 
GC: pause 8.07ms. collected 273.648496MB. incr 
GC: pause 8.05ms. collected 272.721504MB. incr 
GC: pause 8.07ms. collected 274.085552MB. incr 
GC: pause 8.10ms. collected 272.286352MB. incr 
GC: pause 8.11ms. collected 274.176496MB. incr 
GC: pause 7.94ms. collected 274.178400MB. incr 
GC: pause 8.16ms. collected 274.085552MB. incr 
GC: pause 8.25ms. collected 272.611008MB. incr 
GC: pause 8.06ms. collected 273.851840MB. incr 
GC: pause 8.14ms. collected 274.178400MB. incr 
GC: pause 8.05ms. collected 274.178400MB. incr 
GC: pause 8.09ms. collected 274.179952MB. incr 
GC: pause 8.07ms. collected 274.178752MB. incr 
GC: pause 8.11ms. collected 275.633392MB. incr 
GC: pause 8.16ms. collected 274.708304MB. incr 
GC: pause 8.12ms. collected 274.178400MB. incr 
GC: pause 8.11ms. collected 274.178400MB. incr 
GC: pause 8.14ms. collected 274.178400MB. incr 
GC: pause 8.10ms. collected 274.179952MB. incr 
GC: pause 8.10ms. collected 275.633744MB. incr 
GC: pause 8.16ms. collected 274.708304MB. incr 
GC: pause 8.08ms. collected 274.178400MB. incr 
GC: pause 8.15ms. collected 276.072352MB. incr 
GC: pause 8.09ms. collected 274.271248MB. incr 
GC: pause 8.09ms. collected 274.180304MB. incr 
GC: pause 8.11ms. collected 276.163296MB. incr 
GC: pause 8.16ms. collected 276.072352MB. incr 
GC: pause 8.23ms. collected 274.271248MB. incr 
GC: pause 8.04ms. collected 275.635296MB. incr 
GC: pause 8.25ms. collected 274.709856MB. incr 
GC: pause 8.17ms. collected 276.163648MB. incr 
GC: pause 8.16ms. collected 276.158496MB. incr 
GC: pause 8.14ms. collected 274.187008MB. incr 
GC: pause 8.15ms. collected 276.163296MB. incr 
GC: pause 8.19ms. collected 276.165200MB. incr 
GC: pause 8.11ms. collected 276.165200MB. incr 
GC: pause 8.13ms. collected 276.165200MB. incr 
GC: pause 8.14ms. collected 276.158496MB. incr 
GC: pause 8.13ms. collected 275.642000MB. incr 
GC: pause 8.12ms. collected 274.710208MB. incr 
GC: pause 8.14ms. collected 276.165200MB. incr 
GC: pause 8.18ms. collected 278.057248MB. incr 
GC: pause 8.17ms. collected 276.258048MB. incr 
GC: pause 8.12ms. collected 276.165200MB. incr 
GC: pause 8.17ms. collected 276.165200MB. incr 
GC: pause 8.19ms. collected 276.165200MB. incr 
GC: pause 8.12ms. collected 276.167104MB. incr 
GC: pause 8.17ms. collected 278.150096MB. incr 
GC: pause 8.15ms. collected 276.166752MB. incr 
GC: pause 8.15ms. collected 277.620496MB. incr 
GC: pause 8.19ms. collected 276.695152MB. incr 
GC: pause 8.10ms. collected 276.167104MB. incr 
GC: pause 7.93ms. collected 278.150096MB. incr 
GC: pause 9.24ms. collected 278.059152MB. incr 
GC: pause 8.10ms. collected 276.258048MB. incr 
GC: pause 8.25ms. collected 277.622048MB. incr 
GC: pause 8.16ms. collected 276.695152MB. incr 
GC: pause 8.21ms. collected 278.152000MB. incr 
GC: pause 8.12ms. collected 277.622096MB. incr 
GC: pause 8.13ms. collected 276.695104MB. incr 
GC: pause 8.15ms. collected 278.152000MB. incr 
GC: pause 8.18ms. collected 278.152000MB. incr 
GC: pause 8.14ms. collected 277.622096MB. incr 
GC: pause 8.21ms. collected 276.697008MB. incr 
GC: pause 8.17ms. collected 278.150096MB. incr 
GC: pause 8.19ms. collected 278.153904MB. incr 
GC: pause 8.15ms. collected 278.152000MB. incr 
GC: pause 8.16ms. collected 280.027440MB. incr 
GC: pause 8.15ms. collected 278.261456MB. incr 
GC: pause 8.17ms. collected 278.152000MB. incr 
GC: pause 8.15ms. collected 278.152000MB. incr 
GC: pause 8.14ms. collected 278.152000MB. incr 
GC: pause 8.10ms. collected 278.152000MB. incr 
GC: pause 8.19ms. collected 278.152000MB. incr 
GC: pause 8.23ms. collected 278.479904MB. incr 
GC: pause 7.96ms. collected 279.810896MB. incr 
GC: pause 8.32ms. collected 278.478560MB. incr 
GC: pause 8.22ms. collected 279.812240MB. incr 
GC: pause 8.21ms. collected 278.153904MB. incr 
GC: pause 8.19ms. collected 280.136896MB. incr 
GC: pause 8.27ms. collected 278.478560MB. incr 
GC: pause 8.16ms. collected 279.812240MB. incr 
GC: pause 8.17ms. collected 280.045952MB. incr 
GC: pause 8.22ms. collected 278.244848MB. incr 
GC: pause 8.19ms. collected 280.132096MB. incr 
GC: pause 8.21ms. collected 279.615552MB. incr 
GC: pause 8.20ms. collected 278.681952MB. incr 
GC: pause 8.22ms. collected 280.138800MB. incr 
GC: pause 8.27ms. collected 280.045952MB. incr 
GC: pause 8.19ms. collected 278.246752MB. incr 
GC: pause 8.17ms. collected 280.136896MB. incr 
GC: pause 8.28ms. collected 280.140352MB. incr 
GC: pause 8.15ms. collected 280.139152MB. incr 
GC: pause 8.27ms. collected 280.463456MB. incr 
GC: pause 8.13ms. collected 281.706192MB. incr 
GC: pause 8.15ms. collected 280.231648MB. incr 
GC: pause 8.26ms. collected 280.138800MB. incr 
GC: pause 8.18ms. collected 280.138800MB. incr 
GC: pause 8.06ms. collected 280.138800MB. incr 
GC: pause 8.43ms. collected 280.138800MB. incr 
GC: pause 8.36ms. collected 280.140704MB. incr 
GC: pause 8.32ms. collected 282.116992MB. incr 
GC: pause 8.16ms. collected 280.145504MB. incr 
GC: pause 8.26ms. collected 280.466704MB. incr 
GC: pause 8.15ms. collected 281.797696MB. incr 
GC: pause 8.18ms. collected 282.032752MB. incr 
GC: pause 8.17ms. collected 280.231648MB. incr 
GC: pause 8.17ms. collected 281.595648MB. incr 
GC: pause 8.17ms. collected 280.668752MB. incr 
GC: pause 8.16ms. collected 282.032752MB. incr 
GC: pause 8.23ms. collected 280.233552MB. incr 
GC: pause 8.19ms. collected 282.123696MB. incr 
GC: pause 8.17ms. collected 282.125600MB. incr 
GC: pause 8.21ms. collected 282.032752MB. incr 
GC: pause 8.18ms. collected 280.233552MB. incr 
GC: pause 8.12ms. collected 282.123696MB. incr 
GC: pause 8.14ms. collected 282.125600MB. incr 
GC: pause 8.15ms. collected 282.125600MB. incr 
GC: pause 8.15ms. collected 282.125600MB. incr 
GC: pause 8.42ms. collected 282.125600MB. incr 
GC: pause 8.10ms. collected 282.125600MB. incr 
GC: pause 8.33ms. collected 282.125600MB. incr 
GC: pause 8.29ms. collected 282.125600MB. incr 
GC: pause 8.14ms. collected 282.125600MB. incr 
GC: pause 8.19ms. collected 282.127504MB. incr 
GC: pause 8.26ms. collected 284.103792MB. incr 
GC: pause 8.18ms. collected 282.132304MB. incr 
GC: pause 8.19ms. collected 282.127152MB. incr 
GC: pause 8.21ms. collected 284.018000MB. incr 
GC: pause 8.20ms. collected 282.218448MB. incr 
GC: pause 8.18ms. collected 282.127504MB. incr 
GC: pause 8.22ms. collected 284.110496MB. incr 
GC: pause 8.18ms. collected 283.582496MB. incr 
GC: pause 8.21ms. collected 282.655504MB. incr 
GC: pause 8.28ms. collected 282.453504MB. incr 
GC: pause 8.22ms. collected 283.784496MB. incr 
GC: pause 8.20ms. collected 284.112400MB. incr 
GC: pause 8.34ms. collected 283.582496MB. incr 
GC: pause 8.16ms. collected 282.655504MB. incr 
GC: pause 8.18ms. collected 284.112400MB. incr 
GC: pause 8.21ms. collected 284.105696MB. incr 
GC: pause 8.26ms. collected 282.458864MB. incr 
GC: pause 8.22ms. collected 283.785840MB. incr 
GC: pause 7.97ms. collected 284.112400MB. incr 
GC: pause 8.50ms. collected 284.112400MB. incr 
GC: pause 8.22ms. collected 284.112400MB. incr 
GC: pause 8.38ms. collected 284.114304MB. incr 
GC: pause 8.28ms. collected 284.438400MB. incr 
GC: pause 8.29ms. collected 285.764592MB. incr 
GC: pause 8.23ms. collected 284.119104MB. incr 
GC: pause 8.23ms. collected 284.112400MB. incr 
GC: pause 8.21ms. collected 284.112400MB. incr 
GC: pause 8.34ms. collected 284.438960MB. incr 
GC: pause 8.24ms. collected 285.772640MB. incr 
GC: pause 8.16ms. collected 284.112400MB. incr 
GC: pause 8.30ms. collected 284.440304MB. incr 
GC: pause 8.24ms. collected 285.771296MB. incr 
GC: pause 8.23ms. collected 285.569296MB. incr 
GC: pause 8.20ms. collected 284.642304MB. incr 
GC: pause 8.28ms. collected 284.438960MB. incr 
GC: pause 8.19ms. collected 285.772640MB. incr 
GC: pause 8.24ms. collected 286.092496MB. incr 
GC: pause 8.20ms. collected 284.121008MB. incr 
GC: pause 8.26ms. collected 286.097296MB. incr 
GC: pause 8.27ms. collected 286.006352MB. incr 
GC: pause 8.15ms. collected 284.207152MB. incr 
GC: pause 8.44ms. collected 286.097296MB. incr 
GC: pause 8.24ms. collected 286.099200MB. incr 
GC: pause 8.26ms. collected 286.097392MB. incr 
GC: pause 8.22ms. collected 285.571104MB. incr 
GC: pause 8.23ms. collected 284.644208MB. incr 
GC: pause 8.21ms. collected 286.097296MB. incr 
GC: pause 8.24ms. collected 286.101104MB. incr 
GC: pause 8.35ms. collected 286.425200MB. incr 
GC: pause 8.25ms. collected 287.758096MB. incr 
GC: pause 8.53ms. collected 286.099200MB. incr 
GC: pause 8.28ms. collected 286.099200MB. incr 
GC: pause 8.33ms. collected 286.100752MB. incr 
GC: pause 8.33ms. collected 287.554496MB. incr 
GC: pause 8.21ms. collected 286.629152MB. incr 
GC: pause 8.24ms. collected 286.099200MB. incr 
GC: pause 8.23ms. collected 286.101104MB. incr 
GC: pause 8.21ms. collected 288.084096MB. incr 
GC: pause 8.30ms. collected 286.425760MB. incr 
GC: pause 8.63ms. collected 287.759440MB. incr 
GC: pause 8.26ms. collected 286.424880MB. incr 
GC: pause 8.21ms. collected 287.760320MB. incr 
GC: pause 8.17ms. collected 287.556048MB. incr 
GC: pause 8.02ms. collected 286.629152MB. incr 
GC: pause 8.30ms. collected 287.556096MB. incr 
GC: pause 8.33ms. collected 286.630656MB. incr 
GC: pause 8.30ms. collected 288.084448MB. incr 
GC: pause 8.17ms. collected 288.086000MB. incr 
GC: pause 8.21ms. collected 287.556096MB. incr 
GC: pause 8.16ms. collected 286.630656MB. incr 
GC: pause 8.22ms. collected 288.084448MB. incr 
GC: pause 8.19ms. collected 288.086000MB. incr 
GC: pause 8.22ms. collected 288.086000MB. incr 
GC: pause 8.28ms. collected 288.086000MB. incr 
GC: pause 8.20ms. collected 288.086000MB. incr 
GC: pause 8.28ms. collected 288.087904MB. incr 
GC: pause 8.27ms. collected 289.978048MB. incr 
GC: pause 8.26ms. collected 288.178848MB. incr 
GC: pause 8.27ms. collected 288.086000MB. incr 
GC: pause 8.26ms. collected 288.086000MB. incr 
GC: pause 8.18ms. collected 288.087904MB. incr 
GC: pause 8.24ms. collected 290.070896MB. incr 
GC: pause 8.21ms. collected 288.087904MB. incr 
GC: pause 8.21ms. collected 289.960848MB. incr 
GC: pause 8.27ms. collected 288.196048MB. incr 
GC: pause 8.05ms. collected 288.411680MB. incr 
GC: pause 8.42ms. collected 289.747120MB. incr 
GC: pause 8.37ms. collected 289.979792MB. incr 
GC: pause 8.25ms. collected 288.179008MB. incr 
GC: pause 8.22ms. collected 289.542848MB. incr 
GC: pause 8.22ms. collected 288.615952MB. incr 
GC: pause 8.27ms. collected 290.072800MB. incr 
GC: pause 8.25ms. collected 289.979952MB. incr 
GC: pause 8.28ms. collected 288.180752MB. incr 
GC: pause 8.23ms. collected 290.070896MB. incr 
GC: pause 8.24ms. collected 290.072800MB. incr 
GC: pause 8.25ms. collected 290.072800MB. incr 
GC: pause 8.24ms. collected 290.072800MB. incr 
GC: pause 8.20ms. collected 290.072800MB. incr 
GC: pause 8.26ms. collected 289.979952MB. incr 
GC: pause 8.20ms. collected 289.635744MB. incr 
GC: pause 8.32ms. collected 288.943808MB. incr 
GC: pause 8.24ms. collected 291.201744MB. incr 
GC: pause 8.28ms. collected 290.602752MB. incr 
GC: pause 8.25ms. collected 290.072800MB. incr 
GC: pause 8.37ms. collected 290.072800MB. incr 
GC: pause 8.06ms. collected 290.074352MB. incr 
GC: pause 8.32ms. collected 291.965200MB. incr 
GC: pause 8.29ms. collected 290.165648MB. incr 
GC: pause 8.25ms. collected 290.074704MB. incr 
GC: pause 8.31ms. collected 292.057696MB. incr 
GC: pause 8.34ms. collected 290.074704MB. incr 
GC: pause 8.24ms. collected 292.057696MB. incr 
GC: pause 8.24ms. collected 291.529648MB. incr 
GC: pause 8.25ms. collected 290.602752MB. incr 
GC: pause 8.24ms. collected 291.529648MB. incr 
GC: pause 8.29ms. collected 290.602752MB. incr 
GC: pause 8.27ms. collected 292.059600MB. incr 
GC: pause 8.27ms. collected 291.966752MB. incr 
GC: pause 8.29ms. collected 290.167200MB. incr 
GC: pause 8.28ms. collected 292.058048MB. incr 
GC: pause 8.29ms. collected 292.059600MB. incr 
GC: pause 8.25ms. collected 292.059600MB. incr 
GC: pause 8.27ms. collected 291.966752MB. incr 
GC: pause 8.92ms. collected 290.493552MB. incr 
GC: pause 8.28ms. collected 291.733600MB. incr 
GC: pause 8.31ms. collected 293.514544MB. incr 
GC: pause 8.48ms. collected 292.589552MB. incr 
GC: pause 8.25ms. collected 292.059600MB. incr 
GC: pause 7.99ms. collected 292.059600MB. incr 
GC: pause 8.36ms. collected 292.059600MB. incr 
GC: pause 8.24ms. collected 292.059600MB. incr 
GC: pause 8.29ms. collected 292.059600MB. incr 
GC: pause 8.28ms. collected 293.516448MB. incr 
GC: pause 8.26ms. collected 292.589552MB. incr 
GC: pause 8.27ms. collected 292.061152MB. incr 
GC: pause 8.31ms. collected 294.038144MB. incr 
GC: pause 8.32ms. collected 292.068208MB. incr 
GC: pause 8.29ms. collected 294.037792MB. incr 
GC: pause 8.32ms. collected 292.390224MB. incr 
GC: pause 8.31ms. collected 293.722480MB. incr 
GC: pause 8.29ms. collected 293.516496MB. incr 
GC: pause 8.31ms. collected 292.589504MB. incr 
GC: pause 8.28ms. collected 294.046400MB. incr 
GC: pause 8.31ms. collected 293.953552MB. incr 
GC: pause 8.27ms. collected 292.154352MB. incr 
GC: pause 8.28ms. collected 294.044496MB. incr 
GC: pause 8.29ms. collected 294.046400MB. incr 
GC: pause 8.33ms. collected 294.046400MB. incr 
GC: pause 8.33ms. collected 294.046400MB. incr 
GC: pause 8.26ms. collected 294.046400MB. incr 
GC: pause 8.05ms. collected 294.046400MB. incr 
GC: pause 8.31ms. collected 294.046400MB. incr 
GC: pause 8.41ms. collected 294.046400MB. incr 
GC: pause 8.41ms. collected 294.046400MB. incr 
GC: pause 8.40ms. collected 294.046400MB. incr 
GC: pause 8.29ms. collected 294.048304MB. incr 
GC: pause 8.26ms. collected 295.938448MB. incr 
GC: pause 8.28ms. collected 294.139248MB. incr 
GC: pause 8.35ms. collected 294.046400MB. incr 
GC: pause 8.31ms. collected 295.940352MB. incr 
GC: pause 8.32ms. collected 294.139248MB. incr 
GC: pause 8.31ms. collected 295.503248MB. incr 
GC: pause 8.29ms. collected 294.576352MB. incr 
GC: pause 8.31ms. collected 295.503296MB. incr 
GC: pause 8.26ms. collected 294.576304MB. incr 
GC: pause 8.32ms. collected 296.026496MB. incr 
GC: pause 8.36ms. collected 294.379664MB. incr 
GC: pause 8.34ms. collected 295.706640MB. incr 
GC: pause 8.26ms. collected 296.033200MB. incr 
GC: pause 8.33ms. collected 295.940352MB. incr 
GC: pause 8.26ms. collected 294.141152MB. incr 
GC: pause 8.06ms. collected 296.031296MB. incr 
GC: pause 8.35ms. collected 296.033200MB. incr 
GC: pause 8.36ms. collected 296.033200MB. incr 
GC: pause 8.34ms. collected 296.033200MB. incr 
GC: pause 8.31ms. collected 296.033200MB. incr 
GC: pause 8.36ms. collected 296.034752MB. incr 
GC: pause 8.42ms. collected 296.358208MB. incr 
GC: pause 8.33ms. collected 297.686736MB. incr 
GC: pause 8.31ms. collected 296.039904MB. incr 
GC: pause 8.30ms. collected 296.033200MB. incr 
GC: pause 8.33ms. collected 296.035104MB. incr 
GC: pause 8.31ms. collected 298.011392MB. incr 
GC: pause 8.30ms. collected 296.039904MB. incr 
GC: pause 8.29ms. collected 296.035104MB. incr 
GC: pause 8.35ms. collected 298.018096MB. incr 
GC: pause 8.79ms. collected 297.490096MB. incr 
GC: pause 8.29ms. collected 296.563104MB. incr 
GC: pause 8.38ms. collected 296.359760MB. incr 
GC: pause 8.27ms. collected 297.693440MB. incr 
GC: pause 8.31ms. collected 298.020000MB. incr 
GC: pause 8.32ms. collected 296.035104MB. incr 
GC: pause 8.36ms. collected 298.018096MB. incr 
GC: pause 8.17ms. collected 298.020000MB. incr 
GC: pause 8.49ms. collected 297.927152MB. incr 
GC: pause 8.25ms. collected 296.127952MB. incr 
GC: pause 8.31ms. collected 298.018096MB. incr 
GC: pause 8.33ms. collected 298.020000MB. incr 
GC: pause 8.34ms. collected 298.020000MB. incr 
GC: pause 8.30ms. collected 298.020000MB. incr 
GC: pause 8.28ms. collected 298.020000MB. incr 
GC: pause 8.37ms. collected 298.020000MB. incr 
GC: pause 8.35ms. collected 298.021904MB. incr 
GC: pause 8.37ms. collected 299.912048MB. incr 
GC: pause 8.33ms. collected 298.112848MB. incr 
GC: pause 8.35ms. collected 298.020000MB. incr 
GC: pause 8.31ms. collected 298.021552MB. incr 
GC: pause 8.62ms. collected 299.475344MB. incr 
GC: pause 8.34ms. collected 298.549904MB. incr 
GC: pause 8.34ms. collected 298.021904MB. incr 
GC: pause 8.35ms. collected 300.004896MB. incr 
GC: pause 8.37ms. collected 298.021904MB. incr 
GC: pause 8.34ms. collected 299.998192MB. incr 
GC: pause 8.37ms. collected 298.028608MB. incr 
GC: pause 8.37ms. collected 300.004896MB. incr 
GC: pause 8.20ms. collected 299.913952MB. incr 
GC: pause 8.48ms. collected 298.112848MB. incr 
GC: pause 8.35ms. collected 300.000096MB. incr 
GC: pause 8.45ms. collected 299.483552MB. incr 
GC: pause 8.34ms. collected 298.549952MB. incr 
GC: pause 8.37ms. collected 300.006800MB. incr 
GC: pause 8.41ms. collected 300.006800MB. incr 
GC: pause 8.32ms. collected 299.476896MB. incr 
GC: pause 8.38ms. collected 298.551808MB. incr 
GC: pause 8.33ms. collected 300.004896MB. incr 
GC: pause 8.44ms. collected 300.008704MB. incr 
GC: pause 8.40ms. collected 301.461792MB. incr 
GC: pause 8.64ms. collected 300.536704MB. incr 
GC: pause 8.41ms. collected 300.006800MB. incr 
GC: pause 8.34ms. collected 300.006800MB. incr 
GC: pause 8.36ms. collected 300.006800MB. incr 
GC: pause 8.35ms. collected 300.008352MB. incr 
GC: pause 8.37ms. collected 301.893360MB. incr 
GC: pause 8.35ms. collected 300.105488MB. incr 
GC: pause 8.29ms. collected 300.006800MB. incr 
GC: pause 8.40ms. collected 301.900752MB. incr 
GC: pause 8.44ms. collected 300.099648MB. incr 
GC: pause 8.25ms. collected 300.334704MB. incr 
GC: pause 8.37ms. collected 301.665696MB. incr 
GC: pause 8.42ms. collected 301.993600MB. incr 
GC: pause 8.45ms. collected 300.333360MB. incr 
GC: pause 8.38ms. collected 301.667040MB. incr 
GC: pause 8.38ms. collected 301.993600MB. incr 
GC: pause 8.34ms. collected 301.463696MB. incr 
GC: pause 8.35ms. collected 300.536704MB. incr 
GC: pause 8.34ms. collected 301.993600MB. incr 
GC: pause 8.38ms. collected 301.993600MB. incr 
GC: pause 8.41ms. collected 301.993600MB. incr 
GC: pause 8.96ms. collected 301.900752MB. incr 
GC: pause 8.37ms. collected 301.556496MB. incr 
GC: pause 8.37ms. collected 300.538656MB. incr 
GC: pause 8.37ms. collected 301.993600MB. incr 
GC: pause 8.36ms. collected 303.885648MB. incr 
GC: pause 8.35ms. collected 302.086448MB. incr 
GC: pause 8.33ms. collected 301.993600MB. incr 
GC: pause 8.38ms. collected 301.993600MB. incr 
GC: pause 8.54ms. collected 302.320160MB. incr 
GC: pause 8.49ms. collected 303.653840MB. incr 
GC: pause 8.15ms. collected 301.995504MB. incr 
GC: pause 8.46ms. collected 303.885648MB. incr 
GC: pause 8.36ms. collected 302.086448MB. incr 
GC: pause 8.45ms. collected 302.321504MB. incr 
GC: pause 8.40ms. collected 303.652496MB. incr 
GC: pause 8.41ms. collected 303.980400MB. incr 
GC: pause 8.39ms. collected 301.995504MB. incr 
GC: pause 8.44ms. collected 303.978496MB. incr 
GC: pause 8.39ms. collected 303.887552MB. incr 
GC: pause 8.41ms. collected 302.088000MB. incr 
GC: pause 8.44ms. collected 303.978848MB. incr 
GC: pause 8.38ms. collected 303.980400MB. incr 
GC: pause 8.41ms. collected 303.450448MB. incr 
GC: pause 8.39ms. collected 302.525104MB. incr 
GC: pause 8.37ms. collected 303.978848MB. incr 
GC: pause 8.37ms. collected 303.980400MB. incr 
GC: pause 8.35ms. collected 303.980400MB. incr 
GC: pause 8.39ms. collected 303.980400MB. incr 
GC: pause 8.38ms. collected 303.982304MB. incr 
GC: pause 8.65ms. collected 305.435392MB. incr 
GC: pause 8.44ms. collected 304.510304MB. incr 
GC: pause 8.43ms. collected 303.980400MB. incr 
GC: pause 8.53ms. collected 303.980400MB. incr 
GC: pause 8.43ms. collected 303.982304MB. incr 
GC: pause 8.42ms. collected 305.958592MB. incr 
GC: pause 8.39ms. collected 303.987104MB. incr 
GC: pause 8.50ms. collected 304.308304MB. incr 
GC: pause 8.40ms. collected 305.639296MB. incr 
GC: pause 8.39ms. collected 305.874352MB. incr 
GC: pause 8.39ms. collected 304.073248MB. incr 
GC: pause 8.47ms. collected 305.869216MB. incr 
GC: pause 8.41ms. collected 304.079936MB. incr 
GC: pause 8.50ms. collected 305.958944MB. incr 
GC: pause 8.39ms. collected 305.443952MB. incr 
GC: pause 8.42ms. collected 304.510352MB. incr 
GC: pause 8.41ms. collected 305.960496MB. incr 
GC: pause 8.40ms. collected 305.443952MB. incr 
GC: pause 8.36ms. collected 304.510352MB. incr 
GC: pause 8.42ms. collected 305.967200MB. incr 
GC: pause 8.40ms. collected 305.967200MB. incr 
GC: pause 8.39ms. collected 305.967200MB. incr 
GC: pause 8.41ms. collected 305.967200MB. incr 
GC: pause 8.43ms. collected 305.967200MB. incr 
GC: pause 8.40ms. collected 305.967200MB. incr 
GC: pause 8.55ms. collected 305.967200MB. incr 
GC: pause 8.69ms. collected 306.293760MB. incr 
GC: pause 8.48ms. collected 307.627440MB. incr 
GC: pause 8.39ms. collected 305.967200MB. incr 
GC: pause 8.39ms. collected 305.968752MB. incr 
GC: pause 8.46ms. collected 307.859600MB. incr 
GC: pause 8.40ms. collected 306.060048MB. incr 
GC: pause 8.51ms. collected 305.969104MB. incr 
GC: pause 8.41ms. collected 307.952096MB. incr 
GC: pause 8.42ms. collected 307.859888MB. incr 
GC: pause 8.39ms. collected 306.061312MB. incr 
GC: pause 8.53ms. collected 306.293760MB. incr 
GC: pause 8.42ms. collected 307.627440MB. incr 
GC: pause 8.44ms. collected 307.954000MB. incr 
GC: pause 8.44ms. collected 307.861152MB. incr 
GC: pause 8.37ms. collected 306.061600MB. incr 
GC: pause 8.42ms. collected 307.952448MB. incr 
GC: pause 8.44ms. collected 307.954000MB. incr 
GC: pause 8.49ms. collected 307.861152MB. incr 
GC: pause 8.47ms. collected 306.386608MB. incr 
GC: pause 8.55ms. collected 307.627440MB. incr 
GC: pause 8.61ms. collected 307.955904MB. incr 
GC: pause 8.62ms. collected 308.280000MB. incr 
GC: pause 8.52ms. collected 309.606192MB. incr 
GC: pause 8.43ms. collected 307.960704MB. incr 
GC: pause 8.43ms. collected 307.954000MB. incr 
GC: pause 8.48ms. collected 307.954000MB. incr 
GC: pause 8.45ms. collected 307.955904MB. incr 
GC: pause 8.55ms. collected 309.846048MB. incr 
GC: pause 8.43ms. collected 308.046848MB. incr 
GC: pause 8.45ms. collected 307.955904MB. incr 
GC: pause 8.50ms. collected 309.938896MB. incr 
GC: pause 8.51ms. collected 308.280560MB. incr 
GC: pause 8.55ms. collected 309.614240MB. incr 
GC: pause 8.55ms. collected 308.281904MB. incr 
GC: pause 8.42ms. collected 309.612896MB. incr 
GC: pause 8.43ms. collected 309.934096MB. incr 
GC: pause 8.43ms. collected 307.962608MB. incr 
GC: pause 8.52ms. collected 309.938896MB. incr 
GC: pause 8.49ms. collected 309.940800MB. incr 
GC: pause 8.49ms. collected 308.280560MB. incr 
GC: pause 8.67ms. collected 309.614240MB. incr 
GC: pause 8.46ms. collected 309.940800MB. incr 
GC: pause 8.61ms. collected 309.940800MB. incr 
GC: pause 8.56ms. collected 309.940800MB. incr 
GC: pause 8.42ms. collected 309.940800MB. incr 
GC: pause 8.46ms. collected 309.940800MB. incr 
GC: pause 8.47ms. collected 309.940800MB. incr 
GC: pause 8.48ms. collected 309.942704MB. incr 
GC: pause 8.45ms. collected 311.820592MB. incr 
GC: pause 8.44ms. collected 310.045904MB. incr 
GC: pause 8.45ms. collected 309.940800MB. incr 
GC: pause 8.46ms. collected 309.940800MB. incr 
GC: pause 8.51ms. collected 311.397648MB. incr 
GC: pause 8.43ms. collected 310.470752MB. incr 
GC: pause 8.43ms. collected 309.942352MB. incr 
GC: pause 8.50ms. collected 311.919344MB. incr 
GC: pause 8.44ms. collected 309.949408MB. incr 
GC: pause 8.46ms. collected 311.918992MB. incr 
GC: pause 8.49ms. collected 309.949408MB. incr 
GC: pause 8.25ms. collected 311.925696MB. incr 
GC: pause 8.56ms. collected 311.834752MB. incr 
GC: pause 8.59ms. collected 310.035200MB. incr 
GC: pause 8.50ms. collected 311.926048MB. incr 
GC: pause 8.48ms. collected 311.927600MB. incr 
GC: pause 8.45ms. collected 311.397648MB. incr 
GC: pause 8.43ms. collected 310.472304MB. incr 
GC: pause 18.09ms. collected 311.926048MB. incr 
GC: pause 8.47ms. collected 311.927600MB. incr 
GC: pause 8.48ms. collected 311.927600MB. incr 
GC: pause 8.46ms. collected 311.927600MB. incr 
GC: pause 8.51ms. collected 311.929504MB. incr 
GC: pause 8.46ms. collected 313.382592MB. incr 
GC: pause 8.50ms. collected 312.457504MB. incr 
GC: pause 8.45ms. collected 311.927600MB. incr 
GC: pause 8.50ms. collected 311.927600MB. incr 
GC: pause 8.43ms. collected 311.929504MB. incr 
GC: pause 8.50ms. collected 313.905792MB. incr 
GC: pause 8.43ms. collected 311.934304MB. incr 
GC: pause 8.54ms. collected 312.255504MB. incr 
GC: pause 8.56ms. collected 313.586496MB. incr 
GC: pause 8.31ms. collected 313.821552MB. incr 
GC: pause 8.65ms. collected 312.020448MB. incr 
GC: pause 8.46ms. collected 313.821552MB. incr 
GC: pause 8.45ms. collected 312.022352MB. incr 
GC: pause 8.53ms. collected 313.912496MB. incr 
GC: pause 8.48ms. collected 313.821552MB. incr 
GC: pause 8.47ms. collected 312.020448MB. incr 
GC: pause 8.52ms. collected 313.914400MB. incr 
GC: pause 8.49ms. collected 313.914400MB. incr 
GC: pause 8.50ms. collected 313.384448MB. incr 
GC: pause 8.43ms. collected 312.459104MB. incr 
GC: pause 8.47ms. collected 313.912848MB. incr 
GC: pause 8.49ms. collected 313.914400MB. incr 
GC: pause 8.49ms. collected 313.916304MB. incr 
GC: pause 8.57ms. collected 314.240400MB. incr 
GC: pause 8.46ms. collected 315.573296MB. incr 
GC: pause 8.42ms. collected 313.914400MB. incr 
GC: pause 8.46ms. collected 313.914400MB. incr 
GC: pause 8.47ms. collected 313.916304MB. incr 
GC: pause 8.56ms. collected 315.806448MB. incr 
GC: pause 8.51ms. collected 314.007248MB. incr 
GC: pause 8.23ms. collected 313.915952MB. incr 
GC: pause 8.64ms. collected 315.892944MB. incr 
GC: pause 8.65ms. collected 313.922656MB. incr 
GC: pause 8.62ms. collected 315.806800MB. incr 
GC: pause 8.47ms. collected 314.008800MB. incr 
GC: pause 8.53ms. collected 315.806800MB. incr 
GC: pause 8.54ms. collected 314.009152MB. incr 
GC: pause 8.63ms. collected 315.899296MB. incr 
GC: pause 8.52ms. collected 315.901200MB. incr 
GC: pause 8.58ms. collected 314.242304MB. incr 
GC: pause 8.49ms. collected 315.573296MB. incr 
GC: pause 8.54ms. collected 315.901200MB. incr 
GC: pause 8.47ms. collected 315.901200MB. incr 
GC: pause 8.46ms. collected 315.901200MB. incr 
GC: pause 8.50ms. collected 315.901200MB. incr 
GC: pause 8.49ms. collected 315.901200MB. incr 
GC: pause 8.53ms. collected 315.901200MB. incr 
GC: pause 8.46ms. collected 315.901200MB. incr 
GC: pause 8.54ms. collected 315.901200MB. incr 
GC: pause 8.39ms. collected 315.901200MB. incr 
GC: pause 8.68ms. collected 316.229104MB. incr 
GC: pause 8.53ms. collected 317.560096MB. incr 
GC: pause 8.48ms. collected 315.902752MB. incr 
GC: pause 8.48ms. collected 317.356496MB. incr 
GC: pause 8.52ms. collected 316.431152MB. incr 
GC: pause 8.53ms. collected 315.903104MB. incr 
GC: pause 8.52ms. collected 317.886096MB. incr 
GC: pause 8.63ms. collected 316.227760MB. incr 
GC: pause 8.54ms. collected 317.561440MB. incr 
GC: pause 8.49ms. collected 317.771488MB. incr 
GC: pause 8.52ms. collected 316.017712MB. incr 
GC: pause 8.48ms. collected 317.772768MB. incr 
GC: pause 8.51ms. collected 316.018336MB. incr 
GC: pause 8.69ms. collected 317.886096MB. incr 
GC: pause 8.46ms. collected 317.888000MB. incr 
GC: pause 8.51ms. collected 317.790016MB. incr 
GC: pause 8.52ms. collected 316.001088MB. incr 
GC: pause 8.48ms. collected 317.886096MB. incr 
GC: pause 8.49ms. collected 317.888000MB. incr 
GC: pause 8.56ms. collected 317.888000MB. incr 
GC: pause 8.45ms. collected 317.889904MB. incr 
GC: pause 8.66ms. collected 319.342992MB. incr 
GC: pause 8.84ms. collected 318.417904MB. incr 
GC: pause 8.54ms. collected 317.888000MB. incr 
GC: pause 8.48ms. collected 317.888000MB. incr 
GC: pause 8.52ms. collected 317.889904MB. incr 
GC: pause 8.50ms. collected 319.866192MB. incr 
GC: pause 8.53ms. collected 317.894704MB. incr 
GC: pause 8.61ms. collected 318.215904MB. incr 
GC: pause 8.55ms. collected 319.546896MB. incr 
GC: pause 8.56ms. collected 319.781952MB. incr 
GC: pause 8.53ms. collected 317.980848MB. incr 
GC: pause 8.57ms. collected 319.781952MB. incr 
GC: pause 8.51ms. collected 317.982752MB. incr 
GC: pause 8.55ms. collected 319.872896MB. incr 
GC: pause 8.52ms. collected 319.781952MB. incr 
GC: pause 8.50ms. collected 317.980848MB. incr 
GC: pause 8.53ms. collected 319.874800MB. incr 
GC: pause 8.49ms. collected 319.874800MB. incr 
GC: pause 8.59ms. collected 319.344848MB. incr 
GC: pause 8.54ms. collected 318.419504MB. incr 
GC: pause 8.29ms. collected 319.873248MB. incr 
GC: pause 8.62ms. collected 319.874800MB. incr 
GC: pause 8.55ms. collected 319.876704MB. incr 
GC: pause 8.63ms. collected 320.200800MB. incr 
GC: pause 8.52ms. collected 321.533696MB. incr 
GC: pause 8.53ms. collected 319.874800MB. incr 
GC: pause 8.52ms. collected 319.874800MB. incr 
GC: pause 8.62ms. collected 320.201360MB. incr 
GC: pause 8.56ms. collected 321.535040MB. incr 
GC: pause 8.52ms. collected 319.874800MB. incr 
GC: pause 8.57ms. collected 320.202704MB. incr 
GC: pause 8.53ms. collected 321.533696MB. incr 
GC: pause 8.58ms. collected 321.768752MB. incr 
GC: pause 8.57ms. collected 319.967648MB. incr 
GC: pause 8.72ms. collected 320.202704MB. incr 
GC: pause 8.51ms. collected 321.533696MB. incr 
GC: pause 8.53ms. collected 321.861600MB. incr 
GC: pause 8.54ms. collected 321.768752MB. incr 
GC: pause 8.57ms. collected 319.969200MB. incr 
GC: pause 8.57ms. collected 321.860048MB. incr 
GC: pause 8.24ms. collected 321.861600MB. incr 
GC: pause 141.06ms. collected 321.504272MB. full 
GC: pause 366.54ms. collected 398.017032MB. full 
GC: pause 268.12ms. collected 321.859696MB. incr 
GC: pause 7.52ms. collected 284.105696MB. incr 
GC: pause 6.30ms. collected 282.132304MB. incr 
GC: pause 6.31ms. collected 283.582448MB. incr 
GC: pause 6.30ms. collected 282.655552MB. incr 
GC: pause 6.31ms. collected 284.019552MB. incr 
GC: pause 6.32ms. collected 282.220000MB. incr 
GC: pause 6.32ms. collected 284.110848MB. incr 
GC: pause 6.31ms. collected 283.582496MB. incr 
GC: pause 6.31ms. collected 282.655504MB. incr 
GC: pause 6.32ms. collected 284.112400MB. incr 
GC: pause 6.31ms. collected 284.105696MB. incr 
GC: pause 6.40ms. collected 282.458864MB. incr 
GC: pause 6.32ms. collected 283.785840MB. incr 
GC: pause 6.30ms. collected 284.112400MB. incr 
GC: pause 6.33ms. collected 284.112400MB. incr 
GC: pause 6.16ms. collected 284.113952MB. incr 
GC: pause 6.30ms. collected 284.112752MB. incr 
GC: pause 6.30ms. collected 285.985456MB. incr 
GC: pause 6.28ms. collected 284.224240MB. incr 
GC: pause 6.35ms. collected 284.112400MB. incr 
GC: pause 6.30ms. collected 284.112400MB. incr 
GC: pause 6.25ms. collected 284.112400MB. incr 
GC: pause 6.35ms. collected 284.113952MB. incr 
GC: pause 6.32ms. collected 285.991424MB. incr 
GC: pause 6.33ms. collected 284.218624MB. incr 
GC: pause 6.32ms. collected 284.112400MB. incr 
GC: pause 6.36ms. collected 286.006352MB. incr 
GC: pause 6.31ms. collected 284.205248MB. incr 
GC: pause 6.41ms. collected 284.438960MB. incr 
GC: pause 6.31ms. collected 285.772640MB. incr 
GC: pause 6.32ms. collected 286.092496MB. incr 
GC: pause 6.31ms. collected 284.121008MB. incr 
GC: pause 6.33ms. collected 286.097296MB. incr 
GC: pause 6.28ms. collected 286.006352MB. incr 
GC: pause 6.31ms. collected 284.205248MB. incr 
GC: pause 6.38ms. collected 286.099200MB. incr 
GC: pause 6.42ms. collected 286.086608MB. incr 
GC: pause 6.29ms. collected 284.126896MB. incr 
GC: pause 6.14ms. collected 286.097296MB. incr 
GC: pause 6.43ms. collected 286.099200MB. incr 
GC: pause 6.45ms. collected 286.099200MB. incr 
GC: pause 6.34ms. collected 286.099200MB. incr 
GC: pause 6.31ms. collected 286.099200MB. incr 
GC: pause 6.33ms. collected 286.099200MB. incr 
GC: pause 6.33ms. collected 286.101104MB. incr 
GC: pause 6.33ms. collected 287.991248MB. incr 
GC: pause 6.34ms. collected 286.192048MB. incr 
GC: pause 6.36ms. collected 286.099200MB. incr 
GC: pause 6.32ms. collected 286.100752MB. incr 
GC: pause 6.31ms. collected 287.554544MB. incr 
GC: pause 6.31ms. collected 286.629104MB. incr 
GC: pause 6.32ms. collected 286.100752MB. incr 
GC: pause 6.38ms. collected 287.991600MB. incr 
GC: pause 6.33ms. collected 286.192048MB. incr 
GC: pause 6.32ms. collected 287.556096MB. incr 
GC: pause 6.31ms. collected 286.629104MB. incr 
GC: pause 6.32ms. collected 287.993152MB. incr 
GC: pause 6.31ms. collected 286.193952MB. incr 
GC: pause 6.33ms. collected 288.084096MB. incr 
GC: pause 6.36ms. collected 287.993152MB. incr 
GC: pause 15.53ms. collected 286.193600MB. incr 
GC: pause 6.12ms. collected 288.084448MB. incr 
GC: pause 6.45ms. collected 288.086000MB. incr 
GC: pause 6.45ms. collected 287.556048MB. incr 
GC: pause 6.47ms. collected 286.630704MB. incr 
GC: pause 6.37ms. collected 288.084448MB. incr 
GC: pause 6.33ms. collected 288.086000MB. incr 
GC: pause 6.30ms. collected 288.086000MB. incr 
GC: pause 6.42ms. collected 288.086000MB. incr 
GC: pause 6.33ms. collected 288.087904MB. incr 
GC: pause 6.35ms. collected 289.540992MB. incr 
GC: pause 6.34ms. collected 288.615904MB. incr 
GC: pause 6.35ms. collected 288.086000MB. incr 
GC: pause 6.34ms. collected 288.086000MB. incr 
GC: pause 6.33ms. collected 288.087552MB. incr 
GC: pause 6.39ms. collected 289.954736MB. incr 
GC: pause 6.37ms. collected 288.202512MB. incr 
GC: pause 6.32ms. collected 288.086000MB. incr 
GC: pause 6.32ms. collected 289.974928MB. incr 
GC: pause 6.34ms. collected 288.183872MB. incr 
GC: pause 6.32ms. collected 288.087904MB. incr 
GC: pause 6.34ms. collected 290.070896MB. incr 
GC: pause 6.42ms. collected 290.066096MB. incr 
GC: pause 6.21ms. collected 288.094256MB. incr 
GC: pause 6.46ms. collected 290.071248MB. incr 
GC: pause 6.33ms. collected 289.542896MB. incr 
GC: pause 6.38ms. collected 288.615904MB. incr 
GC: pause 6.33ms. collected 290.072800MB. incr 
GC: pause 6.36ms. collected 289.979952MB. incr 
GC: pause 6.35ms. collected 288.180752MB. incr 
GC: pause 6.39ms. collected 290.070896MB. incr 
GC: pause 6.32ms. collected 290.072800MB. incr 
GC: pause 6.32ms. collected 290.072800MB. incr 
GC: pause 6.36ms. collected 290.072800MB. incr 
GC: pause 6.34ms. collected 290.072800MB. incr 
GC: pause 6.31ms. collected 290.072800MB. incr 
GC: pause 6.38ms. collected 290.072800MB. incr 
GC: pause 6.35ms. collected 290.072800MB. incr 
GC: pause 6.35ms. collected 290.074704MB. incr 
GC: pause 6.39ms. collected 292.050992MB. incr 
GC: pause 6.35ms. collected 290.079504MB. incr 
GC: pause 6.33ms. collected 290.074352MB. incr 
GC: pause 6.37ms. collected 291.965200MB. incr 
GC: pause 6.34ms. collected 290.165648MB. incr 
GC: pause 6.33ms. collected 290.074704MB. incr 
GC: pause 6.32ms. collected 292.057696MB. incr 
GC: pause 6.26ms. collected 291.529696MB. incr 
GC: pause 6.51ms. collected 290.602704MB. incr 
GC: pause 6.49ms. collected 290.400704MB. incr 
GC: pause 6.34ms. collected 291.731696MB. incr 
GC: pause 6.44ms. collected 292.059600MB. incr 
GC: pause 6.37ms. collected 291.529696MB. incr 
GC: pause 6.36ms. collected 290.602704MB. incr 
GC: pause 6.34ms. collected 292.059600MB. incr 
GC: pause 6.38ms. collected 292.059600MB. incr 
GC: pause 6.38ms. collected 291.529648MB. incr 
GC: pause 6.42ms. collected 290.604304MB. incr 
GC: pause 6.38ms. collected 292.058048MB. incr 
GC: pause 6.36ms. collected 292.059600MB. incr 
GC: pause 6.38ms. collected 292.059600MB. incr 
GC: pause 6.38ms. collected 292.059600MB. incr 
GC: pause 6.38ms. collected 292.061504MB. incr 
GC: pause 6.35ms. collected 293.514592MB. incr 
GC: pause 6.36ms. collected 292.589504MB. incr 
GC: pause 6.32ms. collected 292.059600MB. incr 
GC: pause 7.63ms. collected 292.059600MB. incr 
GC: pause 6.40ms. collected 292.061504MB. incr 
GC: pause 6.49ms. collected 294.037792MB. incr 
GC: pause 6.28ms. collected 292.066304MB. incr 
GC: pause 6.48ms. collected 292.386160MB. incr 
GC: pause 6.40ms. collected 293.719840MB. incr 
GC: pause 6.36ms. collected 293.516448MB. incr 
GC: pause 6.37ms. collected 292.589552MB. incr 
GC: pause 6.34ms. collected 292.061504MB. incr 
GC: pause 6.36ms. collected 294.044496MB. incr 
GC: pause 6.39ms. collected 294.046400MB. incr 
GC: pause 6.36ms. collected 292.061504MB. incr 
GC: pause 6.36ms. collected 294.044496MB. incr 
GC: pause 6.42ms. collected 294.046400MB. incr 
GC: pause 6.38ms. collected 293.516496MB. incr 
GC: pause 6.38ms. collected 292.591056MB. incr 
GC: pause 6.40ms. collected 294.044848MB. incr 
GC: pause 6.47ms. collected 294.046400MB. incr 
GC: pause 6.41ms. collected 294.046400MB. incr 
GC: pause 6.38ms. collected 294.046400MB. incr 
GC: pause 6.37ms. collected 294.046400MB. incr 
GC: pause 6.35ms. collected 294.046400MB. incr 
GC: pause 6.40ms. collected 294.046400MB. incr 
GC: pause 6.38ms. collected 294.046400MB. incr 
GC: pause 6.43ms. collected 294.046400MB. incr 
GC: pause 6.45ms. collected 294.046400MB. incr 
GC: pause 6.26ms. collected 294.048304MB. incr 
GC: pause 6.53ms. collected 296.031296MB. incr 
GC: pause 6.42ms. collected 294.047952MB. incr 
GC: pause 6.47ms. collected 295.501696MB. incr 
GC: pause 6.38ms. collected 294.576352MB. incr 
GC: pause 6.43ms. collected 294.048304MB. incr 
GC: pause 6.38ms. collected 296.031296MB. incr 
GC: pause 6.40ms. collected 295.940352MB. incr 
GC: pause 6.39ms. collected 294.139248MB. incr 
GC: pause 6.42ms. collected 295.503248MB. incr 
GC: pause 6.40ms. collected 294.576352MB. incr 
GC: pause 6.43ms. collected 296.033200MB. incr 
GC: pause 6.40ms. collected 295.503296MB. incr 
GC: pause 6.38ms. collected 294.576304MB. incr 
GC: pause 6.39ms. collected 296.033200MB. incr 
GC: pause 6.46ms. collected 296.033200MB. incr 
GC: pause 6.42ms. collected 295.940352MB. incr 
GC: pause 6.47ms. collected 294.467152MB. incr 
GC: pause 6.38ms. collected 295.706848MB. incr 
GC: pause 6.39ms. collected 296.355216MB. incr 
GC: pause 6.40ms. collected 297.166528MB. incr 
GC: pause 6.43ms. collected 296.563104MB. incr 
GC: pause 6.39ms. collected 296.033200MB. incr 
GC: pause 6.36ms. collected 296.033200MB. incr 
GC: pause 6.47ms. collected 296.033200MB. incr 
GC: pause 6.41ms. collected 296.033200MB. incr 
GC: pause 6.41ms. collected 296.033200MB. incr 
GC: pause 6.40ms. collected 296.034752MB. incr 
GC: pause 6.42ms. collected 297.925600MB. incr 
GC: pause 6.41ms. collected 296.126048MB. incr 
GC: pause 6.46ms. collected 296.035104MB. incr 
GC: pause 6.45ms. collected 298.018096MB. incr 
GC: pause 6.43ms. collected 297.927152MB. incr 
GC: pause 6.39ms. collected 296.126048MB. incr 
GC: pause 6.43ms. collected 297.927152MB. incr 
GC: pause 6.42ms. collected 296.127952MB. incr 
GC: pause 6.47ms. collected 298.018096MB. incr 
GC: pause 6.43ms. collected 297.927152MB. incr 
GC: pause 6.74ms. collected 296.127600MB. incr 
GC: pause 6.40ms. collected 298.018448MB. incr 
GC: pause 6.40ms. collected 298.020000MB. incr 
GC: pause 6.42ms. collected 298.007408MB. incr 
GC: pause 6.49ms. collected 296.373696MB. incr 
GC: pause 6.44ms. collected 297.692096MB. incr 
GC: pause 6.44ms. collected 298.021904MB. incr 
GC: pause 6.31ms. collected 298.346000MB. incr 
GC: pause 6.49ms. collected 299.672192MB. incr 
GC: pause 6.42ms. collected 298.026704MB. incr 
GC: pause 6.41ms. collected 298.020000MB. incr 
GC: pause 6.39ms. collected 298.020000MB. incr 
GC: pause 6.43ms. collected 298.021904MB. incr 
GC: pause 6.43ms. collected 299.912048MB. incr 
GC: pause 6.44ms. collected 298.112848MB. incr 
GC: pause 6.43ms. collected 298.020000MB. incr 
GC: pause 6.48ms. collected 299.913952MB. incr 
GC: pause 6.43ms. collected 298.112848MB. incr 
GC: pause 6.45ms. collected 298.352992MB. incr 
GC: pause 6.41ms. collected 299.673808MB. incr 
GC: pause 6.44ms. collected 300.006800MB. incr 
GC: pause 6.41ms. collected 298.021904MB. incr 
GC: pause 6.46ms. collected 300.004896MB. incr 
GC: pause 6.42ms. collected 299.913952MB. incr 
GC: pause 6.41ms. collected 298.114400MB. incr 
GC: pause 6.40ms. collected 300.005248MB. incr 
GC: pause 6.45ms. collected 300.006800MB. incr 
GC: pause 6.46ms. collected 299.476848MB. incr 
GC: pause 6.50ms. collected 298.551504MB. incr 
GC: pause 6.37ms. collected 300.005248MB. incr 
GC: pause 6.52ms. collected 300.006800MB. incr 
GC: pause 6.44ms. collected 300.006800MB. incr 
GC: pause 6.40ms. collected 300.006800MB. incr 
GC: pause 6.45ms. collected 300.008704MB. incr 
GC: pause 6.43ms. collected 301.461792MB. incr 
GC: pause 6.42ms. collected 300.536704MB. incr 
GC: pause 6.40ms. collected 300.006800MB. incr 
GC: pause 6.43ms. collected 300.006800MB. incr 
GC: pause 6.41ms. collected 300.008704MB. incr 
GC: pause 6.48ms. collected 301.984992MB. incr 
GC: pause 6.46ms. collected 300.013504MB. incr 
GC: pause 6.52ms. collected 300.334704MB. incr 
GC: pause 6.43ms. collected 301.665696MB. incr 
GC: pause 6.43ms. collected 301.900752MB. incr 
GC: pause 6.48ms. collected 300.099648MB. incr 
GC: pause 6.44ms. collected 301.877088MB. incr 
GC: pause 6.41ms. collected 300.123312MB. incr 
GC: pause 6.41ms. collected 301.900752MB. incr 
GC: pause 6.54ms. collected 300.426208MB. incr 
GC: pause 6.44ms. collected 301.667040MB. incr 
GC: pause 6.50ms. collected 301.993600MB. incr 
GC: pause 6.39ms. collected 301.900752MB. incr 
GC: pause 6.56ms. collected 300.101552MB. incr 
GC: pause 6.50ms. collected 301.991696MB. incr 
GC: pause 6.48ms. collected 301.993600MB. incr 
GC: pause 6.49ms. collected 301.993600MB. incr 
GC: pause 6.45ms. collected 301.995152MB. incr 
GC: pause 6.44ms. collected 301.993952MB. incr 
GC: pause 6.43ms. collected 303.880512MB. incr 
GC: pause 6.44ms. collected 302.091584MB. incr 
GC: pause 6.48ms. collected 301.993600MB. incr 
GC: pause 6.44ms. collected 301.993600MB. incr 
GC: pause 6.42ms. collected 301.993600MB. incr 
GC: pause 6.63ms. collected 301.995504MB. incr 
GC: pause 6.42ms. collected 303.885648MB. incr 
GC: pause 6.41ms. collected 302.086448MB. incr 
GC: pause 6.41ms. collected 301.995504MB. incr 
GC: pause 6.39ms. collected 303.978496MB. incr 
GC: pause 6.42ms. collected 303.450496MB. incr 
GC: pause 6.39ms. collected 302.523504MB. incr 
GC: pause 6.53ms. collected 302.321504MB. incr 
GC: pause 6.46ms. collected 303.652496MB. incr 
GC: pause 6.49ms. collected 303.980400MB. incr 
GC: pause 6.45ms. collected 303.450496MB. incr 
GC: pause 6.56ms. collected 302.523504MB. incr 
GC: pause 6.45ms. collected 303.980400MB. incr 
GC: pause 6.59ms. collected 303.980400MB. incr 
GC: pause 6.43ms. collected 303.450448MB. incr 
GC: pause 6.45ms. collected 302.525104MB. incr 
GC: pause 6.44ms. collected 303.978848MB. incr 
GC: pause 6.44ms. collected 303.980400MB. incr 
GC: pause 6.47ms. collected 303.980400MB. incr 
GC: pause 6.48ms. collected 303.982304MB. incr 
GC: pause 6.55ms. collected 304.306400MB. incr 
GC: pause 6.49ms. collected 305.639296MB. incr 
GC: pause 6.87ms. collected 303.980400MB. incr 
GC: pause 6.48ms. collected 303.980400MB. incr 
GC: pause 6.55ms. collected 304.306960MB. incr 
GC: pause 6.48ms. collected 305.640640MB. incr 
GC: pause 6.44ms. collected 303.980400MB. incr 
GC: pause 6.54ms. collected 304.308304MB. incr 
GC: pause 6.46ms. collected 305.639296MB. incr 
GC: pause 6.44ms. collected 305.857744MB. incr 
GC: pause 6.51ms. collected 304.089856MB. incr 
GC: pause 6.49ms. collected 303.982304MB. incr 
GC: pause 6.30ms. collected 305.965296MB. incr 
GC: pause 6.46ms. collected 305.967200MB. incr 
GC: pause 6.61ms. collected 303.982304MB. incr 
GC: pause 6.47ms. collected 305.965296MB. incr 
GC: pause 6.48ms. collected 305.967200MB. incr 
GC: pause 6.43ms. collected 305.437296MB. incr 
GC: pause 6.54ms. collected 304.511856MB. incr 
GC: pause 6.48ms. collected 305.965648MB. incr 
GC: pause 6.45ms. collected 305.967200MB. incr 
GC: pause 6.50ms. collected 305.967200MB. incr 
GC: pause 6.46ms. collected 305.967200MB. incr 
GC: pause 6.49ms. collected 305.967200MB. incr 
GC: pause 6.46ms. collected 305.967200MB. incr 
GC: pause 6.48ms. collected 305.968752MB. incr 
GC: pause 6.58ms. collected 306.293552MB. incr 
GC: pause 6.47ms. collected 307.626096MB. incr 
GC: pause 6.86ms. collected 305.967200MB. incr 
GC: pause 6.43ms. collected 305.969104MB. incr 
GC: pause 6.49ms. collected 307.945392MB. incr 
GC: pause 6.51ms. collected 305.973904MB. incr 
GC: pause 6.57ms. collected 306.293760MB. incr 
GC: pause 6.28ms. collected 307.627440MB. incr 
GC: pause 6.49ms. collected 307.424096MB. incr 
GC: pause 6.46ms. collected 306.497104MB. incr 
GC: pause 6.54ms. collected 306.295104MB. incr 
GC: pause 6.48ms. collected 307.626096MB. incr 
GC: pause 6.46ms. collected 307.954000MB. incr 
GC: pause 6.50ms. collected 307.424096MB. incr 
GC: pause 6.44ms. collected 306.497104MB. incr 
GC: pause 6.47ms. collected 307.954000MB. incr 
GC: pause 7.14ms. collected 307.954000MB. incr 
GC: pause 6.51ms. collected 307.424048MB. incr 
GC: pause 6.46ms. collected 306.498704MB. incr 
GC: pause 6.46ms. collected 307.952448MB. incr 
GC: pause 6.48ms. collected 307.954000MB. incr 
GC: pause 6.48ms. collected 307.954000MB. incr 
GC: pause 6.49ms. collected 307.955904MB. incr 
GC: pause 6.61ms. collected 308.280000MB. incr 
GC: pause 6.47ms. collected 309.612896MB. incr 
GC: pause 6.87ms. collected 307.954000MB. incr 
GC: pause 6.45ms. collected 307.954000MB. incr 
GC: pause 6.64ms. collected 308.280560MB. incr 
GC: pause 6.46ms. collected 309.614240MB. incr 
GC: pause 6.61ms. collected 307.954000MB. incr 
GC: pause 6.68ms. collected 308.281904MB. incr 
GC: pause 6.48ms. collected 309.612896MB. incr 
GC: pause 6.50ms. collected 309.846688MB. incr 
GC: pause 6.47ms. collected 308.048112MB. incr 
GC: pause 6.50ms. collected 308.276864MB. incr 
GC: pause 6.47ms. collected 309.617936MB. incr 
GC: pause 6.51ms. collected 309.934096MB. incr 
GC: pause 6.51ms. collected 307.962608MB. incr 
GC: pause 6.49ms. collected 309.938896MB. incr 
GC: pause 6.52ms. collected 309.940800MB. incr 
GC: pause 6.50ms. collected 309.410896MB. incr 
GC: pause 6.48ms. collected 308.485808MB. incr 
GC: pause 6.50ms. collected 309.938896MB. incr 
GC: pause 6.49ms. collected 309.940800MB. incr 
GC: pause 6.49ms. collected 309.940800MB. incr 
GC: pause 6.50ms. collected 309.942352MB. incr 
GC: pause 6.45ms. collected 309.941152MB. incr 
GC: pause 6.49ms. collected 311.832848MB. incr 
GC: pause 6.56ms. collected 310.033648MB. incr 
GC: pause 6.50ms. collected 309.940800MB. incr 
GC: pause 6.29ms. collected 309.940800MB. incr 
GC: pause 6.54ms. collected 309.942704MB. incr 
GC: pause 6.50ms. collected 311.832848MB. incr 
GC: pause 6.49ms. collected 310.033648MB. incr 
GC: pause 6.50ms. collected 309.942704MB. incr 
GC: pause 6.55ms. collected 311.925696MB. incr 
GC: pause 6.60ms. collected 310.267360MB. incr 
GC: pause 6.53ms. collected 311.601040MB. incr 
GC: pause 6.61ms. collected 310.268704MB. incr 
GC: pause 6.56ms. collected 311.599696MB. incr 
GC: pause 6.53ms. collected 311.920896MB. incr 
GC: pause 6.48ms. collected 309.949408MB. incr 
GC: pause 6.53ms. collected 311.925696MB. incr 
GC: pause 6.54ms. collected 311.927600MB. incr 
GC: pause 6.58ms. collected 310.268704MB. incr 
GC: pause 6.49ms. collected 311.599696MB. incr 
GC: pause 6.49ms. collected 311.927600MB. incr 
GC: pause 6.48ms. collected 311.927600MB. incr 
GC: pause 6.50ms. collected 311.927600MB. incr 
GC: pause 6.49ms. collected 311.929504MB. incr 
GC: pause 6.56ms. collected 312.252256MB. incr 
GC: pause 6.36ms. collected 313.494992MB. incr 
GC: pause 6.55ms. collected 312.020448MB. incr 
GC: pause 6.48ms. collected 311.927600MB. incr 
GC: pause 6.49ms. collected 311.927600MB. incr 
GC: pause 6.55ms. collected 311.929152MB. incr 
GC: pause 6.50ms. collected 313.803392MB. incr 
GC: pause 6.93ms. collected 312.037056MB. incr 
GC: pause 6.49ms. collected 311.927600MB. incr 
GC: pause 6.53ms. collected 313.821552MB. incr 
GC: pause 6.51ms. collected 312.020448MB. incr 
GC: pause 6.62ms. collected 312.255504MB. incr 
GC: pause 6.51ms. collected 313.586496MB. incr 
GC: pause 6.53ms. collected 313.914400MB. incr 
GC: pause 6.60ms. collected 312.254160MB. incr 
GC: pause 6.48ms. collected 313.587840MB. incr 
GC: pause 6.51ms. collected 313.914400MB. incr 
GC: pause 6.50ms. collected 313.384496MB. incr 
GC: pause 6.56ms. collected 312.459056MB. incr 
GC: pause 6.48ms. collected 313.912848MB. incr 
GC: pause 6.50ms. collected 313.914400MB. incr 
GC: pause 6.50ms. collected 313.914400MB. incr 
GC: pause 6.58ms. collected 313.914400MB. incr 
GC: pause 6.36ms. collected 313.914400MB. incr 
GC: pause 6.52ms. collected 313.914400MB. incr 
GC: pause 6.64ms. collected 313.914400MB. incr 
GC: pause 6.53ms. collected 313.914400MB. incr 
GC: pause 6.50ms. collected 313.914400MB. incr 
GC: pause 6.50ms. collected 313.914400MB. incr 
GC: pause 6.54ms. collected 313.916304MB. incr 
GC: pause 6.51ms. collected 315.899296MB. incr 
GC: pause 6.56ms. collected 313.915952MB. incr 
GC: pause 6.53ms. collected 315.369696MB. incr 
GC: pause 6.51ms. collected 314.444352MB. incr 
GC: pause 6.54ms. collected 313.916304MB. incr 
GC: pause 6.54ms. collected 315.899296MB. incr 
GC: pause 6.58ms. collected 315.808352MB. incr 
GC: pause 6.52ms. collected 314.007248MB. incr 
GC: pause 6.53ms. collected 315.808352MB. incr 
GC: pause 6.51ms. collected 314.332400MB. incr 
GC: pause 6.58ms. collected 315.576048MB. incr 
GC: pause 6.53ms. collected 315.901200MB. incr 
GC: pause 6.61ms. collected 315.794816MB. incr 
GC: pause 6.41ms. collected 314.022688MB. incr 
GC: pause 6.55ms. collected 315.899296MB. incr 
GC: pause 6.56ms. collected 315.901200MB. incr 
GC: pause 6.54ms. collected 315.901200MB. incr 
GC: pause 6.52ms. collected 315.901200MB. incr 
GC: pause 6.51ms. collected 315.901200MB. incr 
GC: pause 6.51ms. collected 315.901200MB. incr 
GC: pause 6.55ms. collected 315.903104MB. incr 
GC: pause 6.57ms. collected 317.793248MB. incr 
GC: pause 6.56ms. collected 315.994048MB. incr 
GC: pause 6.56ms. collected 315.901200MB. incr 
GC: pause 6.59ms. collected 317.358048MB. incr 
GC: pause 6.57ms. collected 316.431152MB. incr 
GC: pause 6.57ms. collected 315.901200MB. incr 
GC: pause 6.56ms. collected 317.795152MB. incr 
GC: pause 6.55ms. collected 315.994048MB. incr 
GC: pause 6.50ms. collected 317.358048MB. incr 
GC: pause 6.52ms. collected 316.431152MB. incr 
GC: pause 6.54ms. collected 317.795152MB. incr 
GC: pause 6.53ms. collected 315.995952MB. incr 
GC: pause 6.63ms. collected 317.886096MB. incr 
GC: pause 6.50ms. collected 317.881296MB. incr 
GC: pause 6.59ms. collected 315.909808MB. incr 
GC: pause 6.54ms. collected 317.886096MB. incr 
GC: pause 6.55ms. collected 317.888000MB. incr 
GC: pause 7.09ms. collected 317.888000MB. incr 
GC: pause 6.52ms. collected 317.888000MB. incr 
GC: pause 6.52ms. collected 317.888000MB. incr 
GC: pause 6.57ms. collected 317.888000MB. incr 
GC: pause 6.54ms. collected 317.888000MB. incr 
GC: pause 6.55ms. collected 317.889552MB. incr 
GC: pause 6.64ms. collected 318.214352MB. incr 
GC: pause 6.56ms. collected 319.546896MB. incr 
GC: pause 6.55ms. collected 317.888000MB. incr 
GC: pause 6.57ms. collected 317.889904MB. incr 
GC: pause 6.59ms. collected 319.872896MB. incr 
GC: pause 6.55ms. collected 317.889552MB. incr 
GC: pause 6.54ms. collected 319.343344MB. incr 
GC: pause 6.55ms. collected 318.417904MB. incr 
GC: pause 6.57ms. collected 319.344896MB. incr 
GC: pause 6.57ms. collected 318.417904MB. incr 
GC: pause 6.63ms. collected 319.781952MB. incr 
GC: pause 6.52ms. collected 317.982752MB. incr 
GC: pause 6.60ms. collected 319.872896MB. incr 
GC: pause 6.60ms. collected 319.781952MB. incr 
GC: pause 6.59ms. collected 317.982400MB. incr 
GC: pause 6.53ms. collected 319.873248MB. incr 
GC: pause 6.54ms. collected 319.874800MB. incr 
GC: pause 6.54ms. collected 319.868096MB. incr 
GC: pause 6.55ms. collected 319.351600MB. incr 
GC: pause 6.55ms. collected 318.419808MB. incr 
GC: pause 6.61ms. collected 319.874448MB. incr 
GC: pause 6.67ms. collected 320.201152MB. incr 
GC: pause 6.58ms. collected 321.526992MB. incr 
GC: pause 6.55ms. collected 319.881504MB. incr 
GC: pause 6.60ms. collected 319.874800MB. incr 
GC: pause 6.58ms. collected 319.874800MB. incr 
GC: pause 6.66ms. collected 320.202704MB. incr 
GC: pause 6.53ms. collected 321.533696MB. incr 
GC: pause 6.53ms. collected 319.876704MB. incr 
GC: pause 6.59ms. collected 321.859696MB. incr 
GC: pause 6.57ms. collected 319.876704MB. incr 
GC: pause 6.66ms. collected 321.852992MB. incr 
GC: pause 6.55ms. collected 319.883408MB. incr 
GC: pause 6.77ms. collected 321.859696MB. incr 
GC: pause 6.60ms. collected 321.331696MB. incr 
GC: pause 6.70ms. collected 320.404704MB. incr 
GC: pause 6.60ms. collected 321.854896MB. incr 
GC: pause 6.64ms. collected 320.209408MB. incr 
GC: pause 6.60ms. collected 321.533696MB. incr 
GC: pause 6.60ms. collected 321.861600MB. incr 
GC: pause 6.59ms. collected 321.861600MB. incr 
GC: pause 6.59ms. collected 321.861600MB. incr 
GC: pause 6.58ms. collected 321.861600MB. incr 
GC: pause 6.58ms. collected 321.861600MB. incr 
GC: pause 6.59ms. collected 321.854896MB. incr 
GC: pause 6.59ms. collected 321.775456MB. incr 
GC: pause 6.58ms. collected 321.861600MB. incr 
GC: pause 6.54ms. collected 321.861600MB. incr 
GC: pause 6.54ms. collected 321.861600MB. incr 
GC: pause 6.58ms. collected 321.954448MB. incr 
GC: pause 6.57ms. collected 321.861600MB. incr 
GC: pause 6.63ms. collected 321.861600MB. incr 
GC: pause 6.54ms. collected 321.863504MB. incr 
GC: pause 6.96ms. collected 323.846496MB. incr 
GC: pause 6.66ms. collected 322.188160MB. incr 
GC: pause 6.61ms. collected 323.521840MB. incr 
GC: pause 6.58ms. collected 323.318448MB. incr 
GC: pause 6.63ms. collected 322.391552MB. incr 
GC: pause 6.54ms. collected 323.318496MB. incr 
GC: pause 6.59ms. collected 322.391504MB. incr 
GC: pause 6.62ms. collected 323.848400MB. incr 
GC: pause 6.64ms. collected 323.848400MB. incr 
GC: pause 6.70ms. collected 322.189504MB. incr 
GC: pause 6.63ms. collected 323.520496MB. incr 
GC: pause 6.59ms. collected 323.848400MB. incr 
GC: pause 6.61ms. collected 323.849952MB. incr 
GC: pause 6.64ms. collected 323.848752MB. incr 
GC: pause 6.60ms. collected 325.303344MB. incr 
GC: pause 7.08ms. collected 324.378352MB. incr 
GC: pause 6.59ms. collected 323.848400MB. incr 
GC: pause 6.61ms. collected 323.848400MB. incr 
GC: pause 6.66ms. collected 323.848400MB. incr 
GC: pause 6.56ms. collected 323.848400MB. incr 
GC: pause 6.70ms. collected 323.848400MB. incr 
GC: pause 6.60ms. collected 325.305248MB. incr 
GC: pause 6.63ms. collected 324.378352MB. incr 
GC: pause 6.62ms. collected 323.849952MB. incr 
GC: pause 6.62ms. collected 325.826944MB. incr 
GC: pause 6.65ms. collected 323.857008MB. incr 
GC: pause 6.66ms. collected 325.833296MB. incr 
GC: pause 6.63ms. collected 325.305248MB. incr 
GC: pause 6.61ms. collected 324.378352MB. incr 
GC: pause 6.61ms. collected 325.729616MB. incr 
GC: pause 6.63ms. collected 323.955888MB. incr 
GC: pause 6.62ms. collected 325.833296MB. incr 
GC: pause 6.64ms. collected 325.835200MB. incr 
GC: pause 6.63ms. collected 325.742352MB. incr 
GC: pause 6.69ms. collected 324.267808MB. incr 
GC: pause 6.60ms. collected 325.508640MB. incr 
GC: pause 6.61ms. collected 325.837104MB. incr 
GC: pause 6.71ms. collected 326.159856MB. incr 
GC: pause 6.62ms. collected 327.402592MB. incr 
GC: pause 6.65ms. collected 325.928048MB. incr 
GC: pause 6.60ms. collected 325.835200MB. incr 
GC: pause 6.70ms. collected 325.835200MB. incr 
GC: pause 6.79ms. collected 325.836752MB. incr 
GC: pause 6.58ms. collected 327.710992MB. incr 
GC: pause 6.61ms. collected 325.944656MB. incr 
GC: pause 6.64ms. collected 325.835200MB. incr 
GC: pause 6.68ms. collected 327.729152MB. incr 
GC: pause 6.62ms. collected 325.928048MB. incr 
GC: pause 6.73ms. collected 326.163104MB. incr 
GC: pause 6.62ms. collected 327.494096MB. incr 
GC: pause 6.64ms. collected 327.822000MB. incr 
GC: pause 6.63ms. collected 327.292096MB. incr 
GC: pause 6.65ms. collected 326.365104MB. incr 
GC: pause 6.65ms. collected 327.822000MB. incr 
GC: pause 6.64ms. collected 327.729152MB. incr 
GC: pause 6.65ms. collected 325.929952MB. incr 
GC: pause 6.59ms. collected 327.820096MB. incr 
GC: pause 6.62ms. collected 327.822000MB. incr 
GC: pause 15.03ms. collected 327.822000MB. incr 
GC: pause 6.62ms. collected 327.822000MB. incr 
GC: pause 6.65ms. collected 327.822000MB. incr 
GC: pause 6.77ms. collected 327.822000MB. incr 
GC: pause 6.66ms. collected 327.822000MB. incr 
GC: pause 6.63ms. collected 327.822000MB. incr 
GC: pause 6.72ms. collected 328.149904MB. incr 
GC: pause 6.67ms. collected 329.480896MB. incr 
GC: pause 6.66ms. collected 327.823552MB. incr 
GC: pause 6.67ms. collected 329.277296MB. incr 
GC: pause 6.68ms. collected 328.351952MB. incr 
GC: pause 6.69ms. collected 327.823904MB. incr 
GC: pause 6.68ms. collected 329.806896MB. incr 
GC: pause 6.64ms. collected 329.278848MB. incr 
GC: pause 6.69ms. collected 328.351952MB. incr 
GC: pause 6.76ms. collected 328.149904MB. incr 
GC: pause 6.68ms. collected 329.480896MB. incr 
GC: pause 6.65ms. collected 329.808800MB. incr 
GC: pause 6.64ms. collected 329.808800MB. incr 
GC: pause 6.72ms. collected 328.149904MB. incr 
GC: pause 6.64ms. collected 329.480896MB. incr 
GC: pause 6.67ms. collected 329.808800MB. incr 
GC: pause 6.68ms. collected 329.808800MB. incr 
GC: pause 6.62ms. collected 329.808800MB. incr 
GC: pause 6.80ms. collected 329.808800MB. incr 
GC: pause 6.67ms. collected 329.808800MB. incr 
GC: pause 6.71ms. collected 329.810704MB. incr 
GC: pause 6.76ms. collected 331.700848MB. incr 
GC: pause 6.71ms. collected 329.901648MB. incr 
GC: pause 6.66ms. collected 329.808800MB. incr 
GC: pause 6.70ms. collected 329.810352MB. incr 
GC: pause 6.69ms. collected 331.682208MB. incr 
GC: pause 6.70ms. collected 329.920640MB. incr 
GC: pause 6.67ms. collected 329.808800MB. incr 
GC: pause 6.71ms. collected 331.702752MB. incr 
GC: pause 6.70ms. collected 329.901648MB. incr 
GC: pause 6.71ms. collected 331.702752MB. incr 
GC: pause 6.69ms. collected 329.903552MB. incr 
GC: pause 6.65ms. collected 331.793696MB. incr 
GC: pause 6.67ms. collected 331.265696MB. incr 
GC: pause 6.64ms. collected 330.338704MB. incr 
GC: pause 6.69ms. collected 331.795600MB. incr 
GC: pause 6.67ms. collected 331.682000MB. incr 
GC: pause 6.66ms. collected 329.923952MB. incr 
GC: pause 6.74ms. collected 331.794048MB. incr 
GC: pause 6.73ms. collected 331.795600MB. incr 
GC: pause 6.70ms. collected 331.795600MB. incr 
GC: pause 6.67ms. collected 331.795600MB. incr 
GC: pause 6.67ms. collected 331.795600MB. incr 
GC: pause 6.72ms. collected 331.795600MB. incr 
GC: pause 6.65ms. collected 331.795600MB. incr 
GC: pause 6.70ms. collected 331.795600MB. incr 
GC: pause 6.80ms. collected 332.122160MB. incr 
GC: pause 6.71ms. collected 333.455840MB. incr 
GC: pause 6.68ms. collected 331.795600MB. incr 
GC: pause 6.79ms. collected 332.123504MB. incr 
GC: pause 6.65ms. collected 333.454496MB. incr 
GC: pause 6.66ms. collected 333.684416MB. incr 
GC: pause 6.69ms. collected 331.893584MB. incr 
GC: pause 6.87ms. collected 332.122160MB. incr 
GC: pause 6.69ms. collected 333.455840MB. incr 
GC: pause 6.73ms. collected 333.782400MB. incr 
GC: pause 6.52ms. collected 333.252448MB. incr 
GC: pause 6.72ms. collected 332.325552MB. incr 
GC: pause 6.68ms. collected 333.782400MB. incr 
GC: pause 6.69ms. collected 333.689552MB. incr 
GC: pause 6.68ms. collected 331.890352MB. incr 
GC: pause 6.66ms. collected 333.780496MB. incr 
GC: pause 6.69ms. collected 333.783952MB. incr 
GC: pause 6.69ms. collected 333.782752MB. incr 
GC: pause 6.77ms. collected 334.108400MB. incr 
GC: pause 6.71ms. collected 335.434592MB. incr 
GC: pause 6.69ms. collected 333.789104MB. incr 
GC: pause 6.69ms. collected 333.782400MB. incr 
GC: pause 6.70ms. collected 333.782400MB. incr 
GC: pause 6.74ms. collected 334.108960MB. incr 
GC: pause 6.70ms. collected 335.442640MB. incr 
GC: pause 6.69ms. collected 333.784304MB. incr 
GC: pause 6.68ms. collected 335.674448MB. incr 
GC: pause 6.66ms. collected 333.875248MB. incr 
GC: pause 6.78ms. collected 334.110304MB. incr 
GC: pause 6.77ms. collected 335.441296MB. incr 
GC: pause 6.52ms. collected 335.769200MB. incr 
GC: pause 6.84ms. collected 334.110304MB. incr 
GC: pause 6.72ms. collected 335.441296MB. incr 
GC: pause 6.69ms. collected 335.769200MB. incr 
GC: pause 6.68ms. collected 335.676352MB. incr 
GC: pause 6.67ms. collected 333.877152MB. incr 
GC: pause 6.70ms. collected 335.767296MB. incr 
GC: pause 6.69ms. collected 335.769200MB. incr 
GC: pause 6.70ms. collected 335.769200MB. incr 
GC: pause 6.69ms. collected 335.769200MB. incr 
GC: pause 6.71ms. collected 335.769200MB. incr 
GC: pause 6.70ms. collected 335.769200MB. incr 
GC: pause 6.71ms. collected 335.769200MB. incr 
GC: pause 6.74ms. collected 335.770752MB. incr 
GC: pause 6.70ms. collected 337.224496MB. incr 
GC: pause 6.69ms. collected 336.299152MB. incr 
GC: pause 6.67ms. collected 335.769200MB. incr 
GC: pause 6.69ms. collected 335.771104MB. incr 
GC: pause 6.74ms. collected 337.754096MB. incr 
GC: pause 6.74ms. collected 335.771104MB. incr 
GC: pause 6.48ms. collected 337.747392MB. incr 
GC: pause 6.71ms. collected 335.777808MB. incr 
GC: pause 6.74ms. collected 337.754096MB. incr 
GC: pause 6.66ms. collected 337.548272MB. incr 
GC: pause 6.70ms. collected 335.976928MB. incr 
GC: pause 6.71ms. collected 337.663152MB. incr 
GC: pause 6.68ms. collected 335.863952MB. incr 
GC: pause 6.71ms. collected 337.754096MB. incr 
GC: pause 6.69ms. collected 337.756000MB. incr 
GC: pause 6.70ms. collected 337.756000MB. incr 
GC: pause 6.70ms. collected 337.756000MB. incr 
GC: pause 6.72ms. collected 337.663152MB. incr 
GC: pause 13.43ms. collected 337.318944MB. incr 
GC: pause 6.81ms. collected 336.627008MB. incr 
GC: pause 6.80ms. collected 337.756000MB. incr 
GC: pause 6.71ms. collected 339.414896MB. incr 
GC: pause 6.68ms. collected 337.756000MB. incr 
GC: pause 6.71ms. collected 337.756000MB. incr 
GC: pause 6.69ms. collected 339.212896MB. incr 
GC: pause 6.71ms. collected 338.285904MB. incr 
GC: pause 6.70ms. collected 337.757552MB. incr 
GC: pause 6.72ms. collected 339.648400MB. incr 
GC: pause 6.75ms. collected 337.848848MB. incr 
GC: pause 6.75ms. collected 339.626400MB. incr 
GC: pause 6.67ms. collected 337.872400MB. incr 
GC: pause 6.73ms. collected 339.649952MB. incr 
GC: pause 6.71ms. collected 337.850752MB. incr 
GC: pause 6.70ms. collected 339.740896MB. incr 
GC: pause 6.70ms. collected 339.742800MB. incr 
GC: pause 6.82ms. collected 338.083904MB. incr 
GC: pause 6.70ms. collected 339.414896MB. incr 
GC: pause 6.75ms. collected 339.742800MB. incr 
GC: pause 6.74ms. collected 339.742800MB. incr 
GC: pause 6.74ms. collected 339.742800MB. incr 
GC: pause 6.67ms. collected 339.744704MB. incr 
GC: pause 6.78ms. collected 340.068800MB. incr 
GC: pause 6.71ms. collected 341.397072MB. incr 
GC: pause 6.69ms. collected 339.747424MB. incr 
GC: pause 6.77ms. collected 339.742800MB. incr 
GC: pause 6.69ms. collected 339.742800MB. incr 
GC: pause 6.90ms. collected 341.199648MB. incr 
GC: pause 6.69ms. collected 340.272752MB. incr 
GC: pause 6.77ms. collected 339.742800MB. incr 
GC: pause 6.72ms. collected 341.199696MB. incr 
GC: pause 6.72ms. collected 340.272704MB. incr 
GC: pause 6.72ms. collected 341.199648MB. incr 
GC: pause 6.76ms. collected 340.272752MB. incr 
GC: pause 6.94ms. collected 341.629680MB. incr 
GC: pause 6.75ms. collected 339.844272MB. incr 
GC: pause 6.75ms. collected 341.728048MB. incr 
GC: pause 6.75ms. collected 341.636752MB. incr 
GC: pause 6.76ms. collected 339.837200MB. incr 
GC: pause 6.77ms. collected 341.728048MB. incr 
GC: pause 6.70ms. collected 341.729600MB. incr 
GC: pause 6.77ms. collected 341.729600MB. incr 
GC: pause 6.72ms. collected 341.722896MB. incr 
GC: pause 6.77ms. collected 341.642192MB. incr 
GC: pause 6.81ms. collected 340.164816MB. incr 
GC: pause 6.74ms. collected 341.403600MB. incr 
GC: pause 6.88ms. collected 343.707792MB. incr 
GC: pause 6.86ms. collected 341.736304MB. incr 
GC: pause 6.73ms. collected 341.729600MB. incr 
GC: pause 6.93ms. collected 342.057504MB. incr 
GC: pause 6.73ms. collected 343.388496MB. incr 
GC: pause 6.75ms. collected 341.731504MB. incr 
GC: pause 6.74ms. collected 343.714496MB. incr 
GC: pause 6.79ms. collected 341.731504MB. incr 
GC: pause 6.75ms. collected 343.714496MB. incr 
GC: pause 16.01ms. collected 343.186448MB. incr 
GC: pause 6.76ms. collected 342.259552MB. incr 
GC: pause 6.76ms. collected 343.186448MB. incr 
GC: pause 6.73ms. collected 342.259552MB. incr 
GC: pause 6.74ms. collected 343.716400MB. incr 
GC: pause 6.76ms. collected 343.709696MB. incr 
GC: pause 6.85ms. collected 342.062864MB. incr 
GC: pause 6.72ms. collected 343.389840MB. incr 
GC: pause 6.77ms. collected 343.716400MB. incr 
GC: pause 6.69ms. collected 343.716400MB. incr 
GC: pause 6.90ms. collected 343.718304MB. incr 
GC: pause 6.82ms. collected 344.042400MB. incr 
GC: pause 6.74ms. collected 345.375296MB. incr 
GC: pause 7.18ms. collected 343.716400MB. incr 
GC: pause 6.75ms. collected 343.716400MB. incr 
GC: pause 6.73ms. collected 343.718304MB. incr 
GC: pause 6.76ms. collected 345.694592MB. incr 
GC: pause 6.75ms. collected 343.723104MB. incr 
GC: pause 6.87ms. collected 344.042960MB. incr 
GC: pause 6.74ms. collected 345.376640MB. incr 
GC: pause 6.74ms. collected 345.173296MB. incr 
GC: pause 6.73ms. collected 344.246304MB. incr 
GC: pause 6.74ms. collected 345.173248MB. incr 
GC: pause 6.74ms. collected 344.246352MB. incr 
GC: pause 6.82ms. collected 345.696496MB. incr 
GC: pause 6.84ms. collected 344.051008MB. incr 
GC: pause 6.73ms. collected 345.375296MB. incr 
GC: pause 6.78ms. collected 345.703200MB. incr 
GC: pause 6.81ms. collected 345.703200MB. incr 
GC: pause 6.86ms. collected 345.703200MB. incr 
GC: pause 6.76ms. collected 345.610352MB. incr 
GC: pause 6.75ms. collected 345.266096MB. incr 
GC: pause 6.77ms. collected 344.248256MB. incr 
GC: pause 6.76ms. collected 345.703200MB. incr 
GC: pause 6.76ms. collected 347.595248MB. incr 
GC: pause 6.77ms. collected 345.796048MB. incr 
GC: pause 6.76ms. collected 345.703200MB. incr 
GC: pause 6.78ms. collected 345.704752MB. incr 
GC: pause 6.78ms. collected 347.578992MB. incr 
GC: pause 6.74ms. collected 345.812656MB. incr 
GC: pause 6.81ms. collected 345.703200MB. incr 
GC: pause 6.77ms. collected 347.683248MB. incr 
GC: pause 6.76ms. collected 345.711504MB. incr 
GC: pause 6.76ms. collected 347.595600MB. incr 
GC: pause 6.71ms. collected 345.797952MB. incr 
GC: pause 6.75ms. collected 347.688096MB. incr 
GC: pause 6.77ms. collected 347.597152MB. incr 
GC: pause 6.76ms. collected 345.796048MB. incr 
GC: pause 6.73ms. collected 347.690000MB. incr 
GC: pause 6.90ms. collected 347.690000MB. incr 
GC: pause 6.78ms. collected 347.160048MB. incr 
GC: pause 6.77ms. collected 346.235056MB. incr 
GC: pause 6.83ms. collected 347.688096MB. incr 
GC: pause 6.75ms. collected 347.691904MB. incr 
GC: pause 6.83ms. collected 348.014656MB. incr 
GC: pause 8.39ms. collected 349.341136MB. incr 
GC: pause 7.18ms. collected 347.699104MB. incr 
GC: pause 6.78ms. collected 347.690000MB. incr 
GC: pause 6.81ms. collected 347.690000MB. incr 
GC: pause 6.76ms. collected 347.691904MB. incr 
GC: pause 6.78ms. collected 349.674896MB. incr 
GC: pause 6.78ms. collected 347.691904MB. incr 
GC: pause 6.79ms. collected 349.582048MB. incr 
GC: pause 6.75ms. collected 347.784752MB. incr 
GC: pause 6.77ms. collected 349.582048MB. incr 
GC: pause 6.75ms. collected 347.784752MB. incr 
GC: pause 6.88ms. collected 349.674896MB. incr 
GC: pause 6.81ms. collected 349.583952MB. incr 
GC: pause 6.93ms. collected 347.782848MB. incr 
GC: pause 6.78ms. collected 349.676800MB. incr 
GC: pause 6.78ms. collected 349.583952MB. incr 
GC: pause 6.84ms. collected 347.784752MB. incr 
GC: pause 6.78ms. collected 349.674896MB. incr 
GC: pause 6.77ms. collected 349.676800MB. incr 
GC: pause 6.76ms. collected 349.676800MB. incr 
GC: pause 6.83ms. collected 349.676800MB. incr 
GC: pause 6.79ms. collected 349.678704MB. incr 
GC: pause 6.81ms. collected 351.131744MB. incr 
GC: pause 7.18ms. collected 350.206752MB. incr 
GC: pause 6.82ms. collected 349.676800MB. incr 
GC: pause 6.78ms. collected 349.676800MB. incr 
GC: pause 6.75ms. collected 349.678704MB. incr 
GC: pause 6.75ms. collected 351.654992MB. incr 
GC: pause 6.81ms. collected 349.685056MB. incr 
GC: pause 6.79ms. collected 351.132144MB. incr 
GC: pause 6.85ms. collected 350.206704MB. incr 
GC: pause 6.61ms. collected 351.570752MB. incr 
GC: pause 6.95ms. collected 349.771552MB. incr 
GC: pause 6.85ms. collected 351.661696MB. incr 
GC: pause 6.93ms. collected 351.570752MB. incr 
GC: pause 6.78ms. collected 349.769648MB. incr 
GC: pause 6.75ms. collected 351.663600MB. incr 
GC: pause 6.80ms. collected 351.663600MB. incr 
GC: pause 6.79ms. collected 351.133648MB. incr 
GC: pause 6.81ms. collected 350.208656MB. incr 
GC: pause 6.77ms. collected 351.661696MB. incr 
GC: pause 6.78ms. collected 351.665504MB. incr 
GC: pause 6.90ms. collected 351.988256MB. incr 
GC: pause 6.83ms. collected 353.317136MB. incr 
GC: pause 7.16ms. collected 351.670304MB. incr 
GC: pause 6.75ms. collected 351.663600MB. incr 
GC: pause 6.78ms. collected 351.665152MB. incr 
GC: pause 6.77ms. collected 353.118944MB. incr 
GC: pause 6.78ms. collected 352.193504MB. incr 
GC: pause 6.81ms. collected 351.665504MB. incr 
GC: pause 6.93ms. collected 353.648496MB. incr 
GC: pause 6.80ms. collected 351.665504MB. incr 
GC: pause 6.84ms. collected 353.648496MB. incr 
GC: pause 6.79ms. collected 353.120496MB. incr 
GC: pause 7.17ms. collected 352.193504MB. incr 
GC: pause 6.80ms. collected 353.557552MB. incr 
GC: pause 6.80ms. collected 351.758352MB. incr 
GC: pause 6.78ms. collected 353.648496MB. incr 
GC: pause 6.81ms. collected 353.650400MB. incr 
GC: pause 6.80ms. collected 353.650400MB. incr 
GC: pause 6.81ms. collected 353.643696MB. incr 
GC: pause 6.78ms. collected 353.127200MB. incr 
GC: pause 6.80ms. collected 352.195408MB. incr 
GC: pause 6.79ms. collected 353.650400MB. incr 
GC: pause 6.80ms. collected 355.542448MB. incr 
GC: pause 6.76ms. collected 353.743248MB. incr 
GC: pause 6.77ms. collected 353.650400MB. incr 
GC: pause 6.83ms. collected 353.651024MB. incr 
GC: pause 6.84ms. collected 355.106624MB. incr 
GC: pause 6.87ms. collected 354.180352MB. incr 
GC: pause 6.78ms. collected 353.650400MB. incr 
GC: pause 6.82ms. collected 355.544352MB. incr 
GC: pause 6.80ms. collected 353.743248MB. incr 
GC: pause 6.74ms. collected 355.107248MB. incr 
GC: pause 6.80ms. collected 354.180352MB. incr 
GC: pause 6.80ms. collected 355.630496MB. incr 
GC: pause 6.90ms. collected 353.983664MB. incr 
GC: pause 6.80ms. collected 355.310640MB. incr 
GC: pause 6.79ms. collected 355.637200MB. incr 
GC: pause 6.81ms. collected 355.544352MB. incr 
GC: pause 6.88ms. collected 354.069808MB. incr 
GC: pause 6.79ms. collected 355.310640MB. incr 
GC: pause 6.85ms. collected 355.638752MB. incr 
GC: pause 6.78ms. collected 355.637552MB. incr 
GC: pause 6.83ms. collected 357.092144MB. incr 
GC: pause 6.79ms. collected 356.167152MB. incr 
GC: pause 6.85ms. collected 355.637200MB. incr 
GC: pause 6.74ms. collected 355.637200MB. incr 
GC: pause 6.88ms. collected 355.637200MB. incr 
GC: pause 6.82ms. collected 355.638752MB. incr 
GC: pause 6.79ms. collected 357.529600MB. incr 
GC: pause 6.85ms. collected 355.730048MB. incr 
GC: pause 6.80ms. collected 355.639104MB. incr 
GC: pause 6.85ms. collected 357.622096MB. incr 
GC: pause 6.81ms. collected 357.094096MB. incr 
GC: pause 6.81ms. collected 356.167104MB. incr 
GC: pause 6.81ms. collected 357.517136MB. incr 
GC: pause 6.81ms. collected 355.745616MB. incr 
GC: pause 6.83ms. collected 357.622448MB. incr 
GC: pause 6.82ms. collected 357.531152MB. incr 
GC: pause 6.78ms. collected 355.731952MB. incr 
GC: pause 6.80ms. collected 357.622096MB. incr 
GC: pause 6.80ms. collected 357.624000MB. incr 
GC: pause 6.80ms. collected 357.624000MB. incr 
GC: pause 6.84ms. collected 357.624000MB. incr 
GC: pause 6.83ms. collected 357.625552MB. incr 
GC: pause 6.70ms. collected 357.949008MB. incr 
GC: pause 7.03ms. collected 359.277536MB. incr 
GC: pause 6.80ms. collected 357.630704MB. incr 
GC: pause 6.77ms. collected 357.624000MB. incr 
GC: pause 6.82ms. collected 357.625904MB. incr 
GC: pause 6.84ms. collected 359.608896MB. incr 
GC: pause 6.84ms. collected 357.625904MB. incr 
GC: pause 6.86ms. collected 359.516048MB. incr 
GC: pause 6.82ms. collected 357.718752MB. incr 
GC: pause 6.86ms. collected 359.602192MB. incr 
GC: pause 6.90ms. collected 357.957264MB. incr 
GC: pause 6.88ms. collected 359.284240MB. incr 
GC: pause 6.86ms. collected 359.604096MB. incr 
GC: pause 6.80ms. collected 357.632608MB. incr 
GC: pause 6.81ms. collected 359.608896MB. incr 
GC: pause 6.81ms. collected 359.610800MB. incr 
GC: pause 6.83ms. collected 359.610800MB. incr 
GC: pause 6.86ms. collected 359.517952MB. incr 
GC: pause 6.77ms. collected 359.173696MB. incr 
GC: pause 6.90ms. collected 358.155856MB. incr 
GC: pause 6.81ms. collected 359.610448MB. incr 
GC: pause 6.84ms. collected 361.066144MB. incr 
GC: pause 7.19ms. collected 360.140704MB. incr 
GC: pause 6.83ms. collected 359.610800MB. incr 
GC: pause 6.84ms. collected 359.610800MB. incr 
GC: pause 6.82ms. collected 359.612704MB. incr 
GC: pause 6.85ms. collected 361.595696MB. incr 
GC: pause 6.82ms. collected 359.612704MB. incr 
GC: pause 6.82ms. collected 361.502848MB. incr 
GC: pause 6.84ms. collected 359.703648MB. incr 
GC: pause 6.82ms. collected 361.491616MB. incr 
GC: pause 6.82ms. collected 359.718336MB. incr 
GC: pause 6.82ms. collected 361.589344MB. incr 
GC: pause 6.80ms. collected 361.074352MB. incr 
GC: pause 6.85ms. collected 360.140752MB. incr 
GC: pause 6.87ms. collected 361.597600MB. incr 
GC: pause 6.93ms. collected 361.504752MB. incr 
GC: pause 6.65ms. collected 360.026336MB. incr 
GC: pause 6.89ms. collected 361.274912MB. incr 
GC: pause 6.79ms. collected 361.597600MB. incr 
GC: pause 6.81ms. collected 361.599504MB. incr 
GC: pause 6.96ms. collected 361.923600MB. incr 
GC: pause 6.84ms. collected 363.256496MB. incr 
GC: pause 6.88ms. collected 361.597600MB. incr 
GC: pause 6.84ms. collected 361.597600MB. incr 
GC: pause 6.95ms. collected 361.924160MB. incr 
GC: pause 6.85ms. collected 363.257840MB. incr 
GC: pause 6.86ms. collected 361.599504MB. incr 
GC: pause 6.87ms. collected 363.489648MB. incr 
GC: pause 6.85ms. collected 361.690448MB. incr 
GC: pause 6.82ms. collected 363.054496MB. incr 
GC: pause 6.78ms. collected 362.127504MB. incr 
GC: pause 6.82ms. collected 363.584400MB. incr 
GC: pause 6.88ms. collected 361.930592MB. incr 
GC: pause 7.50ms. collected 363.251408MB. incr 
GC: pause 6.86ms. collected 363.584400MB. incr 
GC: pause 6.91ms. collected 363.577696MB. incr 
GC: pause 7.10ms. collected 361.932208MB. incr 
GC: pause 6.96ms. collected 363.256496MB. incr 
GC: pause 6.94ms. collected 363.586304MB. incr 
GC: pause 6.82ms. collected 363.584400MB. incr 
GC: pause 6.83ms. collected 365.039392MB. incr 
GC: pause 6.85ms. collected 364.114304MB. incr 
GC: pause 6.83ms. collected 363.584400MB. incr 
GC: pause 6.85ms. collected 363.584400MB. incr 
GC: pause 6.82ms. collected 363.584400MB. incr 
GC: pause 6.86ms. collected 363.586304MB. incr 
GC: pause 6.87ms. collected 365.569296MB. incr 
GC: pause 6.85ms. collected 363.585952MB. incr 
GC: pause 6.83ms. collected 365.039744MB. incr 
GC: pause 6.83ms. collected 364.114304MB. incr 
GC: pause 6.84ms. collected 365.041296MB. incr 
GC: pause 6.88ms. collected 364.114304MB. incr 
GC: pause 6.66ms. collected 365.564496MB. incr 
GC: pause 6.96ms. collected 363.917664MB. incr 
GC: pause 6.83ms. collected 365.244640MB. incr 
GC: pause 6.82ms. collected 365.571200MB. incr 
GC: pause 6.83ms. collected 365.478352MB. incr 
GC: pause 6.93ms. collected 364.003808MB. incr 
GC: pause 6.83ms. collected 365.244640MB. incr 
GC: pause 6.87ms. collected 365.572752MB. incr 
GC: pause 6.88ms. collected 365.571552MB. incr 
GC: pause 6.86ms. collected 367.026192MB. incr 
GC: pause 6.88ms. collected 366.101104MB. incr 
GC: pause 6.85ms. collected 365.571200MB. incr 
GC: pause 6.86ms. collected 365.571200MB. incr 
GC: pause 6.84ms. collected 365.571200MB. incr 
GC: pause 6.82ms. collected 367.028048MB. incr 
GC: pause 6.82ms. collected 366.101152MB. incr 
GC: pause 6.86ms. collected 365.572752MB. incr 
GC: pause 6.85ms. collected 367.549744MB. incr 
GC: pause 6.85ms. collected 365.579808MB. incr 
GC: pause 6.96ms. collected 367.549392MB. incr 
GC: pause 7.07ms. collected 365.904464MB. incr 
GC: pause 6.93ms. collected 367.231440MB. incr 
GC: pause 6.93ms. collected 367.558000MB. incr 
GC: pause 6.96ms. collected 365.897760MB. incr 
GC: pause 6.82ms. collected 367.231440MB. incr 
GC: pause 6.87ms. collected 367.558000MB. incr 
GC: pause 6.88ms. collected 367.558000MB. incr 
GC: pause 6.86ms. collected 367.558000MB. incr 
GC: pause 6.90ms. collected 367.558000MB. incr 
GC: pause 6.86ms. collected 367.558000MB. incr 
GC: pause 6.88ms. collected 367.558000MB. incr 
GC: pause 6.84ms. collected 367.558000MB. incr 
GC: pause 6.83ms. collected 367.558000MB. incr 
GC: pause 7.34ms. collected 367.884560MB. incr 
GC: pause 6.91ms. collected 369.218240MB. incr 
GC: pause 6.93ms. collected 367.559552MB. incr 
GC: pause 6.65ms. collected 369.013344MB. incr 
GC: pause 6.95ms. collected 368.087904MB. incr 
GC: pause 6.98ms. collected 367.885904MB. incr 
GC: pause 6.91ms. collected 369.216896MB. incr 
GC: pause 6.89ms. collected 369.544800MB. incr 
GC: pause 6.94ms. collected 367.884560MB. incr 
GC: pause 6.88ms. collected 369.218240MB. incr 
GC: pause 6.86ms. collected 369.544800MB. incr 
GC: pause 6.87ms. collected 369.436096MB. incr 
GC: pause 7.00ms. collected 367.668608MB. incr 
GC: pause 6.89ms. collected 369.542896MB. incr 
GC: pause 6.87ms. collected 369.544800MB. incr 
GC: pause 6.88ms. collected 369.544800MB. incr 
GC: pause 6.87ms. collected 369.544800MB. incr 
GC: pause 6.82ms. collected 369.544800MB. incr 
GC: pause 6.85ms. collected 369.546704MB. incr 
GC: pause 6.90ms. collected 370.999792MB. incr 
GC: pause 6.95ms. collected 370.074704MB. incr 
GC: pause 6.70ms. collected 369.544800MB. incr 
GC: pause 7.02ms. collected 369.546704MB. incr 
GC: pause 6.90ms. collected 371.529696MB. incr 
GC: pause 6.97ms. collected 369.871360MB. incr 
GC: pause 6.89ms. collected 371.205040MB. incr 
GC: pause 7.00ms. collected 369.872704MB. incr 
GC: pause 6.93ms. collected 371.203696MB. incr 
GC: pause 6.90ms. collected 371.524896MB. incr 
GC: pause 6.89ms. collected 369.553408MB. incr 
GC: pause 6.86ms. collected 371.529696MB. incr 
GC: pause 6.95ms. collected 371.531600MB. incr 
GC: pause 6.91ms. collected 371.422144MB. incr 
GC: pause 6.91ms. collected 369.656160MB. incr 
GC: pause 6.89ms. collected 371.529696MB. incr 
GC: pause 6.86ms. collected 371.531600MB. incr 
GC: pause 6.88ms. collected 371.531600MB. incr 
GC: pause 6.87ms. collected 371.533504MB. incr 
GC: pause 7.01ms. collected 373.423648MB. incr 
GC: pause 6.72ms. collected 371.624448MB. incr 
GC: pause 6.98ms. collected 371.531600MB. incr 
GC: pause 6.98ms. collected 371.533152MB. incr 
GC: pause 6.99ms. collected 373.411664MB. incr 
GC: pause 6.88ms. collected 371.636784MB. incr 
GC: pause 6.87ms. collected 371.533152MB. incr 
GC: pause 6.94ms. collected 373.516848MB. incr 
GC: pause 6.88ms. collected 371.533504MB. incr 
GC: pause 6.95ms. collected 373.516496MB. incr 
GC: pause 6.90ms. collected 373.425552MB. incr 
GC: pause 6.90ms. collected 371.624448MB. incr 
GC: pause 6.91ms. collected 373.513776MB. incr 
GC: pause 6.93ms. collected 372.993120MB. incr 
GC: pause 7.38ms. collected 372.061504MB. incr 
GC: pause 6.88ms. collected 373.518400MB. incr 
GC: pause 6.90ms. collected 373.518400MB. incr 
GC: pause 7.02ms. collected 373.518400MB. incr 
GC: pause 6.74ms. collected 373.518400MB. incr 
GC: pause 6.96ms. collected 373.518400MB. incr 
GC: pause 6.94ms. collected 373.518400MB. incr 
GC: pause 6.87ms. collected 373.518400MB. incr 
GC: pause 6.99ms. collected 373.846304MB. incr 
GC: pause 6.95ms. collected 375.177296MB. incr 
GC: pause 6.95ms. collected 373.519952MB. incr 
GC: pause 6.92ms. collected 374.973696MB. incr 
GC: pause 6.93ms. collected 374.048352MB. incr 
GC: pause 6.93ms. collected 373.520304MB. incr 
GC: pause 6.94ms. collected 375.503296MB. incr 
GC: pause 6.93ms. collected 375.498496MB. incr 
GC: pause 6.99ms. collected 373.526656MB. incr 
GC: pause 6.94ms. collected 375.503648MB. incr 
GC: pause 6.93ms. collected 375.412352MB. incr 
GC: pause 6.92ms. collected 373.612800MB. incr 
GC: pause 6.92ms. collected 375.503648MB. incr 
GC: pause 6.93ms. collected 375.505200MB. incr 
GC: pause 6.88ms. collected 375.505200MB. incr 
GC: pause 7.12ms. collected 375.412352MB. incr 
GC: pause 6.94ms. collected 375.068096MB. incr 
GC: pause 7.07ms. collected 374.374912MB. incr 
GC: pause 7.09ms. collected 375.505200MB. incr 
GC: pause 6.95ms. collected 377.164864MB. incr 
GC: pause 6.91ms. collected 375.505776MB. incr 
GC: pause 6.92ms. collected 375.505200MB. incr 
GC: pause 7.00ms. collected 375.833104MB. incr 
GC: pause 6.93ms. collected 377.164096MB. incr 
GC: pause 7.04ms. collected 375.833104MB. incr 
GC: pause 6.92ms. collected 377.164096MB. incr 
GC: pause 6.97ms. collected 376.962048MB. incr 
GC: pause 6.95ms. collected 376.035152MB. incr 
GC: pause 6.97ms. collected 375.833104MB. incr 
GC: pause 6.89ms. collected 377.164096MB. incr 
GC: pause 6.95ms. collected 377.492000MB. incr 
GC: pause 6.99ms. collected 377.492000MB. incr 
GC: pause 6.75ms. collected 377.382544MB. incr 
GC: pause 6.95ms. collected 375.616560MB. incr 
GC: pause 6.96ms. collected 377.490096MB. incr 
GC: pause 6.92ms. collected 377.492000MB. incr 
GC: pause 6.91ms. collected 377.492000MB. incr 
GC: pause 6.94ms. collected 377.493904MB. incr 
GC: pause 6.93ms. collected 378.946944MB. incr 
GC: pause 7.30ms. collected 378.021952MB. incr 
GC: pause 6.99ms. collected 377.492000MB. incr 
GC: pause 6.99ms. collected 377.492000MB. incr 
GC: pause 7.21ms. collected 377.493904MB. incr 
GC: pause 6.95ms. collected 379.476896MB. incr 
GC: pause 7.03ms. collected 377.818560MB. incr 
GC: pause 6.99ms. collected 379.152240MB. incr 
GC: pause 7.03ms. collected 377.819904MB. incr 
GC: pause 6.93ms. collected 379.150896MB. incr 
GC: pause 6.96ms. collected 379.472096MB. incr 
GC: pause 6.97ms. collected 377.500608MB. incr 
GC: pause 6.86ms. collected 379.476896MB. incr 
GC: pause 6.96ms. collected 379.478800MB. incr 
GC: pause 6.95ms. collected 379.385952MB. incr 
GC: pause 6.99ms. collected 377.911408MB. incr 
GC: pause 6.95ms. collected 379.152240MB. incr 
GC: pause 6.94ms. collected 379.480704MB. incr 
GC: pause 7.04ms. collected 379.803456MB. incr 
GC: pause 6.99ms. collected 381.046192MB. incr 
GC: pause 6.98ms. collected 379.571648MB. incr 
GC: pause 6.94ms. collected 379.478800MB. incr 
GC: pause 6.94ms. collected 379.478800MB. incr 
GC: pause 6.96ms. collected 379.480704MB. incr 
GC: pause 6.95ms. collected 381.463696MB. incr 
GC: pause 6.93ms. collected 379.480704MB. incr 
GC: pause 6.95ms. collected 381.370848MB. incr 
GC: pause 6.93ms. collected 379.571648MB. incr 
GC: pause 6.95ms. collected 381.366320MB. incr 
GC: pause 6.93ms. collected 379.579632MB. incr 
GC: pause 6.91ms. collected 381.457344MB. incr 
GC: pause 7.11ms. collected 380.942352MB. incr 
GC: pause 6.95ms. collected 380.008752MB. incr 
GC: pause 6.97ms. collected 381.465600MB. incr 
GC: pause 6.99ms. collected 381.372752MB. incr 
GC: pause 7.04ms. collected 379.898208MB. incr 
GC: pause 6.97ms. collected 381.139040MB. incr 
GC: pause 7.08ms. collected 381.467504MB. incr 
GC: pause 6.97ms. collected 382.920544MB. incr 
GC: pause 7.35ms. collected 381.995552MB. incr 
GC: pause 6.98ms. collected 381.465600MB. incr 
GC: pause 6.96ms. collected 381.465600MB. incr 
GC: pause 7.00ms. collected 381.465600MB. incr 
GC: pause 6.96ms. collected 381.467504MB. incr 
GC: pause 6.95ms. collected 383.443792MB. incr 
GC: pause 6.98ms. collected 381.473856MB. incr 
GC: pause 6.99ms. collected 382.920944MB. incr 
GC: pause 7.14ms. collected 381.995504MB. incr 
GC: pause 7.00ms. collected 383.359552MB. incr 
GC: pause 6.96ms. collected 381.560352MB. incr 
GC: pause 6.98ms. collected 383.450496MB. incr 
GC: pause 6.98ms. collected 383.452400MB. incr 
GC: pause 7.07ms. collected 381.792160MB. incr 
GC: pause 7.01ms. collected 383.125840MB. incr 
GC: pause 16.06ms. collected 383.452400MB. incr 
GC: pause 7.01ms. collected 383.452400MB. incr 
GC: pause 6.99ms. collected 383.452400MB. incr 
GC: pause 6.99ms. collected 383.452400MB. incr 
GC: pause 6.97ms. collected 383.452400MB. incr 
GC: pause 6.96ms. collected 383.454304MB. incr 
GC: pause 6.97ms. collected 385.344448MB. incr 
GC: pause 6.95ms. collected 383.545248MB. incr 
GC: pause 6.97ms. collected 383.452400MB. incr 
GC: pause 6.99ms. collected 383.454304MB. incr 
GC: pause 6.95ms. collected 385.437296MB. incr 
GC: pause 7.03ms. collected 383.454304MB. incr 
GC: pause 7.00ms. collected 385.437296MB. incr 
GC: pause 7.06ms. collected 383.780304MB. incr 
GC: pause 6.96ms. collected 385.111296MB. incr 
GC: pause 7.01ms. collected 385.432496MB. incr 
GC: pause 7.07ms. collected 383.461008MB. incr 
GC: pause 6.99ms. collected 385.437296MB. incr 
GC: pause 7.04ms. collected 385.439200MB. incr 
GC: pause 7.02ms. collected 385.346352MB. incr 
GC: pause 6.97ms. collected 383.547152MB. incr 
GC: pause 6.97ms. collected 385.437296MB. incr 
GC: pause 7.00ms. collected 385.441104MB. incr 
GC: pause 7.06ms. collected 385.763856MB. incr 
GC: pause 6.97ms. collected 387.089936MB. incr 
GC: pause 6.96ms. collected 385.448704MB. incr 
GC: pause 7.02ms. collected 385.439200MB. incr 
GC: pause 7.01ms. collected 385.439200MB. incr 
GC: pause 7.22ms. collected 385.767104MB. incr 
GC: pause 7.00ms. collected 387.098096MB. incr 
GC: pause 7.39ms. collected 385.767104MB. incr 
GC: pause 7.00ms. collected 387.098096MB. incr 
GC: pause 7.02ms. collected 386.896048MB. incr 
GC: pause 7.01ms. collected 385.969152MB. incr 
GC: pause 7.07ms. collected 385.767104MB. incr 
GC: pause 6.99ms. collected 387.098096MB. incr 
GC: pause 7.03ms. collected 387.426000MB. incr 
GC: pause 7.01ms. collected 387.426000MB. incr 
GC: pause 6.99ms. collected 387.320576MB. incr 
GC: pause 7.01ms. collected 385.546528MB. incr 
GC: pause 7.00ms. collected 387.424096MB. incr 
GC: pause 6.97ms. collected 387.426000MB. incr 
GC: pause 7.04ms. collected 387.426000MB. incr 
GC: pause 7.02ms. collected 387.427904MB. incr 
GC: pause 7.04ms. collected 388.880944MB. incr 
GC: pause 6.89ms. collected 387.955952MB. incr 
GC: pause 7.03ms. collected 387.426000MB. incr 
GC: pause 6.99ms. collected 387.426000MB. incr 
GC: pause 7.04ms. collected 388.882848MB. incr 
GC: pause 7.05ms. collected 387.955952MB. incr 
GC: pause 7.16ms. collected 387.427904MB. incr 
GC: pause 7.06ms. collected 389.410896MB. incr 
GC: pause 7.12ms. collected 387.753904MB. incr 
GC: pause 7.07ms. collected 389.084896MB. incr 
GC: pause 7.20ms. collected 389.412800MB. incr 
GC: pause 7.06ms. collected 387.427904MB. incr 
GC: pause 7.04ms. collected 389.410896MB. incr 
GC: pause 7.02ms. collected 389.412800MB. incr 
GC: pause 7.03ms. collected 389.412800MB. incr 
GC: pause 7.06ms. collected 389.412800MB. incr 
GC: pause 7.09ms. collected 389.412800MB. incr 
GC: pause 7.11ms. collected 389.319952MB. incr 
GC: pause 7.21ms. collected 389.396192MB. incr 
GC: pause 7.07ms. collected 388.992304MB. incr 
GC: pause 7.29ms. collected 388.283856MB. incr 
GC: pause 7.06ms. collected 390.955296MB. incr 
GC: pause 7.05ms. collected 389.529200MB. incr 
GC: pause 7.06ms. collected 389.412800MB. incr 
GC: pause 7.17ms. collected 389.740704MB. incr 
GC: pause 7.05ms. collected 391.071696MB. incr 
GC: pause 7.07ms. collected 390.869696MB. incr 
GC: pause 7.05ms. collected 389.942704MB. incr 
GC: pause 7.09ms. collected 390.869696MB. incr 
GC: pause 7.05ms. collected 389.942704MB. incr 
GC: pause 7.06ms. collected 391.399600MB. incr 
GC: pause 7.06ms. collected 391.306752MB. incr 
GC: pause 7.06ms. collected 389.507552MB. incr 
GC: pause 7.04ms. collected 391.397696MB. incr 
GC: pause 7.06ms. collected 391.399600MB. incr 
GC: pause 6.85ms. collected 391.399600MB. incr 
GC: pause 7.11ms. collected 391.399600MB. incr 
GC: pause 7.04ms. collected 391.399600MB. incr 
GC: pause 7.18ms. collected 391.401504MB. incr 
GC: pause 7.08ms. collected 393.291648MB. incr 
GC: pause 7.05ms. collected 391.492448MB. incr 
GC: pause 7.08ms. collected 391.399600MB. incr 
GC: pause 7.07ms. collected 391.401504MB. incr 
GC: pause 7.07ms. collected 393.384496MB. incr 
GC: pause 7.07ms. collected 391.401504MB. incr 
GC: pause 7.11ms. collected 393.377792MB. incr 
GC: pause 7.07ms. collected 391.408208MB. incr 
GC: pause 7.11ms. collected 393.384496MB. incr 
GC: pause 7.05ms. collected 393.293552MB. incr 
GC: pause 7.04ms. collected 391.492448MB. incr 
GC: pause 7.07ms. collected 393.386400MB. incr 
GC: pause 7.08ms. collected 393.380832MB. incr 
GC: pause 6.97ms. collected 391.731728MB. incr 
GC: pause 7.07ms. collected 393.059840MB. incr 
GC: pause 13.82ms. collected 393.387952MB. incr 
GC: pause 7.10ms. collected 393.386752MB. incr 
GC: pause 7.06ms. collected 394.841344MB. incr 
GC: pause 7.35ms. collected 393.916352MB. incr 
GC: pause 7.06ms. collected 393.386400MB. incr 
GC: pause 7.13ms. collected 393.386400MB. incr 
GC: pause 7.05ms. collected 393.386400MB. incr 
GC: pause 7.07ms. collected 393.388304MB. incr 
GC: pause 7.04ms. collected 395.364592MB. incr 
GC: pause 7.11ms. collected 393.394656MB. incr 
GC: pause 7.06ms. collected 395.267264MB. incr 
GC: pause 7.06ms. collected 393.490784MB. incr 
GC: pause 7.07ms. collected 395.280352MB. incr 
GC: pause 7.11ms. collected 393.481152MB. incr 
GC: pause 7.14ms. collected 395.371296MB. incr 
GC: pause 7.28ms. collected 395.373200MB. incr 
GC: pause 7.07ms. collected 394.843248MB. incr 
GC: pause 7.06ms. collected 393.916352MB. incr 
GC: pause 7.05ms. collected 395.373200MB. incr 
GC: pause 7.08ms. collected 395.373200MB. incr 
GC: pause 7.10ms. collected 395.373200MB. incr 
GC: pause 7.11ms. collected 395.373200MB. incr 
GC: pause 7.13ms. collected 395.374752MB. incr 
GC: pause 7.13ms. collected 395.704640MB. incr 
GC: pause 7.15ms. collected 397.027008MB. incr 
GC: pause 7.10ms. collected 395.373200MB. incr 
GC: pause 7.17ms. collected 395.699760MB. incr 
GC: pause 7.11ms. collected 397.033440MB. incr 
GC: pause 7.21ms. collected 395.701104MB. incr 
GC: pause 7.05ms. collected 397.032096MB. incr 
GC: pause 7.11ms. collected 397.249168MB. incr 
GC: pause 7.13ms. collected 395.484032MB. incr 
GC: pause 7.26ms. collected 396.830096MB. incr 
GC: pause 7.23ms. collected 395.905008MB. incr 
GC: pause 7.24ms. collected 397.358096MB. incr 
GC: pause 7.09ms. collected 397.360000MB. incr 
GC: pause 7.13ms. collected 397.353296MB. incr 
GC: pause 7.07ms. collected 396.836800MB. incr 
GC: pause 7.12ms. collected 395.905008MB. incr 
GC: pause 7.11ms. collected 397.359648MB. incr 
GC: pause 7.13ms. collected 398.815296MB. incr 
GC: pause 7.38ms. collected 397.889952MB. incr 
GC: pause 7.14ms. collected 397.360000MB. incr 
GC: pause 7.08ms. collected 397.360000MB. incr 
GC: pause 7.06ms. collected 397.360000MB. incr 
GC: pause 7.09ms. collected 397.361552MB. incr 
GC: pause 7.08ms. collected 399.252400MB. incr 
GC: pause 7.13ms. collected 397.452848MB. incr 
GC: pause 15.64ms. collected 398.816896MB. incr 
GC: pause 7.14ms. collected 397.889904MB. incr 
GC: pause 7.13ms. collected 399.340096MB. incr 
GC: pause 7.22ms. collected 397.693264MB. incr 
GC: pause 7.08ms. collected 399.020240MB. incr 
GC: pause 7.11ms. collected 399.346800MB. incr 
GC: pause 7.13ms. collected 399.253952MB. incr 
GC: pause 7.21ms. collected 397.779408MB. incr 
GC: pause 7.13ms. collected 399.020240MB. incr 
GC: pause 7.15ms. collected 399.348352MB. incr 
GC: pause 7.12ms. collected 399.347152MB. incr 
GC: pause 7.17ms. collected 401.233952MB. incr 
GC: pause 7.10ms. collected 399.444544MB. incr 
GC: pause 7.08ms. collected 399.346800MB. incr 
GC: pause 7.09ms. collected 399.346800MB. incr 
GC: pause 7.14ms. collected 399.348704MB. incr 
GC: pause 7.17ms. collected 401.319104MB. incr 
GC: pause 7.23ms. collected 399.359392MB. incr 
GC: pause 7.25ms. collected 399.674704MB. incr 
GC: pause 7.20ms. collected 401.005696MB. incr 
GC: pause 7.13ms. collected 401.333600MB. incr 
GC: pause 7.20ms. collected 399.673360MB. incr 
GC: pause 7.11ms. collected 401.007040MB. incr 
GC: pause 7.18ms. collected 401.333600MB. incr 
GC: pause 7.11ms. collected 401.125872MB. incr 
GC: pause 7.18ms. collected 399.556080MB. incr 
GC: pause 7.11ms. collected 401.332048MB. incr 
GC: pause 7.14ms. collected 401.333600MB. incr 
GC: pause 7.14ms. collected 401.333600MB. incr 
GC: pause 7.13ms. collected 401.333600MB. incr 
GC: pause 7.10ms. collected 401.333600MB. incr 
GC: pause 7.12ms. collected 401.335152MB. incr 
GC: pause 7.13ms. collected 402.788896MB. incr 
GC: pause 7.03ms. collected 401.863552MB. incr 
GC: pause 7.15ms. collected 401.333600MB. incr 
GC: pause 7.12ms. collected 401.335504MB. incr 
GC: pause 7.11ms. collected 403.318496MB. incr 
GC: pause 7.15ms. collected 402.790448MB. incr 
GC: pause 7.18ms. collected 401.863552MB. incr 
GC: pause 7.12ms. collected 401.335504MB. incr 
GC: pause 7.15ms. collected 403.318496MB. incr 
GC: pause 7.15ms. collected 403.320400MB. incr 
GC: pause 7.14ms. collected 403.210944MB. incr 
GC: pause 7.10ms. collected 401.444608MB. incr 
GC: pause 7.15ms. collected 403.318848MB. incr 
GC: pause 7.15ms. collected 403.320400MB. incr 
GC: pause 7.12ms. collected 403.320400MB. incr 
GC: pause 7.10ms. collected 403.320400MB. incr 
GC: pause 10.59ms. collected 403.320400MB. incr 
GC: pause 7.17ms. collected 403.320400MB. incr 
GC: pause 6.95ms. collected 403.320400MB. incr 
GC: pause 7.26ms. collected 403.320400MB. incr 
GC: pause 7.14ms. collected 403.320400MB. incr 
GC: pause 7.17ms. collected 403.321952MB. incr 
GC: pause 7.13ms. collected 405.212800MB. incr 
GC: pause 7.12ms. collected 403.413248MB. incr 
GC: pause 7.11ms. collected 404.777296MB. incr 
GC: pause 7.13ms. collected 403.850304MB. incr 
GC: pause 7.16ms. collected 405.300496MB. incr 
GC: pause 7.24ms. collected 403.653664MB. incr 
GC: pause 7.15ms. collected 404.980640MB. incr 
GC: pause 7.15ms. collected 405.307200MB. incr 
GC: pause 7.17ms. collected 405.214352MB. incr 
GC: pause 7.22ms. collected 403.739808MB. incr 
GC: pause 7.10ms. collected 404.980640MB. incr 
GC: pause 7.16ms. collected 405.308752MB. incr 
GC: pause 7.15ms. collected 405.307552MB. incr 
GC: pause 7.35ms. collected 407.199248MB. incr 
GC: pause 7.13ms. collected 405.400048MB. incr 
GC: pause 7.15ms. collected 405.307200MB. incr 
GC: pause 7.14ms. collected 405.307200MB. incr 
GC: pause 7.18ms. collected 405.631648MB. incr 
GC: pause 7.15ms. collected 406.969552MB. incr 
GC: pause 7.17ms. collected 405.309104MB. incr 
GC: pause 7.15ms. collected 407.286528MB. incr 
GC: pause 7.17ms. collected 405.314672MB. incr 
GC: pause 7.15ms. collected 407.292096MB. incr 
GC: pause 7.18ms. collected 407.201152MB. incr 
GC: pause 7.18ms. collected 405.400048MB. incr 
GC: pause 7.16ms. collected 407.294000MB. incr 
GC: pause 7.14ms. collected 407.288432MB. incr 
GC: pause 7.24ms. collected 405.639328MB. incr 
GC: pause 7.19ms. collected 406.967440MB. incr 
GC: pause 6.98ms. collected 407.295552MB. incr 
GC: pause 7.17ms. collected 407.294352MB. incr 
GC: pause 7.15ms. collected 408.748992MB. incr 
GC: pause 7.44ms. collected 407.823904MB. incr 
GC: pause 7.17ms. collected 407.294000MB. incr 
GC: pause 7.14ms. collected 407.294000MB. incr 
GC: pause 7.14ms. collected 407.295552MB. incr 
GC: pause 7.22ms. collected 409.186400MB. incr 
GC: pause 7.18ms. collected 407.386848MB. incr 
GC: pause 7.15ms. collected 407.620208MB. incr 
GC: pause 7.22ms. collected 408.954592MB. incr 
GC: pause 7.21ms. collected 409.187952MB. incr 
GC: pause 7.62ms. collected 407.386848MB. incr 
GC: pause 7.18ms. collected 409.187952MB. incr 
GC: pause 7.23ms. collected 407.714752MB. incr 
GC: pause 7.21ms. collected 408.952896MB. incr 
GC: pause 7.09ms. collected 409.280800MB. incr 
GC: pause 7.26ms. collected 409.280800MB. incr 
GC: pause 7.19ms. collected 409.280800MB. incr 
GC: pause 7.17ms. collected 409.280800MB. incr 
GC: pause 7.19ms. collected 409.280800MB. incr 
GC: pause 7.22ms. collected 409.280800MB. incr 
GC: pause 7.19ms. collected 409.280800MB. incr 
GC: pause 7.19ms. collected 409.280800MB. incr 
GC: pause 7.31ms. collected 409.608704MB. incr 
GC: pause 7.21ms. collected 410.939696MB. incr 
GC: pause 7.21ms. collected 409.282704MB. incr 
GC: pause 7.22ms. collected 411.265696MB. incr 
GC: pause 7.18ms. collected 409.606480MB. incr 
GC: pause 7.18ms. collected 410.941920MB. incr 
GC: pause 7.27ms. collected 409.608704MB. incr 
GC: pause 7.24ms. collected 410.939696MB. incr 
GC: pause 7.21ms. collected 411.267600MB. incr 
GC: pause 7.33ms. collected 411.174752MB. incr 
GC: pause 7.24ms. collected 409.375552MB. incr 
GC: pause 7.25ms. collected 411.265696MB. incr 
GC: pause 7.29ms. collected 411.267600MB. incr 
GC: pause 7.23ms. collected 411.267600MB. incr 
GC: pause 7.26ms. collected 411.267600MB. incr 
GC: pause 7.28ms. collected 411.269504MB. incr 
GC: pause 7.24ms. collected 412.722592MB. incr 
GC: pause 7.46ms. collected 411.797504MB. incr 
GC: pause 7.21ms. collected 411.267600MB. incr 
GC: pause 7.22ms. collected 411.269504MB. incr 
GC: pause 7.21ms. collected 413.245792MB. incr 
GC: pause 7.19ms. collected 411.275856MB. incr 
GC: pause 7.23ms. collected 413.145184MB. incr 
GC: pause 7.23ms. collected 411.375264MB. incr 
GC: pause 7.30ms. collected 413.161552MB. incr 
GC: pause 7.26ms. collected 411.362352MB. incr 
GC: pause 7.26ms. collected 413.252496MB. incr 
GC: pause 7.33ms. collected 413.254400MB. incr 
GC: pause 7.25ms. collected 412.724448MB. incr 
GC: pause 7.25ms. collected 411.799104MB. incr 
GC: pause 7.23ms. collected 413.252848MB. incr 
GC: pause 7.27ms. collected 413.254400MB. incr 
GC: pause 7.25ms. collected 413.254400MB. incr 
GC: pause 7.23ms. collected 413.256304MB. incr 
GC: pause 7.39ms. collected 414.709392MB. incr 
GC: pause 7.48ms. collected 413.784304MB. incr 
GC: pause 7.23ms. collected 413.254400MB. incr 
GC: pause 7.30ms. collected 413.256304MB. incr 
GC: pause 7.23ms. collected 415.232592MB. incr 
GC: pause 7.26ms. collected 413.262656MB. incr 
GC: pause 7.34ms. collected 415.123872MB. incr 
GC: pause 7.41ms. collected 413.370176MB. incr 
GC: pause 7.26ms. collected 415.148352MB. incr 
GC: pause 7.23ms. collected 413.349152MB. incr 
GC: pause 7.23ms. collected 415.239296MB. incr 
GC: pause 7.27ms. collected 415.241200MB. incr 
GC: pause 7.27ms. collected 414.711248MB. incr 
GC: pause 7.24ms. collected 413.785904MB. incr 
GC: pause 7.25ms. collected 415.239648MB. incr 
GC: pause 7.23ms. collected 415.241200MB. incr 
GC: pause 7.27ms. collected 415.241200MB. incr 
GC: pause 7.24ms. collected 415.243104MB. incr 
GC: pause 7.22ms. collected 416.696144MB. incr 
GC: pause 7.27ms. collected 415.771152MB. incr 
GC: pause 7.28ms. collected 415.241200MB. incr 
GC: pause 7.27ms. collected 415.241200MB. incr 
GC: pause 7.31ms. collected 416.698096MB. incr 
GC: pause 7.39ms. collected 415.771104MB. incr 
GC: pause 7.43ms. collected 415.567760MB. incr 
GC: pause 7.28ms. collected 416.901440MB. incr 
GC: pause 7.25ms. collected 417.221296MB. incr 
GC: pause 7.24ms. collected 415.249808MB. incr 
GC: pause 7.26ms. collected 417.226096MB. incr 
GC: pause 7.28ms. collected 417.221296MB. incr 
GC: pause 7.28ms. collected 415.249808MB. incr 
GC: pause 7.27ms. collected 417.226096MB. incr 
GC: pause 7.27ms. collected 417.228000MB. incr 
GC: pause 7.25ms. collected 417.228000MB. incr 
GC: pause 7.27ms. collected 417.229904MB. incr 
GC: pause 7.33ms. collected 417.554000MB. incr 
GC: pause 7.29ms. collected 418.886896MB. incr 
GC: pause 7.30ms. collected 417.228000MB. incr 
GC: pause 7.22ms. collected 417.228000MB. incr 
GC: pause 7.44ms. collected 418.684848MB. incr 
GC: pause 7.44ms. collected 417.757952MB. incr 
GC: pause 7.37ms. collected 417.228000MB. incr 
GC: pause 7.24ms. collected 419.121952MB. incr 
GC: pause 7.28ms. collected 417.322400MB. incr 
GC: pause 7.31ms. collected 419.206544MB. incr 
GC: pause 7.40ms. collected 417.562608MB. incr 
GC: pause 7.86ms. collected 418.886896MB. incr 
GC: pause 7.29ms. collected 419.214800MB. incr 
GC: pause 7.30ms. collected 419.208096MB. incr 
GC: pause 7.28ms. collected 418.691552MB. incr 
GC: pause 7.28ms. collected 417.759504MB. incr 
GC: pause 7.30ms. collected 419.213248MB. incr 
GC: pause 7.28ms. collected 419.216352MB. incr 
GC: pause 7.34ms. collected 419.215152MB. incr 
GC: pause 7.10ms. collected 421.106848MB. incr 
GC: pause 7.41ms. collected 419.307648MB. incr 
GC: pause 7.34ms. collected 419.214800MB. incr 
GC: pause 7.35ms. collected 419.541360MB. incr 
GC: pause 7.31ms. collected 420.875040MB. incr 
GC: pause 7.33ms. collected 419.216704MB. incr 
GC: pause 7.30ms. collected 421.199696MB. incr 
GC: pause 7.28ms. collected 420.671648MB. incr 
GC: pause 7.28ms. collected 419.744752MB. incr 
GC: pause 7.29ms. collected 420.671648MB. incr 
GC: pause 7.27ms. collected 419.744752MB. incr 
GC: pause 7.28ms. collected 421.201600MB. incr 
GC: pause 7.28ms. collected 421.201600MB. incr 
GC: pause 7.28ms. collected 420.671648MB. incr 
GC: pause 7.35ms. collected 419.746656MB. incr 
GC: pause 7.11ms. collected 421.199696MB. incr 
GC: pause 7.45ms. collected 421.203504MB. incr 
GC: pause 7.30ms. collected 422.656592MB. incr 
GC: pause 7.53ms. collected 421.731504MB. incr 
GC: pause 7.28ms. collected 421.201600MB. incr 
GC: pause 7.29ms. collected 421.201600MB. incr 
GC: pause 7.28ms. collected 422.658496MB. incr 
GC: pause 7.31ms. collected 421.731504MB. incr 
GC: pause 7.28ms. collected 421.203504MB. incr 
GC: pause 7.32ms. collected 423.186496MB. incr 
GC: pause 7.28ms. collected 423.071776MB. incr 
GC: pause 7.27ms. collected 421.318224MB. incr 
GC: pause 7.27ms. collected 422.658448MB. incr 
GC: pause 7.27ms. collected 421.733104MB. incr 
GC: pause 7.27ms. collected 423.186848MB. incr 
GC: pause 7.32ms. collected 423.188400MB. incr 
GC: pause 7.08ms. collected 423.188400MB. incr 
GC: pause 7.42ms. collected 423.095552MB. incr 
GC: pause 7.37ms. collected 421.622352MB. incr 
GC: pause 7.28ms. collected 422.862400MB. incr 
GC: pause 7.31ms. collected 425.080448MB. incr 
GC: pause 7.31ms. collected 423.281248MB. incr 
GC: pause 7.79ms. collected 423.188400MB. incr 
GC: pause 7.29ms. collected 423.188400MB. incr 
GC: pause 7.30ms. collected 424.645296MB. incr 
GC: pause 7.29ms. collected 423.718304MB. incr 
GC: pause 7.46ms. collected 423.514960MB. incr 
GC: pause 7.29ms. collected 424.848640MB. incr 
GC: pause 7.27ms. collected 425.162608MB. incr 
GC: pause 7.26ms. collected 423.202544MB. incr 
GC: pause 7.31ms. collected 425.173648MB. incr 
GC: pause 7.36ms. collected 425.082352MB. incr 
GC: pause 7.31ms. collected 423.283152MB. incr 
GC: pause 7.34ms. collected 425.173296MB. incr 
GC: pause 7.32ms. collected 425.175200MB. incr 
GC: pause 7.32ms. collected 425.175200MB. incr 
GC: pause 7.25ms. collected 425.175200MB. incr 
GC: pause 7.29ms. collected 425.175200MB. incr 
GC: pause 7.27ms. collected 425.175200MB. incr 
GC: pause 7.30ms. collected 425.177104MB. incr 
GC: pause 7.36ms. collected 427.160096MB. incr 
GC: pause 7.30ms. collected 425.175200MB. incr 
GC: pause 7.32ms. collected 425.177104MB. incr 
GC: pause 7.32ms. collected 427.160096MB. incr 
GC: pause 7.32ms. collected 426.632096MB. incr 
GC: pause 7.27ms. collected 425.705104MB. incr 
GC: pause 7.31ms. collected 426.632048MB. incr 
GC: pause 7.29ms. collected 425.705152MB. incr 
GC: pause 7.38ms. collected 427.162000MB. incr 
GC: pause 7.31ms. collected 426.632096MB. incr 
GC: pause 7.31ms. collected 425.705104MB. incr 
GC: pause 7.31ms. collected 427.162000MB. incr 
GC: pause 7.29ms. collected 427.162000MB. incr 
GC: pause 7.31ms. collected 427.162000MB. incr 
GC: pause 7.33ms. collected 427.162000MB. incr 
GC: pause 7.31ms. collected 427.162000MB. incr 
GC: pause 7.32ms. collected 427.163552MB. incr 
GC: pause 7.33ms. collected 428.617296MB. incr 
GC: pause 7.39ms. collected 427.691952MB. incr 
GC: pause 7.31ms. collected 427.162000MB. incr 
GC: pause 7.41ms. collected 427.488560MB. incr 
GC: pause 7.28ms. collected 428.822240MB. incr 
GC: pause 7.35ms. collected 428.618848MB. incr 
GC: pause 7.27ms. collected 427.691952MB. incr 
GC: pause 7.34ms. collected 428.618848MB. incr 
GC: pause 7.34ms. collected 427.691952MB. incr 
GC: pause 7.34ms. collected 429.148800MB. incr 
GC: pause 7.77ms. collected 429.055952MB. incr 
GC: pause 7.30ms. collected 427.256752MB. incr 
GC: pause 7.33ms. collected 429.146896MB. incr 
GC: pause 7.32ms. collected 429.150704MB. incr 
GC: pause 7.33ms. collected 429.148800MB. incr 
GC: pause 7.33ms. collected 431.040848MB. incr 
GC: pause 7.32ms. collected 429.241648MB. incr 
GC: pause 7.32ms. collected 429.148800MB. incr 
GC: pause 7.31ms. collected 429.148800MB. incr 
GC: pause 7.41ms. collected 429.475360MB. incr 
GC: pause 7.38ms. collected 430.809040MB. incr 
GC: pause 7.39ms. collected 429.150704MB. incr 
GC: pause 7.48ms. collected 431.133696MB. incr 
GC: pause 7.44ms. collected 430.605648MB. incr 
GC: pause 7.32ms. collected 429.678752MB. incr 
GC: pause 7.30ms. collected 430.605648MB. incr 
GC: pause 7.33ms. collected 429.678752MB. incr 
GC: pause 7.31ms. collected 431.135600MB. incr 
GC: pause 7.35ms. collected 431.135600MB. incr 
GC: pause 7.33ms. collected 431.027296MB. incr 
GC: pause 7.35ms. collected 429.259008MB. incr 
GC: pause 7.34ms. collected 431.133696MB. incr 
GC: pause 7.44ms. collected 431.462160MB. incr 
GC: pause 7.32ms. collected 432.702992MB. incr 
GC: pause 7.30ms. collected 431.228448MB. incr 
GC: pause 7.28ms. collected 431.135600MB. incr 
GC: pause 7.31ms. collected 431.135600MB. incr 
GC: pause 7.37ms. collected 431.463504MB. incr 
GC: pause 7.37ms. collected 432.794496MB. incr 
GC: pause 7.39ms. collected 432.592496MB. incr 
GC: pause 7.32ms. collected 431.665504MB. incr 
GC: pause 7.38ms. collected 432.592448MB. incr 
GC: pause 7.36ms. collected 431.665552MB. incr 
GC: pause 7.36ms. collected 433.115696MB. incr 
GC: pause 7.36ms. collected 432.599152MB. incr 
GC: pause 7.31ms. collected 431.665552MB. incr 
GC: pause 7.37ms. collected 433.122400MB. incr 
GC: pause 7.31ms. collected 433.122400MB. incr 
GC: pause 7.36ms. collected 433.122400MB. incr 
GC: pause 7.33ms. collected 433.122400MB. incr 
GC: pause 7.36ms. collected 433.122400MB. incr 
GC: pause 7.37ms. collected 433.122400MB. incr 
GC: pause 7.31ms. collected 433.122400MB. incr 
GC: pause 7.49ms. collected 433.122400MB. incr 
GC: pause 7.85ms. collected 433.124304MB. incr 
GC: pause 7.33ms. collected 435.107296MB. incr 
GC: pause 7.32ms. collected 433.124304MB. incr 
GC: pause 7.34ms. collected 435.100592MB. incr 
GC: pause 7.44ms. collected 433.455664MB. incr 
GC: pause 7.36ms. collected 434.782640MB. incr 
GC: pause 7.36ms. collected 435.102496MB. incr 
GC: pause 7.34ms. collected 433.131008MB. incr 
GC: pause 7.34ms. collected 435.107296MB. incr 
GC: pause 7.38ms. collected 435.109200MB. incr 
GC: pause 7.30ms. collected 435.109200MB. incr 
GC: pause 7.32ms. collected 435.109200MB. incr 
GC: pause 7.41ms. collected 435.109200MB. incr 
GC: pause 7.40ms. collected 435.109200MB. incr 
GC: pause 7.16ms. collected 435.109200MB. incr 
GC: pause 7.40ms. collected 435.111104MB. incr 
GC: pause 7.34ms. collected 437.094096MB. incr 
GC: pause 7.36ms. collected 435.109200MB. incr 
GC: pause 7.46ms. collected 435.437104MB. incr 
GC: pause 7.32ms. collected 436.768096MB. incr 
GC: pause 7.37ms. collected 437.003152MB. incr 
GC: pause 7.43ms. collected 435.202048MB. incr 
GC: pause 7.35ms. collected 437.003152MB. incr 
GC: pause 7.38ms. collected 435.203952MB. incr 
GC: pause 7.51ms. collected 437.094096MB. incr 
GC: pause 7.36ms. collected 437.096000MB. incr 
GC: pause 7.33ms. collected 437.003152MB. incr 
GC: pause 7.41ms. collected 435.529952MB. incr 
GC: pause 7.36ms. collected 436.769648MB. incr 
GC: pause 7.42ms. collected 437.421008MB. incr 
GC: pause 7.41ms. collected 438.663392MB. incr 
GC: pause 7.36ms. collected 437.188848MB. incr 
GC: pause 7.37ms. collected 437.096000MB. incr 
GC: pause 7.34ms. collected 437.096000MB. incr 
GC: pause 7.36ms. collected 437.097552MB. incr 
GC: pause 7.43ms. collected 438.988400MB. incr 
GC: pause 7.38ms. collected 437.188848MB. incr 
GC: pause 7.35ms. collected 438.552848MB. incr 
GC: pause 7.37ms. collected 437.625952MB. incr 
GC: pause 7.37ms. collected 438.989952MB. incr 
GC: pause 7.37ms. collected 437.190752MB. incr 
GC: pause 7.36ms. collected 439.080896MB. incr 
GC: pause 7.38ms. collected 439.082800MB. incr 
GC: pause 7.42ms. collected 438.989952MB. incr 
GC: pause 15.11ms. collected 437.190752MB. incr 
GC: pause 7.38ms. collected 439.080896MB. incr 
GC: pause 7.38ms. collected 439.084704MB. incr 
GC: pause 7.45ms. collected 439.408800MB. incr 
GC: pause 7.45ms. collected 440.741696MB. incr 
GC: pause 7.33ms. collected 439.082800MB. incr 
GC: pause 7.37ms. collected 439.082800MB. incr 
GC: pause 7.40ms. collected 440.539696MB. incr 
GC: pause 7.37ms. collected 439.612704MB. incr 
GC: pause 7.42ms. collected 439.084704MB. incr 
GC: pause 7.38ms. collected 441.067696MB. incr 
GC: pause 7.36ms. collected 440.539648MB. incr 
GC: pause 7.34ms. collected 439.612752MB. incr 
GC: pause 7.36ms. collected 440.539696MB. incr 
GC: pause 7.44ms. collected 439.614256MB. incr 
GC: pause 7.45ms. collected 441.068048MB. incr 
GC: pause 7.53ms. collected 441.069600MB. incr 
GC: pause 7.36ms. collected 441.069600MB. incr 
GC: pause 7.46ms. collected 440.976752MB. incr 
GC: pause 7.48ms. collected 439.503552MB. incr 
GC: pause 7.39ms. collected 440.743600MB. incr 
GC: pause 7.42ms. collected 442.961648MB. incr 
GC: pause 7.41ms. collected 441.162448MB. incr 
GC: pause 7.40ms. collected 441.069600MB. incr 
GC: pause 7.44ms. collected 441.071152MB. incr 
GC: pause 7.47ms. collected 442.962000MB. incr 
GC: pause 7.38ms. collected 441.162448MB. incr 
GC: pause 7.44ms. collected 441.396160MB. incr 
GC: pause 7.39ms. collected 442.729840MB. incr 
GC: pause 7.42ms. collected 443.056400MB. incr 
GC: pause 7.42ms. collected 441.071504MB. incr 
GC: pause 7.20ms. collected 443.054496MB. incr 
GC: pause 7.42ms. collected 443.056400MB. incr 
GC: pause 7.61ms. collected 443.056400MB. incr 
GC: pause 7.39ms. collected 442.963552MB. incr 
GC: pause 7.46ms. collected 441.489008MB. incr 
GC: pause 7.40ms. collected 442.731392MB. incr 
GC: pause 7.48ms. collected 443.382752MB. incr 
GC: pause 7.44ms. collected 444.715296MB. incr 
GC: pause 7.38ms. collected 443.056400MB. incr 
GC: pause 7.40ms. collected 443.056400MB. incr 
GC: pause 7.40ms. collected 444.513248MB. incr 
GC: pause 7.38ms. collected 443.586352MB. incr 
GC: pause 9.40ms. collected 443.058304MB. incr 
GC: pause 7.44ms. collected 445.041296MB. incr 
GC: pause 7.52ms. collected 443.384304MB. incr 
GC: pause 7.52ms. collected 444.715296MB. incr 
GC: pause 7.59ms. collected 445.043200MB. incr 
GC: pause 7.58ms. collected 443.382960MB. incr 
GC: pause 7.40ms. collected 444.716640MB. incr 
GC: pause 7.39ms. collected 445.043200MB. incr 
GC: pause 7.42ms. collected 445.043200MB. incr 
GC: pause 7.41ms. collected 445.043200MB. incr 
GC: pause 7.45ms. collected 445.043200MB. incr 
GC: pause 7.44ms. collected 445.043200MB. incr 
GC: pause 7.42ms. collected 445.043200MB. incr 
GC: pause 7.40ms. collected 445.043200MB. incr 
GC: pause 7.49ms. collected 445.369760MB. incr 
GC: pause 7.45ms. collected 446.703440MB. incr 
GC: pause 7.51ms. collected 445.045104MB. incr 
GC: pause 7.24ms. collected 446.935248MB. incr 
GC: pause 7.52ms. collected 445.137952MB. incr 
GC: pause 7.45ms. collected 447.021392MB. incr 
GC: pause 7.50ms. collected 445.377808MB. incr 
GC: pause 7.43ms. collected 446.702096MB. incr 
GC: pause 7.43ms. collected 447.030000MB. incr 
GC: pause 10.21ms. collected 446.937152MB. incr 
GC: pause 7.49ms. collected 445.462608MB. incr 
GC: pause 7.40ms. collected 446.703440MB. incr 
GC: pause 7.41ms. collected 447.031552MB. incr 
GC: pause 7.43ms. collected 447.030352MB. incr 
GC: pause 7.42ms. collected 448.922048MB. incr 
GC: pause 7.41ms. collected 447.122848MB. incr 
GC: pause 7.43ms. collected 447.030000MB. incr 
GC: pause 7.45ms. collected 447.030000MB. incr 
GC: pause 7.23ms. collected 448.486896MB. incr 
GC: pause 7.47ms. collected 447.559904MB. incr 
GC: pause 7.60ms. collected 447.356560MB. incr 
GC: pause 7.40ms. collected 448.690240MB. incr 
GC: pause 7.42ms. collected 449.010096MB. incr 
GC: pause 7.38ms. collected 447.038608MB. incr 
GC: pause 7.40ms. collected 449.014896MB. incr 
GC: pause 7.45ms. collected 449.016800MB. incr 
GC: pause 7.54ms. collected 447.357904MB. incr 
GC: pause 7.41ms. collected 448.688896MB. incr 
GC: pause 7.45ms. collected 449.018704MB. incr 
GC: pause 11.00ms. collected 449.016800MB. incr 
GC: pause 7.45ms. collected 450.898352MB. incr 
GC: pause 7.44ms. collected 449.120144MB. incr 
GC: pause 7.41ms. collected 449.016800MB. incr 
GC: pause 7.43ms. collected 449.016800MB. incr 
GC: pause 7.50ms. collected 449.016800MB. incr 
GC: pause 7.40ms. collected 450.473648MB. incr 
GC: pause 7.39ms. collected 449.546752MB. incr 
GC: pause 7.43ms. collected 449.018704MB. incr 
GC: pause 7.43ms. collected 451.001696MB. incr 
GC: pause 7.47ms. collected 451.003600MB. incr 
GC: pause 7.43ms. collected 449.018704MB. incr 
GC: pause 7.42ms. collected 451.001696MB. incr 
GC: pause 7.45ms. collected 451.003600MB. incr 
GC: pause 7.52ms. collected 450.910752MB. incr 
GC: pause 7.57ms. collected 449.437552MB. incr 
GC: pause 7.40ms. collected 450.677248MB. incr 
GC: pause 7.59ms. collected 451.328608MB. incr 
GC: pause 7.43ms. collected 452.570992MB. incr 
GC: pause 7.40ms. collected 451.096448MB. incr 
GC: pause 7.51ms. collected 451.003600MB. incr 
GC: pause 7.41ms. collected 451.003600MB. incr 
GC: pause 7.44ms. collected 451.005152MB. incr 
GC: pause 7.43ms. collected 452.896000MB. incr 
GC: pause 7.44ms. collected 451.096448MB. incr 
GC: pause 7.42ms. collected 452.460496MB. incr 
GC: pause 7.76ms. collected 451.533504MB. incr 
GC: pause 7.49ms. collected 452.990400MB. incr 
GC: pause 7.43ms. collected 452.460448MB. incr 
GC: pause 7.43ms. collected 451.533552MB. incr 
GC: pause 7.42ms. collected 452.990400MB. incr 
GC: pause 7.43ms. collected 452.983696MB. incr 
GC: pause 7.41ms. collected 452.467152MB. incr 
GC: pause 7.50ms. collected 451.535456MB. incr 
GC: pause 7.40ms. collected 452.990048MB. incr 
GC: pause 7.52ms. collected 454.445744MB. incr 
GC: pause 7.86ms. collected 453.520304MB. incr 
GC: pause 7.42ms. collected 452.990400MB. incr 
GC: pause 7.47ms. collected 452.990400MB. incr 
GC: pause 7.56ms. collected 453.316960MB. incr 
GC: pause 7.56ms. collected 454.650640MB. incr 
GC: pause 7.63ms. collected 453.318304MB. incr 
GC: pause 15.85ms. collected 454.649296MB. incr 
GC: pause 7.47ms. collected 454.965424MB. incr 
GC: pause 7.46ms. collected 453.003728MB. incr 
GC: pause 7.46ms. collected 454.975648MB. incr 
GC: pause 7.44ms. collected 454.966144MB. incr 
GC: pause 7.42ms. collected 453.003360MB. incr 
GC: pause 7.50ms. collected 454.975296MB. incr 
GC: pause 7.26ms. collected 454.977200MB. incr 
GC: pause 7.46ms. collected 454.977200MB. incr 
GC: pause 7.45ms. collected 454.979104MB. incr 
GC: pause 7.48ms. collected 456.869248MB. incr 
GC: pause 7.49ms. collected 455.070048MB. incr 
GC: pause 7.50ms. collected 454.977200MB. incr 
GC: pause 7.53ms. collected 454.979104MB. incr 
GC: pause 7.51ms. collected 456.962096MB. incr 
GC: pause 7.46ms. collected 454.979104MB. incr 
GC: pause 7.48ms. collected 456.955392MB. incr 
GC: pause 7.56ms. collected 455.310464MB. incr 
GC: pause 7.43ms. collected 456.637440MB. incr 
GC: pause 7.50ms. collected 456.957296MB. incr 
GC: pause 7.45ms. collected 454.985808MB. incr 
GC: pause 7.55ms. collected 456.962096MB. incr 
GC: pause 7.59ms. collected 456.964000MB. incr 
GC: pause 7.49ms. collected 456.964000MB. incr 
GC: pause 7.45ms. collected 456.964000MB. incr 
GC: pause 7.42ms. collected 456.964000MB. incr 
GC: pause 7.47ms. collected 456.964000MB. incr 
GC: pause 7.47ms. collected 456.965552MB. incr 
GC: pause 7.49ms. collected 458.419344MB. incr 
GC: pause 7.55ms. collected 457.493904MB. incr 
GC: pause 7.52ms. collected 456.964000MB. incr 
GC: pause 7.50ms. collected 458.857952MB. incr 
GC: pause 7.45ms. collected 457.056848MB. incr 
GC: pause 7.48ms. collected 458.420896MB. incr 
GC: pause 7.47ms. collected 457.493904MB. incr 
GC: pause 7.54ms. collected 458.950800MB. incr 
GC: pause 7.50ms. collected 458.857952MB. incr 
GC: pause 7.60ms. collected 457.058400MB. incr 
GC: pause 7.45ms. collected 458.949248MB. incr 
GC: pause 7.50ms. collected 458.950800MB. incr 
GC: pause 7.48ms. collected 458.950800MB. incr 
GC: pause 7.49ms. collected 458.950800MB. incr 
GC: pause 13.12ms. collected 458.950800MB. incr 
GC: pause 7.50ms. collected 458.950800MB. incr 
GC: pause 7.44ms. collected 458.950800MB. incr 
GC: pause 7.61ms. collected 459.278704MB. incr 
GC: pause 7.50ms. collected 460.609696MB. incr 
GC: pause 7.58ms. collected 459.277360MB. incr 
GC: pause 7.50ms. collected 460.611040MB. incr 
GC: pause 7.57ms. collected 459.278704MB. incr 
GC: pause 7.52ms. collected 460.609696MB. incr 
GC: pause 7.53ms. collected 460.937600MB. incr 
GC: pause 7.63ms. collected 458.952704MB. incr 
GC: pause 7.65ms. collected 460.935696MB. incr 
GC: pause 7.50ms. collected 460.937600MB. incr 
GC: pause 7.53ms. collected 460.937600MB. incr 
GC: pause 7.52ms. collected 460.937600MB. incr 
GC: pause 7.61ms. collected 460.937600MB. incr 
GC: pause 7.55ms. collected 460.937600MB. incr 
GC: pause 7.50ms. collected 460.937600MB. incr 
GC: pause 7.52ms. collected 460.937600MB. incr 
GC: pause 7.49ms. collected 460.937600MB. incr 
GC: pause 7.50ms. collected 460.939504MB. incr 
GC: pause 7.56ms. collected 462.922496MB. incr 
GC: pause 7.60ms. collected 461.264160MB. incr 
GC: pause 7.56ms. collected 462.597840MB. incr 
GC: pause 7.65ms. collected 462.394448MB. incr 
GC: pause 7.58ms. collected 461.467552MB. incr 
GC: pause 7.57ms. collected 462.831552MB. incr 
GC: pause 7.63ms. collected 461.357008MB. incr 
GC: pause 7.51ms. collected 462.597840MB. incr 
GC: pause 7.51ms. collected 462.924400MB. incr 
GC: pause 7.53ms. collected 462.924400MB. incr 
GC: pause 7.52ms. collected 462.924400MB. incr 
GC: pause 7.52ms. collected 462.924400MB. incr 
GC: pause 7.53ms. collected 462.926304MB. incr 
GC: pause 7.50ms. collected 464.816448MB. incr 
GC: pause 7.47ms. collected 463.017248MB. incr 
GC: pause 7.52ms. collected 462.924400MB. incr 
GC: pause 7.59ms. collected 464.381248MB. incr 
GC: pause 7.30ms. collected 463.454352MB. incr 
GC: pause 7.53ms. collected 462.926304MB. incr 
GC: pause 7.54ms. collected 464.909296MB. incr 
GC: pause 7.98ms. collected 464.911200MB. incr 
GC: pause 7.54ms. collected 462.926304MB. incr 
GC: pause 7.52ms. collected 464.909296MB. incr 
GC: pause 7.56ms. collected 464.911200MB. incr 
GC: pause 7.55ms. collected 464.911200MB. incr 
GC: pause 7.54ms. collected 464.911200MB. incr 
GC: pause 7.55ms. collected 464.818352MB. incr 
GC: pause 7.51ms. collected 464.474144MB. incr 
GC: pause 7.53ms. collected 464.911152MB. incr 
GC: pause 7.51ms. collected 465.348304MB. incr 
GC: pause 7.59ms. collected 465.004048MB. incr 
GC: pause 7.60ms. collected 464.911200MB. incr 
GC: pause 7.59ms. collected 464.911200MB. incr 
GC: pause 7.63ms. collected 465.237760MB. incr 
GC: pause 7.56ms. collected 466.571440MB. incr 
GC: pause 7.55ms. collected 466.805152MB. incr 
GC: pause 7.51ms. collected 465.004048MB. incr 
GC: pause 7.55ms. collected 466.891296MB. incr 
GC: pause 7.53ms. collected 466.374752MB. incr 
GC: pause 7.55ms. collected 465.441152MB. incr 
GC: pause 7.57ms. collected 466.898000MB. incr 
GC: pause 7.57ms. collected 466.898000MB. incr 
GC: pause 7.62ms. collected 466.898000MB. incr 
GC: pause 7.54ms. collected 466.898000MB. incr 
GC: pause 7.54ms. collected 466.898000MB. incr 
GC: pause 7.60ms. collected 466.898000MB. incr 
GC: pause 7.34ms. collected 466.898000MB. incr 
GC: pause 7.54ms. collected 466.899552MB. incr 
GC: pause 7.58ms. collected 468.790400MB. incr 
GC: pause 7.54ms. collected 466.990848MB. incr 
GC: pause 7.66ms. collected 467.224560MB. incr 
GC: pause 7.54ms. collected 468.558240MB. incr 
GC: pause 7.60ms. collected 468.884800MB. incr 
GC: pause 7.64ms. collected 467.225904MB. incr 
GC: pause 7.55ms. collected 468.556896MB. incr 
GC: pause 7.54ms. collected 468.884800MB. incr 
GC: pause 7.56ms. collected 468.884800MB. incr 
GC: pause 7.50ms. collected 468.884800MB. incr 
GC: pause 7.52ms. collected 468.884800MB. incr 
GC: pause 7.68ms. collected 468.884800MB. incr 
GC: pause 7.37ms. collected 468.884800MB. incr 
GC: pause 7.70ms. collected 468.884800MB. incr 
GC: pause 7.58ms. collected 468.886352MB. incr 
GC: pause 7.58ms. collected 470.775936MB. incr 
GC: pause 7.56ms. collected 468.978912MB. incr 
GC: pause 7.57ms. collected 468.886704MB. incr 
GC: pause 7.57ms. collected 470.869696MB. incr 
GC: pause 7.56ms. collected 470.341648MB. incr 
GC: pause 7.52ms. collected 469.414752MB. incr 
GC: pause 7.56ms. collected 470.762144MB. incr 
GC: pause 7.56ms. collected 468.996160MB. incr 
GC: pause 7.52ms. collected 470.869696MB. incr 
GC: pause 7.54ms. collected 470.871600MB. incr 
GC: pause 7.60ms. collected 470.871600MB. incr 
GC: pause 7.43ms. collected 470.864896MB. incr 
GC: pause 7.73ms. collected 470.785456MB. incr 
GC: pause 7.59ms. collected 470.871600MB. incr 
GC: pause 7.51ms. collected 470.871600MB. incr 
GC: pause 7.53ms. collected 470.957744MB. incr 
GC: pause 7.54ms. collected 470.878304MB. incr 
GC: pause 7.58ms. collected 470.871600MB. incr 
GC: pause 7.66ms. collected 471.198160MB. incr 
GC: pause 7.59ms. collected 472.531840MB. incr 
GC: pause 7.59ms. collected 472.765552MB. incr 
GC: pause 7.57ms. collected 470.964448MB. incr 
GC: pause 7.57ms. collected 472.851696MB. incr 
GC: pause 7.57ms. collected 472.335152MB. incr 
GC: pause 7.57ms. collected 471.401552MB. incr 
GC: pause 7.53ms. collected 472.858400MB. incr 
GC: pause 7.68ms. collected 472.858400MB. incr 
GC: pause 7.54ms. collected 472.858400MB. incr 
GC: pause 7.68ms. collected 472.858400MB. incr 
GC: pause 7.57ms. collected 472.858400MB. incr 
GC: pause 7.55ms. collected 472.858400MB. incr 
GC: pause 7.66ms. collected 473.184960MB. incr 
GC: pause 7.66ms. collected 474.518640MB. incr 
GC: pause 7.57ms. collected 472.860304MB. incr 
GC: pause 7.63ms. collected 474.750448MB. incr 
GC: pause 7.59ms. collected 472.953152MB. incr 
GC: pause 7.67ms. collected 474.841488MB. incr 
GC: pause 7.67ms. collected 473.188112MB. incr 
GC: pause 7.55ms. collected 474.517296MB. incr 
GC: pause 8.19ms. collected 474.845200MB. incr 
GC: pause 7.42ms. collected 474.845200MB. incr 
GC: pause 7.63ms. collected 474.752352MB. incr 
GC: pause 7.65ms. collected 473.277808MB. incr 
GC: pause 7.56ms. collected 474.520192MB. incr 
GC: pause 7.68ms. collected 475.171552MB. incr 
GC: pause 7.62ms. collected 476.504096MB. incr 
GC: pause 7.57ms. collected 474.845200MB. incr 
GC: pause 7.66ms. collected 474.845200MB. incr 
GC: pause 7.62ms. collected 476.739152MB. incr 
GC: pause 7.60ms. collected 474.938048MB. incr 
GC: pause 7.59ms. collected 474.847104MB. incr 
GC: pause 7.54ms. collected 476.830096MB. incr 
GC: pause 7.62ms. collected 476.825296MB. incr 
GC: pause 7.60ms. collected 474.853808MB. incr 
GC: pause 7.54ms. collected 476.830096MB. incr 
GC: pause 7.69ms. collected 476.832000MB. incr 
GC: pause 7.63ms. collected 476.302096MB. incr 
GC: pause 7.63ms. collected 475.377008MB. incr 
GC: pause 7.58ms. collected 476.830096MB. incr 
GC: pause 7.68ms. collected 477.158560MB. incr 
GC: pause 7.68ms. collected 478.399392MB. incr 
GC: pause 7.67ms. collected 476.924848MB. incr 
GC: pause 7.58ms. collected 476.832000MB. incr 
GC: pause 7.61ms. collected 476.832000MB. incr 
GC: pause 7.60ms. collected 478.288848MB. incr 
GC: pause 7.57ms. collected 477.361952MB. incr 
GC: pause 7.57ms. collected 476.833904MB. incr 
GC: pause 7.64ms. collected 478.816896MB. incr 
GC: pause 7.49ms. collected 478.818800MB. incr 
GC: pause 7.68ms. collected 476.833904MB. incr 
GC: pause 7.62ms. collected 478.816896MB. incr 
GC: pause 7.58ms. collected 478.818800MB. incr 
GC: pause 7.62ms. collected 478.818800MB. incr 
GC: pause 7.59ms. collected 478.818800MB. incr 
GC: pause 7.64ms. collected 478.725952MB. incr 
GC: pause 7.63ms. collected 478.381696MB. incr 
GC: pause 7.75ms. collected 477.688512MB. incr 
GC: pause 7.66ms. collected 478.825232MB. incr 
GC: pause 7.59ms. collected 480.472608MB. incr 
GC: pause 8.06ms. collected 478.820704MB. incr 
GC: pause 7.63ms. collected 480.710848MB. incr 
GC: pause 7.64ms. collected 478.911648MB. incr 
GC: pause 7.57ms. collected 480.275648MB. incr 
GC: pause 7.65ms. collected 479.348752MB. incr 
GC: pause 7.71ms. collected 480.712752MB. incr 
GC: pause 7.62ms. collected 479.234336MB. incr 
GC: pause 7.59ms. collected 480.482912MB. incr 
GC: pause 7.65ms. collected 480.805600MB. incr 
GC: pause 7.68ms. collected 480.805600MB. incr 
GC: pause 7.63ms. collected 480.712752MB. incr 
GC: pause 7.62ms. collected 480.368544MB. incr 
GC: pause 7.73ms. collected 479.676608MB. incr 
GC: pause 7.65ms. collected 481.934544MB. incr 
GC: pause 7.64ms. collected 481.335552MB. incr 
GC: pause 7.59ms. collected 480.805600MB. incr 
GC: pause 7.61ms. collected 480.807152MB. incr 
GC: pause 7.68ms. collected 482.698000MB. incr 
GC: pause 7.81ms. collected 480.898448MB. incr 
GC: pause 7.66ms. collected 482.699552MB. incr 
GC: pause 7.63ms. collected 480.900352MB. incr 
GC: pause 7.63ms. collected 482.790496MB. incr 
GC: pause 7.67ms. collected 482.699552MB. incr 
GC: pause 7.64ms. collected 480.900352MB. incr 
GC: pause 7.62ms. collected 482.790496MB. incr 
GC: pause 7.61ms. collected 482.792400MB. incr 
GC: pause 7.65ms. collected 482.792400MB. incr 
GC: pause 7.66ms. collected 482.792400MB. incr 
GC: pause 7.60ms. collected 482.792400MB. incr 
GC: pause 7.63ms. collected 482.793952MB. incr 
GC: pause 7.63ms. collected 484.247744MB. incr 
GC: pause 7.71ms. collected 483.322304MB. incr 
GC: pause 7.75ms. collected 482.793952MB. incr 
GC: pause 7.64ms. collected 484.770944MB. incr 
GC: pause 7.80ms. collected 482.801008MB. incr 
GC: pause 7.64ms. collected 484.770592MB. incr 
GC: pause 7.74ms. collected 483.127008MB. incr 
GC: pause 7.72ms. collected 484.451296MB. incr 
GC: pause 7.66ms. collected 484.779200MB. incr 
GC: pause 8.15ms. collected 484.779200MB. incr 
GC: pause 7.65ms. collected 484.686352MB. incr 
GC: pause 7.75ms. collected 483.211808MB. incr 
GC: pause 7.62ms. collected 484.454192MB. incr 
GC: pause 7.74ms. collected 485.105552MB. incr 
GC: pause 7.66ms. collected 486.438096MB. incr 
GC: pause 7.44ms. collected 484.779200MB. incr 
GC: pause 7.72ms. collected 484.779200MB. incr 
GC: pause 7.75ms. collected 486.673152MB. incr 
GC: pause 7.66ms. collected 484.872048MB. incr 
GC: pause 7.63ms. collected 484.781104MB. incr 
GC: pause 7.67ms. collected 486.764096MB. incr 
GC: pause 7.66ms. collected 486.766000MB. incr 
GC: pause 7.75ms. collected 485.105760MB. incr 
GC: pause 7.66ms. collected 486.439440MB. incr 
GC: pause 7.64ms. collected 486.766000MB. incr 
GC: pause 7.65ms. collected 486.766000MB. incr 
GC: pause 7.66ms. collected 486.759296MB. incr 
GC: pause 7.59ms. collected 486.673456MB. incr 
GC: pause 7.78ms. collected 485.206352MB. incr 
GC: pause 7.75ms. collected 486.440000MB. incr 
GC: pause 7.82ms. collected 488.744192MB. incr 
GC: pause 7.80ms. collected 486.772704MB. incr 
GC: pause 7.89ms. collected 486.767904MB. incr 
GC: pause 7.70ms. collected 488.750896MB. incr 
GC: pause 7.64ms. collected 486.767904MB. incr 
GC: pause 7.76ms. collected 488.749088MB. incr 
GC: pause 7.76ms. collected 487.094368MB. incr 
GC: pause 7.66ms. collected 488.426240MB. incr 
GC: pause 7.69ms. collected 488.752800MB. incr 
GC: pause 7.74ms. collected 487.093904MB. incr 
GC: pause 7.63ms. collected 488.424896MB. incr 
GC: pause 7.75ms. collected 488.752800MB. incr 
GC: pause 7.70ms. collected 488.754352MB. incr 
GC: pause 7.69ms. collected 488.753152MB. incr 
GC: pause 7.68ms. collected 490.644848MB. incr 
GC: pause 7.70ms. collected 488.845648MB. incr 
GC: pause 7.66ms. collected 488.752800MB. incr 
GC: pause 7.65ms. collected 488.752800MB. incr 
GC: pause 7.71ms. collected 490.209696MB. incr 
GC: pause 8.19ms. collected 489.282704MB. incr 
GC: pause 7.79ms. collected 489.080704MB. incr 
GC: pause 7.66ms. collected 490.411696MB. incr 
GC: pause 7.66ms. collected 490.739600MB. incr 
GC: pause 7.65ms. collected 490.209648MB. incr 
GC: pause 7.63ms. collected 489.282752MB. incr 
GC: pause 7.69ms. collected 490.739600MB. incr 
GC: pause 7.83ms. collected 490.739600MB. incr 
GC: pause 7.69ms. collected 490.739600MB. incr 
GC: pause 7.75ms. collected 490.730496MB. incr 
GC: pause 7.68ms. collected 490.655856MB. incr 
GC: pause 7.69ms. collected 490.716672MB. incr 
GC: pause 7.72ms. collected 490.757392MB. incr 
GC: pause 7.69ms. collected 490.744736MB. incr 
GC: pause 7.66ms. collected 490.832448MB. incr 
GC: pause 7.66ms. collected 490.739600MB. incr 
GC: pause 7.67ms. collected 490.741504MB. incr 
GC: pause 7.68ms. collected 492.724496MB. incr 
GC: pause 7.69ms. collected 492.726400MB. incr 
GC: pause 7.67ms. collected 490.741504MB. incr 
GC: pause 7.65ms. collected 492.724496MB. incr 
GC: pause 7.71ms. collected 492.726400MB. incr 
GC: pause 7.71ms. collected 492.726400MB. incr 
GC: pause 7.73ms. collected 492.726400MB. incr 
GC: pause 7.71ms. collected 492.633552MB. incr 
GC: pause 7.66ms. collected 492.705648MB. incr 
GC: pause 7.68ms. collected 492.310048MB. incr 
GC: pause 7.68ms. collected 492.726400MB. incr 
GC: pause 7.72ms. collected 493.163504MB. incr 
GC: pause 7.69ms. collected 492.819248MB. incr 
GC: pause 7.64ms. collected 492.726400MB. incr 
GC: pause 7.77ms. collected 493.054304MB. incr 
GC: pause 16.46ms. collected 494.385296MB. incr 
GC: pause 7.69ms. collected 494.713200MB. incr 
GC: pause 7.75ms. collected 492.728304MB. incr 
GC: pause 7.71ms. collected 494.711296MB. incr 
GC: pause 7.67ms. collected 494.713200MB. incr 
GC: pause 7.71ms. collected 494.713200MB. incr 
GC: pause 7.72ms. collected 494.620352MB. incr 
GC: pause 7.73ms. collected 494.276096MB. incr 
GC: pause 7.69ms. collected 493.258256MB. incr 
GC: pause 7.68ms. collected 494.713200MB. incr 
GC: pause 7.75ms. collected 496.698096MB. incr 
GC: pause 7.69ms. collected 494.713200MB. incr 
GC: pause 7.67ms. collected 494.715104MB. incr 
GC: pause 7.72ms. collected 496.698096MB. incr 
GC: pause 7.88ms. collected 495.039760MB. incr 
GC: pause 7.47ms. collected 496.373440MB. incr 
GC: pause 7.87ms. collected 496.170096MB. incr 
GC: pause 7.94ms. collected 495.243104MB. incr 
GC: pause 7.71ms. collected 496.700000MB. incr 
GC: pause 7.69ms. collected 496.607152MB. incr 
GC: pause 7.72ms. collected 494.807952MB. incr 
GC: pause 7.69ms. collected 496.698096MB. incr 
GC: pause 7.71ms. collected 496.701552MB. incr 
GC: pause 7.75ms. collected 496.700352MB. incr 
GC: pause 7.70ms. collected 498.585648MB. incr 
GC: pause 7.69ms. collected 496.799248MB. incr 
GC: pause 7.68ms. collected 496.700000MB. incr 
GC: pause 7.76ms. collected 496.700000MB. incr 
GC: pause 7.77ms. collected 498.156848MB. incr 
GC: pause 7.50ms. collected 497.229952MB. incr 
GC: pause 7.57ms. collected 497.027904MB. incr 
GC: pause 7.94ms. collected 498.358896MB. incr 
GC: pause 9.59ms. collected 498.686800MB. incr 
GC: pause 7.73ms. collected 498.593952MB. incr 
GC: pause 7.72ms. collected 496.794752MB. incr 
GC: pause 7.75ms. collected 498.684896MB. incr 
GC: pause 7.80ms. collected 498.686800MB. incr 
GC: pause 7.73ms. collected 498.686800MB. incr 
GC: pause 7.73ms. collected 498.686800MB. incr 
GC: pause 7.75ms. collected 498.686800MB. incr 
GC: pause 7.74ms. collected 498.688352MB. incr 
GC: pause 7.68ms. collected 500.142144MB. incr 
GC: pause 7.70ms. collected 499.216704MB. incr 
GC: pause 7.75ms. collected 498.688352MB. incr 
GC: pause 7.51ms. collected 500.665344MB. incr 
GC: pause 7.75ms. collected 498.695408MB. incr 
GC: pause 7.75ms. collected 500.671696MB. incr 
GC: pause 7.73ms. collected 500.580592MB. incr 
GC: pause 7.71ms. collected 498.779808MB. incr 
GC: pause 7.73ms. collected 500.673600MB. incr 
GC: pause 7.76ms. collected 500.666896MB. incr 
GC: pause 7.86ms. collected 499.021408MB. incr 
GC: pause 7.76ms. collected 500.347600MB. incr 
GC: pause 7.75ms. collected 502.128544MB. incr 
GC: pause 7.82ms. collected 501.203552MB. incr 
GC: pause 7.74ms. collected 500.673600MB. incr 
GC: pause 7.73ms. collected 500.673600MB. incr 
GC: pause 7.83ms. collected 500.673600MB. incr 
GC: pause 7.87ms. collected 502.562656MB. incr 
GC: pause 7.75ms. collected 500.771344MB. incr 
GC: pause 7.86ms. collected 501.000160MB. incr 
GC: pause 7.74ms. collected 502.333840MB. incr 
GC: pause 7.77ms. collected 502.660400MB. incr 
GC: pause 7.76ms. collected 502.130496MB. incr 
GC: pause 11.36ms. collected 501.203504MB. incr 
GC: pause 7.77ms. collected 502.660400MB. incr 
GC: pause 7.76ms. collected 502.660400MB. incr 
GC: pause 7.74ms. collected 502.660400MB. incr 
GC: pause 7.72ms. collected 502.660400MB. incr 
GC: pause 7.75ms. collected 502.660400MB. incr 
GC: pause 7.82ms. collected 502.662304MB. incr 
GC: pause 7.56ms. collected 504.552448MB. incr 
GC: pause 7.93ms. collected 502.753248MB. incr 
GC: pause 7.85ms. collected 502.662304MB. incr 
GC: pause 7.76ms. collected 504.645296MB. incr 
GC: pause 7.75ms. collected 504.554352MB. incr 
GC: pause 7.77ms. collected 502.753248MB. incr 
GC: pause 7.78ms. collected 504.554352MB. incr 
GC: pause 7.76ms. collected 502.755152MB. incr 
GC: pause 7.74ms. collected 504.645296MB. incr 
GC: pause 7.79ms. collected 504.647200MB. incr 
GC: pause 7.75ms. collected 504.647200MB. incr 
GC: pause 7.86ms. collected 504.647200MB. incr 
GC: pause 7.82ms. collected 504.647200MB. incr 
GC: pause 7.49ms. collected 504.647200MB. incr 
GC: pause 7.95ms. collected 504.649104MB. incr 
GC: pause 7.84ms. collected 506.625360MB. incr 
GC: pause 7.78ms. collected 504.653936MB. incr 
GC: pause 7.73ms. collected 504.649104MB. incr 
GC: pause 7.73ms. collected 506.632096MB. incr 
GC: pause 7.76ms. collected 506.104096MB. incr 
GC: pause 7.77ms. collected 505.177104MB. incr 
GC: pause 7.75ms. collected 506.541152MB. incr 
GC: pause 7.90ms. collected 505.066608MB. incr 
GC: pause 7.79ms. collected 506.307440MB. incr 
GC: pause 7.74ms. collected 506.634000MB. incr 
GC: pause 15.08ms. collected 506.634000MB. incr 
GC: pause 7.83ms. collected 506.634000MB. incr 
GC: pause 7.83ms. collected 506.634000MB. incr 
GC: pause 7.77ms. collected 506.635904MB. incr 
GC: pause 7.77ms. collected 508.510592MB. incr 
GC: pause 7.79ms. collected 506.742304MB. incr 
GC: pause 7.75ms. collected 506.634000MB. incr 
GC: pause 7.76ms. collected 508.090896MB. incr 
GC: pause 7.79ms. collected 507.163904MB. incr 
GC: pause 7.76ms. collected 508.090896MB. incr 
GC: pause 7.81ms. collected 507.163904MB. incr 
GC: pause 7.74ms. collected 508.620800MB. incr 
GC: pause 7.82ms. collected 508.614096MB. incr 
GC: pause 7.84ms. collected 506.967264MB. incr 
GC: pause 7.86ms. collected 508.294240MB. incr 
GC: pause 7.51ms. collected 508.620800MB. incr 
GC: pause 7.92ms. collected 508.622704MB. incr 
GC: pause 7.77ms. collected 510.075744MB. incr 
GC: pause 8.08ms. collected 509.150752MB. incr 
GC: pause 7.79ms. collected 508.620800MB. incr 
GC: pause 7.76ms. collected 508.620800MB. incr 
GC: pause 7.88ms. collected 508.948704MB. incr 
GC: pause 7.86ms. collected 510.279696MB. incr 
GC: pause 7.82ms. collected 510.514752MB. incr 
GC: pause 7.79ms. collected 508.713648MB. incr 
GC: pause 7.76ms. collected 510.514752MB. incr 
GC: pause 7.82ms. collected 509.040208MB. incr 
GC: pause 7.76ms. collected 510.281040MB. incr 
GC: pause 7.83ms. collected 510.607600MB. incr 
GC: pause 7.53ms. collected 510.607600MB. incr 
GC: pause 7.53ms. collected 510.607600MB. incr 
GC: pause 14.85ms. collected 510.607600MB. incr 
GC: pause 7.80ms. collected 510.607600MB. incr 
GC: pause 7.79ms. collected 510.607600MB. incr 
GC: pause 7.89ms. collected 510.934160MB. incr 
GC: pause 7.81ms. collected 512.267840MB. incr 
GC: pause 7.81ms. collected 510.609504MB. incr 
GC: pause 7.84ms. collected 512.585792MB. incr 
GC: pause 7.85ms. collected 510.616208MB. incr 
GC: pause 7.85ms. collected 512.592496MB. incr 
GC: pause 7.82ms. collected 512.501552MB. incr 
GC: pause 7.78ms. collected 510.702000MB. incr 
GC: pause 7.84ms. collected 512.592848MB. incr 
GC: pause 7.82ms. collected 512.594400MB. incr 
GC: pause 7.78ms. collected 512.594400MB. incr 
GC: pause 7.57ms. collected 512.594400MB. incr 
GC: pause 8.00ms. collected 512.587696MB. incr 
GC: pause 7.93ms. collected 512.594400MB. incr 
GC: pause 7.83ms. collected 512.601104MB. incr 
GC: pause 7.79ms. collected 512.594400MB. incr 
GC: pause 7.79ms. collected 512.594400MB. incr 
GC: pause 7.81ms. collected 512.596304MB. incr 
GC: pause 7.83ms. collected 514.579296MB. incr 
GC: pause 7.87ms. collected 514.488352MB. incr 
GC: pause 7.83ms. collected 512.687248MB. incr 
GC: pause 7.83ms. collected 514.581200MB. incr 
GC: pause 7.81ms. collected 514.488352MB. incr 
GC: pause 7.81ms. collected 512.689152MB. incr 
GC: pause 7.88ms. collected 514.579296MB. incr 
GC: pause 7.99ms. collected 514.581200MB. incr 
GC: pause 7.87ms. collected 514.581200MB. incr 
GC: pause 7.78ms. collected 514.583104MB. incr 
GC: pause 8.28ms. collected 516.473248MB. incr 
GC: pause 7.83ms. collected 514.674048MB. incr 
GC: pause 7.82ms. collected 514.581200MB. incr 
GC: pause 7.83ms. collected 516.038048MB. incr 
GC: pause 7.82ms. collected 515.111152MB. incr 
GC: pause 7.93ms. collected 514.907760MB. incr 
GC: pause 7.80ms. collected 516.241440MB. incr 
GC: pause 7.86ms. collected 516.568000MB. incr 
GC: pause 7.79ms. collected 516.038096MB. incr 
GC: pause 7.79ms. collected 515.112656MB. incr 
GC: pause 7.91ms. collected 516.566448MB. incr 
GC: pause 7.85ms. collected 516.568000MB. incr 
GC: pause 7.84ms. collected 516.568000MB. incr 
GC: pause 7.81ms. collected 516.568000MB. incr 
GC: pause 7.85ms. collected 516.569904MB. incr 
GC: pause 7.82ms. collected 518.437664MB. incr 
GC: pause 7.87ms. collected 516.683232MB. incr 
GC: pause 7.85ms. collected 516.568000MB. incr 
GC: pause 7.89ms. collected 518.024896MB. incr 
GC: pause 7.88ms. collected 517.097904MB. incr 
GC: pause 7.80ms. collected 518.024896MB. incr 
GC: pause 7.82ms. collected 517.097904MB. incr 
GC: pause 8.01ms. collected 518.554800MB. incr 
GC: pause 8.04ms. collected 518.548096MB. incr 
GC: pause 7.99ms. collected 516.901264MB. incr 
GC: pause 7.87ms. collected 518.228240MB. incr 
GC: pause 7.83ms. collected 518.556352MB. incr 
GC: pause 7.82ms. collected 518.555152MB. incr 
GC: pause 7.92ms. collected 520.446848MB. incr 
GC: pause 7.84ms. collected 518.647648MB. incr 
GC: pause 7.84ms. collected 518.554800MB. incr 
GC: pause 7.99ms. collected 518.556704MB. incr 
GC: pause 7.84ms. collected 520.539696MB. incr 
GC: pause 7.87ms. collected 518.556704MB. incr 
GC: pause 7.83ms. collected 520.539696MB. incr 
GC: pause 7.93ms. collected 520.011648MB. incr 
GC: pause 7.60ms. collected 519.084752MB. incr 
GC: pause 7.62ms. collected 520.448752MB. incr 
GC: pause 7.96ms. collected 518.975552MB. incr 
GC: pause 7.86ms. collected 520.213696MB. incr 
GC: pause 7.82ms. collected 520.543152MB. incr 
GC: pause 7.86ms. collected 520.541952MB. incr 
GC: pause 7.85ms. collected 521.996592MB. incr 
GC: pause 7.87ms. collected 521.071504MB. incr 
GC: pause 7.86ms. collected 520.541600MB. incr 
GC: pause 7.86ms. collected 520.541600MB. incr 
GC: pause 7.85ms. collected 521.998448MB. incr 
GC: pause 7.86ms. collected 521.071552MB. incr 
GC: pause 7.91ms. collected 520.543504MB. incr 
GC: pause 7.90ms. collected 522.526496MB. incr 
GC: pause 7.74ms. collected 522.528400MB. incr 
GC: pause 8.02ms. collected 520.868160MB. incr 
GC: pause 7.95ms. collected 522.201840MB. incr 
GC: pause 7.85ms. collected 522.528400MB. incr 
GC: pause 7.83ms. collected 522.528400MB. incr 
GC: pause 7.88ms. collected 522.528400MB. incr 
GC: pause 7.84ms. collected 522.528400MB. incr 
GC: pause 7.86ms. collected 522.528400MB. incr 
GC: pause 7.87ms. collected 522.530304MB. incr 
GC: pause 7.93ms. collected 524.513296MB. incr 
GC: pause 7.86ms. collected 522.529952MB. incr 
GC: pause 7.86ms. collected 523.983696MB. incr 
GC: pause 8.36ms. collected 523.058352MB. incr 
GC: pause 7.90ms. collected 523.985248MB. incr 
GC: pause 8.01ms. collected 523.058352MB. incr 
GC: pause 8.04ms. collected 524.515200MB. incr 
GC: pause 7.92ms. collected 524.399968MB. incr 
GC: pause 7.87ms. collected 522.643632MB. incr 
GC: pause 7.88ms. collected 524.515200MB. incr 
GC: pause 7.88ms. collected 524.515200MB. incr 
GC: pause 7.88ms. collected 524.515200MB. incr 
GC: pause 7.86ms. collected 524.515200MB. incr 
GC: pause 7.90ms. collected 524.515200MB. incr 
GC: pause 7.88ms. collected 524.517104MB. incr 
GC: pause 7.91ms. collected 526.500096MB. incr 
GC: pause 7.97ms. collected 524.517104MB. incr 
GC: pause 7.66ms. collected 526.493392MB. incr 
GC: pause 7.97ms. collected 524.523808MB. incr 
GC: pause 7.94ms. collected 526.500096MB. incr 
GC: pause 7.89ms. collected 526.409152MB. incr 
GC: pause 7.88ms. collected 524.609952MB. incr 
GC: pause 7.91ms. collected 526.500096MB. incr 
GC: pause 7.95ms. collected 526.502000MB. incr 
GC: pause 7.94ms. collected 526.502000MB. incr 
GC: pause 7.90ms. collected 526.502000MB. incr 
GC: pause 7.87ms. collected 526.502000MB. incr 
GC: pause 7.88ms. collected 526.502000MB. incr 
GC: pause 7.89ms. collected 526.503552MB. incr 
GC: pause 7.92ms. collected 528.391504MB. incr 
GC: pause 7.91ms. collected 526.597744MB. incr 
GC: pause 7.85ms. collected 526.503904MB. incr 
GC: pause 7.87ms. collected 528.486896MB. incr 
GC: pause 8.57ms. collected 528.390416MB. incr 
GC: pause 7.90ms. collected 526.600384MB. incr 
GC: pause 7.91ms. collected 528.395952MB. incr 
GC: pause 7.88ms. collected 528.051696MB. incr 
GC: pause 7.90ms. collected 527.031952MB. incr 
GC: pause 7.92ms. collected 528.488800MB. incr 
GC: pause 7.93ms. collected 528.488800MB. incr 
GC: pause 7.93ms. collected 528.488800MB. incr 
GC: pause 7.98ms. collected 528.815360MB. incr 
GC: pause 7.97ms. collected 530.149040MB. incr 
GC: pause 7.87ms. collected 528.488800MB. incr 
GC: pause 8.06ms. collected 528.490704MB. incr 
GC: pause 7.92ms. collected 530.473696MB. incr 
GC: pause 7.99ms. collected 528.816704MB. incr 
GC: pause 7.91ms. collected 530.147696MB. incr 
GC: pause 7.96ms. collected 530.475600MB. incr 
GC: pause 8.00ms. collected 528.815360MB. incr 
GC: pause 7.97ms. collected 530.149040MB. incr 
GC: pause 7.95ms. collected 530.475600MB. incr 
GC: pause 7.90ms. collected 530.475600MB. incr 
GC: pause 7.89ms. collected 530.475600MB. incr 
GC: pause 7.87ms. collected 530.475600MB. incr 
GC: pause 7.92ms. collected 530.475600MB. incr 
GC: pause 7.88ms. collected 530.477504MB. incr 
GC: pause 8.14ms. collected 532.453792MB. incr 
GC: pause 7.94ms. collected 530.482304MB. incr 
GC: pause 8.10ms. collected 530.803504MB. incr 
GC: pause 7.99ms. collected 532.134496MB. incr 
GC: pause 8.00ms. collected 532.462400MB. incr 
GC: pause 8.09ms. collected 530.802160MB. incr 
GC: pause 8.37ms. collected 532.135840MB. incr 
GC: pause 7.97ms. collected 532.462400MB. incr 
GC: pause 7.96ms. collected 532.462400MB. incr 
GC: pause 7.95ms. collected 532.369552MB. incr 
GC: pause 7.92ms. collected 532.025296MB. incr 
GC: pause 8.17ms. collected 531.332112MB. incr 
GC: pause 8.05ms. collected 532.462400MB. incr 
GC: pause 8.08ms. collected 534.122640MB. incr 
GC: pause 7.98ms. collected 532.462400MB. incr 
GC: pause 7.99ms. collected 532.464304MB. incr 
GC: pause 8.15ms. collected 534.447296MB. incr 
GC: pause 8.10ms. collected 532.790304MB. incr 
GC: pause 8.06ms. collected 534.121296MB. incr 
GC: pause 8.11ms. collected 534.443952MB. incr 
GC: pause 7.95ms. collected 532.469552MB. incr 
GC: pause 8.02ms. collected 534.447296MB. incr 
GC: pause 7.99ms. collected 534.449200MB. incr 
GC: pause 8.03ms. collected 534.449200MB. incr 
GC: pause 8.09ms. collected 534.449200MB. incr 
GC: pause 8.31ms. collected 534.449200MB. incr 
GC: pause 8.06ms. collected 534.449200MB. incr 
GC: pause 8.12ms. collected 534.449200MB. incr 
GC: pause 8.06ms. collected 534.449200MB. incr 
GC: pause 8.07ms. collected 535.906048MB. incr 
GC: pause 8.14ms. collected 534.979152MB. incr 
GC: pause 8.09ms. collected 534.451104MB. incr 
GC: pause 8.12ms. collected 536.434096MB. incr 
GC: pause 8.14ms. collected 536.436000MB. incr 
GC: pause 8.02ms. collected 534.451104MB. incr 
GC: pause 8.09ms. collected 536.434096MB. incr 
GC: pause 8.71ms. collected 536.436000MB. incr 
GC: pause 8.03ms. collected 536.436000MB. incr 
GC: pause 8.11ms. collected 536.436000MB. incr 
GC: pause 8.10ms. collected 536.436000MB. incr 
GC: pause 8.14ms. collected 536.436000MB. incr 
GC: pause 8.10ms. collected 536.437904MB. incr 
GC: pause 8.23ms. collected 538.414192MB. incr 
GC: pause 8.10ms. collected 536.442704MB. incr 
GC: pause 8.30ms. collected 536.763904MB. incr 
GC: pause 8.16ms. collected 538.094896MB. incr 
GC: pause 8.15ms. collected 538.422800MB. incr 
GC: pause 8.22ms. collected 536.762560MB. incr 
GC: pause 8.13ms. collected 538.096240MB. incr 
GC: pause 8.13ms. collected 538.422800MB. incr 
GC: pause 8.09ms. collected 538.422800MB. incr 
GC: pause 8.28ms. collected 538.329952MB. incr 
GC: pause 8.15ms. collected 537.985696MB. incr 
GC: pause 8.24ms. collected 537.292512MB. incr 
GC: pause 8.19ms. collected 538.423088MB. incr 
GC: pause 8.17ms. collected 540.082752MB. incr 
GC: pause 8.16ms. collected 538.422800MB. incr 
GC: pause 8.23ms. collected 538.749360MB. incr 
GC: pause 8.18ms. collected 540.083040MB. incr 
GC: pause 8.19ms. collected 539.879696MB. incr 
GC: pause 8.12ms. collected 538.952704MB. incr 
GC: pause 8.18ms. collected 540.316752MB. incr 
GC: pause 8.25ms. collected 538.841856MB. incr 
GC: pause 8.15ms. collected 540.083392MB. incr 
GC: pause 7.90ms. collected 540.409600MB. incr 
GC: pause 8.33ms. collected 540.409600MB. incr 
GC: pause 8.21ms. collected 540.409600MB. incr 
GC: pause 8.11ms. collected 540.409600MB. incr 
GC: pause 8.12ms. collected 540.409600MB. incr 
GC: pause 8.17ms. collected 540.409600MB. incr 
GC: pause 8.29ms. collected 540.736160MB. incr 
GC: pause 8.19ms. collected 542.069840MB. incr 
GC: pause 8.24ms. collected 540.736160MB. incr 
GC: pause 8.15ms. collected 542.069840MB. incr 
GC: pause 8.18ms. collected 541.866496MB. incr 
GC: pause 8.23ms. collected 540.939504MB. incr 
GC: pause 8.01ms. collected 542.396400MB. incr 
GC: pause 8.21ms. collected 542.303552MB. incr 
GC: pause 8.20ms. collected 540.504352MB. incr 
GC: pause 8.14ms. collected 542.394496MB. incr 
GC: pause 8.15ms. collected 542.398304MB. incr 
GC: pause 8.18ms. collected 543.851392MB. incr 
GC: pause 8.22ms. collected 542.926304MB. incr 
GC: pause 8.17ms. collected 542.396400MB. incr 
GC: pause 8.22ms. collected 542.397952MB. incr 
GC: pause 8.22ms. collected 544.288800MB. incr 
GC: pause 8.12ms. collected 542.489248MB. incr 
GC: pause 8.16ms. collected 544.288112MB. incr 
GC: pause 8.33ms. collected 542.493040MB. incr 
GC: pause 7.99ms. collected 544.381648MB. incr 
GC: pause 8.24ms. collected 544.290352MB. incr 
GC: pause 8.19ms. collected 542.491152MB. incr 
GC: pause 8.17ms. collected 544.381296MB. incr 
GC: pause 8.12ms. collected 544.383200MB. incr 
GC: pause 8.18ms. collected 544.383200MB. incr 
GC: pause 16.53ms. collected 544.385104MB. incr 
GC: pause 8.23ms. collected 546.275248MB. incr 
GC: pause 8.18ms. collected 544.476048MB. incr 
GC: pause 8.18ms. collected 544.383200MB. incr 
GC: pause 8.19ms. collected 546.263216MB. incr 
GC: pause 8.22ms. collected 544.489984MB. incr 
GC: pause 8.40ms. collected 544.709760MB. incr 
GC: pause 7.93ms. collected 546.043440MB. incr 
GC: pause 8.22ms. collected 546.370000MB. incr 
GC: pause 8.27ms. collected 546.363296MB. incr 
GC: pause 8.29ms. collected 544.717808MB. incr 
GC: pause 8.24ms. collected 546.042096MB. incr 
GC: pause 8.19ms. collected 546.371904MB. incr 
GC: pause 8.21ms. collected 547.824944MB. incr 
GC: pause 8.20ms. collected 546.899952MB. incr 
GC: pause 8.15ms. collected 546.370000MB. incr 
GC: pause 8.16ms. collected 546.370000MB. incr 
GC: pause 8.20ms. collected 546.371904MB. incr 
GC: pause 8.23ms. collected 548.354896MB. incr 
GC: pause 8.32ms. collected 546.696560MB. incr 
GC: pause 7.95ms. collected 548.030240MB. incr 
GC: pause 8.21ms. collected 548.263952MB. incr 
GC: pause 8.21ms. collected 546.462848MB. incr 
GC: pause 8.19ms. collected 548.356800MB. incr 
GC: pause 8.19ms. collected 548.356800MB. incr 
GC: pause 8.20ms. collected 548.263952MB. incr 
GC: pause 8.15ms. collected 547.919696MB. incr 
GC: pause 8.34ms. collected 547.226512MB. incr 
GC: pause 8.32ms. collected 548.358144MB. incr 
GC: pause 10.56ms. collected 550.015696MB. incr 
GC: pause 8.23ms. collected 548.358352MB. incr 
GC: pause 8.18ms. collected 549.812144MB. incr 
GC: pause 8.26ms. collected 548.886704MB. incr 
GC: pause 8.01ms. collected 549.813696MB. incr 
GC: pause 8.09ms. collected 548.886704MB. incr 
GC: pause 8.25ms. collected 550.343600MB. incr 
GC: pause 8.21ms. collected 550.250752MB. incr 
GC: pause 8.22ms. collected 548.451552MB. incr 
GC: pause 8.20ms. collected 550.341696MB. incr 
GC: pause 8.22ms. collected 550.343600MB. incr 
GC: pause 8.22ms. collected 550.343600MB. incr 
GC: pause 8.22ms. collected 550.345504MB. incr 
GC: pause 8.24ms. collected 552.235648MB. incr 
GC: pause 8.18ms. collected 550.436448MB. incr 
GC: pause 8.22ms. collected 550.343600MB. incr 
GC: pause 8.29ms. collected 552.232016MB. incr 
GC: pause 8.09ms. collected 550.441984MB. incr 
GC: pause 8.51ms. collected 550.671504MB. incr 
GC: pause 8.27ms. collected 552.002496MB. incr 
GC: pause 8.18ms. collected 552.330400MB. incr 
GC: pause 8.25ms. collected 552.330400MB. incr 
GC: pause 8.29ms. collected 552.237552MB. incr 
GC: pause 8.32ms. collected 550.764352MB. incr 
GC: pause 8.23ms. collected 552.004400MB. incr 
GC: pause 8.27ms. collected 553.785344MB. incr 
GC: pause 8.24ms. collected 552.860352MB. incr 
GC: pause 8.19ms. collected 552.330400MB. incr 
GC: pause 8.20ms. collected 552.330400MB. incr 
GC: pause 9.93ms. collected 552.332304MB. incr 
GC: pause 8.32ms. collected 554.315296MB. incr 
GC: pause 8.34ms. collected 552.332304MB. incr 
GC: pause 8.24ms. collected 554.315296MB. incr 
GC: pause 8.22ms. collected 554.224352MB. incr 
GC: pause 8.22ms. collected 552.424800MB. incr 
GC: pause 8.25ms. collected 554.315648MB. incr 
GC: pause 8.25ms. collected 554.317200MB. incr 
GC: pause 8.27ms. collected 554.317200MB. incr 
GC: pause 8.30ms. collected 554.317200MB. incr 
GC: pause 8.27ms. collected 554.317200MB. incr 
GC: pause 8.38ms. collected 554.317200MB. incr 
GC: pause 7.99ms. collected 554.317200MB. incr 
GC: pause 8.22ms. collected 554.317200MB. incr 
GC: pause 8.35ms. collected 554.643760MB. incr 
GC: pause 8.27ms. collected 555.977440MB. incr 
GC: pause 8.26ms. collected 556.211152MB. incr 
GC: pause 8.27ms. collected 554.410048MB. incr 
GC: pause 8.26ms. collected 556.297296MB. incr 
GC: pause 8.30ms. collected 555.780800MB. incr 
GC: pause 8.27ms. collected 554.847104MB. incr 
GC: pause 8.29ms. collected 556.304000MB. incr 
GC: pause 8.25ms. collected 556.304000MB. incr 
GC: pause 8.28ms. collected 556.304000MB. incr 
GC: pause 8.23ms. collected 556.305904MB. incr 
GC: pause 8.04ms. collected 558.196048MB. incr 
GC: pause 8.01ms. collected 556.396848MB. incr 
GC: pause 8.23ms. collected 556.305904MB. incr 
GC: pause 8.39ms. collected 558.288896MB. incr 
GC: pause 14.85ms. collected 556.630560MB. incr 
GC: pause 8.33ms. collected 557.964240MB. incr 
GC: pause 8.30ms. collected 558.284096MB. incr 
GC: pause 8.23ms. collected 556.312608MB. incr 
GC: pause 8.25ms. collected 558.288896MB. incr 
GC: pause 8.32ms. collected 558.290800MB. incr 
GC: pause 8.23ms. collected 558.290800MB. incr 
GC: pause 8.25ms. collected 558.290800MB. incr 
GC: pause 8.25ms. collected 558.292352MB. incr 
GC: pause 8.11ms. collected 559.746096MB. incr 
GC: pause 8.29ms. collected 558.820752MB. incr 
GC: pause 8.30ms. collected 558.290800MB. incr 
GC: pause 8.38ms. collected 558.618704MB. incr 
GC: pause 8.28ms. collected 559.949696MB. incr 
GC: pause 8.29ms. collected 560.270896MB. incr 
GC: pause 8.25ms. collected 558.299408MB. incr 
GC: pause 8.30ms. collected 560.275696MB. incr 
GC: pause 8.33ms. collected 560.277600MB. incr 
GC: pause 8.23ms. collected 559.747696MB. incr 
GC: pause 8.27ms. collected 558.822608MB. incr 
GC: pause 8.31ms. collected 560.277248MB. incr 
GC: pause 8.10ms. collected 561.732896MB. incr 
GC: pause 8.26ms. collected 560.807552MB. incr 
GC: pause 8.34ms. collected 560.277600MB. incr 
GC: pause 8.24ms. collected 560.277600MB. incr 
GC: pause 8.39ms. collected 560.604160MB. incr 
GC: pause 8.27ms. collected 561.937840MB. incr 
GC: pause 8.30ms. collected 562.171552MB. incr 
GC: pause 17.11ms. collected 560.370448MB. incr 
GC: pause 8.31ms. collected 562.257696MB. incr 
GC: pause 8.30ms. collected 561.741200MB. incr 
GC: pause 8.30ms. collected 560.807504MB. incr 
GC: pause 8.23ms. collected 562.264400MB. incr 
GC: pause 8.29ms. collected 562.264400MB. incr 
GC: pause 8.18ms. collected 562.264400MB. incr 
GC: pause 8.30ms. collected 562.266304MB. incr 
GC: pause 8.30ms. collected 564.132784MB. incr 
GC: pause 8.30ms. collected 562.380912MB. incr 
GC: pause 8.36ms. collected 562.264400MB. incr 
GC: pause 8.32ms. collected 563.721296MB. incr 
GC: pause 8.29ms. collected 562.794304MB. incr 
GC: pause 8.57ms. collected 564.158352MB. incr 
GC: pause 8.28ms. collected 562.359152MB. incr 
GC: pause 8.32ms. collected 564.249296MB. incr 
GC: pause 8.33ms. collected 564.251200MB. incr 
GC: pause 8.37ms. collected 564.244496MB. incr 
GC: pause 8.04ms. collected 564.142128MB. incr 
GC: pause 8.63ms. collected 562.706736MB. incr 
GC: pause 8.31ms. collected 563.926544MB. incr 
GC: pause 8.36ms. collected 566.143248MB. incr 
GC: pause 8.34ms. collected 564.344048MB. incr 
GC: pause 8.29ms. collected 564.251200MB. incr 
GC: pause 8.35ms. collected 566.145152MB. incr 
GC: pause 8.31ms. collected 564.344048MB. incr 
GC: pause 8.39ms. collected 566.145152MB. incr 
GC: pause 8.34ms. collected 564.345952MB. incr 
GC: pause 9.14ms. collected 566.236096MB. incr 
GC: pause 8.33ms. collected 566.238000MB. incr 
GC: pause 8.19ms. collected 566.145152MB. incr 
GC: pause 8.08ms. collected 565.800896MB. incr 
GC: pause 8.11ms. collected 564.783056MB. incr 
GC: pause 8.05ms. collected 566.238000MB. incr 
GC: pause 115.17ms. collected 568.216192MB. full 
GC: pause 321.77ms. collected 566.244704MB. full 
GC: pause 269.84ms. collected 566.564560MB. incr 
GC: pause 8.31ms. collected 567.898240MB. incr 
GC: pause 8.47ms. collected 566.565904MB. incr 
GC: pause 8.30ms. collected 567.896896MB. incr 
GC: pause 8.36ms. collected 568.218096MB. incr 
GC: pause 8.30ms. collected 566.246608MB. incr 
GC: pause 8.33ms. collected 568.222896MB. incr 
GC: pause 8.21ms. collected 568.224800MB. incr 
GC: pause 8.49ms. collected 568.224800MB. incr 
GC: pause 8.32ms. collected 568.224800MB. incr 
GC: pause 8.32ms. collected 568.224800MB. incr 
GC: pause 8.36ms. collected 568.224800MB. incr 
GC: pause 8.33ms. collected 568.224800MB. incr 
GC: pause 8.47ms. collected 568.551360MB. incr 
GC: pause 8.34ms. collected 569.885040MB. incr 
GC: pause 8.45ms. collected 568.551360MB. incr 
GC: pause 8.37ms. collected 569.885040MB. incr 
GC: pause 8.33ms. collected 570.118752MB. incr 
GC: pause 8.35ms. collected 568.319200MB. incr 
GC: pause 8.64ms. collected 570.210048MB. incr 
GC: pause 8.53ms. collected 570.211600MB. incr 
GC: pause 8.42ms. collected 570.118752MB. incr 
GC: pause 8.59ms. collected 569.774544MB. incr 
GC: pause 8.45ms. collected 569.082608MB. incr 
GC: pause 8.36ms. collected 571.340544MB. incr 
GC: pause 8.38ms. collected 570.741552MB. incr 
GC: pause 8.37ms. collected 570.211600MB. incr 
GC: pause 8.39ms. collected 570.213504MB. incr 
GC: pause 8.38ms. collected 572.196496MB. incr 
GC: pause 8.33ms. collected 570.213504MB. incr 
GC: pause 8.41ms. collected 572.196496MB. incr 
GC: pause 8.10ms. collected 572.198400MB. incr 
GC: pause 8.59ms. collected 570.538160MB. incr 
GC: pause 8.36ms. collected 571.871840MB. incr 
GC: pause 8.36ms. collected 572.198400MB. incr 
GC: pause 8.39ms. collected 572.198400MB. incr 
GC: pause 8.40ms. collected 572.200304MB. incr 
GC: pause 8.36ms. collected 573.653344MB. incr 
GC: pause 8.62ms. collected 572.728352MB. incr 
GC: pause 8.37ms. collected 572.198400MB. incr 
GC: pause 8.35ms. collected 572.200304MB. incr 
GC: pause 8.37ms. collected 574.183296MB. incr 
GC: pause 8.44ms. collected 572.200304MB. incr 
GC: pause 8.38ms. collected 574.183296MB. incr 
GC: pause 8.38ms. collected 574.180576MB. incr 
GC: pause 8.42ms. collected 572.204928MB. incr 
GC: pause 8.36ms. collected 574.183296MB. incr 
GC: pause 8.60ms. collected 574.185200MB. incr 
GC: pause 8.39ms. collected 574.185200MB. incr 
GC: pause 8.40ms. collected 574.185200MB. incr 
GC: pause 8.39ms. collected 574.187104MB. incr 
GC: pause 8.38ms. collected 576.077248MB. incr 
GC: pause 8.37ms. collected 574.278048MB. incr 
GC: pause 8.41ms. collected 574.187104MB. incr 
GC: pause 8.39ms. collected 576.170096MB. incr 
GC: pause 8.24ms. collected 574.511760MB. incr 
GC: pause 8.46ms. collected 575.845440MB. incr 
GC: pause 8.48ms. collected 576.165296MB. incr 
GC: pause 8.44ms. collected 574.193808MB. incr 
GC: pause 8.41ms. collected 576.170096MB. incr 
GC: pause 8.40ms. collected 576.172000MB. incr 
GC: pause 8.43ms. collected 576.172000MB. incr 
GC: pause 8.41ms. collected 576.173552MB. incr 
GC: pause 8.47ms. collected 576.498352MB. incr 
GC: pause 8.41ms. collected 577.830896MB. incr 
GC: pause 8.36ms. collected 576.173552MB. incr 
GC: pause 8.41ms. collected 577.627296MB. incr 
GC: pause 8.70ms. collected 576.701952MB. incr 
GC: pause 8.61ms. collected 576.499904MB. incr 
GC: pause 8.40ms. collected 577.830896MB. incr 
GC: pause 8.42ms. collected 578.158800MB. incr 
GC: pause 8.42ms. collected 578.152096MB. incr 
GC: pause 8.55ms. collected 576.506608MB. incr 
GC: pause 8.42ms. collected 577.830896MB. incr 
GC: pause 9.10ms. collected 578.160704MB. incr 
GC: pause 8.39ms. collected 579.613744MB. incr 
GC: pause 8.38ms. collected 578.688752MB. incr 
GC: pause 8.39ms. collected 578.158800MB. incr 
GC: pause 8.17ms. collected 578.158800MB. incr 
GC: pause 8.62ms. collected 578.485360MB. incr 
GC: pause 8.38ms. collected 579.819040MB. incr 
GC: pause 8.43ms. collected 579.615696MB. incr 
GC: pause 8.40ms. collected 578.688704MB. incr 
GC: pause 8.42ms. collected 580.138896MB. incr 
GC: pause 8.44ms. collected 579.622352MB. incr 
GC: pause 8.43ms. collected 578.688752MB. incr 
GC: pause 8.45ms. collected 580.145600MB. incr 
GC: pause 8.42ms. collected 580.145600MB. incr 
GC: pause 8.36ms. collected 580.145600MB. incr 
GC: pause 8.41ms. collected 580.145600MB. incr 
GC: pause 8.43ms. collected 580.145600MB. incr 
GC: pause 8.63ms. collected 581.602496MB. incr 
GC: pause 8.41ms. collected 580.675504MB. incr 
GC: pause 8.39ms. collected 580.147504MB. incr 
GC: pause 8.43ms. collected 582.130496MB. incr 
GC: pause 8.44ms. collected 582.125696MB. incr 
GC: pause 8.43ms. collected 580.154208MB. incr 
GC: pause 8.42ms. collected 582.130496MB. incr 
GC: pause 8.42ms. collected 582.132400MB. incr 
GC: pause 8.41ms. collected 582.132400MB. incr 
GC: pause 8.42ms. collected 582.127776MB. incr 
GC: pause 8.51ms. collected 582.044176MB. incr 
GC: pause 8.57ms. collected 582.132400MB. incr 
GC: pause 8.43ms. collected 582.225248MB. incr 
GC: pause 8.40ms. collected 582.132400MB. incr 
GC: pause 8.42ms. collected 582.132400MB. incr 
GC: pause 8.40ms. collected 583.589296MB. incr 
GC: pause 8.47ms. collected 582.662304MB. incr 
GC: pause 8.44ms. collected 584.026352MB. incr 
GC: pause 8.54ms. collected 582.551808MB. incr 
GC: pause 8.44ms. collected 583.792640MB. incr 
GC: pause 8.41ms. collected 584.119200MB. incr 
GC: pause 8.41ms. collected 584.119200MB. incr 
GC: pause 8.46ms. collected 584.119200MB. incr 
GC: pause 8.41ms. collected 584.119200MB. incr 
GC: pause 8.45ms. collected 584.119200MB. incr 
GC: pause 8.54ms. collected 584.447104MB. incr 
GC: pause 8.52ms. collected 585.778096MB. incr 
GC: pause 8.58ms. collected 584.445760MB. incr 
GC: pause 8.47ms. collected 585.779440MB. incr 
GC: pause 8.43ms. collected 585.576096MB. incr 
GC: pause 8.48ms. collected 584.649104MB. incr 
GC: pause 8.49ms. collected 586.099296MB. incr 
GC: pause 8.43ms. collected 585.582752MB. incr 
GC: pause 8.43ms. collected 584.649152MB. incr 
GC: pause 8.55ms. collected 586.106000MB. incr 
GC: pause 8.64ms. collected 586.106000MB. incr 
GC: pause 8.43ms. collected 586.107904MB. incr 
GC: pause 8.46ms. collected 587.560992MB. incr 
GC: pause 9.03ms. collected 586.635904MB. incr 
GC: pause 8.44ms. collected 586.106000MB. incr 
GC: pause 8.55ms. collected 587.562896MB. incr 
GC: pause 8.45ms. collected 586.635904MB. incr 
GC: pause 8.50ms. collected 587.999952MB. incr 
GC: pause 8.45ms. collected 586.200752MB. incr 
GC: pause 8.44ms. collected 588.090896MB. incr 
GC: pause 8.56ms. collected 588.092800MB. incr 
GC: pause 8.47ms. collected 587.999952MB. incr 
GC: pause 8.72ms. collected 586.526752MB. incr 
GC: pause 8.48ms. collected 587.766800MB. incr 
GC: pause 8.50ms. collected 589.984848MB. incr 
GC: pause 8.48ms. collected 588.185648MB. incr 
GC: pause 8.46ms. collected 588.092800MB. incr 
GC: pause 8.62ms. collected 588.419360MB. incr 
GC: pause 8.46ms. collected 589.753040MB. incr 
GC: pause 8.51ms. collected 589.549696MB. incr 
GC: pause 8.41ms. collected 588.622704MB. incr 
GC: pause 8.49ms. collected 590.072896MB. incr 
GC: pause 8.50ms. collected 588.432496MB. incr 
GC: pause 8.21ms. collected 589.746608MB. incr 
GC: pause 8.21ms. collected 590.079600MB. incr 
GC: pause 8.20ms. collected 590.079600MB. incr 
GC: pause 8.25ms. collected 590.081504MB. incr 
GC: pause 8.25ms. collected 591.971648MB. incr 
GC: pause 8.21ms. collected 590.172448MB. incr 
GC: pause 8.25ms. collected 590.079600MB. incr 
GC: pause 8.36ms. collected 591.973552MB. incr 
GC: pause 8.21ms. collected 590.172448MB. incr 
GC: pause 8.26ms. collected 591.536496MB. incr 
GC: pause 8.23ms. collected 590.611056MB. incr 
GC: pause 8.29ms. collected 592.064848MB. incr 
GC: pause 8.30ms. collected 592.066400MB. incr 
GC: pause 8.25ms. collected 591.536496MB. incr 
GC: pause 8.23ms. collected 590.611408MB. incr 
GC: pause 8.23ms. collected 592.066400MB. incr 
GC: pause 8.27ms. collected 593.953920MB. incr 
GC: pause 8.24ms. collected 592.163776MB. incr 
GC: pause 8.24ms. collected 592.066400MB. incr 
GC: pause 8.24ms. collected 592.066400MB. incr 
GC: pause 8.32ms. collected 593.960352MB. incr 
GC: pause 8.24ms. collected 592.159248MB. incr 
GC: pause 8.26ms. collected 593.960352MB. incr 
GC: pause 8.27ms. collected 592.161152MB. incr 
GC: pause 8.26ms. collected 594.051296MB. incr 
GC: pause 8.28ms. collected 594.053200MB. incr 
GC: pause 8.26ms. collected 594.046496MB. incr 
GC: pause 8.31ms. collected 593.959984MB. incr 
GC: pause 8.39ms. collected 592.494224MB. incr 
GC: pause 8.27ms. collected 593.727200MB. incr 
GC: pause 8.29ms. collected 596.038096MB. incr 
GC: pause 8.26ms. collected 594.053200MB. incr 
GC: pause 8.36ms. collected 594.379760MB. incr 
GC: pause 8.28ms. collected 595.713440MB. incr 
GC: pause 19.66ms. collected 595.947152MB. incr 
GC: pause 8.27ms. collected 594.146048MB. incr 
GC: pause 8.29ms. collected 596.033296MB. incr 
GC: pause 8.31ms. collected 595.516800MB. incr 
GC: pause 8.24ms. collected 594.583104MB. incr 
GC: pause 8.27ms. collected 596.040000MB. incr 
GC: pause 8.27ms. collected 596.040000MB. incr 
GC: pause 8.30ms. collected 596.041552MB. incr 
GC: pause 8.27ms. collected 597.495296MB. incr 
GC: pause 8.28ms. collected 596.569952MB. incr 
GC: pause 8.28ms. collected 596.040000MB. incr 
GC: pause 8.29ms. collected 596.041904MB. incr 
GC: pause 8.29ms. collected 598.024896MB. incr 
GC: pause 8.30ms. collected 597.933952MB. incr 
GC: pause 8.29ms. collected 596.132848MB. incr 
GC: pause 8.33ms. collected 598.026800MB. incr 
GC: pause 8.29ms. collected 598.020096MB. incr 
GC: pause 8.44ms. collected 596.374608MB. incr 
GC: pause 8.27ms. collected 597.700448MB. incr 
GC: pause 8.39ms. collected 598.351808MB. incr 
GC: pause 8.30ms. collected 599.675984MB. incr 
GC: pause 8.30ms. collected 598.037856MB. incr 
GC: pause 8.31ms. collected 598.026800MB. incr 
GC: pause 8.32ms. collected 598.028704MB. incr 
GC: pause 8.30ms. collected 600.011696MB. incr 
GC: pause 8.31ms. collected 599.483696MB. incr 
GC: pause 8.31ms. collected 598.556704MB. incr 
GC: pause 10.63ms. collected 599.920752MB. incr 
GC: pause 8.39ms. collected 598.446208MB. incr 
GC: pause 8.33ms. collected 599.687040MB. incr 
GC: pause 8.32ms. collected 600.013600MB. incr 
GC: pause 8.33ms. collected 600.013600MB. incr 
GC: pause 8.30ms. collected 600.015504MB. incr 
GC: pause 8.33ms. collected 601.468592MB. incr 
GC: pause 8.53ms. collected 600.543504MB. incr 
GC: pause 8.32ms. collected 600.013600MB. incr 
GC: pause 8.31ms. collected 601.470496MB. incr 
GC: pause 8.33ms. collected 600.543504MB. incr 
GC: pause 8.33ms. collected 601.470496MB. incr 
GC: pause 8.30ms. collected 600.543504MB. incr 
GC: pause 8.31ms. collected 602.000400MB. incr 
GC: pause 8.33ms. collected 602.000400MB. incr 
GC: pause 8.32ms. collected 601.895216MB. incr 
GC: pause 8.35ms. collected 600.442352MB. incr 
GC: pause 8.30ms. collected 601.676832MB. incr 
GC: pause 8.45ms. collected 602.328304MB. incr 
GC: pause 8.36ms. collected 603.659296MB. incr 
GC: pause 8.34ms. collected 602.000400MB. incr 
GC: pause 8.51ms. collected 602.328304MB. incr 
GC: pause 8.34ms. collected 603.659296MB. incr 
GC: pause 8.35ms. collected 603.980496MB. incr 
GC: pause 8.35ms. collected 602.009008MB. incr 
GC: pause 8.39ms. collected 603.985296MB. incr 
GC: pause 8.35ms. collected 603.987200MB. incr 
GC: pause 8.48ms. collected 602.328304MB. incr 
GC: pause 8.36ms. collected 603.660848MB. incr 
GC: pause 8.48ms. collected 604.312208MB. incr 
GC: pause 8.38ms. collected 605.554592MB. incr 
GC: pause 8.65ms. collected 604.080048MB. incr 
GC: pause 8.54ms. collected 603.987200MB. incr 
GC: pause 8.58ms. collected 603.989104MB. incr 
GC: pause 8.64ms. collected 605.972096MB. incr 
GC: pause 8.61ms. collected 603.989104MB. incr 
GC: pause 8.63ms. collected 605.972096MB. incr 
GC: pause 8.61ms. collected 605.881152MB. incr 
GC: pause 8.56ms. collected 604.081952MB. incr 
GC: pause 8.59ms. collected 605.972096MB. incr 
GC: pause 8.67ms. collected 605.974000MB. incr 
GC: pause 8.55ms. collected 605.974000MB. incr 
GC: pause 8.64ms. collected 605.974000MB. incr 
GC: pause 8.63ms. collected 605.974000MB. incr 
GC: pause 8.73ms. collected 606.300560MB. incr 
GC: pause 8.64ms. collected 607.634240MB. incr 
GC: pause 8.60ms. collected 605.975904MB. incr 
GC: pause 8.64ms. collected 607.953328MB. incr 
GC: pause 8.65ms. collected 606.304720MB. incr 
GC: pause 8.59ms. collected 607.635648MB. incr 
GC: pause 8.58ms. collected 607.953344MB. incr 
GC: pause 8.59ms. collected 605.983360MB. incr 
GC: pause 8.60ms. collected 607.958896MB. incr 
GC: pause 17.23ms. collected 607.960800MB. incr 
GC: pause 8.66ms. collected 607.960800MB. incr 
GC: pause 8.69ms. collected 608.287360MB. incr 
GC: pause 8.64ms. collected 609.621040MB. incr 
GC: pause 8.60ms. collected 607.960800MB. incr 
GC: pause 8.62ms. collected 607.962704MB. incr 
GC: pause 8.61ms. collected 609.945696MB. incr 
GC: pause 8.66ms. collected 609.417696MB. incr 
GC: pause 8.57ms. collected 608.490704MB. incr 
GC: pause 8.63ms. collected 609.854752MB. incr 
GC: pause 8.58ms. collected 608.380208MB. incr 
GC: pause 8.66ms. collected 609.621040MB. incr 
GC: pause 8.64ms. collected 609.947600MB. incr 
GC: pause 8.58ms. collected 609.947600MB. incr 
GC: pause 8.65ms. collected 609.949504MB. incr 
GC: pause 8.88ms. collected 611.839648MB. incr 
GC: pause 8.64ms. collected 610.040448MB. incr 
GC: pause 8.60ms. collected 609.947600MB. incr 
GC: pause 8.66ms. collected 611.841552MB. incr 
GC: pause 8.60ms. collected 610.040448MB. incr 
GC: pause 8.74ms. collected 611.836416MB. incr 
GC: pause 8.58ms. collected 610.047488MB. incr 
GC: pause 8.68ms. collected 611.932496MB. incr 
GC: pause 8.70ms. collected 611.934400MB. incr 
GC: pause 8.70ms. collected 611.841552MB. incr 
GC: pause 8.65ms. collected 611.497344MB. incr 
GC: pause 18.48ms. collected 610.805408MB. incr 
GC: pause 8.63ms. collected 613.063344MB. incr 
GC: pause 8.65ms. collected 612.464352MB. incr 
GC: pause 8.61ms. collected 611.934400MB. incr 
GC: pause 8.72ms. collected 612.260960MB. incr 
GC: pause 8.66ms. collected 613.594640MB. incr 
GC: pause 8.62ms. collected 613.828352MB. incr 
GC: pause 8.37ms. collected 612.027248MB. incr 
GC: pause 8.67ms. collected 613.921200MB. incr 
GC: pause 8.69ms. collected 613.914496MB. incr 
GC: pause 8.74ms. collected 612.269008MB. incr 
GC: pause 8.64ms. collected 613.595200MB. incr 
GC: pause 8.63ms. collected 615.376144MB. incr 
GC: pause 8.68ms. collected 614.451152MB. incr 
GC: pause 8.73ms. collected 613.921200MB. incr 
GC: pause 8.62ms. collected 613.921200MB. incr 
GC: pause 8.74ms. collected 614.247760MB. incr 
GC: pause 8.78ms. collected 615.581440MB. incr 
GC: pause 8.38ms. collected 615.815152MB. incr 
GC: pause 8.68ms. collected 614.014048MB. incr 
GC: pause 8.69ms. collected 615.908000MB. incr 
GC: pause 8.70ms. collected 615.815152MB. incr 
GC: pause 8.64ms. collected 614.015952MB. incr 
GC: pause 8.64ms. collected 615.906096MB. incr 
GC: pause 8.77ms. collected 616.234560MB. incr 
GC: pause 8.76ms. collected 617.475392MB. incr 
GC: pause 10.18ms. collected 616.000848MB. incr 
GC: pause 8.64ms. collected 615.908000MB. incr 
GC: pause 8.77ms. collected 616.235904MB. incr 
GC: pause 8.47ms. collected 617.566896MB. incr 
GC: pause 8.65ms. collected 617.801952MB. incr 
GC: pause 8.67ms. collected 616.002400MB. incr 
GC: pause 8.70ms. collected 617.893248MB. incr 
GC: pause 8.71ms. collected 617.894800MB. incr 
GC: pause 8.68ms. collected 617.364848MB. incr 
GC: pause 8.65ms. collected 616.439856MB. incr 
GC: pause 8.67ms. collected 617.892896MB. incr 
GC: pause 8.80ms. collected 618.222704MB. incr 
GC: pause 8.77ms. collected 619.553696MB. incr 
GC: pause 8.98ms. collected 617.894800MB. incr 
GC: pause 8.72ms. collected 618.222704MB. incr 
GC: pause 8.69ms. collected 619.553696MB. incr 
GC: pause 8.76ms. collected 619.874896MB. incr 
GC: pause 8.71ms. collected 617.903408MB. incr 
GC: pause 8.71ms. collected 619.879696MB. incr 
GC: pause 8.68ms. collected 619.881600MB. incr 
GC: pause 8.67ms. collected 619.351696MB. incr 
GC: pause 8.69ms. collected 618.426608MB. incr 
GC: pause 8.70ms. collected 619.881600MB. incr 
GC: pause 8.72ms. collected 621.773648MB. incr 
GC: pause 8.76ms. collected 619.974448MB. incr 
GC: pause 8.44ms. collected 619.881600MB. incr 
GC: pause 9.21ms. collected 619.883504MB. incr 
GC: pause 8.70ms. collected 621.866496MB. incr 
GC: pause 8.81ms. collected 620.209504MB. incr 
GC: pause 8.71ms. collected 621.540496MB. incr 
GC: pause 8.78ms. collected 621.868400MB. incr 
GC: pause 8.70ms. collected 621.338448MB. incr 
GC: pause 8.97ms. collected 620.413104MB. incr 
GC: pause 8.67ms. collected 621.866848MB. incr 
GC: pause 8.73ms. collected 621.869952MB. incr 
GC: pause 8.82ms. collected 622.193408MB. incr 
GC: pause 8.47ms. collected 623.528640MB. incr 
GC: pause 8.42ms. collected 621.868400MB. incr 
GC: pause 8.96ms. collected 621.870304MB. incr 
GC: pause 8.69ms. collected 623.853296MB. incr 
GC: pause 8.71ms. collected 623.325296MB. incr 
GC: pause 8.69ms. collected 622.398304MB. incr 
GC: pause 8.71ms. collected 623.762352MB. incr 
GC: pause 8.81ms. collected 622.287808MB. incr 
GC: pause 8.69ms. collected 623.528640MB. incr 
GC: pause 8.71ms. collected 623.855200MB. incr 
GC: pause 8.69ms. collected 623.857104MB. incr 
GC: pause 8.73ms. collected 625.310144MB. incr 
GC: pause 8.68ms. collected 624.385152MB. incr 
GC: pause 8.90ms. collected 623.855200MB. incr 
GC: pause 8.71ms. collected 623.857104MB. incr 
GC: pause 8.71ms. collected 625.840096MB. incr 
GC: pause 8.91ms. collected 623.857104MB. incr 
GC: pause 8.74ms. collected 625.840096MB. incr 
GC: pause 8.76ms. collected 625.842000MB. incr 
GC: pause 8.84ms. collected 624.181760MB. incr 
GC: pause 8.68ms. collected 625.515440MB. incr 
GC: pause 8.68ms. collected 625.842000MB. incr 
GC: pause 8.70ms. collected 625.843904MB. incr 
GC: pause 8.49ms. collected 627.296944MB. incr 
GC: pause 9.13ms. collected 626.371952MB. incr 
GC: pause 8.85ms. collected 625.842000MB. incr 
GC: pause 8.71ms. collected 625.843904MB. incr 
GC: pause 8.80ms. collected 627.826896MB. incr 
GC: pause 8.78ms. collected 625.843904MB. incr 
GC: pause 8.74ms. collected 627.826896MB. incr 
GC: pause 8.79ms. collected 627.828800MB. incr 
GC: pause 8.80ms. collected 626.168560MB. incr 
GC: pause 8.74ms. collected 627.502240MB. incr 
GC: pause 8.71ms. collected 627.828800MB. incr 
GC: pause 8.90ms. collected 627.830704MB. incr 
GC: pause 8.75ms. collected 629.283744MB. incr 
GC: pause 8.98ms. collected 628.358752MB. incr 
GC: pause 8.75ms. collected 627.828800MB. incr 
GC: pause 8.76ms. collected 627.830704MB. incr 
GC: pause 8.77ms. collected 629.813696MB. incr 
GC: pause 8.87ms. collected 628.155360MB. incr 
GC: pause 9.38ms. collected 629.489040MB. incr 
GC: pause 8.79ms. collected 629.815600MB. incr 
GC: pause 8.86ms. collected 628.156704MB. incr 
GC: pause 8.82ms. collected 629.487696MB. incr 
GC: pause 9.06ms. collected 629.817152MB. incr 
GC: pause 8.75ms. collected 629.815952MB. incr 
GC: pause 8.79ms. collected 631.707648MB. incr 
GC: pause 8.74ms. collected 629.908448MB. incr 
GC: pause 8.74ms. collected 629.815600MB. incr 
GC: pause 8.75ms. collected 631.272448MB. incr 
GC: pause 8.75ms. collected 630.345552MB. incr 
GC: pause 8.87ms. collected 630.142160MB. incr 
GC: pause 8.80ms. collected 631.475840MB. incr 
GC: pause 8.74ms. collected 631.802400MB. incr 
GC: pause 8.59ms. collected 631.797776MB. incr 
GC: pause 8.77ms. collected 631.277072MB. incr 
GC: pause 8.79ms. collected 630.347456MB. incr 
GC: pause 8.74ms. collected 631.800496MB. incr 
GC: pause 8.80ms. collected 633.259248MB. incr 
GC: pause 8.94ms. collected 632.332352MB. incr 
GC: pause 8.77ms. collected 631.802400MB. incr 
GC: pause 8.80ms. collected 631.804304MB. incr 
GC: pause 8.82ms. collected 633.787296MB. incr 
GC: pause 8.86ms. collected 632.130304MB. incr 
GC: pause 8.77ms. collected 633.461296MB. incr 
GC: pause 8.50ms. collected 633.789200MB. incr 
GC: pause 9.18ms. collected 633.696352MB. incr 
GC: pause 8.82ms. collected 632.223152MB. incr 
GC: pause 8.80ms. collected 633.463200MB. incr 
GC: pause 8.74ms. collected 635.244144MB. incr 
GC: pause 8.80ms. collected 634.319152MB. incr 
GC: pause 8.81ms. collected 633.789200MB. incr 
GC: pause 8.79ms. collected 633.789200MB. incr 
GC: pause 8.70ms. collected 635.246048MB. incr 
GC: pause 8.73ms. collected 634.319152MB. incr 
GC: pause 8.80ms. collected 635.246048MB. incr 
GC: pause 8.53ms. collected 634.319152MB. incr 
GC: pause 8.97ms. collected 635.776000MB. incr 
GC: pause 8.98ms. collected 635.776000MB. incr 
GC: pause 8.81ms. collected 635.246096MB. incr 
GC: pause 8.80ms. collected 634.644784MB. incr 
GC: pause 8.79ms. collected 635.452224MB. incr 
GC: pause 8.89ms. collected 637.668048MB. incr 
GC: pause 8.79ms. collected 635.868848MB. incr 
GC: pause 8.77ms. collected 635.777552MB. incr 
GC: pause 8.82ms. collected 637.761248MB. incr 
GC: pause 8.92ms. collected 635.777904MB. incr 
GC: pause 9.05ms. collected 637.760896MB. incr 
GC: pause 9.00ms. collected 637.756096MB. incr 
GC: pause 8.77ms. collected 635.784608MB. incr 
GC: pause 8.79ms. collected 637.760896MB. incr 
GC: pause 9.32ms. collected 637.762800MB. incr 
GC: pause 8.81ms. collected 637.762800MB. incr 
GC: pause 8.87ms. collected 637.764352MB. incr 
GC: pause 8.81ms. collected 639.218096MB. incr 
GC: pause 8.75ms. collected 638.292752MB. incr 
GC: pause 8.80ms. collected 637.762800MB. incr 
GC: pause 8.77ms. collected 639.219648MB. incr 
GC: pause 8.82ms. collected 638.292752MB. incr 
GC: pause 8.84ms. collected 639.656752MB. incr 
GC: pause 8.77ms. collected 637.857552MB. incr 
GC: pause 8.79ms. collected 639.747696MB. incr 
GC: pause 8.75ms. collected 639.749600MB. incr 
GC: pause 8.78ms. collected 639.749600MB. incr 
GC: pause 8.77ms. collected 639.749600MB. incr 
GC: pause 8.76ms. collected 639.749600MB. incr 
GC: pause 8.77ms. collected 639.749600MB. incr 
GC: pause 9.00ms. collected 640.077504MB. incr 
GC: pause 9.03ms. collected 641.408496MB. incr 
GC: pause 8.96ms. collected 641.206496MB. incr 
GC: pause 8.83ms. collected 640.279504MB. incr 
GC: pause 8.82ms. collected 641.643552MB. incr 
GC: pause 8.79ms. collected 639.844352MB. incr 
GC: pause 8.80ms. collected 641.734496MB. incr 
GC: pause 8.85ms. collected 641.736400MB. incr 
GC: pause 8.81ms. collected 641.736400MB. incr 
GC: pause 8.99ms. collected 641.736400MB. incr 
GC: pause 8.83ms. collected 641.737952MB. incr 
GC: pause 8.63ms. collected 643.191744MB. incr 
GC: pause 8.85ms. collected 642.266304MB. incr 
GC: pause 8.86ms. collected 641.738304MB. incr 
GC: pause 8.83ms. collected 643.721296MB. incr 
GC: pause 8.87ms. collected 643.630352MB. incr 
GC: pause 8.85ms. collected 641.829248MB. incr 
GC: pause 8.90ms. collected 643.723200MB. incr 
GC: pause 8.86ms. collected 643.630352MB. incr 
GC: pause 8.90ms. collected 642.155808MB. incr 
GC: pause 8.80ms. collected 643.398192MB. incr 
GC: pause 9.02ms. collected 644.049552MB. incr 
GC: pause 8.89ms. collected 645.382096MB. incr 
GC: pause 8.80ms. collected 643.723200MB. incr 
GC: pause 8.94ms. collected 644.049760MB. incr 
GC: pause 8.78ms. collected 645.383440MB. incr 
GC: pause 8.81ms. collected 645.617152MB. incr 
GC: pause 8.84ms. collected 643.816048MB. incr 
GC: pause 8.87ms. collected 645.703296MB. incr 
GC: pause 8.83ms. collected 645.186800MB. incr 
GC: pause 8.83ms. collected 644.254656MB. incr 
GC: pause 8.87ms. collected 645.708448MB. incr 
GC: pause 8.65ms. collected 645.711904MB. incr 
GC: pause 8.94ms. collected 647.164944MB. incr 
GC: pause 15.74ms. collected 646.239952MB. incr 
GC: pause 8.82ms. collected 645.710000MB. incr 
GC: pause 8.84ms. collected 645.711904MB. incr 
GC: pause 8.84ms. collected 647.694896MB. incr 
GC: pause 8.87ms. collected 647.603952MB. incr 
GC: pause 8.93ms. collected 645.802912MB. incr 
GC: pause 8.87ms. collected 647.696736MB. incr 
GC: pause 8.88ms. collected 647.696800MB. incr 
GC: pause 9.04ms. collected 647.166896MB. incr 
GC: pause 8.68ms. collected 646.566464MB. incr 
GC: pause 9.09ms. collected 647.696800MB. incr 
GC: pause 8.92ms. collected 649.357040MB. incr 
GC: pause 8.82ms. collected 647.696800MB. incr 
GC: pause 8.88ms. collected 647.698704MB. incr 
GC: pause 8.85ms. collected 649.681696MB. incr 
GC: pause 8.94ms. collected 648.023360MB. incr 
GC: pause 8.86ms. collected 649.357040MB. incr 
GC: pause 8.84ms. collected 649.678320MB. incr 
GC: pause 9.02ms. collected 648.028640MB. incr 
GC: pause 8.86ms. collected 649.357040MB. incr 
GC: pause 9.01ms. collected 649.683600MB. incr 
GC: pause 8.99ms. collected 649.685504MB. incr 
GC: pause 8.85ms. collected 651.138592MB. incr 
GC: pause 9.10ms. collected 650.213504MB. incr 
GC: pause 11.23ms. collected 649.683600MB. incr 
GC: pause 9.05ms. collected 650.010160MB. incr 
GC: pause 8.88ms. collected 651.343840MB. incr 
GC: pause 8.86ms. collected 651.577552MB. incr 
GC: pause 8.87ms. collected 649.776448MB. incr 
GC: pause 8.94ms. collected 651.670400MB. incr 
GC: pause 8.62ms. collected 651.663696MB. incr 
GC: pause 9.00ms. collected 650.018208MB. incr 
GC: pause 8.87ms. collected 651.344400MB. incr 
GC: pause 8.88ms. collected 653.125392MB. incr 
GC: pause 8.92ms. collected 652.200304MB. incr 
GC: pause 8.96ms. collected 651.670400MB. incr 
GC: pause 8.91ms. collected 651.672304MB. incr 
GC: pause 8.92ms. collected 653.655296MB. incr 
GC: pause 8.87ms. collected 651.672304MB. incr 
GC: pause 8.85ms. collected 653.655296MB. incr 
GC: pause 9.00ms. collected 653.657200MB. incr 
GC: pause 9.23ms. collected 651.996960MB. incr 
GC: pause 8.94ms. collected 653.330640MB. incr 
GC: pause 8.91ms. collected 653.657200MB. incr 
GC: pause 8.90ms. collected 653.659104MB. incr 
GC: pause 8.89ms. collected 655.532640MB. incr 
GC: pause 8.91ms. collected 653.766656MB. incr 
GC: pause 8.89ms. collected 653.657200MB. incr 
GC: pause 9.06ms. collected 653.983760MB. incr 
GC: pause 8.85ms. collected 655.317440MB. incr 
GC: pause 9.33ms. collected 655.551152MB. incr 
GC: pause 8.63ms. collected 653.751600MB. incr 
GC: pause 8.89ms. collected 655.642448MB. incr 
GC: pause 8.90ms. collected 655.644000MB. incr 
GC: pause 8.95ms. collected 655.551152MB. incr 
GC: pause 8.89ms. collected 655.206944MB. incr 
GC: pause 8.98ms. collected 654.515008MB. incr 
GC: pause 8.88ms. collected 656.772992MB. incr 
GC: pause 8.91ms. collected 656.173904MB. incr 
GC: pause 8.86ms. collected 655.644000MB. incr 
GC: pause 8.97ms. collected 657.537952MB. incr 
GC: pause 8.87ms. collected 655.738400MB. incr 
GC: pause 9.07ms. collected 657.629248MB. incr 
GC: pause 8.92ms. collected 657.100896MB. incr 
GC: pause 8.94ms. collected 656.173904MB. incr 
GC: pause 8.90ms. collected 657.630800MB. incr 
GC: pause 8.88ms. collected 657.630800MB. incr 
GC: pause 8.91ms. collected 657.630800MB. incr 
GC: pause 8.89ms. collected 657.632704MB. incr 
GC: pause 8.91ms. collected 659.522848MB. incr 
GC: pause 8.96ms. collected 657.723648MB. incr 
GC: pause 8.65ms. collected 657.632704MB. incr 
GC: pause 8.90ms. collected 659.615696MB. incr 
GC: pause 15.89ms. collected 659.610896MB. incr 
GC: pause 8.91ms. collected 657.639408MB. incr 
GC: pause 8.92ms. collected 659.615696MB. incr 
GC: pause 8.98ms. collected 659.617600MB. incr 
GC: pause 8.94ms. collected 659.617600MB. incr 
GC: pause 8.89ms. collected 659.617600MB. incr 
GC: pause 8.89ms. collected 659.617600MB. incr 
GC: pause 8.87ms. collected 659.617600MB. incr 
GC: pause 8.91ms. collected 659.619152MB. incr 
GC: pause 8.97ms. collected 661.510000MB. incr 
GC: pause 9.18ms. collected 659.710448MB. incr 
GC: pause 8.95ms. collected 661.511552MB. incr 
GC: pause 8.91ms. collected 659.712352MB. incr 
GC: pause 8.97ms. collected 661.602496MB. incr 
GC: pause 8.95ms. collected 661.604400MB. incr 
GC: pause 8.95ms. collected 661.604400MB. incr 
GC: pause 8.98ms. collected 661.597696MB. incr 
GC: pause 8.89ms. collected 661.518256MB. incr 
GC: pause 8.95ms. collected 661.604400MB. incr 
GC: pause 9.00ms. collected 661.697248MB. incr 
GC: pause 8.89ms. collected 661.604400MB. incr 
GC: pause 8.88ms. collected 661.604400MB. incr 
GC: pause 8.89ms. collected 663.584496MB. incr 
GC: pause 9.09ms. collected 661.937664MB. incr 
GC: pause 18.01ms. collected 663.264640MB. incr 
GC: pause 8.90ms. collected 663.591200MB. incr 
GC: pause 8.87ms. collected 663.591200MB. incr 
GC: pause 8.91ms. collected 663.584496MB. incr 
GC: pause 8.94ms. collected 663.505056MB. incr 
GC: pause 8.67ms. collected 663.591200MB. incr 
GC: pause 8.88ms. collected 663.684048MB. incr 
GC: pause 8.88ms. collected 663.591200MB. incr 
GC: pause 8.90ms. collected 663.591200MB. incr 
GC: pause 8.92ms. collected 665.485152MB. incr 
GC: pause 8.95ms. collected 663.685600MB. incr 
GC: pause 8.94ms. collected 665.576448MB. incr 
GC: pause 8.94ms. collected 665.566224MB. incr 
GC: pause 8.89ms. collected 663.604880MB. incr 
GC: pause 8.90ms. collected 665.576096MB. incr 
GC: pause 9.06ms. collected 665.579904MB. incr 
GC: pause 8.64ms. collected 667.032992MB. incr 
GC: pause 8.96ms. collected 666.107904MB. incr 
GC: pause 8.87ms. collected 665.578000MB. incr 
GC: pause 8.96ms. collected 667.034848MB. incr 
GC: pause 8.94ms. collected 666.107952MB. incr 
GC: pause 8.93ms. collected 667.034848MB. incr 
GC: pause 8.96ms. collected 666.107952MB. incr 
GC: pause 8.96ms. collected 667.564800MB. incr 
GC: pause 11.80ms. collected 667.564800MB. incr 
GC: pause 8.94ms. collected 667.034896MB. incr 
GC: pause 8.97ms. collected 666.434464MB. incr 
GC: pause 9.16ms. collected 667.564800MB. incr 
GC: pause 8.96ms. collected 669.225040MB. incr 
GC: pause 8.93ms. collected 667.564800MB. incr 
GC: pause 8.97ms. collected 667.566704MB. incr 
GC: pause 8.93ms. collected 669.549696MB. incr 
GC: pause 8.96ms. collected 669.458752MB. incr 
GC: pause 8.89ms. collected 667.657648MB. incr 
GC: pause 8.97ms. collected 669.551600MB. incr 
GC: pause 8.96ms. collected 669.544896MB. incr 
GC: pause 8.98ms. collected 667.899408MB. incr 
GC: pause 9.09ms. collected 669.225600MB. incr 
GC: pause 8.97ms. collected 671.006592MB. incr 
GC: pause 8.91ms. collected 670.081504MB. incr 
GC: pause 8.92ms. collected 669.551600MB. incr 
GC: pause 8.91ms. collected 669.553504MB. incr 
GC: pause 8.97ms. collected 671.536496MB. incr 
GC: pause 9.06ms. collected 669.878160MB. incr 
GC: pause 8.91ms. collected 671.211840MB. incr 
GC: pause 8.90ms. collected 671.538400MB. incr 
GC: pause 9.10ms. collected 669.879504MB. incr 
GC: pause 9.01ms. collected 671.210496MB. incr 
GC: pause 9.37ms. collected 671.540304MB. incr 
GC: pause 8.94ms. collected 672.993344MB. incr 
GC: pause 9.20ms. collected 672.068352MB. incr 
GC: pause 8.95ms. collected 671.538400MB. incr 
GC: pause 8.95ms. collected 671.539952MB. incr 
GC: pause 8.97ms. collected 673.516944MB. incr 
GC: pause 8.91ms. collected 671.547008MB. incr 
GC: pause 8.96ms. collected 673.523296MB. incr 
GC: pause 9.12ms. collected 673.518496MB. incr 
GC: pause 8.70ms. collected 671.547008MB. incr 
GC: pause 9.11ms. collected 673.523296MB. incr 
GC: pause 9.02ms. collected 673.526752MB. incr 
GC: pause 8.92ms. collected 673.525552MB. incr 
GC: pause 9.01ms. collected 675.417248MB. incr 
GC: pause 8.99ms. collected 673.618048MB. incr 
GC: pause 8.95ms. collected 673.525200MB. incr 
GC: pause 8.99ms. collected 675.419152MB. incr 
GC: pause 8.94ms. collected 673.619600MB. incr 
GC: pause 8.97ms. collected 675.503744MB. incr 
GC: pause 9.02ms. collected 674.988752MB. incr 
GC: pause 8.71ms. collected 674.055152MB. incr 
GC: pause 9.04ms. collected 675.512000MB. incr 
GC: pause 8.92ms. collected 675.512000MB. incr 
GC: pause 8.94ms. collected 675.512000MB. incr 
GC: pause 9.06ms. collected 675.512000MB. incr 
GC: pause 8.98ms. collected 675.513552MB. incr 
GC: pause 9.00ms. collected 677.404400MB. incr 
GC: pause 8.95ms. collected 675.604848MB. incr 
GC: pause 9.03ms. collected 675.839904MB. incr 
GC: pause 9.02ms. collected 677.170896MB. incr 
GC: pause 8.82ms. collected 677.498800MB. incr 
GC: pause 9.16ms. collected 677.498800MB. incr 
GC: pause 9.03ms. collected 677.405952MB. incr 
GC: pause 9.01ms. collected 677.061696MB. incr 
GC: pause 9.01ms. collected 676.043856MB. incr 
GC: pause 9.01ms. collected 677.820816MB. incr 
GC: pause 9.00ms. collected 679.161680MB. incr 
GC: pause 8.97ms. collected 677.498800MB. incr 
GC: pause 8.92ms. collected 678.955696MB. incr 
GC: pause 9.01ms. collected 678.028704MB. incr 
GC: pause 9.09ms. collected 679.392752MB. incr 
GC: pause 8.99ms. collected 677.593552MB. incr 
GC: pause 8.97ms. collected 679.483696MB. incr 
GC: pause 9.01ms. collected 679.485600MB. incr 
GC: pause 8.97ms. collected 679.485600MB. incr 
GC: pause 8.97ms. collected 679.485600MB. incr 
GC: pause 8.99ms. collected 679.485600MB. incr 
GC: pause 8.95ms. collected 680.942448MB. incr 
GC: pause 9.59ms. collected 680.015552MB. incr 
GC: pause 9.00ms. collected 679.485600MB. incr 
GC: pause 8.73ms. collected 681.465696MB. incr 
GC: pause 9.04ms. collected 679.494208MB. incr 
GC: pause 8.94ms. collected 681.470496MB. incr 
GC: pause 9.03ms. collected 681.472400MB. incr 
GC: pause 9.00ms. collected 681.379552MB. incr 
GC: pause 9.00ms. collected 681.035296MB. incr 
GC: pause 9.02ms. collected 680.017456MB. incr 
GC: pause 9.01ms. collected 681.472400MB. incr 
GC: pause 9.03ms. collected 683.457296MB. incr 
GC: pause 9.06ms. collected 681.474304MB. incr 
GC: pause 8.76ms. collected 683.364448MB. incr 
GC: pause 9.02ms. collected 681.566800MB. incr 
GC: pause 9.01ms. collected 683.450944MB. incr 
GC: pause 9.03ms. collected 682.935952MB. incr 
GC: pause 8.99ms. collected 682.002352MB. incr 
GC: pause 9.01ms. collected 683.459200MB. incr 
GC: pause 8.99ms. collected 683.459200MB. incr 
GC: pause 8.99ms. collected 683.459200MB. incr 
GC: pause 8.95ms. collected 683.459200MB. incr 
GC: pause 8.95ms. collected 683.460752MB. incr 
GC: pause 8.86ms. collected 685.351600MB. incr 
GC: pause 9.63ms. collected 683.552048MB. incr 
GC: pause 9.08ms. collected 683.787104MB. incr 
GC: pause 8.99ms. collected 685.118096MB. incr 
GC: pause 9.00ms. collected 685.446000MB. incr 
GC: pause 9.01ms. collected 685.446000MB. incr 
GC: pause 9.02ms. collected 685.439296MB. incr 
GC: pause 8.97ms. collected 684.922800MB. incr 
GC: pause 9.08ms. collected 684.317008MB. incr 
GC: pause 8.96ms. collected 686.574944MB. incr 
GC: pause 9.12ms. collected 685.975952MB. incr 
GC: pause 9.24ms. collected 685.446000MB. incr 
GC: pause 9.09ms. collected 685.773904MB. incr 
GC: pause 9.02ms. collected 687.104896MB. incr 
GC: pause 9.05ms. collected 687.432800MB. incr 
GC: pause 9.15ms. collected 685.773904MB. incr 
GC: pause 8.98ms. collected 687.104896MB. incr 
GC: pause 8.96ms. collected 687.432800MB. incr 
GC: pause 9.03ms. collected 687.432800MB. incr 
GC: pause 8.97ms. collected 687.434704MB. incr 
GC: pause 9.28ms. collected 689.324848MB. incr 
GC: pause 8.99ms. collected 687.525648MB. incr 
GC: pause 8.97ms. collected 687.434352MB. incr 
GC: pause 9.08ms. collected 689.418048MB. incr 
GC: pause 9.51ms. collected 687.434704MB. incr 
GC: pause 9.04ms. collected 689.417696MB. incr 
GC: pause 9.04ms. collected 689.419600MB. incr 
GC: pause 9.08ms. collected 687.760704MB. incr 
GC: pause 9.01ms. collected 689.091696MB. incr 
GC: pause 9.02ms. collected 689.421504MB. incr 
GC: pause 9.12ms. collected 690.874544MB. incr 
GC: pause 9.27ms. collected 689.949552MB. incr 
GC: pause 9.04ms. collected 689.419600MB. incr 
GC: pause 9.05ms. collected 689.421504MB. incr 
GC: pause 9.04ms. collected 691.404496MB. incr 
GC: pause 9.21ms. collected 689.746160MB. incr 
GC: pause 9.05ms. collected 691.079840MB. incr 
GC: pause 9.01ms. collected 691.406400MB. incr 
GC: pause 9.05ms. collected 690.876496MB. incr 
GC: pause 8.90ms. collected 689.951408MB. incr 
GC: pause 8.78ms. collected 691.406048MB. incr 
GC: pause 8.76ms. collected 692.861696MB. incr 
GC: pause 9.30ms. collected 691.936352MB. incr 
GC: pause 9.02ms. collected 691.406400MB. incr 
GC: pause 9.02ms. collected 691.407952MB. incr 
GC: pause 9.05ms. collected 693.384944MB. incr 
GC: pause 9.07ms. collected 691.415008MB. incr 
GC: pause 9.05ms. collected 693.391296MB. incr 
GC: pause 9.47ms. collected 693.393200MB. incr 
GC: pause 9.02ms. collected 692.863296MB. incr 
GC: pause 9.15ms. collected 691.938208MB. incr 
GC: pause 8.85ms. collected 693.392848MB. incr 
GC: pause 8.82ms. collected 694.848544MB. incr 
GC: pause 9.31ms. collected 693.923104MB. incr 
GC: pause 9.04ms. collected 693.393200MB. incr 
GC: pause 9.17ms. collected 693.719760MB. incr 
GC: pause 9.08ms. collected 695.053440MB. incr 
GC: pause 9.07ms. collected 695.287152MB. incr 
GC: pause 9.03ms. collected 693.487600MB. incr 
GC: pause 9.09ms. collected 695.378448MB. incr 
GC: pause 9.11ms. collected 695.380000MB. incr 
GC: pause 9.16ms. collected 695.373296MB. incr 
GC: pause 9.44ms. collected 695.293856MB. incr 
GC: pause 8.77ms. collected 695.380000MB. incr 
GC: pause 8.92ms. collected 695.466144MB. incr 
GC: pause 9.36ms. collected 695.386704MB. incr 
GC: pause 9.07ms. collected 695.380000MB. incr 
GC: pause 9.22ms. collected 695.707904MB. incr 
GC: pause 9.07ms. collected 697.038896MB. incr 
GC: pause 9.06ms. collected 697.366800MB. incr 
GC: pause 9.11ms. collected 697.366800MB. incr 
GC: pause 16.11ms. collected 697.273952MB. incr 
GC: pause 9.11ms. collected 695.800752MB. incr 
GC: pause 9.03ms. collected 697.040800MB. incr 
GC: pause 9.19ms. collected 699.258848MB. incr 
GC: pause 8.78ms. collected 697.459648MB. incr 
GC: pause 8.82ms. collected 697.366848MB. incr 
GC: pause 9.23ms. collected 699.346848MB. incr 
GC: pause 9.09ms. collected 697.375408MB. incr 
GC: pause 9.15ms. collected 699.351696MB. incr 
GC: pause 9.10ms. collected 699.346896MB. incr 
GC: pause 9.12ms. collected 697.375408MB. incr 
GC: pause 9.20ms. collected 699.351696MB. incr 
GC: pause 9.07ms. collected 699.355504MB. incr 
GC: pause 9.18ms. collected 699.679600MB. incr 
GC: pause 9.10ms. collected 701.012496MB. incr 
GC: pause 9.17ms. collected 699.353600MB. incr 
GC: pause 8.89ms. collected 699.680160MB. incr 
GC: pause 8.85ms. collected 701.013840MB. incr 
GC: pause 9.26ms. collected 701.247552MB. incr 
GC: pause 9.20ms. collected 699.448000MB. incr 
GC: pause 9.06ms. collected 701.338848MB. incr 
GC: pause 9.13ms. collected 701.340400MB. incr 
GC: pause 9.07ms. collected 701.331728MB. incr 
GC: pause 9.56ms. collected 701.240608MB. incr 
GC: pause 9.05ms. collected 700.918912MB. incr 
GC: pause 9.09ms. collected 701.340400MB. incr 
GC: pause 9.28ms. collected 701.863648MB. incr 
GC: pause 8.87ms. collected 701.347104MB. incr 
GC: pause 8.78ms. collected 701.342304MB. incr 
GC: pause 9.32ms. collected 703.325296MB. incr 
GC: pause 9.16ms. collected 703.320496MB. incr 
GC: pause 9.13ms. collected 701.349008MB. incr 
GC: pause 9.08ms. collected 703.325296MB. incr 
GC: pause 9.14ms. collected 703.328752MB. incr 
GC: pause 9.12ms. collected 703.327552MB. incr 
GC: pause 9.22ms. collected 705.219248MB. incr 
GC: pause 9.03ms. collected 703.420048MB. incr 
GC: pause 9.11ms. collected 703.328752MB. incr 
GC: pause 8.99ms. collected 705.312448MB. incr 
GC: pause 8.85ms. collected 703.329104MB. incr 
GC: pause 8.77ms. collected 705.312096MB. incr 
GC: pause 9.13ms. collected 705.314000MB. incr 
GC: pause 9.15ms. collected 704.784048MB. incr 
GC: pause 9.17ms. collected 703.859056MB. incr 
GC: pause 9.15ms. collected 705.312096MB. incr 
GC: pause 11.53ms. collected 705.640560MB. incr 
GC: pause 9.16ms. collected 706.967536MB. incr 
GC: pause 9.40ms. collected 705.320704MB. incr 
GC: pause 9.13ms. collected 705.315904MB. incr 
GC: pause 9.16ms. collected 707.298896MB. incr 
GC: pause 8.84ms. collected 706.770848MB. incr 
GC: pause 8.83ms. collected 705.843952MB. incr 
GC: pause 8.88ms. collected 707.294096MB. incr 
GC: pause 9.13ms. collected 706.777600MB. incr 
GC: pause 9.11ms. collected 705.845808MB. incr 
GC: pause 9.14ms. collected 707.300800MB. incr 
GC: pause 9.19ms. collected 709.192848MB. incr 
GC: pause 9.11ms. collected 707.393648MB. incr 
GC: pause 9.12ms. collected 707.300800MB. incr 
GC: pause 9.15ms. collected 708.757696MB. incr 
GC: pause 9.07ms. collected 707.830704MB. incr 
GC: pause 9.25ms. collected 709.194752MB. incr 
GC: pause 9.07ms. collected 707.720208MB. incr 
GC: pause 8.85ms. collected 708.961040MB. incr 
GC: pause 9.29ms. collected 709.287600MB. incr 
GC: pause 9.14ms. collected 709.287600MB. incr 
GC: pause 9.12ms. collected 709.287600MB. incr 
GC: pause 9.19ms. collected 709.289504MB. incr 
GC: pause 13.72ms. collected 711.272496MB. incr 
GC: pause 9.19ms. collected 709.289504MB. incr 
GC: pause 9.14ms. collected 711.179648MB. incr 
GC: pause 9.11ms. collected 709.382352MB. incr 
GC: pause 9.24ms. collected 711.272496MB. incr 
GC: pause 8.90ms. collected 711.181552MB. incr 
GC: pause 8.89ms. collected 709.382352MB. incr 
GC: pause 9.12ms. collected 711.272496MB. incr 
GC: pause 9.20ms. collected 711.276304MB. incr 
GC: pause 9.13ms. collected 712.729392MB. incr 
GC: pause 9.11ms. collected 711.804304MB. incr 
GC: pause 9.14ms. collected 711.274400MB. incr 
GC: pause 9.19ms. collected 712.731248MB. incr 
GC: pause 9.13ms. collected 711.804352MB. incr 
GC: pause 9.14ms. collected 712.731296MB. incr 
GC: pause 9.17ms. collected 711.805856MB. incr 
GC: pause 8.87ms. collected 713.259648MB. incr 
GC: pause 8.90ms. collected 713.261200MB. incr 
GC: pause 9.10ms. collected 713.261200MB. incr 
GC: pause 9.16ms. collected 713.261200MB. incr 
GC: pause 9.11ms. collected 713.261200MB. incr 
GC: pause 9.15ms. collected 713.263104MB. incr 
GC: pause 19.42ms. collected 715.239392MB. incr 
GC: pause 9.16ms. collected 713.269808MB. incr 
GC: pause 9.18ms. collected 715.239392MB. incr 
GC: pause 9.92ms. collected 713.595808MB. incr 
GC: pause 9.23ms. collected 714.920096MB. incr 
GC: pause 8.85ms. collected 715.248000MB. incr 
GC: pause 8.87ms. collected 715.248000MB. incr 
GC: pause 9.16ms. collected 715.248000MB. incr 
GC: pause 9.17ms. collected 715.248000MB. incr 
GC: pause 9.28ms. collected 715.574560MB. incr 
GC: pause 9.21ms. collected 716.908240MB. incr 
GC: pause 9.23ms. collected 715.249904MB. incr 
GC: pause 9.20ms. collected 717.232896MB. incr 
GC: pause 9.14ms. collected 716.704848MB. incr 
GC: pause 9.14ms. collected 715.777952MB. incr 
GC: pause 9.18ms. collected 717.234800MB. incr 
GC: pause 8.94ms. collected 717.141952MB. incr 
GC: pause 8.86ms. collected 716.797696MB. incr 
GC: pause 9.04ms. collected 716.104512MB. incr 
GC: pause 9.34ms. collected 717.236144MB. incr 
GC: pause 9.17ms. collected 718.893696MB. incr 
GC: pause 9.23ms. collected 717.236704MB. incr 
GC: pause 9.22ms. collected 719.219696MB. incr 
GC: pause 13.98ms. collected 718.691648MB. incr 
GC: pause 9.17ms. collected 717.764752MB. incr 
GC: pause 9.16ms. collected 719.214896MB. incr 
GC: pause 9.17ms. collected 718.698400MB. incr 
GC: pause 9.33ms. collected 717.766608MB. incr 
GC: pause 8.94ms. collected 719.221600MB. incr 
GC: pause 8.91ms. collected 721.113648MB. incr 
GC: pause 9.20ms. collected 719.314448MB. incr 
GC: pause 9.12ms. collected 719.221600MB. incr 
GC: pause 9.26ms. collected 720.678496MB. incr 
GC: pause 9.25ms. collected 719.751504MB. incr 
GC: pause 9.22ms. collected 721.115552MB. incr 
GC: pause 9.31ms. collected 719.641008MB. incr 
GC: pause 9.15ms. collected 720.881840MB. incr 
GC: pause 9.13ms. collected 721.208400MB. incr 
GC: pause 9.25ms. collected 721.208400MB. incr 
GC: pause 8.92ms. collected 721.210304MB. incr 
GC: pause 9.22ms. collected 723.100448MB. incr 
GC: pause 9.22ms. collected 721.301248MB. incr 
GC: pause 9.17ms. collected 721.209952MB. incr 
GC: pause 9.20ms. collected 723.193648MB. incr 
GC: pause 9.34ms. collected 721.536304MB. incr 
GC: pause 9.68ms. collected 722.867296MB. incr 
GC: pause 9.23ms. collected 723.195200MB. incr 
GC: pause 9.19ms. collected 723.195200MB. incr 
GC: pause 9.23ms. collected 723.195200MB. incr 
GC: pause 9.26ms. collected 723.188496MB. incr 
GC: pause 8.96ms. collected 723.201904MB. incr 
GC: pause 8.90ms. collected 723.195200MB. incr 
GC: pause 9.40ms. collected 723.195200MB. incr 
GC: pause 9.37ms. collected 723.521760MB. incr 
GC: pause 9.24ms. collected 724.855440MB. incr 
GC: pause 9.25ms. collected 725.182000MB. incr 
GC: pause 9.21ms. collected 724.652048MB. incr 
GC: pause 9.19ms. collected 723.725152MB. incr 
GC: pause 9.21ms. collected 725.182000MB. incr 
GC: pause 9.17ms. collected 725.182000MB. incr 
GC: pause 9.23ms. collected 725.183904MB. incr 
GC: pause 9.17ms. collected 727.074048MB. incr 
GC: pause 8.94ms. collected 725.274848MB. incr 
GC: pause 9.33ms. collected 725.183904MB. incr 
GC: pause 9.26ms. collected 727.166896MB. incr 
GC: pause 9.24ms. collected 727.168800MB. incr 
GC: pause 9.33ms. collected 725.509904MB. incr 
GC: pause 9.32ms. collected 726.840896MB. incr 
GC: pause 9.25ms. collected 727.168800MB. incr 
GC: pause 9.24ms. collected 727.170704MB. incr 
GC: pause 9.18ms. collected 728.623744MB. incr 
GC: pause 9.42ms. collected 727.698752MB. incr 
GC: pause 9.11ms. collected 727.168800MB. incr 
GC: pause 8.95ms. collected 727.170704MB. incr 
GC: pause 9.05ms. collected 729.153696MB. incr 
GC: pause 9.33ms. collected 729.062752MB. incr 
GC: pause 9.21ms. collected 727.261648MB. incr 
GC: pause 9.20ms. collected 729.155600MB. incr 
GC: pause 9.27ms. collected 729.155600MB. incr 
GC: pause 9.28ms. collected 729.148896MB. incr 
GC: pause 9.28ms. collected 729.153632MB. incr 
GC: pause 9.21ms. collected 729.071424MB. incr 
GC: pause 9.21ms. collected 729.248448MB. incr 
GC: pause 9.31ms. collected 729.155600MB. incr 
GC: pause 8.92ms. collected 729.157152MB. incr 
GC: pause 9.14ms. collected 731.140848MB. incr 
GC: pause 9.24ms. collected 730.612496MB. incr 
GC: pause 9.30ms. collected 729.685504MB. incr 
GC: pause 9.30ms. collected 731.142400MB. incr 
GC: pause 9.90ms. collected 731.142400MB. incr 
GC: pause 9.30ms. collected 731.142400MB. incr 
GC: pause 9.28ms. collected 731.142400MB. incr 
GC: pause 9.26ms. collected 731.144304MB. incr 
GC: pause 9.28ms. collected 733.127296MB. incr 
GC: pause 9.21ms. collected 731.144304MB. incr 
GC: pause 9.00ms. collected 733.127296MB. incr 
GC: pause 9.32ms. collected 732.599296MB. incr 
GC: pause 9.22ms. collected 731.672304MB. incr 
GC: pause 9.30ms. collected 733.129200MB. incr 
GC: pause 9.24ms. collected 733.129200MB. incr 
GC: pause 9.33ms. collected 733.129200MB. incr 
GC: pause 9.28ms. collected 733.129200MB. incr 
GC: pause 9.26ms. collected 733.129200MB. incr 
GC: pause 9.23ms. collected 733.129200MB. incr 
GC: pause 9.21ms. collected 735.023152MB. incr 
GC: pause 9.10ms. collected 733.222048MB. incr 
GC: pause 9.00ms. collected 735.023152MB. incr 
GC: pause 9.06ms. collected 733.549952MB. incr 
GC: pause 9.24ms. collected 734.788096MB. incr 
GC: pause 9.27ms. collected 735.116000MB. incr 
GC: pause 9.24ms. collected 735.117552MB. incr 
GC: pause 9.84ms. collected 735.442352MB. incr 
GC: pause 9.30ms. collected 736.774896MB. incr 
GC: pause 9.29ms. collected 735.117552MB. incr 
GC: pause 9.19ms. collected 736.894256MB. incr 
GC: pause 9.24ms. collected 735.322992MB. incr 
GC: pause 9.24ms. collected 737.009952MB. incr 
GC: pause 9.01ms. collected 735.210752MB. incr 
GC: pause 9.00ms. collected 737.100896MB. incr 
GC: pause 9.44ms. collected 737.102800MB. incr 
GC: pause 9.26ms. collected 737.102800MB. incr 
GC: pause 9.24ms. collected 737.102800MB. incr 
GC: pause 9.44ms. collected 737.430704MB. incr 
GC: pause 9.25ms. collected 738.761696MB. incr 
GC: pause 9.23ms. collected 737.104704MB. incr 
GC: pause 9.27ms. collected 739.087696MB. incr 
GC: pause 9.36ms. collected 738.559696MB. incr 
GC: pause 8.98ms. collected 737.632704MB. incr 
GC: pause 9.08ms. collected 739.089600MB. incr 
GC: pause 9.34ms. collected 739.082896MB. incr 
GC: pause 9.34ms. collected 738.566400MB. incr 
GC: pause 9.36ms. collected 737.960608MB. incr 
GC: pause 9.32ms. collected 740.218592MB. incr 
GC: pause 9.69ms. collected 739.619504MB. incr 
GC: pause 9.35ms. collected 739.091152MB. incr 
GC: pause 9.25ms. collected 741.074848MB. incr 
GC: pause 9.42ms. collected 739.416160MB. incr 
GC: pause 9.29ms. collected 740.749840MB. incr 
GC: pause 8.96ms. collected 741.076400MB. incr 
GC: pause 9.21ms. collected 741.069696MB. incr 
GC: pause 9.39ms. collected 740.987584MB. incr 
GC: pause 9.48ms. collected 739.513024MB. incr 
GC: pause 9.35ms. collected 741.075056MB. incr 
GC: pause 9.31ms. collected 742.736640MB. incr 
GC: pause 9.27ms. collected 741.078304MB. incr 
GC: pause 9.35ms. collected 743.061296MB. incr 
GC: pause 9.34ms. collected 741.404304MB. incr 
GC: pause 9.26ms. collected 742.735296MB. incr 
GC: pause 9.15ms. collected 743.063200MB. incr 
GC: pause 9.07ms. collected 743.063200MB. incr 
GC: pause 9.10ms. collected 742.970352MB. incr 
GC: pause 9.27ms. collected 743.039536MB. incr 
GC: pause 9.35ms. collected 742.649808MB. incr 
GC: pause 9.36ms. collected 743.500256MB. incr 
GC: pause 9.27ms. collected 743.156048MB. incr 
GC: pause 9.75ms. collected 743.063200MB. incr 
GC: pause 9.31ms. collected 744.957152MB. incr 
GC: pause 9.24ms. collected 743.157952MB. incr 
GC: pause 9.23ms. collected 745.048096MB. incr 
GC: pause 9.32ms. collected 745.050000MB. incr 
GC: pause 9.08ms. collected 745.050000MB. incr 
GC: pause 9.41ms. collected 745.050000MB. incr 
GC: pause 9.40ms. collected 745.050000MB. incr 
GC: pause 9.30ms. collected 745.050000MB. incr 
GC: pause 9.28ms. collected 746.927344MB. incr 
GC: pause 9.29ms. collected 745.159456MB. incr 
GC: pause 9.44ms. collected 745.377904MB. incr 
GC: pause 9.28ms. collected 746.708896MB. incr 
GC: pause 9.32ms. collected 747.036800MB. incr 
GC: pause 9.35ms. collected 747.036800MB. incr 
GC: pause 9.01ms. collected 747.036800MB. incr 
GC: pause 9.01ms. collected 747.036800MB. incr 
GC: pause 9.02ms. collected 747.036800MB. incr 
GC: pause 17.78ms. collected 747.038704MB. incr 
GC: pause 9.30ms. collected 749.021696MB. incr 
GC: pause 9.40ms. collected 747.038704MB. incr 
GC: pause 9.34ms. collected 749.021696MB. incr 
GC: pause 9.39ms. collected 748.930752MB. incr 
GC: pause 9.34ms. collected 747.129648MB. incr 
GC: pause 9.26ms. collected 749.023600MB. incr 
GC: pause 9.36ms. collected 749.023600MB. incr 
GC: pause 9.16ms. collected 749.023600MB. incr 
GC: pause 9.00ms. collected 749.023600MB. incr 
GC: pause 9.47ms. collected 749.025152MB. incr 
GC: pause 9.33ms. collected 750.916000MB. incr 
GC: pause 9.35ms. collected 749.116448MB. incr 
GC: pause 9.33ms. collected 750.917552MB. incr 
GC: pause 9.34ms. collected 749.118352MB. incr 
GC: pause 9.29ms. collected 751.008496MB. incr 
GC: pause 9.30ms. collected 751.010400MB. incr 
GC: pause 9.24ms. collected 751.010400MB. incr 
GC: pause 11.75ms. collected 751.010400MB. incr 
GC: pause 9.06ms. collected 751.010400MB. incr 
GC: pause 9.11ms. collected 751.012304MB. incr 
GC: pause 9.40ms. collected 752.995296MB. incr 
GC: pause 9.28ms. collected 751.012304MB. incr 
GC: pause 9.30ms. collected 752.995296MB. incr 
GC: pause 9.35ms. collected 752.904352MB. incr 
GC: pause 9.32ms. collected 751.104800MB. incr 
GC: pause 9.30ms. collected 752.995648MB. incr 
GC: pause 9.28ms. collected 752.997200MB. incr 
GC: pause 9.33ms. collected 752.997200MB. incr 
GC: pause 9.23ms. collected 752.997200MB. incr 
GC: pause 9.06ms. collected 754.454048MB. incr 
GC: pause 9.34ms. collected 753.527152MB. incr 
GC: pause 9.28ms. collected 752.999104MB. incr 
GC: pause 9.37ms. collected 754.982096MB. incr 
GC: pause 9.36ms. collected 754.891152MB. incr 
GC: pause 9.33ms. collected 753.091952MB. incr 
GC: pause 9.33ms. collected 754.982096MB. incr 
GC: pause 9.28ms. collected 754.984000MB. incr 
GC: pause 9.30ms. collected 754.985552MB. incr 
GC: pause 9.41ms. collected 756.439296MB. incr 
GC: pause 9.07ms. collected 755.513952MB. incr 
GC: pause 9.01ms. collected 754.984000MB. incr 
GC: pause 9.07ms. collected 756.440896MB. incr 
GC: pause 9.08ms. collected 755.513904MB. incr 
GC: pause 9.06ms. collected 756.970800MB. incr 
GC: pause 9.03ms. collected 756.877952MB. incr 
GC: pause 9.10ms. collected 755.078752MB. incr 
GC: pause 9.02ms. collected 756.968896MB. incr 
GC: pause 9.02ms. collected 756.972704MB. incr 
GC: pause 9.08ms. collected 758.862848MB. incr 
GC: pause 9.03ms. collected 757.063648MB. incr 
GC: pause 9.05ms. collected 756.972352MB. incr 
GC: pause 9.10ms. collected 758.956048MB. incr 
GC: pause 9.18ms. collected 757.298704MB. incr 
GC: pause 9.08ms. collected 758.629696MB. incr 
GC: pause 12.11ms. collected 758.957600MB. incr 
GC: pause 9.11ms. collected 758.957600MB. incr 
GC: pause 9.06ms. collected 758.957600MB. incr 
GC: pause 9.05ms. collected 758.957600MB. incr 
GC: pause 9.05ms. collected 758.957600MB. incr 
GC: pause 9.08ms. collected 758.957600MB. incr 
GC: pause 9.06ms. collected 758.959504MB. incr 
GC: pause 9.02ms. collected 760.942496MB. incr 
GC: pause 9.08ms. collected 760.851552MB. incr 
GC: pause 9.10ms. collected 759.050448MB. incr 
GC: pause 9.11ms. collected 760.944400MB. incr 
GC: pause 9.03ms. collected 760.944400MB. incr 
GC: pause 9.13ms. collected 760.944400MB. incr 
GC: pause 9.11ms. collected 760.944400MB. incr 
GC: pause 9.12ms. collected 760.944400MB. incr 
GC: pause 9.09ms. collected 760.944400MB. incr 
GC: pause 9.16ms. collected 761.272304MB. incr 
GC: pause 9.09ms. collected 762.603296MB. incr 
GC: pause 17.73ms. collected 762.931200MB. incr 
GC: pause 9.11ms. collected 762.401248MB. incr 
GC: pause 9.05ms. collected 761.474352MB. incr 
GC: pause 9.08ms. collected 762.931200MB. incr 
GC: pause 9.14ms. collected 762.931200MB. incr 
GC: pause 9.09ms. collected 762.932752MB. incr 
GC: pause 9.09ms. collected 764.386544MB. incr 
GC: pause 9.11ms. collected 763.461104MB. incr 
GC: pause 9.11ms. collected 762.933104MB. incr 
GC: pause 9.09ms. collected 764.916096MB. incr 
GC: pause 9.16ms. collected 764.911296MB. incr 
GC: pause 9.06ms. collected 762.939808MB. incr 
GC: pause 9.08ms. collected 764.916096MB. incr 
GC: pause 9.07ms. collected 764.918000MB. incr 
GC: pause 9.07ms. collected 764.919552MB. incr 
GC: pause 9.11ms. collected 766.373296MB. incr 
GC: pause 9.11ms. collected 765.447952MB. incr 
GC: pause 9.10ms. collected 764.918000MB. incr 
GC: pause 15.46ms. collected 766.374896MB. incr 
GC: pause 9.12ms. collected 765.447904MB. incr 
GC: pause 9.13ms. collected 766.904800MB. incr 
GC: pause 9.15ms. collected 766.798736MB. incr 
GC: pause 9.12ms. collected 765.025968MB. incr 
GC: pause 9.14ms. collected 766.902896MB. incr 
GC: pause 9.17ms. collected 766.906352MB. incr 
GC: pause 9.23ms. collected 767.231152MB. incr 
GC: pause 9.16ms. collected 768.563696MB. incr 
GC: pause 9.11ms. collected 766.906704MB. incr 
GC: pause 9.18ms. collected 768.889696MB. incr 
GC: pause 9.13ms. collected 768.361696MB. incr 
GC: pause 9.10ms. collected 767.434704MB. incr 
GC: pause 9.20ms. collected 768.891600MB. incr 
GC: pause 9.14ms. collected 768.884896MB. incr 
GC: pause 9.16ms. collected 768.368400MB. incr 
GC: pause 9.21ms. collected 767.762608MB. incr 
GC: pause 9.12ms. collected 770.020592MB. incr 
GC: pause 9.53ms. collected 769.421504MB. incr 
GC: pause 9.12ms. collected 768.893152MB. incr 
GC: pause 9.19ms. collected 770.876848MB. incr 
GC: pause 9.25ms. collected 769.219504MB. incr 
GC: pause 9.15ms. collected 770.550496MB. incr 
GC: pause 9.18ms. collected 770.878400MB. incr 
GC: pause 9.16ms. collected 770.878400MB. incr 
GC: pause 9.10ms. collected 770.878400MB. incr 
GC: pause 9.10ms. collected 770.878400MB. incr 
GC: pause 9.10ms. collected 770.880304MB. incr 
GC: pause 9.21ms. collected 772.863296MB. incr 
GC: pause 9.18ms. collected 770.880304MB. incr 
GC: pause 9.15ms. collected 772.863296MB. incr 
GC: pause 9.19ms. collected 772.772352MB. incr 
GC: pause 9.17ms. collected 770.973152MB. incr 
GC: pause 9.18ms. collected 772.863296MB. incr 
GC: pause 9.16ms. collected 772.865200MB. incr 
GC: pause 9.13ms. collected 772.865200MB. incr 
GC: pause 9.26ms. collected 772.866752MB. incr 
GC: pause 9.13ms. collected 774.320544MB. incr 
GC: pause 9.19ms. collected 773.395104MB. incr 
GC: pause 9.18ms. collected 772.867104MB. incr 
GC: pause 9.16ms. collected 774.850096MB. incr 
GC: pause 9.19ms. collected 774.852000MB. incr 
GC: pause 9.17ms. collected 774.322048MB. incr 
GC: pause 9.15ms. collected 773.396704MB. incr 
GC: pause 9.17ms. collected 774.850448MB. incr 
GC: pause 9.12ms. collected 774.853904MB. incr 
GC: pause 9.18ms. collected 776.744048MB. incr 
GC: pause 9.23ms. collected 774.944848MB. incr 
GC: pause 9.13ms. collected 774.853552MB. incr 
GC: pause 9.20ms. collected 776.837248MB. incr 
GC: pause 9.15ms. collected 776.308848MB. incr 
GC: pause 9.19ms. collected 775.381952MB. incr 
GC: pause 9.25ms. collected 776.838800MB. incr 
GC: pause 9.21ms. collected 776.838800MB. incr 
GC: pause 9.74ms. collected 776.745952MB. incr 
GC: pause 9.18ms. collected 776.838800MB. incr 
GC: pause 9.19ms. collected 776.931648MB. incr 
GC: pause 9.19ms. collected 776.838800MB. incr 
GC: pause 9.17ms. collected 776.838800MB. incr 
GC: pause 9.18ms. collected 778.732752MB. incr 
GC: pause 9.17ms. collected 776.933552MB. incr 
GC: pause 9.19ms. collected 778.823696MB. incr 
GC: pause 9.14ms. collected 778.825600MB. incr 
GC: pause 9.16ms. collected 778.825600MB. incr 
GC: pause 9.18ms. collected 778.825600MB. incr 
GC: pause 9.22ms. collected 778.825600MB. incr 
GC: pause 9.26ms. collected 779.152160MB. incr 
GC: pause 9.22ms. collected 780.485840MB. incr 
GC: pause 9.30ms. collected 779.153504MB. incr 
GC: pause 9.19ms. collected 780.484496MB. incr 
GC: pause 9.21ms. collected 780.812400MB. incr 
GC: pause 9.19ms. collected 780.719552MB. incr 
GC: pause 9.71ms. collected 778.920352MB. incr 
GC: pause 9.17ms. collected 780.810496MB. incr 
GC: pause 9.22ms. collected 782.269248MB. incr 
GC: pause 9.21ms. collected 781.342352MB. incr 
GC: pause 9.20ms. collected 780.812400MB. incr 
GC: pause 9.20ms. collected 780.814304MB. incr 
GC: pause 9.19ms. collected 782.797296MB. incr 
GC: pause 9.32ms. collected 782.706352MB. incr 
GC: pause 9.18ms. collected 780.907152MB. incr 
GC: pause 9.26ms. collected 782.797296MB. incr 
GC: pause 9.18ms. collected 782.799200MB. incr 
GC: pause 9.22ms. collected 782.799200MB. incr 
GC: pause 9.18ms. collected 782.800752MB. incr 
GC: pause 9.18ms. collected 784.254544MB. incr 
GC: pause 9.21ms. collected 783.329104MB. incr 
GC: pause 9.20ms. collected 782.801104MB. incr 
GC: pause 9.20ms. collected 784.784096MB. incr 
GC: pause 9.22ms. collected 784.786000MB. incr 
GC: pause 9.60ms. collected 784.256048MB. incr 
GC: pause 9.15ms. collected 783.330704MB. incr 
GC: pause 9.19ms. collected 784.784448MB. incr 
GC: pause 9.16ms. collected 784.787904MB. incr 
GC: pause 9.17ms. collected 786.678048MB. incr 
GC: pause 9.20ms. collected 784.878848MB. incr 
GC: pause 9.20ms. collected 784.787904MB. incr 
GC: pause 9.23ms. collected 786.770896MB. incr 
GC: pause 9.26ms. collected 786.663344MB. incr 
GC: pause 9.19ms. collected 784.895456MB. incr 
GC: pause 9.18ms. collected 786.772800MB. incr 
GC: pause 9.23ms. collected 786.772800MB. incr 
GC: pause 9.19ms. collected 786.772800MB. incr 
GC: pause 9.27ms. collected 786.772800MB. incr 
GC: pause 9.18ms. collected 786.772800MB. incr 
GC: pause 9.23ms. collected 786.772800MB. incr 
GC: pause 9.22ms. collected 788.229696MB. incr 
GC: pause 9.74ms. collected 787.302704MB. incr 
GC: pause 9.25ms. collected 788.759600MB. incr 
GC: pause 9.21ms. collected 788.666752MB. incr 
GC: pause 9.22ms. collected 786.867552MB. incr 
GC: pause 9.21ms. collected 788.757696MB. incr 
GC: pause 9.20ms. collected 788.761504MB. incr 
GC: pause 9.21ms. collected 790.651648MB. incr 
GC: pause 9.24ms. collected 788.852448MB. incr 
GC: pause 9.23ms. collected 788.761504MB. incr 
GC: pause 9.19ms. collected 790.744496MB. incr 
GC: pause 9.24ms. collected 790.746400MB. incr 
GC: pause 9.32ms. collected 789.086160MB. incr 
GC: pause 9.20ms. collected 790.419840MB. incr 
GC: pause 9.21ms. collected 790.746400MB. incr 
GC: pause 9.18ms. collected 790.746400MB. incr 
GC: pause 9.30ms. collected 791.072960MB. incr 
GC: pause 9.26ms. collected 792.406640MB. incr 
GC: pause 9.60ms. collected 790.747952MB. incr 
GC: pause 9.25ms. collected 792.638800MB. incr 
GC: pause 9.22ms. collected 790.841152MB. incr 
GC: pause 9.24ms. collected 792.731296MB. incr 
GC: pause 9.27ms. collected 792.733200MB. incr 
GC: pause 9.19ms. collected 792.203248MB. incr 
GC: pause 9.22ms. collected 791.278256MB. incr 
GC: pause 9.26ms. collected 792.733200MB. incr 
GC: pause 9.33ms. collected 794.709152MB. incr 
GC: pause 9.25ms. collected 792.742144MB. incr 
GC: pause 9.23ms. collected 792.735104MB. incr 
GC: pause 9.22ms. collected 794.718096MB. incr 
GC: pause 9.23ms. collected 794.713296MB. incr 
GC: pause 9.23ms. collected 792.741808MB. incr 
GC: pause 9.24ms. collected 794.718096MB. incr 
GC: pause 9.23ms. collected 794.720000MB. incr 
GC: pause 9.24ms. collected 794.721552MB. incr 
GC: pause 9.22ms. collected 796.175296MB. incr 
GC: pause 9.21ms. collected 795.249952MB. incr 
GC: pause 15.43ms. collected 794.720000MB. incr 
GC: pause 9.24ms. collected 796.176896MB. incr 
GC: pause 9.21ms. collected 795.249904MB. incr 
GC: pause 9.29ms. collected 796.706800MB. incr 
GC: pause 9.24ms. collected 796.613952MB. incr 
GC: pause 9.36ms. collected 795.139408MB. incr 
GC: pause 9.24ms. collected 796.381792MB. incr 
GC: pause 9.26ms. collected 798.162096MB. incr 
GC: pause 9.26ms. collected 797.236752MB. incr 
GC: pause 9.25ms. collected 796.706800MB. incr 
GC: pause 9.37ms. collected 797.033360MB. incr 
GC: pause 9.21ms. collected 798.367040MB. incr 
GC: pause 9.23ms. collected 798.693600MB. incr 
GC: pause 9.37ms. collected 797.034704MB. incr 
GC: pause 9.27ms. collected 798.365696MB. incr 
GC: pause 9.25ms. collected 798.695504MB. incr 
GC: pause 9.38ms. collected 799.019600MB. incr 
GC: pause 11.60ms. collected 800.352496MB. incr 
GC: pause 9.25ms. collected 798.693600MB. incr 
GC: pause 9.27ms. collected 800.150448MB. incr 
GC: pause 9.56ms. collected 799.223552MB. incr 
GC: pause 9.30ms. collected 800.587552MB. incr 
GC: pause 9.26ms. collected 798.788352MB. incr 
GC: pause 9.25ms. collected 800.678496MB. incr 
GC: pause 9.25ms. collected 800.680400MB. incr 
GC: pause 9.28ms. collected 800.680400MB. incr 
GC: pause 9.31ms. collected 800.682304MB. incr 
GC: pause 9.34ms. collected 802.665296MB. incr 
GC: pause 9.27ms. collected 800.681952MB. incr 
GC: pause 9.34ms. collected 802.572800MB. incr 
GC: pause 9.27ms. collected 800.775152MB. incr 
GC: pause 9.32ms. collected 802.665296MB. incr 
GC: pause 9.29ms. collected 802.667200MB. incr 
GC: pause 9.30ms. collected 802.137296MB. incr 
GC: pause 11.72ms. collected 801.536864MB. incr 
GC: pause 9.36ms. collected 802.667200MB. incr 
GC: pause 9.32ms. collected 804.327440MB. incr 
GC: pause 9.27ms. collected 802.667200MB. incr 
GC: pause 9.29ms. collected 804.124096MB. incr 
GC: pause 9.28ms. collected 803.197104MB. incr 
GC: pause 9.33ms. collected 804.654000MB. incr 
GC: pause 9.28ms. collected 804.537488MB. incr 
GC: pause 9.27ms. collected 802.785264MB. incr 
GC: pause 9.26ms. collected 804.652448MB. incr 
GC: pause 9.30ms. collected 804.654000MB. incr 
GC: pause 9.29ms. collected 804.976688MB. incr 
GC: pause 9.38ms. collected 806.318112MB. incr 
GC: pause 9.31ms. collected 804.655552MB. incr 
GC: pause 9.32ms. collected 806.546400MB. incr 
GC: pause 9.30ms. collected 804.748752MB. incr 
GC: pause 9.27ms. collected 806.638896MB. incr 
GC: pause 14.34ms. collected 806.640800MB. incr 
GC: pause 9.33ms. collected 806.640800MB. incr 
GC: pause 9.30ms. collected 806.640800MB. incr 
GC: pause 9.27ms. collected 806.640800MB. incr 
GC: pause 9.31ms. collected 806.640800MB. incr 
GC: pause 9.32ms. collected 806.642704MB. incr 
GC: pause 9.33ms. collected 808.625696MB. incr 
GC: pause 9.29ms. collected 808.097648MB. incr 
GC: pause 9.38ms. collected 807.170752MB. incr 
GC: pause 9.33ms. collected 808.627600MB. incr 
GC: pause 9.32ms. collected 808.627600MB. incr 
GC: pause 9.32ms. collected 808.534752MB. incr 
GC: pause 9.30ms. collected 808.627600MB. incr 
GC: pause 9.28ms. collected 808.720448MB. incr 
GC: pause 9.29ms. collected 808.627600MB. incr 
GC: pause 9.30ms. collected 808.627600MB. incr 
GC: pause 9.31ms. collected 810.614400MB. incr 
GC: pause 9.36ms. collected 810.084448MB. incr 
GC: pause 15.78ms. collected 809.157552MB. incr 
GC: pause 9.28ms. collected 810.614400MB. incr 
GC: pause 9.31ms. collected 810.614400MB. incr 
GC: pause 9.34ms. collected 810.614400MB. incr 
GC: pause 9.32ms. collected 810.614400MB. incr 
GC: pause 9.45ms. collected 810.940960MB. incr 
GC: pause 9.35ms. collected 812.274640MB. incr 
GC: pause 9.33ms. collected 812.071296MB. incr 
GC: pause 9.33ms. collected 811.144304MB. incr 
GC: pause 9.38ms. collected 812.601200MB. incr 
GC: pause 9.33ms. collected 812.594496MB. incr 
GC: pause 9.34ms. collected 812.078000MB. incr 
GC: pause 9.44ms. collected 811.472208MB. incr 
GC: pause 9.35ms. collected 813.730192MB. incr 
GC: pause 9.36ms. collected 813.131104MB. incr 
GC: pause 9.34ms. collected 812.602752MB. incr 
GC: pause 9.39ms. collected 814.586448MB. incr 
GC: pause 17.12ms. collected 812.929104MB. incr 
GC: pause 9.35ms. collected 814.260096MB. incr 
GC: pause 9.34ms. collected 814.588000MB. incr 
GC: pause 9.36ms. collected 814.588000MB. incr 
GC: pause 9.36ms. collected 814.588000MB. incr 
GC: pause 9.36ms. collected 814.588000MB. incr 
GC: pause 9.43ms. collected 814.915904MB. incr 
GC: pause 9.35ms. collected 816.246896MB. incr 
GC: pause 9.32ms. collected 816.368176MB. incr 
GC: pause 9.35ms. collected 814.794624MB. incr 
GC: pause 9.40ms. collected 816.481952MB. incr 
GC: pause 9.50ms. collected 815.008752MB. incr 
GC: pause 9.38ms. collected 816.246896MB. incr 
GC: pause 9.37ms. collected 816.576704MB. incr 
GC: pause 9.42ms. collected 818.466848MB. incr 
GC: pause 9.36ms. collected 816.667648MB. incr 
GC: pause 9.43ms. collected 816.576704MB. incr 
GC: pause 10.25ms. collected 818.559696MB. incr 
GC: pause 9.40ms. collected 818.031696MB. incr 
GC: pause 9.36ms. collected 817.104704MB. incr 
GC: pause 9.37ms. collected 818.561600MB. incr 
GC: pause 9.41ms. collected 818.561600MB. incr 
GC: pause 9.39ms. collected 818.561600MB. incr 
GC: pause 9.38ms. collected 818.561600MB. incr 
GC: pause 9.36ms. collected 818.561600MB. incr 
GC: pause 9.39ms. collected 818.561600MB. incr 
GC: pause 9.50ms. collected 818.889504MB. incr 
GC: pause 9.42ms. collected 820.220496MB. incr 
GC: pause 9.36ms. collected 820.548400MB. incr 
GC: pause 9.41ms. collected 820.455552MB. incr 
GC: pause 9.45ms. collected 818.982352MB. incr 
GC: pause 9.39ms. collected 820.222400MB. incr 
GC: pause 9.39ms. collected 822.003392MB. incr 
GC: pause 9.39ms. collected 821.078304MB. incr 
GC: pause 9.56ms. collected 820.548400MB. incr 
GC: pause 9.39ms. collected 822.005248MB. incr 
GC: pause 9.36ms. collected 821.078352MB. incr 
GC: pause 9.40ms. collected 822.528496MB. incr 
GC: pause 9.40ms. collected 822.011952MB. incr 
GC: pause 9.41ms. collected 821.078352MB. incr 
GC: pause 9.41ms. collected 822.535200MB. incr 
GC: pause 9.39ms. collected 822.537104MB. incr 
GC: pause 9.39ms. collected 823.990192MB. incr 
GC: pause 9.40ms. collected 823.065104MB. incr 
GC: pause 9.39ms. collected 822.537104MB. incr 
GC: pause 9.38ms. collected 824.520096MB. incr 
GC: pause 9.44ms. collected 824.515296MB. incr 
GC: pause 9.37ms. collected 822.543808MB. incr 
GC: pause 9.35ms. collected 824.520096MB. incr 
GC: pause 9.40ms. collected 824.523552MB. incr 
GC: pause 9.40ms. collected 824.522352MB. incr 
GC: pause 9.87ms. collected 826.500192MB. incr 
GC: pause 9.37ms. collected 824.528704MB. incr 
GC: pause 9.47ms. collected 824.848560MB. incr 
GC: pause 9.46ms. collected 826.182240MB. incr 
GC: pause 9.43ms. collected 826.508800MB. incr 
GC: pause 9.39ms. collected 826.415952MB. incr 
GC: pause 9.39ms. collected 824.616752MB. incr 
GC: pause 9.38ms. collected 826.506896MB. incr 
GC: pause 9.51ms. collected 826.836704MB. incr 
GC: pause 9.42ms. collected 828.167696MB. incr 
GC: pause 9.41ms. collected 826.508800MB. incr 
GC: pause 9.51ms. collected 826.836704MB. incr 
GC: pause 9.39ms. collected 828.167696MB. incr 
GC: pause 9.41ms. collected 828.495600MB. incr 
GC: pause 9.45ms. collected 828.402752MB. incr 
GC: pause 9.39ms. collected 826.603552MB. incr 
GC: pause 9.89ms. collected 828.493696MB. incr 
GC: pause 9.52ms. collected 828.822160MB. incr 
GC: pause 9.41ms. collected 830.149136MB. incr 
GC: pause 9.40ms. collected 828.502304MB. incr 
GC: pause 9.42ms. collected 828.497504MB. incr 
GC: pause 9.44ms. collected 830.480496MB. incr 
GC: pause 9.43ms. collected 830.475696MB. incr 
GC: pause 9.42ms. collected 828.504208MB. incr 
GC: pause 9.45ms. collected 830.480496MB. incr 
GC: pause 9.42ms. collected 830.483952MB. incr 
GC: pause 9.46ms. collected 830.482752MB. incr 
GC: pause 9.46ms. collected 832.460592MB. incr 
GC: pause 9.40ms. collected 830.489104MB. incr 
GC: pause 9.59ms. collected 830.808960MB. incr 
GC: pause 9.42ms. collected 832.142640MB. incr 
GC: pause 9.45ms. collected 832.469200MB. incr 
GC: pause 9.45ms. collected 831.939248MB. incr 
GC: pause 9.85ms. collected 831.013904MB. incr 
GC: pause 9.45ms. collected 832.467648MB. incr 
GC: pause 9.42ms. collected 832.471104MB. incr 
GC: pause 9.42ms. collected 833.924192MB. incr 
GC: pause 9.41ms. collected 832.999104MB. incr 
GC: pause 9.45ms. collected 832.471104MB. incr 
GC: pause 9.48ms. collected 834.454096MB. incr 
GC: pause 9.48ms. collected 834.363152MB. incr 
GC: pause 9.46ms. collected 832.563600MB. incr 
GC: pause 9.44ms. collected 834.454448MB. incr 
GC: pause 9.46ms. collected 834.456000MB. incr 
GC: pause 9.43ms. collected 834.456000MB. incr 
GC: pause 9.44ms. collected 834.457552MB. incr 
GC: pause 9.46ms. collected 836.348400MB. incr 
GC: pause 9.42ms. collected 834.548848MB. incr 
GC: pause 9.59ms. collected 834.783904MB. incr 
GC: pause 9.45ms. collected 836.114896MB. incr 
GC: pause 10.04ms. collected 836.442800MB. incr 
GC: pause 9.47ms. collected 836.442800MB. incr 
GC: pause 9.44ms. collected 836.442800MB. incr 
GC: pause 9.45ms. collected 836.442800MB. incr 
GC: pause 9.44ms. collected 836.444704MB. incr 
GC: pause 9.49ms. collected 838.334848MB. incr 
GC: pause 9.47ms. collected 836.535648MB. incr 
GC: pause 9.48ms. collected 838.336752MB. incr 
GC: pause 9.46ms. collected 836.537552MB. incr 
GC: pause 9.46ms. collected 838.427696MB. incr 
GC: pause 9.43ms. collected 838.429600MB. incr 
GC: pause 9.44ms. collected 838.429600MB. incr 
GC: pause 9.51ms. collected 838.429600MB. incr 
GC: pause 9.46ms. collected 838.429600MB. incr 
GC: pause 9.45ms. collected 839.886448MB. incr 
GC: pause 9.46ms. collected 838.959552MB. incr 
GC: pause 9.65ms. collected 838.756160MB. incr 
GC: pause 9.44ms. collected 840.089840MB. incr 
GC: pause 9.45ms. collected 840.416400MB. incr 
GC: pause 9.46ms. collected 840.416400MB. incr 
GC: pause 9.46ms. collected 840.416400MB. incr 
GC: pause 9.45ms. collected 840.416400MB. incr 
GC: pause 9.45ms. collected 840.416400MB. incr 
GC: pause 9.49ms. collected 840.418304MB. incr 
GC: pause 9.45ms. collected 842.401296MB. incr 
GC: pause 9.62ms. collected 840.742960MB. incr 
GC: pause 9.46ms. collected 842.076640MB. incr 
GC: pause 9.41ms. collected 842.403200MB. incr 
GC: pause 9.52ms. collected 842.396496MB. incr 
GC: pause 9.52ms. collected 842.317056MB. incr 
GC: pause 9.44ms. collected 841.966144MB. incr 
GC: pause 9.46ms. collected 842.840256MB. incr 
GC: pause 9.47ms. collected 842.496048MB. incr 
GC: pause 17.31ms. collected 842.403200MB. incr 
GC: pause 9.55ms. collected 844.297152MB. incr 
GC: pause 9.51ms. collected 842.497952MB. incr 
GC: pause 9.50ms. collected 844.388096MB. incr 
GC: pause 9.47ms. collected 844.390000MB. incr 
GC: pause 9.48ms. collected 844.390000MB. incr 
GC: pause 9.47ms. collected 844.390000MB. incr 
GC: pause 9.50ms. collected 844.391904MB. incr 
GC: pause 9.50ms. collected 846.368192MB. incr 
GC: pause 9.50ms. collected 844.398608MB. incr 
GC: pause 9.54ms. collected 846.374896MB. incr 
GC: pause 9.52ms. collected 846.264400MB. incr 
GC: pause 9.48ms. collected 844.502400MB. incr 
GC: pause 9.48ms. collected 846.376800MB. incr 
GC: pause 9.50ms. collected 846.376800MB. incr 
GC: pause 9.50ms. collected 846.376800MB. incr 
GC: pause 11.92ms. collected 846.704704MB. incr 
GC: pause 9.53ms. collected 848.035696MB. incr 
GC: pause 9.50ms. collected 847.833696MB. incr 
GC: pause 9.54ms. collected 846.906704MB. incr 
GC: pause 9.50ms. collected 848.358032MB. incr 
GC: pause 9.48ms. collected 847.839264MB. incr 
GC: pause 9.52ms. collected 846.908608MB. incr 
GC: pause 9.49ms. collected 848.363600MB. incr 
GC: pause 9.52ms. collected 850.255648MB. incr 
GC: pause 9.51ms. collected 848.456448MB. incr 
GC: pause 9.52ms. collected 848.365504MB. incr 
GC: pause 9.55ms. collected 850.348496MB. incr 
GC: pause 9.51ms. collected 850.246256MB. incr 
GC: pause 9.52ms. collected 848.467744MB. incr 
GC: pause 9.56ms. collected 850.350400MB. incr 
GC: pause 9.53ms. collected 850.350400MB. incr 
GC: pause 9.52ms. collected 850.350400MB. incr 
GC: pause 9.51ms. collected 850.350400MB. incr 
GC: pause 9.49ms. collected 850.350400MB. incr 
GC: pause 9.56ms. collected 851.807248MB. incr 
GC: pause 9.53ms. collected 850.880352MB. incr 
GC: pause 9.55ms. collected 852.244352MB. incr 
GC: pause 9.64ms. collected 850.769808MB. incr 
GC: pause 9.56ms. collected 852.010640MB. incr 
GC: pause 9.56ms. collected 852.337200MB. incr 
GC: pause 9.56ms. collected 852.339104MB. incr 
GC: pause 9.56ms. collected 854.229248MB. incr 
GC: pause 9.56ms. collected 852.430048MB. incr 
GC: pause 9.68ms. collected 852.663760MB. incr 
GC: pause 9.53ms. collected 853.997440MB. incr 
GC: pause 9.54ms. collected 854.324000MB. incr 
GC: pause 9.55ms. collected 854.231152MB. incr 
GC: pause 9.65ms. collected 852.757952MB. incr 
GC: pause 10.52ms. collected 853.998000MB. incr 
GC: pause 9.56ms. collected 856.193120MB. incr 
GC: pause 9.54ms. collected 854.439776MB. incr 
GC: pause 9.60ms. collected 854.324000MB. incr 
GC: pause 9.57ms. collected 855.780848MB. incr 
GC: pause 9.56ms. collected 854.853952MB. incr 
GC: pause 9.56ms. collected 856.310800MB. incr 
GC: pause 9.64ms. collected 856.217952MB. incr 
GC: pause 9.55ms. collected 854.418752MB. incr 
GC: pause 9.56ms. collected 856.310448MB. incr 
GC: pause 9.54ms. collected 858.203200MB. incr 
GC: pause 9.57ms. collected 856.403648MB. incr 
GC: pause 9.57ms. collected 856.310800MB. incr 
GC: pause 9.58ms. collected 858.297600MB. incr 
GC: pause 9.67ms. collected 856.638704MB. incr 
GC: pause 9.57ms. collected 857.969696MB. incr 
GC: pause 18.10ms. collected 858.297600MB. incr 
GC: pause 9.52ms. collected 858.297600MB. incr 
GC: pause 9.54ms. collected 858.297600MB. incr 
GC: pause 9.57ms. collected 858.299504MB. incr 
GC: pause 9.61ms. collected 860.189648MB. incr 
GC: pause 9.58ms. collected 858.390448MB. incr 
GC: pause 9.60ms. collected 860.191552MB. incr 
GC: pause 9.60ms. collected 858.392352MB. incr 
GC: pause 9.59ms. collected 860.282496MB. incr 
GC: pause 9.58ms. collected 860.284400MB. incr 
GC: pause 9.58ms. collected 860.284400MB. incr 
GC: pause 9.58ms. collected 860.284400MB. incr 
GC: pause 9.59ms. collected 860.284400MB. incr 
GC: pause 9.60ms. collected 861.741296MB. incr 
GC: pause 9.56ms. collected 860.814304MB. incr 
GC: pause 9.59ms. collected 861.741296MB. incr 
GC: pause 19.04ms. collected 860.815856MB. incr 
GC: pause 9.61ms. collected 862.269648MB. incr 
GC: pause 9.58ms. collected 862.271200MB. incr 
GC: pause 9.62ms. collected 862.271200MB. incr 
GC: pause 9.60ms. collected 862.271200MB. incr 
GC: pause 9.69ms. collected 862.597760MB. incr 
GC: pause 9.58ms. collected 863.931440MB. incr 
GC: pause 9.63ms. collected 863.728048MB. incr 
GC: pause 9.64ms. collected 862.801152MB. incr 
GC: pause 9.63ms. collected 864.165152MB. incr 
GC: pause 9.56ms. collected 863.820896MB. incr 
GC: pause 9.59ms. collected 862.803056MB. incr 
GC: pause 9.67ms. collected 864.257648MB. incr 
GC: pause 9.58ms. collected 866.149520MB. incr 
GC: pause 9.61ms. collected 864.351728MB. incr 
GC: pause 9.57ms. collected 864.258000MB. incr 
GC: pause 10.74ms. collected 866.238096MB. incr 
GC: pause 9.70ms. collected 864.591264MB. incr 
GC: pause 9.57ms. collected 865.918240MB. incr 
GC: pause 9.60ms. collected 866.244800MB. incr 
GC: pause 9.62ms. collected 866.244800MB. incr 
GC: pause 9.58ms. collected 866.244800MB. incr 
GC: pause 9.61ms. collected 866.246704MB. incr 
GC: pause 9.62ms. collected 868.229696MB. incr 
GC: pause 9.63ms. collected 866.246704MB. incr 
GC: pause 9.63ms. collected 868.229696MB. incr 
GC: pause 9.63ms. collected 868.138752MB. incr 
GC: pause 9.58ms. collected 866.339552MB. incr 
GC: pause 9.63ms. collected 868.229696MB. incr 
GC: pause 9.63ms. collected 868.231600MB. incr 
GC: pause 9.60ms. collected 868.233504MB. incr 
GC: pause 9.65ms. collected 870.216496MB. incr 
GC: pause 9.87ms. collected 868.233504MB. incr 
GC: pause 9.65ms. collected 870.123648MB. incr 
GC: pause 9.70ms. collected 868.648368MB. incr 
GC: pause 9.62ms. collected 869.894480MB. incr 
GC: pause 9.60ms. collected 870.218400MB. incr 
GC: pause 9.62ms. collected 870.218400MB. incr 
GC: pause 9.65ms. collected 870.218400MB. incr 
GC: pause 9.60ms. collected 870.218400MB. incr 
GC: pause 9.66ms. collected 870.218400MB. incr 
GC: pause 9.74ms. collected 870.546304MB. incr 
GC: pause 9.59ms. collected 871.877296MB. incr 
GC: pause 9.61ms. collected 872.205200MB. incr 
GC: pause 9.70ms. collected 872.112352MB. incr 
GC: pause 9.73ms. collected 870.639152MB. incr 
GC: pause 9.62ms. collected 871.879200MB. incr 
GC: pause 9.64ms. collected 874.075408MB. incr 
GC: pause 9.82ms. collected 872.319888MB. incr 
GC: pause 9.63ms. collected 872.205200MB. incr 
GC: pause 9.66ms. collected 873.662096MB. incr 
GC: pause 9.64ms. collected 872.735104MB. incr 
GC: pause 9.68ms. collected 874.192000MB. incr 
GC: pause 9.69ms. collected 874.185296MB. incr 
GC: pause 9.65ms. collected 873.668752MB. incr 
GC: pause 9.77ms. collected 873.061712MB. incr 
GC: pause 9.75ms. collected 874.193344MB. incr 
GC: pause 9.61ms. collected 875.850896MB. incr 
GC: pause 9.75ms. collected 874.519904MB. incr 
GC: pause 9.66ms. collected 875.850896MB. incr 
GC: pause 9.71ms. collected 876.178800MB. incr 
GC: pause 9.83ms. collected 874.519904MB. incr 
GC: pause 9.66ms. collected 875.850896MB. incr 
GC: pause 9.69ms. collected 876.180704MB. incr 
GC: pause 10.33ms. collected 877.633792MB. incr 
GC: pause 10.05ms. collected 876.708704MB. incr 
GC: pause 9.67ms. collected 876.178800MB. incr 
GC: pause 9.72ms. collected 878.072752MB. incr 
GC: pause 9.68ms. collected 876.273200MB. incr 
GC: pause 9.73ms. collected 878.164048MB. incr 
GC: pause 9.72ms. collected 878.165600MB. incr 
GC: pause 9.67ms. collected 877.635696MB. incr 
GC: pause 9.81ms. collected 877.036608MB. incr 
GC: pause 9.69ms. collected 879.294592MB. incr 
GC: pause 9.71ms. collected 878.695504MB. incr 
GC: pause 9.75ms. collected 878.167152MB. incr 
GC: pause 9.73ms. collected 880.150848MB. incr 
GC: pause 9.70ms. collected 879.622496MB. incr 
GC: pause 9.72ms. collected 878.695504MB. incr 
GC: pause 9.69ms. collected 880.152400MB. incr 
GC: pause 10.10ms. collected 880.152400MB. incr 
GC: pause 9.67ms. collected 880.152400MB. incr 
GC: pause 9.71ms. collected 880.154304MB. incr 
GC: pause 9.78ms. collected 882.137296MB. incr 
GC: pause 9.68ms. collected 880.154304MB. incr 
GC: pause 9.73ms. collected 882.137296MB. incr 
GC: pause 9.76ms. collected 882.046352MB. incr 
GC: pause 9.69ms. collected 880.247152MB. incr 
GC: pause 9.68ms. collected 882.137296MB. incr 
GC: pause 9.73ms. collected 882.141104MB. incr 
GC: pause 9.72ms. collected 883.594144MB. incr 
GC: pause 9.70ms. collected 882.669152MB. incr 
GC: pause 9.69ms. collected 882.139200MB. incr 
GC: pause 9.73ms. collected 884.119296MB. incr 
GC: pause 9.85ms. collected 882.472464MB. incr 
GC: pause 9.71ms. collected 883.799440MB. incr 
GC: pause 10.27ms. collected 884.126000MB. incr 
GC: pause 9.69ms. collected 884.126000MB. incr 
GC: pause 9.71ms. collected 884.126000MB. incr 
GC: pause 9.72ms. collected 884.127904MB. incr 
GC: pause 9.74ms. collected 886.110896MB. incr 
GC: pause 9.87ms. collected 884.452560MB. incr 
GC: pause 9.72ms. collected 885.786240MB. incr 
GC: pause 9.73ms. collected 886.112800MB. incr 
GC: pause 9.69ms. collected 885.582848MB. incr 
GC: pause 9.73ms. collected 884.657856MB. incr 
GC: pause 9.73ms. collected 886.112448MB. incr 
GC: pause 9.73ms. collected 888.001184MB. incr 
GC: pause 9.72ms. collected 886.209664MB. incr 
GC: pause 9.72ms. collected 886.112800MB. incr 
GC: pause 9.79ms. collected 888.092896MB. incr 
GC: pause 9.84ms. collected 886.446064MB. incr 
GC: pause 9.86ms. collected 887.773040MB. incr 
GC: pause 9.72ms. collected 888.099600MB. incr 
GC: pause 9.78ms. collected 888.099600MB. incr 
GC: pause 9.72ms. collected 888.099600MB. incr 
GC: pause 9.74ms. collected 888.101504MB. incr 
GC: pause 9.77ms. collected 890.084496MB. incr 
GC: pause 9.87ms. collected 888.427504MB. incr 
GC: pause 9.75ms. collected 889.758496MB. incr 
GC: pause 9.74ms. collected 890.086400MB. incr 
GC: pause 9.78ms. collected 890.079696MB. incr 
GC: pause 9.78ms. collected 889.976592MB. incr 
GC: pause 9.81ms. collected 888.544016MB. incr 
GC: pause 9.85ms. collected 890.086400MB. incr 
GC: pause 9.75ms. collected 891.745296MB. incr 
GC: pause 9.73ms. collected 891.543248MB. incr 
GC: pause 19.18ms. collected 890.616352MB. incr 
GC: pause 9.77ms. collected 891.956688MB. incr 
GC: pause 9.80ms. collected 890.204816MB. incr 
GC: pause 9.76ms. collected 892.071296MB. incr 
GC: pause 9.80ms. collected 892.074752MB. incr 
GC: pause 9.85ms. collected 892.398208MB. incr 
GC: pause 9.79ms. collected 893.733440MB. incr 
GC: pause 9.78ms. collected 892.075104MB. incr 
GC: pause 9.80ms. collected 894.058096MB. incr 
GC: pause 9.78ms. collected 893.530048MB. incr 
GC: pause 9.75ms. collected 892.603152MB. incr 
GC: pause 9.87ms. collected 894.060000MB. incr 
GC: pause 9.75ms. collected 894.060000MB. incr 
GC: pause 9.76ms. collected 894.060000MB. incr 
GC: pause 9.75ms. collected 894.060000MB. incr 
GC: pause 9.78ms. collected 894.061904MB. incr 
GC: pause 11.74ms. collected 896.044896MB. incr 
GC: pause 9.84ms. collected 895.953952MB. incr 
GC: pause 9.85ms. collected 894.154752MB. incr 
GC: pause 9.78ms. collected 896.044896MB. incr 
GC: pause 9.79ms. collected 896.046800MB. incr 
GC: pause 9.82ms. collected 896.046800MB. incr 
GC: pause 9.80ms. collected 896.048704MB. incr 
GC: pause 9.79ms. collected 897.938848MB. incr 
GC: pause 9.75ms. collected 896.139648MB. incr 
GC: pause 9.81ms. collected 897.940752MB. incr 
GC: pause 9.81ms. collected 896.141552MB. incr 
GC: pause 9.79ms. collected 898.031696MB. incr 
GC: pause 9.78ms. collected 898.033600MB. incr 
GC: pause 9.78ms. collected 898.033600MB. incr 
GC: pause 9.87ms. collected 898.033600MB. incr 
GC: pause 12.07ms. collected 899.490448MB. incr 
GC: pause 9.78ms. collected 898.563552MB. incr 
GC: pause 9.83ms. collected 898.035504MB. incr 
GC: pause 9.81ms. collected 900.018496MB. incr 
GC: pause 9.82ms. collected 900.020400MB. incr 
GC: pause 9.86ms. collected 900.013696MB. incr 
GC: pause 9.85ms. collected 899.934256MB. incr 
GC: pause 9.80ms. collected 899.583344MB. incr 
GC: pause 9.83ms. collected 900.457456MB. incr 
GC: pause 9.80ms. collected 900.113248MB. incr 
GC: pause 9.78ms. collected 900.020400MB. incr 
GC: pause 9.86ms. collected 901.914352MB. incr 
GC: pause 9.90ms. collected 900.439808MB. incr 
GC: pause 9.84ms. collected 901.680640MB. incr 
GC: pause 9.81ms. collected 902.007200MB. incr 
GC: pause 9.83ms. collected 902.009104MB. incr 
GC: pause 9.83ms. collected 903.875584MB. incr 
GC: pause 9.83ms. collected 902.123712MB. incr 
GC: pause 9.87ms. collected 902.008144MB. incr 
GC: pause 9.89ms. collected 903.993056MB. incr 
GC: pause 9.82ms. collected 903.464096MB. incr 
GC: pause 9.82ms. collected 902.537104MB. incr 
GC: pause 9.83ms. collected 903.994000MB. incr 
GC: pause 9.88ms. collected 903.994000MB. incr 
GC: pause 9.85ms. collected 903.995904MB. incr 
GC: pause 9.87ms. collected 905.886048MB. incr 
GC: pause 9.85ms. collected 904.086848MB. incr 
GC: pause 9.84ms. collected 905.450896MB. incr 
GC: pause 9.82ms. collected 904.525456MB. incr 
GC: pause 9.84ms. collected 905.979248MB. incr 
GC: pause 9.83ms. collected 905.980800MB. incr 
GC: pause 17.05ms. collected 905.980800MB. incr 
GC: pause 9.81ms. collected 905.980800MB. incr 
GC: pause 9.84ms. collected 905.980800MB. incr 
GC: pause 9.90ms. collected 907.437648MB. incr 
GC: pause 9.94ms. collected 906.510752MB. incr 
GC: pause 9.85ms. collected 907.437696MB. incr 
GC: pause 9.85ms. collected 906.512608MB. incr 
GC: pause 9.87ms. collected 907.965696MB. incr 
GC: pause 9.88ms. collected 907.967600MB. incr 
GC: pause 9.83ms. collected 907.969504MB. incr 
GC: pause 9.90ms. collected 909.859648MB. incr 
GC: pause 9.87ms. collected 908.060448MB. incr 
GC: pause 9.88ms. collected 907.969504MB. incr 
GC: pause 9.85ms. collected 909.952496MB. incr 
GC: pause 9.87ms. collected 909.954400MB. incr 
GC: pause 19.92ms. collected 909.954400MB. incr 
GC: pause 9.90ms. collected 909.861552MB. incr 
GC: pause 9.88ms. collected 909.517344MB. incr 
GC: pause 9.87ms. collected 909.954400MB. incr 
GC: pause 9.89ms. collected 910.484304MB. incr 
GC: pause 9.89ms. collected 909.954400MB. incr 
GC: pause 9.99ms. collected 910.282304MB. incr 
GC: pause 9.88ms. collected 911.613296MB. incr 
GC: pause 9.86ms. collected 911.941200MB. incr 
GC: pause 10.25ms. collected 911.941200MB. incr 
GC: pause 9.91ms. collected 911.941200MB. incr 
GC: pause 9.84ms. collected 911.941200MB. incr 
GC: pause 9.88ms. collected 913.398048MB. incr 
GC: pause 9.88ms. collected 912.471152MB. incr 
GC: pause 10.01ms. collected 912.267760MB. incr 
GC: pause 11.62ms. collected 913.601440MB. incr 
GC: pause 9.91ms. collected 913.928000MB. incr 
GC: pause 9.93ms. collected 913.928000MB. incr 
GC: pause 9.93ms. collected 913.928000MB. incr 
GC: pause 9.88ms. collected 913.928000MB. incr 
GC: pause 9.92ms. collected 913.928000MB. incr 
GC: pause 9.90ms. collected 913.929904MB. incr 
GC: pause 9.93ms. collected 915.912896MB. incr 
GC: pause 9.93ms. collected 915.815520MB. incr 
GC: pause 9.89ms. collected 914.027280MB. incr 
GC: pause 9.88ms. collected 915.914800MB. incr 
GC: pause 9.93ms. collected 915.914800MB. incr 
GC: pause 9.86ms. collected 915.914800MB. incr 
GC: pause 9.90ms. collected 915.914800MB. incr 
GC: pause 9.88ms. collected 917.792144MB. incr 
GC: pause 9.92ms. collected 916.024256MB. incr 
GC: pause 10.29ms. collected 917.371696MB. incr 
GC: pause 9.93ms. collected 916.446608MB. incr 
GC: pause 9.88ms. collected 917.899696MB. incr 
GC: pause 9.93ms. collected 917.901600MB. incr 
GC: pause 9.90ms. collected 917.903504MB. incr 
GC: pause 9.96ms. collected 919.793648MB. incr 
GC: pause 9.89ms. collected 917.994448MB. incr 
GC: pause 10.04ms. collected 918.228160MB. incr 
GC: pause 9.96ms. collected 919.561840MB. incr 
GC: pause 9.90ms. collected 919.888400MB. incr 
GC: pause 9.96ms. collected 919.888400MB. incr 
GC: pause 9.95ms. collected 919.795552MB. incr 
GC: pause 9.94ms. collected 919.883072MB. incr 
GC: pause 9.93ms. collected 919.893728MB. incr 
GC: pause 9.93ms. collected 919.981248MB. incr 
GC: pause 10.13ms. collected 919.888400MB. incr 
GC: pause 10.02ms. collected 920.214960MB. incr 
GC: pause 9.93ms. collected 921.548640MB. incr 
GC: pause 9.96ms. collected 921.875200MB. incr 
GC: pause 9.90ms. collected 921.875200MB. incr 
GC: pause 9.91ms. collected 921.875200MB. incr 
GC: pause 9.94ms. collected 921.875200MB. incr 
GC: pause 9.95ms. collected 923.332096MB. incr 
GC: pause 9.95ms. collected 922.405104MB. incr 
GC: pause 9.97ms. collected 923.332096MB. incr 
GC: pause 9.95ms. collected 922.406656MB. incr 
GC: pause 9.95ms. collected 923.860448MB. incr 
GC: pause 9.93ms. collected 923.862000MB. incr 
GC: pause 9.95ms. collected 923.862000MB. incr 
GC: pause 9.99ms. collected 923.862000MB. incr 
GC: pause 10.55ms. collected 925.318896MB. incr 
GC: pause 9.96ms. collected 924.391904MB. incr 
GC: pause 9.97ms. collected 925.318848MB. incr 
GC: pause 9.98ms. collected 924.391952MB. incr 
GC: pause 9.98ms. collected 925.848800MB. incr 
GC: pause 9.98ms. collected 925.848800MB. incr 
GC: pause 9.99ms. collected 925.848800MB. incr 
GC: pause 9.94ms. collected 925.848800MB. incr 
GC: pause 9.96ms. collected 925.848800MB. incr 
GC: pause 10.10ms. collected 926.175360MB. incr 
GC: pause 9.98ms. collected 927.509040MB. incr 
GC: pause 10.03ms. collected 927.835600MB. incr 
GC: pause 9.97ms. collected 927.305696MB. incr 
GC: pause 9.92ms. collected 926.380608MB. incr 
GC: pause 10.00ms. collected 927.835248MB. incr 
GC: pause 10.39ms. collected 929.711392MB. incr 
GC: pause 9.98ms. collected 927.945056MB. incr 
GC: pause 9.96ms. collected 927.835600MB. incr 
GC: pause 10.00ms. collected 929.729552MB. incr 
GC: pause 9.98ms. collected 927.930352MB. incr 
GC: pause 10.01ms. collected 929.820496MB. incr 
GC: pause 9.98ms. collected 929.822400MB. incr 
GC: pause 9.98ms. collected 929.822400MB. incr 
GC: pause 9.98ms. collected 929.822400MB. incr 
GC: pause 10.00ms. collected 929.822400MB. incr 
GC: pause 9.99ms. collected 931.716352MB. incr 
GC: pause 10.00ms. collected 929.915248MB. incr 
GC: pause 10.06ms. collected 931.802496MB. incr 
GC: pause 9.98ms. collected 931.286000MB. incr 
GC: pause 10.01ms. collected 930.353856MB. incr 
GC: pause 10.49ms. collected 931.807648MB. incr 
GC: pause 10.15ms. collected 932.135760MB. incr 
GC: pause 10.04ms. collected 933.469440MB. incr 
GC: pause 10.03ms. collected 931.811104MB. incr 
GC: pause 10.06ms. collected 933.787392MB. incr 
GC: pause 10.11ms. collected 932.143808MB. incr 
GC: pause 9.96ms. collected 933.468096MB. incr 
GC: pause 10.00ms. collected 933.796000MB. incr 
GC: pause 10.02ms. collected 933.796000MB. incr 
GC: pause 10.00ms. collected 933.797904MB. incr 
GC: pause 10.10ms. collected 935.688048MB. incr 
GC: pause 10.02ms. collected 933.888848MB. incr 
GC: pause 10.15ms. collected 934.123904MB. incr 
GC: pause 10.08ms. collected 935.454896MB. incr 
GC: pause 10.03ms. collected 935.782800MB. incr 
GC: pause 10.32ms. collected 935.782800MB. incr 
GC: pause 10.01ms. collected 935.782800MB. incr 
GC: pause 10.06ms. collected 935.784352MB. incr 
GC: pause 10.02ms. collected 937.238144MB. incr 
GC: pause 10.04ms. collected 936.312704MB. incr 
GC: pause 10.17ms. collected 936.110704MB. incr 
GC: pause 10.04ms. collected 937.441696MB. incr 
GC: pause 10.04ms. collected 937.769600MB. incr 
GC: pause 10.03ms. collected 937.769600MB. incr 
GC: pause 10.01ms. collected 937.769600MB. incr 
GC: pause 10.05ms. collected 937.769600MB. incr 
GC: pause 10.25ms. collected 938.097504MB. incr 
GC: pause 10.05ms. collected 939.428496MB. incr 
GC: pause 10.08ms. collected 939.663552MB. incr 
GC: pause 20.64ms. collected 937.862448MB. incr 
GC: pause 10.08ms. collected 939.756400MB. incr 
GC: pause 10.09ms. collected 939.756400MB. incr 
GC: pause 10.10ms. collected 939.756400MB. incr 
GC: pause 10.11ms. collected 939.756400MB. incr 
GC: pause 10.03ms. collected 939.756400MB. incr 
GC: pause 10.03ms. collected 939.756400MB. incr 
GC: pause 10.08ms. collected 941.650352MB. incr 
GC: pause 10.07ms. collected 939.851152MB. incr 
GC: pause 10.03ms. collected 941.741296MB. incr 
GC: pause 10.03ms. collected 941.743200MB. incr 
GC: pause 10.09ms. collected 941.743200MB. incr 
GC: pause 10.08ms. collected 941.743200MB. incr 
GC: pause 10.04ms. collected 943.200048MB. incr 
GC: pause 10.08ms. collected 942.273152MB. incr 
GC: pause 12.51ms. collected 942.069760MB. incr 
GC: pause 10.12ms. collected 943.403440MB. incr 
GC: pause 10.11ms. collected 943.730000MB. incr 
GC: pause 10.06ms. collected 943.730000MB. incr 
GC: pause 10.05ms. collected 943.730000MB. incr 
GC: pause 10.11ms. collected 943.730000MB. incr 
GC: pause 10.24ms. collected 944.056560MB. incr 
GC: pause 10.05ms. collected 945.390240MB. incr 
GC: pause 10.07ms. collected 945.186896MB. incr 
GC: pause 10.05ms. collected 944.259904MB. incr 
GC: pause 10.09ms. collected 945.716800MB. incr 
GC: pause 10.12ms. collected 945.716800MB. incr 
GC: pause 10.14ms. collected 945.716800MB. incr 
GC: pause 10.11ms. collected 945.716800MB. incr 
GC: pause 10.07ms. collected 945.716800MB. incr 
GC: pause 10.07ms. collected 945.716800MB. incr 
GC: pause 10.16ms. collected 947.703600MB. incr 
GC: pause 10.10ms. collected 947.173648MB. incr 
GC: pause 10.06ms. collected 946.246752MB. incr 
GC: pause 10.12ms. collected 947.703600MB. incr 
GC: pause 10.09ms. collected 947.703600MB. incr 
GC: pause 10.10ms. collected 947.705152MB. incr 
GC: pause 10.14ms. collected 949.596000MB. incr 
GC: pause 10.09ms. collected 947.796448MB. incr 
GC: pause 10.07ms. collected 949.160496MB. incr 
GC: pause 10.14ms. collected 948.235408MB. incr 
GC: pause 10.12ms. collected 949.688496MB. incr 
GC: pause 10.16ms. collected 949.690400MB. incr 
GC: pause 10.10ms. collected 949.690400MB. incr 
GC: pause 11.83ms. collected 950.016960MB. incr 
GC: pause 10.15ms. collected 951.350640MB. incr 
GC: pause 10.58ms. collected 949.692304MB. incr 
GC: pause 10.12ms. collected 951.675296MB. incr 
GC: pause 10.16ms. collected 951.677200MB. incr 
GC: pause 10.29ms. collected 950.018304MB. incr 
GC: pause 10.14ms. collected 951.351200MB. incr 
GC: pause 10.13ms. collected 953.132144MB. incr 
GC: pause 10.14ms. collected 952.207152MB. incr 
GC: pause 10.14ms. collected 951.677200MB. incr 
GC: pause 10.28ms. collected 952.003760MB. incr 
GC: pause 10.15ms. collected 953.337440MB. incr 
GC: pause 10.13ms. collected 953.664000MB. incr 
GC: pause 10.21ms. collected 953.664000MB. incr 
GC: pause 10.18ms. collected 953.657296MB. incr 
GC: pause 16.38ms. collected 953.664000MB. incr 
GC: pause 10.15ms. collected 953.670704MB. incr 
GC: pause 10.16ms. collected 953.664000MB. incr 
GC: pause 10.16ms. collected 953.665904MB. incr 
GC: pause 10.17ms. collected 955.648896MB. incr 
GC: pause 10.12ms. collected 955.650800MB. incr 
GC: pause 10.20ms. collected 955.644096MB. incr 
GC: pause 10.21ms. collected 955.564656MB. incr 
GC: pause 10.14ms. collected 955.537680MB. incr 
GC: pause 10.17ms. collected 955.763920MB. incr 
GC: pause 10.14ms. collected 955.743648MB. incr 
GC: pause 10.13ms. collected 955.650800MB. incr 
GC: pause 10.17ms. collected 957.630896MB. incr 
GC: pause 10.17ms. collected 957.114352MB. incr 
GC: pause 19.91ms. collected 956.180752MB. incr 
GC: pause 10.17ms. collected 957.637600MB. incr 
GC: pause 10.15ms. collected 957.639504MB. incr 
GC: pause 10.20ms. collected 959.529648MB. incr 
GC: pause 10.15ms. collected 957.730448MB. incr 
GC: pause 10.26ms. collected 959.531552MB. incr 
GC: pause 10.16ms. collected 957.732352MB. incr 
GC: pause 10.19ms. collected 959.622496MB. incr 
GC: pause 10.18ms. collected 959.624400MB. incr 
GC: pause 10.13ms. collected 959.624400MB. incr 
GC: pause 10.15ms. collected 959.626304MB. incr 
GC: pause 10.24ms. collected 961.516448MB. incr 
GC: pause 10.16ms. collected 959.717248MB. incr 
GC: pause 10.21ms. collected 961.518352MB. incr 
GC: pause 10.20ms. collected 959.719152MB. incr 
GC: pause 13.63ms. collected 961.609296MB. incr 
GC: pause 10.15ms. collected 961.611200MB. incr 
GC: pause 10.21ms. collected 961.611200MB. incr 
GC: pause 10.33ms. collected 961.939104MB. incr 
GC: pause 10.18ms. collected 963.270096MB. incr 
GC: pause 10.18ms. collected 963.068048MB. incr 
GC: pause 10.18ms. collected 962.141152MB. incr 
GC: pause 10.21ms. collected 963.505152MB. incr 
GC: pause 10.29ms. collected 962.031952MB. incr 
GC: pause 10.22ms. collected 963.271648MB. incr 
GC: pause 10.18ms. collected 965.053296MB. incr 
GC: pause 10.16ms. collected 964.127952MB. incr 
GC: pause 10.20ms. collected 963.598000MB. incr 
GC: pause 10.22ms. collected 965.054848MB. incr 
GC: pause 10.65ms. collected 964.127952MB. incr 
GC: pause 10.22ms. collected 965.584800MB. incr 
GC: pause 10.24ms. collected 965.584800MB. incr 
GC: pause 10.22ms. collected 965.578096MB. incr 
GC: pause 10.22ms. collected 965.584800MB. incr 
GC: pause 10.23ms. collected 965.591504MB. incr 
GC: pause 10.18ms. collected 965.584800MB. incr 
GC: pause 10.34ms. collected 965.911360MB. incr 
GC: pause 10.19ms. collected 967.245040MB. incr 
GC: pause 10.21ms. collected 967.571600MB. incr 
GC: pause 10.24ms. collected 967.571600MB. incr 
GC: pause 10.20ms. collected 967.571600MB. incr 
GC: pause 10.16ms. collected 967.571600MB. incr 
GC: pause 10.20ms. collected 967.571600MB. incr 
GC: pause 10.24ms. collected 969.028448MB. incr 
GC: pause 10.34ms. collected 968.101552MB. incr 
GC: pause 10.26ms. collected 969.551696MB. incr 
GC: pause 10.19ms. collected 969.035200MB. incr 
GC: pause 10.18ms. collected 968.103408MB. incr 
GC: pause 10.20ms. collected 969.558400MB. incr 
GC: pause 10.26ms. collected 971.450448MB. incr 
GC: pause 10.22ms. collected 969.651248MB. incr 
GC: pause 10.34ms. collected 969.884960MB. incr 
GC: pause 10.24ms. collected 971.218640MB. incr 
GC: pause 10.23ms. collected 971.545200MB. incr 
GC: pause 10.27ms. collected 971.545200MB. incr 
GC: pause 10.29ms. collected 971.538496MB. incr 
GC: pause 10.25ms. collected 971.545200MB. incr 
GC: pause 10.26ms. collected 971.551904MB. incr 
GC: pause 10.82ms. collected 971.545200MB. incr 
GC: pause 10.24ms. collected 971.547104MB. incr 
GC: pause 10.24ms. collected 973.530096MB. incr 
GC: pause 10.23ms. collected 973.532000MB. incr 
GC: pause 10.27ms. collected 973.525296MB. incr 
GC: pause 10.26ms. collected 973.445856MB. incr 
GC: pause 10.24ms. collected 973.532000MB. incr 
GC: pause 10.19ms. collected 973.624848MB. incr 
GC: pause 10.22ms. collected 973.532000MB. incr 
GC: pause 10.43ms. collected 973.858560MB. incr 
GC: pause 10.27ms. collected 975.192240MB. incr 
GC: pause 10.28ms. collected 975.518800MB. incr 
GC: pause 10.35ms. collected 975.518800MB. incr 
GC: pause 10.27ms. collected 975.518800MB. incr 
GC: pause 10.70ms. collected 975.518800MB. incr 
GC: pause 10.29ms. collected 976.975648MB. incr 
GC: pause 10.25ms. collected 976.048752MB. incr 
GC: pause 10.26ms. collected 976.975648MB. incr 
GC: pause 10.27ms. collected 976.048752MB. incr 
GC: pause 10.23ms. collected 977.505600MB. incr 
GC: pause 10.28ms. collected 977.505600MB. incr 
GC: pause 10.28ms. collected 977.505600MB. incr 
GC: pause 10.27ms. collected 977.507504MB. incr 
GC: pause 10.29ms. collected 979.490496MB. incr 
GC: pause 10.27ms. collected 977.507504MB. incr 
GC: pause 10.26ms. collected 979.490496MB. incr 
GC: pause 10.31ms. collected 979.492400MB. incr 
GC: pause 10.31ms. collected 979.399552MB. incr 
GC: pause 10.70ms. collected 979.055296MB. incr 
GC: pause 10.44ms. collected 978.363456MB. incr 
GC: pause 10.32ms. collected 981.058448MB. incr 
GC: pause 10.29ms. collected 979.585248MB. incr 
GC: pause 10.33ms. collected 981.386352MB. incr 
GC: pause 10.29ms. collected 979.587152MB. incr 
GC: pause 10.27ms. collected 981.477296MB. incr 
GC: pause 10.28ms. collected 981.479200MB. incr 
GC: pause 10.34ms. collected 981.479200MB. incr 
GC: pause 10.44ms. collected 981.807104MB. incr 
GC: pause 10.33ms. collected 983.138096MB. incr 
GC: pause 10.31ms. collected 982.936048MB. incr 
GC: pause 10.29ms. collected 982.009152MB. incr 
GC: pause 10.35ms. collected 983.373152MB. incr 
GC: pause 10.34ms. collected 983.028896MB. incr 
GC: pause 10.73ms. collected 982.011056MB. incr 
GC: pause 10.33ms. collected 983.466000MB. incr 
GC: pause 10.38ms. collected 985.450896MB. incr 
GC: pause 10.32ms. collected 983.467904MB. incr 
GC: pause 10.35ms. collected 985.444192MB. incr 
GC: pause 10.43ms. collected 983.800608MB. incr 
GC: pause 10.33ms. collected 985.124896MB. incr 
GC: pause 10.32ms. collected 985.452800MB. incr 
GC: pause 10.31ms. collected 985.452800MB. incr 
GC: pause 10.45ms. collected 985.780704MB. incr 
GC: pause 10.33ms. collected 987.111696MB. incr 
GC: pause 10.47ms. collected 985.779360MB. incr 
GC: pause 10.31ms. collected 987.113040MB. incr 
GC: pause 10.34ms. collected 987.439600MB. incr 
GC: pause 16.68ms. collected 986.909648MB. incr 
GC: pause 10.34ms. collected 985.984656MB. incr 
GC: pause 10.29ms. collected 987.439600MB. incr 
GC: pause 10.36ms. collected 989.417792MB. incr 
GC: pause 10.33ms. collected 987.446304MB. incr 
GC: pause 10.29ms. collected 988.896448MB. incr 
GC: pause 10.32ms. collected 987.969552MB. incr 
GC: pause 10.32ms. collected 989.426400MB. incr 
GC: pause 10.39ms. collected 989.426400MB. incr 
GC: pause 10.34ms. collected 989.426400MB. incr 
GC: pause 10.32ms. collected 989.426400MB. incr 
GC: pause 10.32ms. collected 989.426400MB. incr 
GC: pause 10.29ms. collected 989.428304MB. incr 
GC: pause 10.32ms. collected 991.411296MB. incr 
GC: pause 11.84ms. collected 991.413200MB. incr 
GC: pause 10.35ms. collected 989.759392MB. incr 
GC: pause 10.31ms. collected 991.081760MB. incr 
GC: pause 10.48ms. collected 991.739552MB. incr 
GC: pause 10.32ms. collected 993.072096MB. incr 
GC: pause 10.35ms. collected 991.415104MB. incr 
GC: pause 10.40ms. collected 993.391392MB. incr 
GC: pause 10.49ms. collected 991.746464MB. incr 
GC: pause 10.32ms. collected 993.073440MB. incr 
GC: pause 10.32ms. collected 993.400000MB. incr 
GC: pause 10.34ms. collected 993.400000MB. incr 
GC: pause 10.35ms. collected 993.400000MB. incr 
GC: pause 10.41ms. collected 993.726560MB. incr 
GC: pause 10.34ms. collected 995.060240MB. incr 
GC: pause 10.34ms. collected 994.856896MB. incr 
GC: pause 10.33ms. collected 993.929904MB. incr 
GC: pause 10.32ms. collected 995.386800MB. incr 
GC: pause 10.32ms. collected 995.386800MB. incr 
GC: pause 10.33ms. collected 995.386800MB. incr 
GC: pause 10.32ms. collected 995.386800MB. incr 
GC: pause 10.38ms. collected 995.388704MB. incr 
GC: pause 10.36ms. collected 997.371696MB. incr 
GC: pause 10.37ms. collected 997.269376MB. incr 
GC: pause 10.37ms. collected 995.491024MB. incr 
GC: pause 10.34ms. collected 997.373600MB. incr 
GC: pause 10.35ms. collected 997.373600MB. incr 
GC: pause 10.35ms. collected 997.373600MB. incr 
GC: pause 10.35ms. collected 997.373600MB. incr 
GC: pause 10.38ms. collected 999.267552MB. incr 
GC: pause 10.37ms. collected 997.468000MB. incr 
GC: pause 10.40ms. collected 999.358848MB. incr 
GC: pause 10.38ms. collected 999.267552MB. incr 
GC: pause 10.47ms. collected 997.793008MB. incr 
GC: pause 10.37ms. collected 999.035744MB. incr 
GC: pause 10.36ms. collected 1001.332528MB. incr 
GC: pause 10.39ms. collected 999.373168MB. incr 
GC: pause 10.51ms. collected 999.686960MB. incr 
GC: pause 10.38ms. collected 1001.020640MB. incr 
GC: pause 10.37ms. collected 1001.347200MB. incr 
GC: pause 10.38ms. collected 1001.347200MB. incr 
GC: pause 10.37ms. collected 1001.347200MB. incr 
GC: pause 15.89ms. collected 1001.347200MB. incr 
GC: pause 10.37ms. collected 1001.347200MB. incr 
GC: pause 10.37ms. collected 1002.804096MB. incr 
GC: pause 10.39ms. collected 1001.877104MB. incr 
GC: pause 10.48ms. collected 1003.334000MB. incr 
GC: pause 10.46ms. collected 1003.241152MB. incr 
GC: pause 10.56ms. collected 1001.766608MB. incr 
GC: pause 10.37ms. collected 1003.009344MB. incr 
GC: pause 10.42ms. collected 1005.226048MB. incr 
GC: pause 10.41ms. collected 1003.426848MB. incr 
GC: pause 10.53ms. collected 1003.661904MB. incr 
GC: pause 10.38ms. collected 1004.992896MB. incr 
GC: pause 10.42ms. collected 1005.320800MB. incr 
GC: pause 10.34ms. collected 1005.320800MB. incr 
GC: pause 20.25ms. collected 1005.320800MB. incr 
GC: pause 10.37ms. collected 1005.320800MB. incr 
GC: pause 10.44ms. collected 1005.322704MB. incr 
GC: pause 10.44ms. collected 1007.305696MB. incr 
GC: pause 10.41ms. collected 1006.777696MB. incr 
GC: pause 10.39ms. collected 1005.850704MB. incr 
GC: pause 10.42ms. collected 1007.307600MB. incr 
GC: pause 10.39ms. collected 1007.307600MB. incr 
GC: pause 10.39ms. collected 1007.307600MB. incr 
GC: pause 10.37ms. collected 1007.307600MB. incr 
GC: pause 10.38ms. collected 1007.309504MB. incr 
GC: pause 10.39ms. collected 1009.292496MB. incr 
GC: pause 10.45ms. collected 1009.201552MB. incr 
GC: pause 10.37ms. collected 1007.402000MB. incr 
GC: pause 15.72ms. collected 1009.292848MB. incr 
GC: pause 10.38ms. collected 1009.294400MB. incr 
GC: pause 10.38ms. collected 1009.296304MB. incr 
GC: pause 10.48ms. collected 1011.267520MB. incr 
GC: pause 10.36ms. collected 1009.306176MB. incr 
GC: pause 10.46ms. collected 1011.188352MB. incr 
GC: pause 10.48ms. collected 1009.713808MB. incr 
GC: pause 10.42ms. collected 1010.954640MB. incr 
GC: pause 10.41ms. collected 1011.281200MB. incr 
GC: pause 10.40ms. collected 1011.283104MB. incr 
GC: pause 10.47ms. collected 1013.266096MB. incr 
GC: pause 10.40ms. collected 1011.283104MB. incr 
GC: pause 10.44ms. collected 1013.259392MB. incr 
GC: pause 10.44ms. collected 1012.744752MB. incr 
GC: pause 10.83ms. collected 1011.811152MB. incr 
GC: pause 10.42ms. collected 1013.268000MB. incr 
GC: pause 10.42ms. collected 1013.268000MB. incr 
GC: pause 10.38ms. collected 1013.268000MB. incr 
GC: pause 10.44ms. collected 1015.140112MB. incr 
GC: pause 10.44ms. collected 1013.382688MB. incr 
GC: pause 10.43ms. collected 1014.724896MB. incr 
GC: pause 10.48ms. collected 1013.799808MB. incr 
GC: pause 10.46ms. collected 1015.252896MB. incr 
GC: pause 10.41ms. collected 1015.256704MB. incr 
GC: pause 10.41ms. collected 1016.709744MB. incr 
GC: pause 10.74ms. collected 1015.784752MB. incr 
GC: pause 10.45ms. collected 1015.254800MB. incr 
GC: pause 10.64ms. collected 1017.241600MB. incr 
GC: pause 10.44ms. collected 1016.711648MB. incr 
GC: pause 10.44ms. collected 1015.784752MB. incr 
GC: pause 10.41ms. collected 1017.241600MB. incr 
GC: pause 10.44ms. collected 1017.241600MB. incr 
GC: pause 10.58ms. collected 1017.568160MB. incr 
GC: pause 10.44ms. collected 1018.901840MB. incr 
GC: pause 10.47ms. collected 1018.698448MB. incr 
GC: pause 10.44ms. collected 1017.771552MB. incr 
GC: pause 10.48ms. collected 1019.228400MB. incr 
GC: pause 10.47ms. collected 1019.228400MB. incr 
GC: pause 10.46ms. collected 1019.135552MB. incr 
GC: pause 10.50ms. collected 1019.314544MB. incr 
GC: pause 10.43ms. collected 1019.235104MB. incr 
GC: pause 11.00ms. collected 1019.228400MB. incr 
GC: pause 10.52ms. collected 1021.122352MB. incr 
GC: pause 10.55ms. collected 1019.647808MB. incr 
GC: pause 10.43ms. collected 1020.888640MB. incr 
GC: pause 10.41ms. collected 1021.216752MB. incr 
GC: pause 10.58ms. collected 1021.541552MB. incr 
GC: pause 10.46ms. collected 1022.874096MB. incr 
GC: pause 10.57ms. collected 1021.541760MB. incr 
GC: pause 10.42ms. collected 1022.875440MB. incr 
GC: pause 10.50ms. collected 1023.195296MB. incr 
GC: pause 10.55ms. collected 1021.549808MB. incr 
GC: pause 10.45ms. collected 1022.875648MB. incr 
GC: pause 10.43ms. collected 1024.657296MB. incr 
GC: pause 10.46ms. collected 1023.731952MB. incr 
GC: pause 10.93ms. collected 1023.202000MB. incr 
GC: pause 10.45ms. collected 1024.658848MB. incr 
GC: pause 10.44ms. collected 1023.731952MB. incr 
GC: pause 10.44ms. collected 1025.188800MB. incr 
GC: pause 10.45ms. collected 1025.188800MB. incr 
GC: pause 10.49ms. collected 1025.188800MB. incr 
GC: pause 10.46ms. collected 1025.188800MB. incr 
GC: pause 10.47ms. collected 1025.188800MB. incr 
GC: pause 10.44ms. collected 1027.082752MB. incr 
GC: pause 10.52ms. collected 1025.283552MB. incr 
GC: pause 10.49ms. collected 1027.173696MB. incr 
GC: pause 10.48ms. collected 1027.175600MB. incr 
GC: pause 10.47ms. collected 1027.175600MB. incr 
GC: pause 10.88ms. collected 1027.175600MB. incr 
GC: pause 10.48ms. collected 1027.175600MB. incr 
GC: pause 10.58ms. collected 1027.503504MB. incr 
GC: pause 10.50ms. collected 1028.834496MB. incr 
GC: pause 10.48ms. collected 1029.162400MB. incr 
GC: pause 10.53ms. collected 1029.162400MB. incr 
GC: pause 10.53ms. collected 1029.155696MB. incr 
GC: pause 10.50ms. collected 1029.162400MB. incr 
GC: pause 10.54ms. collected 1029.169104MB. incr 
GC: pause 10.50ms. collected 1029.162400MB. incr 
GC: pause 10.66ms. collected 1029.488960MB. incr 
GC: pause 10.52ms. collected 1030.822640MB. incr 
GC: pause 10.52ms. collected 1031.149200MB. incr 
GC: pause 10.51ms. collected 1031.149200MB. incr 
GC: pause 11.03ms. collected 1031.149200MB. incr 
GC: pause 10.50ms. collected 1031.151104MB. incr 
GC: pause 10.56ms. collected 1033.127392MB. incr 
GC: pause 10.54ms. collected 1031.157808MB. incr 
GC: pause 10.54ms. collected 1033.134096MB. incr 
GC: pause 10.56ms. collected 1033.136000MB. incr 
GC: pause 10.53ms. collected 1032.606096MB. incr 
GC: pause 10.66ms. collected 1032.007008MB. incr 
GC: pause 10.51ms. collected 1034.264992MB. incr 
GC: pause 10.52ms. collected 1033.665904MB. incr 
GC: pause 10.52ms. collected 1033.137904MB. incr 
GC: pause 10.52ms. collected 1035.120896MB. incr 
GC: pause 16.53ms. collected 1035.122800MB. incr 
GC: pause 10.57ms. collected 1035.122800MB. incr 
GC: pause 10.59ms. collected 1035.116096MB. incr 
GC: pause 10.59ms. collected 1035.122800MB. incr 
GC: pause 10.58ms. collected 1035.129504MB. incr 
GC: pause 10.49ms. collected 1035.122800MB. incr 
GC: pause 10.56ms. collected 1036.579696MB. incr 
GC: pause 10.55ms. collected 1035.654608MB. incr 
GC: pause 10.56ms. collected 1037.107696MB. incr 
GC: pause 10.53ms. collected 1037.109600MB. incr 
GC: pause 10.54ms. collected 1037.111504MB. incr 
GC: pause 12.86ms. collected 1039.001648MB. incr 
GC: pause 10.51ms. collected 1037.202448MB. incr 
GC: pause 10.55ms. collected 1038.566496MB. incr 
GC: pause 10.54ms. collected 1037.641408MB. incr 
GC: pause 10.56ms. collected 1039.094496MB. incr 
GC: pause 10.53ms. collected 1039.096400MB. incr 
GC: pause 10.54ms. collected 1039.096400MB. incr 
GC: pause 10.70ms. collected 1039.424304MB. incr 
GC: pause 10.58ms. collected 1040.755296MB. incr 
GC: pause 10.89ms. collected 1040.990352MB. incr 
GC: pause 10.53ms. collected 1039.189248MB. incr 
GC: pause 10.58ms. collected 1041.083200MB. incr 
GC: pause 12.11ms. collected 1041.083200MB. incr 
GC: pause 10.64ms. collected 1041.083200MB. incr 
GC: pause 10.58ms. collected 1041.083200MB. incr 
GC: pause 10.55ms. collected 1041.083200MB. incr 
GC: pause 10.55ms. collected 1042.977152MB. incr 
GC: pause 10.59ms. collected 1041.177952MB. incr 
GC: pause 10.57ms. collected 1043.068096MB. incr 
GC: pause 10.61ms. collected 1043.070000MB. incr 
GC: pause 10.59ms. collected 1043.070000MB. incr 
GC: pause 10.61ms. collected 1043.070000MB. incr 
GC: pause 10.54ms. collected 1043.071552MB. incr 
GC: pause 10.63ms. collected 1045.055248MB. incr 
GC: pause 10.68ms. collected 1043.397904MB. incr 
GC: pause 10.56ms. collected 1044.728896MB. incr 
GC: pause 10.57ms. collected 1045.056800MB. incr 
GC: pause 10.57ms. collected 1045.056800MB. incr 
GC: pause 10.59ms. collected 1045.058352MB. incr 
GC: pause 10.61ms. collected 1046.949200MB. incr 
GC: pause 10.57ms. collected 1045.149648MB. incr 
GC: pause 10.63ms. collected 1046.927200MB. incr 
GC: pause 10.58ms. collected 1045.175104MB. incr 
GC: pause 10.58ms. collected 1047.041696MB. incr 
GC: pause 10.56ms. collected 1047.043600MB. incr 
GC: pause 14.63ms. collected 1047.045152MB. incr 
GC: pause 10.70ms. collected 1048.936000MB. incr 
GC: pause 10.59ms. collected 1047.136448MB. incr 
GC: pause 10.59ms. collected 1048.500448MB. incr 
GC: pause 10.60ms. collected 1047.575104MB. incr 
GC: pause 10.60ms. collected 1049.028848MB. incr 
GC: pause 10.58ms. collected 1049.030400MB. incr 
GC: pause 10.61ms. collected 1049.030400MB. incr 
GC: pause 10.75ms. collected 1049.356960MB. incr 
GC: pause 10.64ms. collected 1050.690640MB. incr 
GC: pause 10.90ms. collected 1050.487296MB. incr 
GC: pause 10.59ms. collected 1049.560304MB. incr 
GC: pause 18.45ms. collected 1051.017200MB. incr 
GC: pause 10.65ms. collected 1051.017200MB. incr 
GC: pause 10.62ms. collected 1051.017200MB. incr 
GC: pause 10.61ms. collected 1051.017200MB. incr 
GC: pause 10.62ms. collected 1052.474096MB. incr 
GC: pause 10.65ms. collected 1051.547104MB. incr 
GC: pause 10.69ms. collected 1052.997296MB. incr 
GC: pause 10.62ms. collected 1052.480800MB. incr 
GC: pause 10.63ms. collected 1051.549008MB. incr 
GC: pause 10.62ms. collected 1053.004000MB. incr 
GC: pause 10.67ms. collected 1054.988896MB. incr 
GC: pause 17.40ms. collected 1053.005552MB. incr 
GC: pause 10.67ms. collected 1054.896400MB. incr 
GC: pause 10.68ms. collected 1053.098752MB. incr 
GC: pause 10.64ms. collected 1054.988896MB. incr 
GC: pause 10.60ms. collected 1054.990800MB. incr 
GC: pause 10.65ms. collected 1054.990800MB. incr 
GC: pause 10.70ms. collected 1054.992704MB. incr 
GC: pause 10.69ms. collected 1056.975696MB. incr 
GC: pause 10.80ms. collected 1055.318704MB. incr 
GC: pause 10.62ms. collected 1056.649696MB. incr 
GC: pause 10.63ms. collected 1056.977600MB. incr 
GC: pause 10.63ms. collected 1056.977600MB. incr 
GC: pause 11.09ms. collected 1056.977600MB. incr 
GC: pause 10.64ms. collected 1056.977600MB. incr 
GC: pause 10.60ms. collected 1056.977600MB. incr 
GC: pause 10.81ms. collected 1057.305504MB. incr 
GC: pause 10.64ms. collected 1058.636496MB. incr 
GC: pause 10.71ms. collected 1058.964400MB. incr 
GC: pause 10.64ms. collected 1058.964400MB. incr 
GC: pause 10.66ms. collected 1058.964400MB. incr 
GC: pause 10.65ms. collected 1058.964400MB. incr 
GC: pause 10.66ms. collected 1060.421248MB. incr 
GC: pause 10.66ms. collected 1059.494352MB. incr 
GC: pause 10.80ms. collected 1060.421296MB. incr 
GC: pause 10.74ms. collected 1059.496208MB. incr 
GC: pause 10.65ms. collected 1060.949296MB. incr 
GC: pause 10.65ms. collected 1060.952752MB. incr 
GC: pause 10.79ms. collected 1061.277552MB. incr 
GC: pause 10.66ms. collected 1062.610096MB. incr 
GC: pause 10.78ms. collected 1062.408048MB. incr 
GC: pause 10.71ms. collected 1061.481152MB. incr 
GC: pause 10.72ms. collected 1062.931296MB. incr 
GC: pause 10.69ms. collected 1062.851856MB. incr 
GC: pause 10.76ms. collected 1061.371952MB. incr 
GC: pause 10.79ms. collected 1062.938000MB. incr 
GC: pause 11.20ms. collected 1064.596896MB. incr 
GC: pause 10.67ms. collected 1064.394896MB. incr 
GC: pause 10.66ms. collected 1063.467904MB. incr 
GC: pause 10.74ms. collected 1064.924800MB. incr 
GC: pause 10.74ms. collected 1064.831952MB. incr 
GC: pause 10.70ms. collected 1064.487744MB. incr 
GC: pause 10.65ms. collected 1064.924800MB. incr 
GC: pause 10.71ms. collected 1065.454704MB. incr 
GC: pause 10.63ms. collected 1064.924800MB. incr 
GC: pause 10.71ms. collected 1066.818752MB. incr 
GC: pause 10.68ms. collected 1065.344032MB. incr 
GC: pause 11.16ms. collected 1066.585216MB. incr 
GC: pause 10.70ms. collected 1066.911600MB. incr 
GC: pause 10.89ms. collected 1067.238160MB. incr 
GC: pause 10.70ms. collected 1068.571840MB. incr 
GC: pause 10.69ms. collected 1066.913504MB. incr 
GC: pause 10.66ms. collected 1068.896496MB. incr 
GC: pause 10.72ms. collected 1068.898400MB. incr 
GC: pause 10.71ms. collected 1068.805552MB. incr 
GC: pause 10.71ms. collected 1068.783376MB. incr 
GC: pause 10.67ms. collected 1068.576368MB. incr 
GC: pause 10.71ms. collected 1069.421600MB. incr 
GC: pause 10.65ms. collected 1068.905104MB. incr 
GC: pause 11.14ms. collected 1070.355248MB. incr 
GC: pause 10.66ms. collected 1069.429904MB. incr 
GC: pause 10.69ms. collected 1070.883648MB. incr 
GC: pause 10.68ms. collected 1070.885200MB. incr 
GC: pause 10.71ms. collected 1070.887104MB. incr 
GC: pause 10.76ms. collected 1072.870096MB. incr 
GC: pause 10.71ms. collected 1070.887104MB. incr 
GC: pause 10.75ms. collected 1072.870096MB. incr 
GC: pause 10.76ms. collected 1072.872000MB. incr 
GC: pause 10.68ms. collected 1072.342048MB. incr 
GC: pause 10.73ms. collected 1071.417056MB. incr 
GC: pause 11.35ms. collected 1073.196656MB. incr 
GC: pause 10.72ms. collected 1074.532240MB. incr 
GC: pause 10.70ms. collected 1074.328848MB. incr 
GC: pause 10.70ms. collected 1073.401952MB. incr 
GC: pause 10.80ms. collected 1074.852096MB. incr 
GC: pause 10.77ms. collected 1074.772656MB. incr 
GC: pause 10.78ms. collected 1073.292752MB. incr 
GC: pause 10.80ms. collected 1074.858800MB. incr 
GC: pause 10.70ms. collected 1076.517696MB. incr 
GC: pause 10.72ms. collected 1076.315696MB. incr 
GC: pause 10.71ms. collected 1075.388704MB. incr 
GC: pause 10.80ms. collected 1076.845600MB. incr 
GC: pause 10.75ms. collected 1076.833008MB. incr 
GC: pause 10.69ms. collected 1076.328288MB. incr 
GC: pause 10.70ms. collected 1076.845600MB. incr 
GC: pause 10.73ms. collected 1077.375504MB. incr 
GC: pause 10.72ms. collected 1076.845600MB. incr 
GC: pause 10.76ms. collected 1078.739552MB. incr 
GC: pause 10.85ms. collected 1077.266352MB. incr 
GC: pause 10.75ms. collected 1078.504496MB. incr 
GC: pause 10.88ms. collected 1079.158960MB. incr 
GC: pause 10.78ms. collected 1080.492640MB. incr 
GC: pause 10.74ms. collected 1078.832400MB. incr 
GC: pause 16.99ms. collected 1080.289248MB. incr 
GC: pause 10.72ms. collected 1079.362352MB. incr 
GC: pause 10.75ms. collected 1080.819200MB. incr 
GC: pause 10.73ms. collected 1080.819200MB. incr 
GC: pause 10.80ms. collected 1080.819200MB. incr 
GC: pause 10.73ms. collected 1080.819200MB. incr 
GC: pause 10.78ms. collected 1080.819200MB. incr 
GC: pause 10.80ms. collected 1082.713152MB. incr 
GC: pause 10.75ms. collected 1080.913952MB. incr 
GC: pause 10.74ms. collected 1082.804096MB. incr 
GC: pause 10.74ms. collected 1082.806000MB. incr 
GC: pause 13.05ms. collected 1082.806000MB. incr 
GC: pause 10.74ms. collected 1082.806000MB. incr 
GC: pause 10.78ms. collected 1084.262848MB. incr 
GC: pause 10.76ms. collected 1083.335952MB. incr 
GC: pause 10.84ms. collected 1084.699952MB. incr 
GC: pause 10.85ms. collected 1083.225408MB. incr 
GC: pause 10.73ms. collected 1084.466240MB. incr 
GC: pause 10.79ms. collected 1084.794704MB. incr 
GC: pause 10.88ms. collected 1086.770992MB. incr 
GC: pause 10.80ms. collected 1084.801056MB. incr 
GC: pause 10.83ms. collected 1086.685200MB. incr 
GC: pause 13.08ms. collected 1084.887552MB. incr 
GC: pause 10.79ms. collected 1086.777696MB. incr 
GC: pause 10.80ms. collected 1086.779600MB. incr 
GC: pause 10.82ms. collected 1086.779600MB. incr 
GC: pause 10.79ms. collected 1088.236448MB. incr 
GC: pause 10.78ms. collected 1087.309552MB. incr 
GC: pause 10.80ms. collected 1086.781504MB. incr 
GC: pause 10.78ms. collected 1088.764496MB. incr 
GC: pause 10.77ms. collected 1088.766400MB. incr 
GC: pause 10.79ms. collected 1088.766400MB. incr 
GC: pause 10.79ms. collected 1088.766400MB. incr 
GC: pause 12.67ms. collected 1089.094304MB. incr 
GC: pause 10.84ms. collected 1090.425296MB. incr 
GC: pause 10.87ms. collected 1090.660352MB. incr 
GC: pause 10.82ms. collected 1088.861152MB. incr 
GC: pause 10.79ms. collected 1090.751296MB. incr 
GC: pause 10.78ms. collected 1090.753200MB. incr 
GC: pause 10.80ms. collected 1090.753200MB. incr 
GC: pause 10.83ms. collected 1092.210096MB. incr 
GC: pause 10.77ms. collected 1091.283104MB. incr 
GC: pause 10.82ms. collected 1092.210096MB. incr 
GC: pause 10.81ms. collected 1091.285008MB. incr 
GC: pause 14.60ms. collected 1092.738096MB. incr 
GC: pause 10.82ms. collected 1092.740000MB. incr 
GC: pause 10.81ms. collected 1092.741904MB. incr 
GC: pause 10.88ms. collected 1094.724896MB. incr 
GC: pause 10.98ms. collected 1093.066560MB. incr 
GC: pause 10.82ms. collected 1094.400240MB. incr 
GC: pause 10.90ms. collected 1094.726800MB. incr 
GC: pause 10.89ms. collected 1094.633952MB. incr 
GC: pause 10.87ms. collected 1094.289696MB. incr 
GC: pause 10.89ms. collected 1094.726800MB. incr 
GC: pause 10.93ms. collected 1095.254944MB. incr 
GC: pause 19.97ms. collected 1094.728608MB. incr 
GC: pause 10.80ms. collected 1096.183648MB. incr 
GC: pause 10.86ms. collected 1095.258656MB. incr 
GC: pause 10.86ms. collected 1096.711696MB. incr 
GC: pause 10.85ms. collected 1096.715504MB. incr 
GC: pause 10.83ms. collected 1098.168592MB. incr 
GC: pause 11.12ms. collected 1097.243504MB. incr 
GC: pause 10.99ms. collected 1097.041504MB. incr 
GC: pause 10.81ms. collected 1098.372496MB. incr 
GC: pause 10.91ms. collected 1098.700400MB. incr 
GC: pause 10.84ms. collected 1098.700400MB. incr 
GC: pause 18.12ms. collected 1098.700400MB. incr 
GC: pause 13.74ms. collected 1099.026960MB. incr 
GC: pause 10.89ms. collected 1100.360640MB. incr 
GC: pause 10.87ms. collected 1100.157296MB. incr 
GC: pause 10.86ms. collected 1099.230304MB. incr 
GC: pause 10.83ms. collected 1100.687200MB. incr 
GC: pause 10.84ms. collected 1100.687200MB. incr 
GC: pause 10.84ms. collected 1100.687200MB. incr 
GC: pause 10.83ms. collected 1100.687200MB. incr 
GC: pause 10.87ms. collected 1102.144096MB. incr 
GC: pause 10.89ms. collected 1101.217104MB. incr 
GC: pause 10.90ms. collected 1102.674000MB. incr 
GC: pause 11.74ms. collected 1102.667296MB. incr 
GC: pause 10.84ms. collected 1102.150800MB. incr 
GC: pause 10.86ms. collected 1102.674000MB. incr 
GC: pause 10.95ms. collected 1103.203904MB. incr 
GC: pause 10.88ms. collected 1102.674000MB. incr 
GC: pause 10.86ms. collected 1104.130848MB. incr 
GC: pause 10.89ms. collected 1103.205504MB. incr 
GC: pause 10.86ms. collected 1104.659248MB. incr 
GC: pause 10.86ms. collected 1104.660800MB. incr 
GC: pause 10.88ms. collected 1104.662704MB. incr 
GC: pause 10.96ms. collected 1106.645696MB. incr 
GC: pause 11.09ms. collected 1104.662704MB. incr 
GC: pause 10.93ms. collected 1106.645696MB. incr 
GC: pause 10.94ms. collected 1106.647600MB. incr 
GC: pause 10.92ms. collected 1106.554752MB. incr 
GC: pause 10.89ms. collected 1106.647600MB. incr 
GC: pause 10.90ms. collected 1106.647600MB. incr 
GC: pause 10.90ms. collected 1106.740448MB. incr 
GC: pause 10.89ms. collected 1106.647600MB. incr 
GC: pause 10.96ms. collected 1108.634400MB. incr 
GC: pause 10.93ms. collected 1108.541552MB. incr 
GC: pause 10.99ms. collected 1107.067008MB. incr 
GC: pause 11.26ms. collected 1108.309744MB. incr 
GC: pause 11.03ms. collected 1110.617488MB. incr 
GC: pause 10.90ms. collected 1108.637760MB. incr 
GC: pause 10.93ms. collected 1110.526800MB. incr 
GC: pause 10.98ms. collected 1109.055152MB. incr 
GC: pause 10.89ms. collected 1110.293296MB. incr 
GC: pause 10.92ms. collected 1110.622752MB. incr 
GC: pause 11.08ms. collected 1110.947552MB. incr 
GC: pause 10.91ms. collected 1112.280096MB. incr 
GC: pause 11.04ms. collected 1110.947760MB. incr 
GC: pause 10.91ms. collected 1112.281440MB. incr 
GC: pause 11.49ms. collected 1112.608000MB. incr 
GC: pause 10.92ms. collected 1112.515152MB. incr 
GC: pause 10.86ms. collected 1112.170896MB. incr 
GC: pause 10.88ms. collected 1112.608000MB. incr 
GC: pause 10.91ms. collected 1113.137952MB. incr 
GC: pause 10.91ms. collected 1112.608000MB. incr 
GC: pause 11.04ms. collected 1114.495904MB. incr 
GC: pause 10.88ms. collected 1112.708800MB. incr 
GC: pause 10.86ms. collected 1114.592896MB. incr 
GC: pause 10.94ms. collected 1114.596704MB. incr 
GC: pause 10.90ms. collected 1116.486848MB. incr 
GC: pause 11.29ms. collected 1114.687648MB. incr 
GC: pause 11.02ms. collected 1114.922704MB. incr 
GC: pause 10.87ms. collected 1116.253696MB. incr 
GC: pause 10.92ms. collected 1116.581600MB. incr 
GC: pause 10.84ms. collected 1116.581600MB. incr 
GC: pause 10.84ms. collected 1116.583504MB. incr 
GC: pause 10.93ms. collected 1118.559792MB. incr 
GC: pause 10.90ms. collected 1116.589856MB. incr 
GC: pause 10.90ms. collected 1118.474000MB. incr 
GC: pause 10.94ms. collected 1117.002352MB. incr 
GC: pause 10.86ms. collected 1118.240496MB. incr 
GC: pause 11.45ms. collected 1118.570304MB. incr 
GC: pause 10.88ms. collected 1120.458928MB. incr 
GC: pause 10.93ms. collected 1118.662768MB. incr 
GC: pause 10.84ms. collected 1118.570304MB. incr 
GC: pause 10.86ms. collected 1120.553296MB. incr 
GC: pause 10.86ms. collected 1120.555200MB. incr 
GC: pause 10.94ms. collected 1120.555200MB. incr 
GC: pause 11.05ms. collected 1120.553392MB. incr 
GC: pause 10.91ms. collected 1120.557008MB. incr 
GC: pause 10.84ms. collected 1120.555200MB. incr 
GC: pause 10.93ms. collected 1120.557104MB. incr 
GC: pause 10.86ms. collected 1122.540096MB. incr 
GC: pause 10.85ms. collected 1122.542000MB. incr 
GC: pause 10.90ms. collected 1122.542000MB. incr 
GC: pause 10.87ms. collected 1122.542000MB. incr 
GC: pause 10.87ms. collected 1122.543904MB. incr 
GC: pause 10.91ms. collected 1124.526896MB. incr 
GC: pause 10.91ms. collected 1123.998848MB. incr 
GC: pause 10.84ms. collected 1123.071952MB. incr 
GC: pause 10.86ms. collected 1124.528800MB. incr 
GC: pause 10.91ms. collected 1124.528800MB. incr 
GC: pause 18.95ms. collected 1124.528800MB. incr 
GC: pause 10.87ms. collected 1124.528800MB. incr 
GC: pause 10.90ms. collected 1126.422752MB. incr 
GC: pause 10.84ms. collected 1124.623552MB. incr 
GC: pause 10.92ms. collected 1126.513696MB. incr 
GC: pause 10.85ms. collected 1126.515600MB. incr 
GC: pause 10.84ms. collected 1126.515600MB. incr 
GC: pause 10.87ms. collected 1126.517152MB. incr 
GC: pause 10.85ms. collected 1128.408000MB. incr 
GC: pause 10.89ms. collected 1126.610352MB. incr 
GC: pause 10.90ms. collected 1128.500496MB. incr 
GC: pause 13.23ms. collected 1128.502400MB. incr 
GC: pause 10.93ms. collected 1128.409552MB. incr 
GC: pause 10.84ms. collected 1128.502400MB. incr 
GC: pause 10.87ms. collected 1128.595248MB. incr 
GC: pause 10.83ms. collected 1128.502400MB. incr 
GC: pause 11.02ms. collected 1128.828960MB. incr 
GC: pause 10.87ms. collected 1130.162640MB. incr 
GC: pause 10.88ms. collected 1130.489200MB. incr 
GC: pause 10.86ms. collected 1130.489200MB. incr 
GC: pause 11.01ms. collected 1130.817104MB. incr 
GC: pause 10.86ms. collected 1132.148096MB. incr 
GC: pause 11.54ms. collected 1131.946048MB. incr 
GC: pause 10.87ms. collected 1131.019152MB. incr 
GC: pause 10.92ms. collected 1132.476000MB. incr 
GC: pause 10.93ms. collected 1132.469296MB. incr 
GC: pause 10.89ms. collected 1132.389856MB. incr 
GC: pause 10.88ms. collected 1132.568848MB. incr 
GC: pause 10.87ms. collected 1132.476000MB. incr 
GC: pause 10.93ms. collected 1132.477904MB. incr 
GC: pause 10.89ms. collected 1134.460896MB. incr 
GC: pause 10.89ms. collected 1134.462800MB. incr 
GC: pause 10.96ms. collected 1134.462800MB. incr 
GC: pause 108.20ms. collected 1134.464352MB. full 
GC: pause 297.41ms. collected 1134.787808MB. full 
GC: pause 249.45ms. collected 1136.030192MB. incr 
GC: pause 10.86ms. collected 1134.557552MB. incr 
GC: pause 10.87ms. collected 1136.447696MB. incr 
GC: pause 10.88ms. collected 1136.449600MB. incr 
GC: pause 10.89ms. collected 1136.449600MB. incr 
GC: pause 10.88ms. collected 1136.449600MB. incr 
GC: pause 10.87ms. collected 1137.906448MB. incr 
GC: pause 11.40ms. collected 1136.979552MB. incr 
GC: pause 10.90ms. collected 1138.343552MB. incr 
GC: pause 10.86ms. collected 1137.999296MB. incr 
GC: pause 10.87ms. collected 1136.981456MB. incr 
GC: pause 10.89ms. collected 1138.436400MB. incr 
GC: pause 10.99ms. collected 1140.419488MB. incr 
GC: pause 10.89ms. collected 1138.439760MB. incr 
GC: pause 10.93ms. collected 1140.414944MB. incr 
GC: pause 10.93ms. collected 1139.900000MB. incr 
GC: pause 10.90ms. collected 1138.967856MB. incr 
GC: pause 10.89ms. collected 1140.421648MB. incr 
GC: pause 19.42ms. collected 1140.751104MB. incr 
GC: pause 10.91ms. collected 1142.082096MB. incr 
GC: pause 10.93ms. collected 1141.880048MB. incr 
GC: pause 10.85ms. collected 1140.953152MB. incr 
GC: pause 10.80ms. collected 1142.410000MB. incr 
GC: pause 10.79ms. collected 1142.410000MB. incr 
GC: pause 10.80ms. collected 1142.410000MB. incr 
GC: pause 10.76ms. collected 1142.410000MB. incr 
GC: pause 10.76ms. collected 1142.410000MB. incr 
GC: pause 10.79ms. collected 1144.303952MB. incr 
GC: pause 10.74ms. collected 1142.504752MB. incr 
GC: pause 19.51ms. collected 1144.394896MB. incr 
GC: pause 10.76ms. collected 1144.398352MB. incr 
GC: pause 10.88ms. collected 1144.723152MB. incr 
GC: pause 10.79ms. collected 1146.055696MB. incr 
GC: pause 10.81ms. collected 1145.853648MB. incr 
GC: pause 10.76ms. collected 1144.926752MB. incr 
GC: pause 10.82ms. collected 1146.383600MB. incr 
GC: pause 10.72ms. collected 1146.376896MB. incr 
GC: pause 10.78ms. collected 1146.297456MB. incr 
GC: pause 10.71ms. collected 1146.476448MB. incr 
GC: pause 11.84ms. collected 1146.383600MB. incr 
GC: pause 10.73ms. collected 1146.385504MB. incr 
GC: pause 10.69ms. collected 1148.368496MB. incr 
GC: pause 10.68ms. collected 1148.370400MB. incr 
GC: pause 10.73ms. collected 1148.370400MB. incr 
GC: pause 10.68ms. collected 1148.372304MB. incr 
GC: pause 10.76ms. collected 1150.355296MB. incr 
GC: pause 10.75ms. collected 1148.372304MB. incr 
GC: pause 10.73ms. collected 1150.355296MB. incr 
GC: pause 10.77ms. collected 1150.357200MB. incr 
GC: pause 10.79ms. collected 1150.264352MB. incr 
GC: pause 11.00ms. collected 1150.357200MB. incr 
GC: pause 10.67ms. collected 1150.450048MB. incr 
GC: pause 10.66ms. collected 1150.357200MB. incr 
GC: pause 10.64ms. collected 1150.359104MB. incr 
GC: pause 10.66ms. collected 1152.342096MB. incr 
GC: pause 10.67ms. collected 1152.344000MB. incr 
GC: pause 10.67ms. collected 1152.344000MB. incr 
GC: pause 10.69ms. collected 1152.345904MB. incr 
GC: pause 10.72ms. collected 1154.328896MB. incr 
GC: pause 10.67ms. collected 1152.345904MB. incr 
GC: pause 10.86ms. collected 1154.328896MB. incr 
GC: pause 10.71ms. collected 1154.330800MB. incr 
GC: pause 10.70ms. collected 1154.237952MB. incr 
GC: pause 10.65ms. collected 1154.330800MB. incr 
GC: pause 10.66ms. collected 1154.423648MB. incr 
GC: pause 10.55ms. collected 1154.330800MB. incr 
GC: pause 10.57ms. collected 1154.332704MB. incr 
GC: pause 10.56ms. collected 1156.315696MB. incr 
GC: pause 10.55ms. collected 1156.317600MB. incr 
GC: pause 10.57ms. collected 1156.317600MB. incr 
GC: pause 10.63ms. collected 1156.319504MB. incr 
GC: pause 11.27ms. collected 1158.302496MB. incr 
GC: pause 10.58ms. collected 1156.319504MB. incr 
GC: pause 10.56ms. collected 1158.302496MB. incr 
GC: pause 10.60ms. collected 1158.304400MB. incr 
GC: pause 10.62ms. collected 1158.297696MB. incr 
GC: pause 10.60ms. collected 1158.304400MB. incr 
GC: pause 10.70ms. collected 1158.311104MB. incr 
GC: pause 10.58ms. collected 1158.304400MB. incr 
GC: pause 10.54ms. collected 1158.632304MB. incr 
GC: pause 10.49ms. collected 1159.963296MB. incr 
GC: pause 10.45ms. collected 1160.291200MB. incr 
GC: pause 10.84ms. collected 1160.292752MB. incr 
GC: pause 10.50ms. collected 1161.746496MB. incr 
GC: pause 10.84ms. collected 1160.821152MB. incr 
GC: pause 10.46ms. collected 1160.293104MB. incr 
GC: pause 10.47ms. collected 1162.276096MB. incr 
GC: pause 10.41ms. collected 1162.278000MB. incr 
GC: pause 10.48ms. collected 1162.278000MB. incr 
GC: pause 10.47ms. collected 1162.278000MB. incr 
GC: pause 10.43ms. collected 1162.278000MB. incr 
GC: pause 10.46ms. collected 1163.734848MB. incr 
GC: pause 11.07ms. collected 1162.807952MB. incr 
GC: pause 10.36ms. collected 1164.264800MB. incr 
GC: pause 10.41ms. collected 1164.258096MB. incr 
GC: pause 10.36ms. collected 1164.178656MB. incr 
GC: pause 10.36ms. collected 1164.264800MB. incr 
GC: pause 10.35ms. collected 1164.357648MB. incr 
GC: pause 10.39ms. collected 1164.264800MB. incr 
GC: pause 10.36ms. collected 1166.251600MB. incr 
GC: pause 10.38ms. collected 1166.158752MB. incr 
GC: pause 10.46ms. collected 1164.685552MB. incr 
GC: pause 10.48ms. collected 1166.250256MB. incr 
GC: pause 10.53ms. collected 1167.911840MB. incr 
GC: pause 10.47ms. collected 1166.578160MB. incr 
GC: pause 10.35ms. collected 1167.911840MB. incr 
GC: pause 10.39ms. collected 1168.238400MB. incr 
GC: pause 10.36ms. collected 1168.231696MB. incr 
GC: pause 10.36ms. collected 1168.152256MB. incr 
GC: pause 10.37ms. collected 1168.324544MB. incr 
GC: pause 10.33ms. collected 1168.245104MB. incr 
GC: pause 10.37ms. collected 1168.239952MB. incr 
GC: pause 10.38ms. collected 1170.223648MB. incr 
GC: pause 10.73ms. collected 1170.225200MB. incr 
GC: pause 10.39ms. collected 1170.225200MB. incr 
GC: pause 10.41ms. collected 1170.225200MB. incr 
GC: pause 10.38ms. collected 1170.225200MB. incr 
GC: pause 10.43ms. collected 1171.682048MB. incr 
GC: pause 10.38ms. collected 1170.755152MB. incr 
GC: pause 10.37ms. collected 1172.212000MB. incr 
GC: pause 10.40ms. collected 1172.212000MB. incr 
GC: pause 10.38ms. collected 1172.212000MB. incr 
GC: pause 10.43ms. collected 1172.212000MB. incr 
GC: pause 10.40ms. collected 1173.668848MB. incr 
GC: pause 11.31ms. collected 1172.741952MB. incr 
GC: pause 10.35ms. collected 1174.198800MB. incr 
GC: pause 10.38ms. collected 1174.192096MB. incr 
GC: pause 10.37ms. collected 1174.112656MB. incr 
GC: pause 10.40ms. collected 1174.198800MB. incr 
GC: pause 10.48ms. collected 1174.291648MB. incr 
GC: pause 10.41ms. collected 1174.198800MB. incr 
GC: pause 10.43ms. collected 1176.185600MB. incr 
GC: pause 10.44ms. collected 1176.092752MB. incr 
GC: pause 10.38ms. collected 1175.748496MB. incr 
GC: pause 12.65ms. collected 1175.061744MB. incr 
GC: pause 10.38ms. collected 1177.746560MB. incr 
GC: pause 10.39ms. collected 1176.280000MB. incr 
GC: pause 10.47ms. collected 1178.169040MB. incr 
GC: pause 10.40ms. collected 1178.080208MB. incr 
GC: pause 10.37ms. collected 1176.281504MB. incr 
GC: pause 10.43ms. collected 1178.170496MB. incr 
GC: pause 10.47ms. collected 1180.066352MB. incr 
GC: pause 10.38ms. collected 1178.265248MB. incr 
GC: pause 10.51ms. collected 1178.500304MB. incr 
GC: pause 12.71ms. collected 1179.831296MB. incr 
GC: pause 10.37ms. collected 1180.159200MB. incr 
GC: pause 10.42ms. collected 1180.161104MB. incr 
GC: pause 10.43ms. collected 1182.051248MB. incr 
GC: pause 10.41ms. collected 1180.252048MB. incr 
GC: pause 10.50ms. collected 1180.487104MB. incr 
GC: pause 10.45ms. collected 1181.818096MB. incr 
GC: pause 10.41ms. collected 1182.146000MB. incr 
GC: pause 10.38ms. collected 1182.146000MB. incr 
GC: pause 10.41ms. collected 1182.147904MB. incr 
GC: pause 10.43ms. collected 1184.130896MB. incr 
GC: pause 10.52ms. collected 1182.472560MB. incr 
GC: pause 10.44ms. collected 1183.806240MB. incr 
GC: pause 10.41ms. collected 1184.132800MB. incr 
GC: pause 10.39ms. collected 1184.039952MB. incr 
GC: pause 10.40ms. collected 1184.132800MB. incr 
GC: pause 10.43ms. collected 1184.218944MB. incr 
GC: pause 10.41ms. collected 1184.139504MB. incr 
GC: pause 10.42ms. collected 1184.134704MB. incr 
GC: pause 10.50ms. collected 1186.117696MB. incr 
GC: pause 10.41ms. collected 1186.119600MB. incr 
GC: pause 17.91ms. collected 1186.119600MB. incr 
GC: pause 10.45ms. collected 1186.119600MB. incr 
GC: pause 10.54ms. collected 1186.447504MB. incr 
GC: pause 10.44ms. collected 1187.778496MB. incr 
GC: pause 10.40ms. collected 1188.106400MB. incr 
GC: pause 10.45ms. collected 1188.099696MB. incr 
GC: pause 10.46ms. collected 1188.020256MB. incr 
GC: pause 10.39ms. collected 1188.106400MB. incr 
GC: pause 10.42ms. collected 1188.199248MB. incr 
GC: pause 10.43ms. collected 1188.106400MB. incr 
GC: pause 20.57ms. collected 1189.563248MB. incr 
GC: pause 10.41ms. collected 1188.638256MB. incr 
GC: pause 10.47ms. collected 1190.091296MB. incr 
GC: pause 10.42ms. collected 1190.095104MB. incr 
GC: pause 10.43ms. collected 1192.071392MB. incr 
GC: pause 10.51ms. collected 1190.101808MB. incr 
GC: pause 10.43ms. collected 1192.078096MB. incr 
GC: pause 10.42ms. collected 1191.987152MB. incr 
GC: pause 10.45ms. collected 1190.187952MB. incr 
GC: pause 10.43ms. collected 1192.078096MB. incr 
GC: pause 12.43ms. collected 1193.973952MB. incr 
GC: pause 10.49ms. collected 1192.172848MB. incr 
GC: pause 10.59ms. collected 1192.407904MB. incr 
GC: pause 10.45ms. collected 1193.738896MB. incr 
GC: pause 10.40ms. collected 1194.066800MB. incr 
GC: pause 10.52ms. collected 1194.068704MB. incr 
GC: pause 10.43ms. collected 1195.958848MB. incr 
GC: pause 10.48ms. collected 1194.159648MB. incr 
GC: pause 10.55ms. collected 1194.393360MB. incr 
GC: pause 10.44ms. collected 1195.727040MB. incr 
GC: pause 10.43ms. collected 1196.053600MB. incr 
GC: pause 10.90ms. collected 1196.053600MB. incr 
GC: pause 10.42ms. collected 1196.053600MB. incr 
GC: pause 10.55ms. collected 1196.380160MB. incr 
GC: pause 10.46ms. collected 1197.713840MB. incr 
GC: pause 10.87ms. collected 1197.947552MB. incr 
GC: pause 10.51ms. collected 1196.148352MB. incr 
GC: pause 10.48ms. collected 1198.038496MB. incr 
GC: pause 10.58ms. collected 1198.366960MB. incr 
GC: pause 10.51ms. collected 1199.700640MB. incr 
GC: pause 10.47ms. collected 1198.041952MB. incr 
GC: pause 10.64ms. collected 1200.018944MB. incr 
GC: pause 10.52ms. collected 1199.504000MB. incr 
GC: pause 10.45ms. collected 1198.571856MB. incr 
GC: pause 10.46ms. collected 1200.025648MB. incr 
GC: pause 10.45ms. collected 1201.484096MB. incr 
GC: pause 10.54ms. collected 1200.557104MB. incr 
GC: pause 10.63ms. collected 1200.355104MB. incr 
GC: pause 10.42ms. collected 1201.686096MB. incr 
GC: pause 10.47ms. collected 1202.014000MB. incr 
GC: pause 10.51ms. collected 1202.015552MB. incr 
GC: pause 11.09ms. collected 1203.469296MB. incr 
GC: pause 10.86ms. collected 1202.543952MB. incr 
GC: pause 10.49ms. collected 1202.015904MB. incr 
GC: pause 10.47ms. collected 1203.998896MB. incr 
GC: pause 10.55ms. collected 1204.000800MB. incr 
GC: pause 10.46ms. collected 1204.000800MB. incr 
GC: pause 10.49ms. collected 1204.000800MB. incr 
GC: pause 10.44ms. collected 1204.000800MB. incr 
GC: pause 10.50ms. collected 1205.894752MB. incr 
GC: pause 10.48ms. collected 1204.095552MB. incr 
GC: pause 10.91ms. collected 1205.985696MB. incr 
GC: pause 10.47ms. collected 1205.987600MB. incr 
GC: pause 10.45ms. collected 1205.989152MB. incr 
GC: pause 10.50ms. collected 1207.880000MB. incr 
GC: pause 10.43ms. collected 1206.080448MB. incr 
GC: pause 10.43ms. collected 1207.444496MB. incr 
GC: pause 10.50ms. collected 1206.519408MB. incr 
GC: pause 10.44ms. collected 1207.972496MB. incr 
GC: pause 10.44ms. collected 1207.976304MB. incr 
GC: pause 10.48ms. collected 1209.952592MB. incr 
GC: pause 10.51ms. collected 1207.982656MB. incr 
GC: pause 10.91ms. collected 1209.866800MB. incr 
GC: pause 10.51ms. collected 1209.524096MB. incr 
GC: pause 10.47ms. collected 1208.504352MB. incr 
GC: pause 10.46ms. collected 1209.961200MB. incr 
GC: pause 10.56ms. collected 1210.287760MB. incr 
GC: pause 10.51ms. collected 1211.621440MB. incr 
GC: pause 10.50ms. collected 1211.418048MB. incr 
GC: pause 10.52ms. collected 1210.491152MB. incr 
GC: pause 10.55ms. collected 1211.948000MB. incr 
GC: pause 10.52ms. collected 1211.948000MB. incr 
GC: pause 10.88ms. collected 1211.948000MB. incr 
GC: pause 10.51ms. collected 1211.948000MB. incr 
GC: pause 10.51ms. collected 1213.841952MB. incr 
GC: pause 10.55ms. collected 1212.042752MB. incr 
GC: pause 10.52ms. collected 1213.932896MB. incr 
GC: pause 10.50ms. collected 1213.934800MB. incr 
GC: pause 10.53ms. collected 1213.936704MB. incr 
GC: pause 10.52ms. collected 1215.919696MB. incr 
GC: pause 10.58ms. collected 1214.261360MB. incr 
GC: pause 10.52ms. collected 1215.595040MB. incr 
GC: pause 10.56ms. collected 1215.921600MB. incr 
GC: pause 10.50ms. collected 1215.921600MB. incr 
GC: pause 10.50ms. collected 1215.921600MB. incr 
GC: pause 10.50ms. collected 1215.921600MB. incr 
GC: pause 10.47ms. collected 1215.923504MB. incr 
GC: pause 10.50ms. collected 1217.906496MB. incr 
GC: pause 10.49ms. collected 1217.908400MB. incr 
GC: pause 10.51ms. collected 1217.908400MB. incr 
GC: pause 10.49ms. collected 1217.908400MB. incr 
GC: pause 10.51ms. collected 1217.908400MB. incr 
GC: pause 11.57ms. collected 1217.908400MB. incr 
GC: pause 10.50ms. collected 1219.802352MB. incr 
GC: pause 10.64ms. collected 1218.329152MB. incr 
GC: pause 10.52ms. collected 1219.567296MB. incr 
GC: pause 10.61ms. collected 1220.221760MB. incr 
GC: pause 10.52ms. collected 1221.555440MB. incr 
GC: pause 10.47ms. collected 1219.897104MB. incr 
GC: pause 10.51ms. collected 1221.880096MB. incr 
GC: pause 10.49ms. collected 1221.789152MB. incr 
GC: pause 10.52ms. collected 1219.989952MB. incr 
GC: pause 11.66ms. collected 1221.880096MB. incr 
GC: pause 10.59ms. collected 1223.775952MB. incr 
GC: pause 10.51ms. collected 1221.974848MB. incr 
GC: pause 10.57ms. collected 1222.209904MB. incr 
GC: pause 10.55ms. collected 1223.540896MB. incr 
GC: pause 10.49ms. collected 1223.868800MB. incr 
GC: pause 10.57ms. collected 1223.870704MB. incr 
GC: pause 10.49ms. collected 1225.760848MB. incr 
GC: pause 10.54ms. collected 1223.961648MB. incr 
GC: pause 10.53ms. collected 1225.325696MB. incr 
GC: pause 10.53ms. collected 1224.400608MB. incr 
GC: pause 10.49ms. collected 1225.853696MB. incr 
GC: pause 10.55ms. collected 1225.855600MB. incr 
GC: pause 10.67ms. collected 1226.182160MB. incr 
GC: pause 10.55ms. collected 1227.515840MB. incr 
GC: pause 10.94ms. collected 1226.188592MB. incr 
GC: pause 10.54ms. collected 1227.509408MB. incr 
GC: pause 10.56ms. collected 1227.842400MB. incr 
GC: pause 10.56ms. collected 1227.842400MB. incr 
GC: pause 10.55ms. collected 1227.842400MB. incr 
GC: pause 10.55ms. collected 1229.623232MB. incr 
GC: pause 10.56ms. collected 1228.048368MB. incr 
GC: pause 10.58ms. collected 1229.736352MB. incr 
GC: pause 10.52ms. collected 1229.392096MB. incr 
GC: pause 10.56ms. collected 1228.374256MB. incr 
GC: pause 10.56ms. collected 1229.829200MB. incr 
GC: pause 10.60ms. collected 1231.814096MB. incr 
GC: pause 10.66ms. collected 1230.157104MB. incr 
GC: pause 10.55ms. collected 1231.488096MB. incr 
GC: pause 10.58ms. collected 1231.816000MB. incr 
GC: pause 15.79ms. collected 1231.816000MB. incr 
GC: pause 10.57ms. collected 1231.816000MB. incr 
GC: pause 10.58ms. collected 1231.817904MB. incr 
GC: pause 10.58ms. collected 1233.800896MB. incr 
GC: pause 10.57ms. collected 1233.272896MB. incr 
GC: pause 10.56ms. collected 1232.345904MB. incr 
GC: pause 10.62ms. collected 1233.802800MB. incr 
GC: pause 10.59ms. collected 1233.804704MB. incr 
GC: pause 10.63ms. collected 1235.780992MB. incr 
GC: pause 10.62ms. collected 1233.811408MB. incr 
GC: pause 18.48ms. collected 1235.787696MB. incr 
GC: pause 10.59ms. collected 1235.782896MB. incr 
GC: pause 10.67ms. collected 1235.266352MB. incr 
GC: pause 10.68ms. collected 1234.660656MB. incr 
GC: pause 10.62ms. collected 1237.355648MB. incr 
GC: pause 10.60ms. collected 1235.882448MB. incr 
GC: pause 10.61ms. collected 1237.768368MB. incr 
GC: pause 10.59ms. collected 1237.254528MB. incr 
GC: pause 10.63ms. collected 1236.321408MB. incr 
GC: pause 14.25ms. collected 1237.776400MB. incr 
GC: pause 10.59ms. collected 1239.761296MB. incr 
GC: pause 10.64ms. collected 1237.778304MB. incr 
GC: pause 10.63ms. collected 1239.761296MB. incr 
GC: pause 10.66ms. collected 1239.756496MB. incr 
GC: pause 10.59ms. collected 1239.239952MB. incr 
GC: pause 10.72ms. collected 1238.634256MB. incr 
GC: pause 10.66ms. collected 1241.329248MB. incr 
GC: pause 10.55ms. collected 1239.856048MB. incr 
GC: pause 10.61ms. collected 1241.657152MB. incr 
GC: pause 11.20ms. collected 1240.183952MB. incr 
GC: pause 10.59ms. collected 1241.422096MB. incr 
GC: pause 10.72ms. collected 1242.077904MB. incr 
GC: pause 10.63ms. collected 1243.408896MB. incr 
GC: pause 10.61ms. collected 1241.751904MB. incr 
GC: pause 10.62ms. collected 1243.734896MB. incr 
GC: pause 10.60ms. collected 1243.736800MB. incr 
GC: pause 10.62ms. collected 1243.736800MB. incr 
GC: pause 10.65ms. collected 1243.736800MB. incr 
GC: pause 10.64ms. collected 1243.736800MB. incr 
GC: pause 10.73ms. collected 1243.736800MB. incr 
GC: pause 10.63ms. collected 1245.630752MB. incr 
GC: pause 10.72ms. collected 1244.157552MB. incr 
GC: pause 10.65ms. collected 1245.395696MB. incr 
GC: pause 10.70ms. collected 1246.051504MB. incr 
GC: pause 10.64ms. collected 1247.382496MB. incr 
GC: pause 10.64ms. collected 1245.725504MB. incr 
GC: pause 10.65ms. collected 1247.708496MB. incr 
GC: pause 10.69ms. collected 1247.710400MB. incr 
GC: pause 10.69ms. collected 1247.617552MB. incr 
GC: pause 11.25ms. collected 1247.710400MB. incr 
GC: pause 10.69ms. collected 1247.803248MB. incr 
GC: pause 10.68ms. collected 1247.710400MB. incr 
GC: pause 10.76ms. collected 1248.038304MB. incr 
GC: pause 10.66ms. collected 1249.369296MB. incr 
GC: pause 10.71ms. collected 1249.699104MB. incr 
GC: pause 10.64ms. collected 1251.152144MB. incr 
GC: pause 11.03ms. collected 1250.227152MB. incr 
GC: pause 10.68ms. collected 1249.697200MB. incr 
GC: pause 10.65ms. collected 1251.684000MB. incr 
GC: pause 11.12ms. collected 1251.591152MB. incr 
GC: pause 10.69ms. collected 1249.791952MB. incr 
GC: pause 10.67ms. collected 1251.684000MB. incr 
GC: pause 10.67ms. collected 1253.668896MB. incr 
GC: pause 10.69ms. collected 1251.685904MB. incr 
GC: pause 10.68ms. collected 1253.668896MB. incr 
GC: pause 10.68ms. collected 1253.664096MB. incr 
GC: pause 10.66ms. collected 1253.147552MB. incr 
GC: pause 10.81ms. collected 1252.541856MB. incr 
GC: pause 10.66ms. collected 1255.236848MB. incr 
GC: pause 11.10ms. collected 1253.763648MB. incr 
GC: pause 10.72ms. collected 1255.564752MB. incr 
GC: pause 10.77ms. collected 1254.091552MB. incr 
GC: pause 10.67ms. collected 1255.329696MB. incr 
GC: pause 10.81ms. collected 1255.985504MB. incr 
GC: pause 10.72ms. collected 1257.316496MB. incr 
GC: pause 10.80ms. collected 1255.984160MB. incr 
GC: pause 10.68ms. collected 1257.317840MB. incr 
GC: pause 10.71ms. collected 1257.644400MB. incr 
GC: pause 11.17ms. collected 1257.644400MB. incr 
GC: pause 10.67ms. collected 1257.644400MB. incr 
GC: pause 10.69ms. collected 1257.644400MB. incr 
GC: pause 10.72ms. collected 1257.646304MB. incr 
GC: pause 10.75ms. collected 1259.629296MB. incr 
GC: pause 10.67ms. collected 1259.631200MB. incr 
GC: pause 10.70ms. collected 1259.631200MB. incr 
GC: pause 10.70ms. collected 1259.631200MB. incr 
GC: pause 10.70ms. collected 1259.631200MB. incr 
GC: pause 10.68ms. collected 1261.088048MB. incr 
GC: pause 10.80ms. collected 1260.161152MB. incr 
GC: pause 10.71ms. collected 1261.618000MB. incr 
GC: pause 10.67ms. collected 1261.618000MB. incr 
GC: pause 10.70ms. collected 1261.618000MB. incr 
GC: pause 10.68ms. collected 1261.618000MB. incr 
GC: pause 10.68ms. collected 1263.511952MB. incr 
GC: pause 10.71ms. collected 1261.712752MB. incr 
GC: pause 10.70ms. collected 1263.602896MB. incr 
GC: pause 10.68ms. collected 1263.604800MB. incr 
GC: pause 10.77ms. collected 1263.606352MB. incr 
GC: pause 10.83ms. collected 1265.497200MB. incr 
GC: pause 10.73ms. collected 1263.699200MB. incr 
GC: pause 10.72ms. collected 1265.590048MB. incr 
GC: pause 10.73ms. collected 1265.591600MB. incr 
GC: pause 10.74ms. collected 1265.498752MB. incr 
GC: pause 10.70ms. collected 1265.591600MB. incr 
GC: pause 10.78ms. collected 1265.684448MB. incr 
GC: pause 10.70ms. collected 1265.591600MB. incr 
GC: pause 10.73ms. collected 1267.571696MB. incr 
GC: pause 11.87ms. collected 1267.492256MB. incr 
GC: pause 10.81ms. collected 1266.012352MB. incr 
GC: pause 10.84ms. collected 1267.578400MB. incr 
GC: pause 10.73ms. collected 1269.237296MB. incr 
GC: pause 10.74ms. collected 1269.472352MB. incr 
GC: pause 10.75ms. collected 1267.672800MB. incr 
GC: pause 10.82ms. collected 1269.563648MB. incr 
GC: pause 10.74ms. collected 1269.565200MB. incr 
GC: pause 10.75ms. collected 1269.566752MB. incr 
GC: pause 10.73ms. collected 1271.537680MB. incr 
GC: pause 12.02ms. collected 1269.579872MB. incr 
GC: pause 10.77ms. collected 1271.550096MB. incr 
GC: pause 10.75ms. collected 1271.552000MB. incr 
GC: pause 10.75ms. collected 1271.552000MB. incr 
GC: pause 10.75ms. collected 1271.552000MB. incr 
GC: pause 10.78ms. collected 1271.552000MB. incr 
GC: pause 10.79ms. collected 1273.532096MB. incr 
GC: pause 10.75ms. collected 1273.015552MB. incr 
GC: pause 10.77ms. collected 1272.083504MB. incr 
GC: pause 10.75ms. collected 1273.537248MB. incr 
GC: pause 10.78ms. collected 1275.416144MB. incr 
GC: pause 10.76ms. collected 1273.648256MB. incr 
GC: pause 10.89ms. collected 1273.865360MB. incr 
GC: pause 10.78ms. collected 1275.199040MB. incr 
GC: pause 10.79ms. collected 1275.525600MB. incr 
GC: pause 11.00ms. collected 1275.527504MB. incr 
GC: pause 10.77ms. collected 1277.510496MB. incr 
GC: pause 10.76ms. collected 1275.527504MB. incr 
GC: pause 10.74ms. collected 1277.510496MB. incr 
GC: pause 16.01ms. collected 1277.512400MB. incr 
GC: pause 10.76ms. collected 1277.401568MB. incr 
GC: pause 10.79ms. collected 1277.093280MB. incr 
GC: pause 10.80ms. collected 1277.949504MB. incr 
GC: pause 10.78ms. collected 1277.605248MB. incr 
GC: pause 10.76ms. collected 1277.514304MB. incr 
GC: pause 10.76ms. collected 1279.497296MB. incr 
GC: pause 10.78ms. collected 1279.499200MB. incr 
GC: pause 10.76ms. collected 1279.500752MB. incr 
GC: pause 10.79ms. collected 1281.391600MB. incr 
GC: pause 19.23ms. collected 1279.593600MB. incr 
GC: pause 10.72ms. collected 1281.484448MB. incr 
GC: pause 10.80ms. collected 1281.479296MB. incr 
GC: pause 10.76ms. collected 1280.962800MB. incr 
GC: pause 10.80ms. collected 1281.486000MB. incr 
GC: pause 10.78ms. collected 1282.015904MB. incr 
GC: pause 10.80ms. collected 1281.486000MB. incr 
GC: pause 10.81ms. collected 1283.472800MB. incr 
GC: pause 10.78ms. collected 1283.379952MB. incr 
GC: pause 16.04ms. collected 1283.035696MB. incr 
GC: pause 10.78ms. collected 1283.472848MB. incr 
GC: pause 10.81ms. collected 1284.002704MB. incr 
GC: pause 10.80ms. collected 1283.472800MB. incr 
GC: pause 10.79ms. collected 1285.459600MB. incr 
GC: pause 10.83ms. collected 1285.459600MB. incr 
GC: pause 10.75ms. collected 1285.459600MB. incr 
GC: pause 10.80ms. collected 1285.459600MB. incr 
GC: pause 10.75ms. collected 1285.459600MB. incr 
GC: pause 10.85ms. collected 1286.916448MB. incr 
GC: pause 11.20ms. collected 1285.991104MB. incr 
GC: pause 10.78ms. collected 1287.444848MB. incr 
GC: pause 10.79ms. collected 1287.447952MB. incr 
GC: pause 10.78ms. collected 1288.901744MB. incr 
GC: pause 10.78ms. collected 1287.976304MB. incr 
GC: pause 10.86ms. collected 1289.340352MB. incr 
GC: pause 10.88ms. collected 1287.865808MB. incr 
GC: pause 10.77ms. collected 1289.106640MB. incr 
GC: pause 10.89ms. collected 1289.759760MB. incr 
GC: pause 10.90ms. collected 1291.093440MB. incr 
GC: pause 10.80ms. collected 1289.435104MB. incr 
GC: pause 10.80ms. collected 1291.418096MB. incr 
GC: pause 10.80ms. collected 1291.420000MB. incr 
GC: pause 10.78ms. collected 1291.414432MB. incr 
GC: pause 10.81ms. collected 1291.425568MB. incr 
GC: pause 10.80ms. collected 1291.420000MB. incr 
GC: pause 10.82ms. collected 1291.421552MB. incr 
GC: pause 10.83ms. collected 1293.405248MB. incr 
GC: pause 10.83ms. collected 1293.406800MB. incr 
GC: pause 11.38ms. collected 1293.406800MB. incr 
GC: pause 10.80ms. collected 1293.406800MB. incr 
GC: pause 10.80ms. collected 1293.406800MB. incr 
GC: pause 10.92ms. collected 1293.734704MB. incr 
GC: pause 10.84ms. collected 1295.065696MB. incr 
GC: pause 10.84ms. collected 1295.393600MB. incr 
GC: pause 10.80ms. collected 1295.395504MB. incr 
GC: pause 10.81ms. collected 1297.285648MB. incr 
GC: pause 10.80ms. collected 1295.486448MB. incr 
GC: pause 11.27ms. collected 1296.850448MB. incr 
GC: pause 10.81ms. collected 1295.925456MB. incr 
GC: pause 10.83ms. collected 1297.378496MB. incr 
GC: pause 10.82ms. collected 1297.382304MB. incr 
GC: pause 10.82ms. collected 1299.272448MB. incr 
GC: pause 10.80ms. collected 1297.474800MB. incr 
GC: pause 10.81ms. collected 1299.358944MB. incr 
GC: pause 10.83ms. collected 1299.281056MB. incr 
GC: pause 10.83ms. collected 1297.796288MB. incr 
GC: pause 10.82ms. collected 1299.046064MB. incr 
GC: pause 11.27ms. collected 1301.352096MB. incr 
GC: pause 10.85ms. collected 1299.369104MB. incr 
GC: pause 10.84ms. collected 1301.352096MB. incr 
GC: pause 10.82ms. collected 1301.354000MB. incr 
GC: pause 10.81ms. collected 1301.354000MB. incr 
GC: pause 10.83ms. collected 1301.354000MB. incr 
GC: pause 10.82ms. collected 1301.355552MB. incr 
GC: pause 10.84ms. collected 1303.339248MB. incr 
GC: pause 10.82ms. collected 1303.247952MB. incr 
GC: pause 11.35ms. collected 1301.448752MB. incr 
GC: pause 10.80ms. collected 1303.338896MB. incr 
GC: pause 10.85ms. collected 1305.234752MB. incr 
GC: pause 10.81ms. collected 1303.433648MB. incr 
GC: pause 10.97ms. collected 1303.668704MB. incr 
GC: pause 10.85ms. collected 1305.001248MB. incr 
GC: pause 10.81ms. collected 1305.327952MB. incr 
GC: pause 10.83ms. collected 1306.782544MB. incr 
GC: pause 11.33ms. collected 1305.857552MB. incr 
GC: pause 10.88ms. collected 1305.327600MB. incr 
GC: pause 10.84ms. collected 1307.314400MB. incr 
GC: pause 10.81ms. collected 1307.221552MB. incr 
GC: pause 10.85ms. collected 1306.877296MB. incr 
GC: pause 10.93ms. collected 1306.185456MB. incr 
GC: pause 10.86ms. collected 1308.880448MB. incr 
GC: pause 10.85ms. collected 1307.408800MB. incr 
GC: pause 10.89ms. collected 1309.299648MB. incr 
GC: pause 10.97ms. collected 1309.301200MB. incr 
GC: pause 10.86ms. collected 1309.208352MB. incr 
GC: pause 10.85ms. collected 1309.301200MB. incr 
GC: pause 10.84ms. collected 1309.394048MB. incr 
GC: pause 10.88ms. collected 1309.301200MB. incr 
GC: pause 10.87ms. collected 1311.288000MB. incr 
GC: pause 10.87ms. collected 1311.288000MB. incr 
GC: pause 10.88ms. collected 1311.281296MB. incr 
GC: pause 11.13ms. collected 1311.294704MB. incr 
GC: pause 10.87ms. collected 1311.288000MB. incr 
GC: pause 10.96ms. collected 1311.615904MB. incr 
GC: pause 10.88ms. collected 1312.946896MB. incr 
GC: pause 10.91ms. collected 1313.276704MB. incr 
GC: pause 10.87ms. collected 1314.729744MB. incr 
GC: pause 11.26ms. collected 1313.804752MB. incr 
GC: pause 10.84ms. collected 1313.276352MB. incr 
GC: pause 13.20ms. collected 1315.260048MB. incr 
GC: pause 10.85ms. collected 1315.261600MB. incr 
GC: pause 10.89ms. collected 1315.261600MB. incr 
GC: pause 10.88ms. collected 1315.261600MB. incr 
GC: pause 10.87ms. collected 1315.261600MB. incr 
GC: pause 11.00ms. collected 1315.588160MB. incr 
GC: pause 10.87ms. collected 1316.921840MB. incr 
GC: pause 10.85ms. collected 1317.248400MB. incr 
GC: pause 10.88ms. collected 1317.249952MB. incr 
GC: pause 10.89ms. collected 1318.703744MB. incr 
GC: pause 11.31ms. collected 1317.778304MB. incr 
GC: pause 10.90ms. collected 1318.705296MB. incr 
GC: pause 10.84ms. collected 1317.780208MB. incr 
GC: pause 10.90ms. collected 1319.233296MB. incr 
GC: pause 10.93ms. collected 1319.237104MB. incr 
GC: pause 10.88ms. collected 1321.220096MB. incr 
GC: pause 10.90ms. collected 1319.237104MB. incr 
GC: pause 13.74ms. collected 1321.220096MB. incr 
GC: pause 10.90ms. collected 1321.222000MB. incr 
GC: pause 10.93ms. collected 1321.222000MB. incr 
GC: pause 10.92ms. collected 1321.222000MB. incr 
GC: pause 10.91ms. collected 1321.222000MB. incr 
GC: pause 10.88ms. collected 1323.115952MB. incr 
GC: pause 11.03ms. collected 1321.641408MB. incr 
GC: pause 10.90ms. collected 1322.882240MB. incr 
GC: pause 20.32ms. collected 1323.210704MB. incr 
GC: pause 10.91ms. collected 1325.100848MB. incr 
GC: pause 10.87ms. collected 1323.301648MB. incr 
GC: pause 10.91ms. collected 1324.665696MB. incr 
GC: pause 10.94ms. collected 1323.740608MB. incr 
GC: pause 10.88ms. collected 1325.193696MB. incr 
GC: pause 10.90ms. collected 1326.652448MB. incr 
GC: pause 11.29ms. collected 1325.725552MB. incr 
GC: pause 17.42ms. collected 1325.195600MB. incr 
GC: pause 10.95ms. collected 1327.182400MB. incr 
GC: pause 10.94ms. collected 1327.182400MB. incr 
GC: pause 10.87ms. collected 1327.089552MB. incr 
GC: pause 10.93ms. collected 1327.268544MB. incr 
GC: pause 10.90ms. collected 1327.189104MB. incr 
GC: pause 10.90ms. collected 1327.183952MB. incr 
GC: pause 10.93ms. collected 1329.167648MB. incr 
GC: pause 11.30ms. collected 1329.169200MB. incr 
GC: pause 10.95ms. collected 1329.169200MB. incr 
GC: pause 10.92ms. collected 1329.169200MB. incr 
GC: pause 11.04ms. collected 1329.495760MB. incr 
GC: pause 10.96ms. collected 1330.829440MB. incr 
GC: pause 10.92ms. collected 1331.156000MB. incr 
GC: pause 10.89ms. collected 1331.156000MB. incr 
GC: pause 10.92ms. collected 1331.156000MB. incr 
GC: pause 10.97ms. collected 1331.156000MB. incr 
GC: pause 11.09ms. collected 1333.136096MB. incr 
GC: pause 11.02ms. collected 1331.490608MB. incr 
GC: pause 10.91ms. collected 1332.814896MB. incr 
GC: pause 10.92ms. collected 1333.144704MB. incr 
GC: pause 10.95ms. collected 1334.597792MB. incr 
GC: pause 10.92ms. collected 1333.672704MB. incr 
GC: pause 10.92ms. collected 1334.599648MB. incr 
GC: pause 10.97ms. collected 1333.674304MB. incr 
GC: pause 11.46ms. collected 1335.128048MB. incr 
GC: pause 10.94ms. collected 1335.131152MB. incr 
GC: pause 10.94ms. collected 1336.584944MB. incr 
GC: pause 10.97ms. collected 1335.659504MB. incr 
GC: pause 10.95ms. collected 1337.023552MB. incr 
GC: pause 11.02ms. collected 1335.550352MB. incr 
GC: pause 10.96ms. collected 1336.790048MB. incr 
GC: pause 10.94ms. collected 1338.571744MB. incr 
GC: pause 11.45ms. collected 1337.646304MB. incr 
GC: pause 11.06ms. collected 1337.442960MB. incr 
GC: pause 10.92ms. collected 1338.776640MB. incr 
GC: pause 10.91ms. collected 1339.103200MB. incr 
GC: pause 10.94ms. collected 1339.104752MB. incr 
GC: pause 10.97ms. collected 1340.558544MB. incr 
GC: pause 11.31ms. collected 1339.633104MB. incr 
GC: pause 10.93ms. collected 1340.997152MB. incr 
GC: pause 11.52ms. collected 1339.522608MB. incr 
GC: pause 10.94ms. collected 1340.763440MB. incr 
GC: pause 11.08ms. collected 1341.416560MB. incr 
GC: pause 10.92ms. collected 1342.750240MB. incr 
GC: pause 11.02ms. collected 1341.416560MB. incr 
GC: pause 10.92ms. collected 1342.750240MB. incr 
GC: pause 10.94ms. collected 1343.076800MB. incr 
GC: pause 10.90ms. collected 1343.076800MB. incr 
GC: pause 11.49ms. collected 1343.076800MB. incr 
GC: pause 11.03ms. collected 1343.403360MB. incr 
GC: pause 10.93ms. collected 1344.737040MB. incr 
GC: pause 11.01ms. collected 1345.063600MB. incr 
GC: pause 10.93ms. collected 1345.063600MB. incr 
GC: pause 10.93ms. collected 1345.063600MB. incr 
GC: pause 10.94ms. collected 1345.063600MB. incr 
GC: pause 11.03ms. collected 1345.390160MB. incr 
GC: pause 10.93ms. collected 1346.723840MB. incr 
GC: pause 10.94ms. collected 1347.050400MB. incr 
GC: pause 10.93ms. collected 1347.050400MB. incr 
GC: pause 10.94ms. collected 1347.052304MB. incr 
GC: pause 10.91ms. collected 1349.028592MB. incr 
GC: pause 10.93ms. collected 1347.059008MB. incr 
GC: pause 10.95ms. collected 1349.035296MB. incr 
GC: pause 10.93ms. collected 1349.037200MB. incr 
GC: pause 11.02ms. collected 1349.037200MB. incr 
GC: pause 10.98ms. collected 1349.039104MB. incr 
GC: pause 10.97ms. collected 1351.022096MB. incr 
GC: pause 11.00ms. collected 1350.494096MB. incr 
GC: pause 10.94ms. collected 1349.567104MB. incr 
GC: pause 10.95ms. collected 1351.024000MB. incr 
GC: pause 10.94ms. collected 1351.025904MB. incr 
GC: pause 10.98ms. collected 1353.008896MB. incr 
GC: pause 11.15ms. collected 1351.351904MB. incr 
GC: pause 10.96ms. collected 1352.682896MB. incr 
GC: pause 11.00ms. collected 1353.010800MB. incr 
GC: pause 10.93ms. collected 1353.010800MB. incr 
GC: pause 11.06ms. collected 1353.338704MB. incr 
GC: pause 10.97ms. collected 1354.669696MB. incr 
GC: pause 10.95ms. collected 1354.997600MB. incr 
GC: pause 10.95ms. collected 1354.467648MB. incr 
GC: pause 11.04ms. collected 1353.542656MB. incr 
GC: pause 10.96ms. collected 1354.997600MB. incr 
GC: pause 10.99ms. collected 1356.982496MB. incr 
GC: pause 10.95ms. collected 1356.891552MB. incr 
GC: pause 10.98ms. collected 1355.092000MB. incr 
GC: pause 10.95ms. collected 1356.982848MB. incr 
GC: pause 10.96ms. collected 1356.984400MB. incr 
GC: pause 10.96ms. collected 1356.986304MB. incr 
GC: pause 12.15ms. collected 1358.969296MB. incr 
GC: pause 10.98ms. collected 1358.964496MB. incr 
GC: pause 11.13ms. collected 1357.317664MB. incr 
GC: pause 10.95ms. collected 1358.644640MB. incr 
GC: pause 10.96ms. collected 1360.428048MB. incr 
GC: pause 10.99ms. collected 1359.501152MB. incr 
GC: pause 10.98ms. collected 1358.973104MB. incr 
GC: pause 10.97ms. collected 1360.956096MB. incr 
GC: pause 13.24ms. collected 1360.958000MB. incr 
GC: pause 10.95ms. collected 1360.958000MB. incr 
GC: pause 10.99ms. collected 1360.959904MB. incr 
GC: pause 11.01ms. collected 1362.942896MB. incr 
GC: pause 10.96ms. collected 1362.849024MB. incr 
GC: pause 10.97ms. collected 1361.055328MB. incr 
GC: pause 10.97ms. collected 1362.943248MB. incr 
GC: pause 11.00ms. collected 1362.946704MB. incr 
GC: pause 15.38ms. collected 1364.836848MB. incr 
GC: pause 11.01ms. collected 1363.039552MB. incr 
GC: pause 10.98ms. collected 1364.929696MB. incr 
GC: pause 11.01ms. collected 1364.931600MB. incr 
GC: pause 11.01ms. collected 1364.931600MB. incr 
GC: pause 10.98ms. collected 1364.931600MB. incr 
GC: pause 11.08ms. collected 1365.259504MB. incr 
GC: pause 11.00ms. collected 1366.590496MB. incr 
GC: pause 20.20ms. collected 1366.918400MB. incr 
GC: pause 10.99ms. collected 1366.918400MB. incr 
GC: pause 10.96ms. collected 1366.919952MB. incr 
GC: pause 11.03ms. collected 1368.810800MB. incr 
GC: pause 10.99ms. collected 1367.013152MB. incr 
GC: pause 10.96ms. collected 1368.903296MB. incr 
GC: pause 10.98ms. collected 1368.905200MB. incr 
GC: pause 10.99ms. collected 1368.905200MB. incr 
GC: pause 19.32ms. collected 1368.905200MB. incr 
GC: pause 11.07ms. collected 1369.233104MB. incr 
GC: pause 11.01ms. collected 1370.564096MB. incr 
GC: pause 11.00ms. collected 1370.892000MB. incr 
GC: pause 11.02ms. collected 1370.892000MB. incr 
GC: pause 10.97ms. collected 1370.893904MB. incr 
GC: pause 11.03ms. collected 1372.876896MB. incr 
GC: pause 11.11ms. collected 1371.219904MB. incr 
GC: pause 11.85ms. collected 1372.550896MB. incr 
GC: pause 11.06ms. collected 1372.878800MB. incr 
GC: pause 11.00ms. collected 1372.878800MB. incr 
GC: pause 10.98ms. collected 1374.335696MB. incr 
GC: pause 10.99ms. collected 1373.408704MB. incr 
GC: pause 11.01ms. collected 1374.772752MB. incr 
GC: pause 10.97ms. collected 1374.428496MB. incr 
GC: pause 11.00ms. collected 1373.410656MB. incr 
GC: pause 11.27ms. collected 1375.190256MB. incr 
GC: pause 11.07ms. collected 1376.525840MB. incr 
GC: pause 11.00ms. collected 1376.759552MB. incr 
GC: pause 11.04ms. collected 1374.960352MB. incr 
GC: pause 11.01ms. collected 1376.850496MB. incr 
GC: pause 11.14ms. collected 1377.178960MB. incr 
GC: pause 11.03ms. collected 1378.512640MB. incr 
GC: pause 11.04ms. collected 1376.854304MB. incr 
GC: pause 11.47ms. collected 1378.837296MB. incr 
GC: pause 11.00ms. collected 1378.839200MB. incr 
GC: pause 11.02ms. collected 1378.839200MB. incr 
GC: pause 11.01ms. collected 1378.839200MB. incr 
GC: pause 11.06ms. collected 1380.296096MB. incr 
GC: pause 11.01ms. collected 1379.369104MB. incr 
GC: pause 10.99ms. collected 1380.826000MB. incr 
GC: pause 11.02ms. collected 1380.826000MB. incr 
GC: pause 11.51ms. collected 1380.826000MB. incr 
GC: pause 11.01ms. collected 1380.827904MB. incr 
GC: pause 11.02ms. collected 1382.810896MB. incr 
GC: pause 11.03ms. collected 1382.719952MB. incr 
GC: pause 11.11ms. collected 1381.245408MB. incr 
GC: pause 11.05ms. collected 1382.488144MB. incr 
GC: pause 11.08ms. collected 1384.790992MB. incr 
GC: pause 11.07ms. collected 1382.821408MB. incr 
GC: pause 11.52ms. collected 1384.797696MB. incr 
GC: pause 11.09ms. collected 1384.799600MB. incr 
GC: pause 11.04ms. collected 1384.706752MB. incr 
GC: pause 11.01ms. collected 1384.799600MB. incr 
GC: pause 11.04ms. collected 1384.892448MB. incr 
GC: pause 11.04ms. collected 1384.799600MB. incr 
GC: pause 11.07ms. collected 1386.786400MB. incr 
GC: pause 10.97ms. collected 1386.786400MB. incr 
GC: pause 11.60ms. collected 1386.786400MB. incr 
GC: pause 11.06ms. collected 1386.786400MB. incr 
GC: pause 11.01ms. collected 1386.788304MB. incr 
GC: pause 11.03ms. collected 1388.771296MB. incr 
GC: pause 11.05ms. collected 1388.773200MB. incr 
GC: pause 11.04ms. collected 1388.773200MB. incr 
GC: pause 11.04ms. collected 1388.775104MB. incr 
GC: pause 11.06ms. collected 1390.758096MB. incr 
GC: pause 11.06ms. collected 1390.230048MB. incr 
GC: pause 11.04ms. collected 1389.303152MB. incr 
GC: pause 11.04ms. collected 1390.760000MB. incr 
GC: pause 11.03ms. collected 1390.760000MB. incr 
GC: pause 11.14ms. collected 1391.087904MB. incr 
GC: pause 11.07ms. collected 1392.418896MB. incr 
GC: pause 11.02ms. collected 1392.746800MB. incr 
GC: pause 11.12ms. collected 1392.746800MB. incr 
GC: pause 11.28ms. collected 1392.746800MB. incr 
GC: pause 11.07ms. collected 1392.746800MB. incr 
GC: pause 11.07ms. collected 1392.748704MB. incr 
GC: pause 11.05ms. collected 1394.731696MB. incr 
GC: pause 11.08ms. collected 1394.733600MB. incr 
GC: pause 11.08ms. collected 1394.733600MB. incr 
GC: pause 11.05ms. collected 1394.733600MB. incr 
GC: pause 11.09ms. collected 1394.733600MB. incr 
GC: pause 11.03ms. collected 1396.720400MB. incr 
GC: pause 11.10ms. collected 1396.621120MB. incr 
GC: pause 11.06ms. collected 1394.834784MB. incr 
GC: pause 11.02ms. collected 1396.720048MB. incr 
GC: pause 11.05ms. collected 1398.705648MB. incr 
GC: pause 11.03ms. collected 1396.722304MB. incr 
GC: pause 11.00ms. collected 1398.705296MB. incr 
GC: pause 11.11ms. collected 1398.707200MB. incr 
GC: pause 11.01ms. collected 1398.707200MB. incr 
GC: pause 11.01ms. collected 1398.707200MB. incr 
GC: pause 11.05ms. collected 1400.164048MB. incr 
GC: pause 11.04ms. collected 1399.237152MB. incr 
GC: pause 11.03ms. collected 1400.694000MB. incr 
GC: pause 11.02ms. collected 1400.694000MB. incr 
GC: pause 11.02ms. collected 1400.694000MB. incr 
GC: pause 11.07ms. collected 1400.695904MB. incr 
GC: pause 11.07ms. collected 1402.678896MB. incr 
GC: pause 11.03ms. collected 1402.680800MB. incr 
GC: pause 11.04ms. collected 1402.674096MB. incr 
GC: pause 11.04ms. collected 1402.680800MB. incr 
GC: pause 11.03ms. collected 1402.687504MB. incr 
GC: pause 11.06ms. collected 1402.680800MB. incr 
GC: pause 11.07ms. collected 1404.662976MB. incr 
GC: pause 11.04ms. collected 1404.579376MB. incr 
GC: pause 11.00ms. collected 1404.230496MB. incr 
GC: pause 11.16ms. collected 1404.667648MB. incr 
GC: pause 11.07ms. collected 1405.197504MB. incr 
GC: pause 11.07ms. collected 1404.669504MB. incr 
GC: pause 11.02ms. collected 1406.652496MB. incr 
GC: pause 11.06ms. collected 1406.655952MB. incr 
GC: pause 13.14ms. collected 1406.980752MB. incr 
GC: pause 11.08ms. collected 1408.313296MB. incr 
GC: pause 11.05ms. collected 1408.548352MB. incr 
GC: pause 11.06ms. collected 1406.749152MB. incr 
GC: pause 11.06ms. collected 1408.639296MB. incr 
GC: pause 11.07ms. collected 1408.643104MB. incr 
GC: pause 11.06ms. collected 1410.626096MB. incr 
GC: pause 11.17ms. collected 1408.967760MB. incr 
GC: pause 20.25ms. collected 1410.301440MB. incr 
GC: pause 11.04ms. collected 1410.628000MB. incr 
GC: pause 11.04ms. collected 1410.628000MB. incr 
GC: pause 11.06ms. collected 1410.629552MB. incr 
GC: pause 11.05ms. collected 1412.606544MB. incr 
GC: pause 11.15ms. collected 1410.961264MB. incr 
GC: pause 11.04ms. collected 1412.288240MB. incr 
GC: pause 11.09ms. collected 1412.614800MB. incr 
GC: pause 19.92ms. collected 1412.942704MB. incr 
GC: pause 11.07ms. collected 1414.273696MB. incr 
GC: pause 11.05ms. collected 1414.508752MB. incr 
GC: pause 11.11ms. collected 1412.709552MB. incr 
GC: pause 11.07ms. collected 1414.599696MB. incr 
GC: pause 11.07ms. collected 1416.058448MB. incr 
GC: pause 11.04ms. collected 1415.131552MB. incr 
GC: pause 11.10ms. collected 1414.603504MB. incr 
GC: pause 12.19ms. collected 1416.586496MB. incr 
GC: pause 11.09ms. collected 1416.588400MB. incr 
GC: pause 11.06ms. collected 1416.588400MB. incr 
GC: pause 11.09ms. collected 1416.589952MB. incr 
GC: pause 11.12ms. collected 1418.573648MB. incr 
GC: pause 11.09ms. collected 1418.045248MB. incr 
GC: pause 11.08ms. collected 1417.118352MB. incr 
GC: pause 11.38ms. collected 1418.575200MB. incr 
GC: pause 11.19ms. collected 1418.903104MB. incr 
GC: pause 11.08ms. collected 1420.234096MB. incr 
GC: pause 11.05ms. collected 1420.555296MB. incr 
GC: pause 11.18ms. collected 1418.908464MB. incr 
GC: pause 11.05ms. collected 1420.236992MB. incr 
GC: pause 11.07ms. collected 1422.017344MB. incr 
GC: pause 11.07ms. collected 1421.091904MB. incr 
GC: pause 11.41ms. collected 1420.889904MB. incr 
GC: pause 11.08ms. collected 1422.220896MB. incr 
GC: pause 11.07ms. collected 1422.550704MB. incr 
GC: pause 11.07ms. collected 1424.003744MB. incr 
GC: pause 11.13ms. collected 1423.078752MB. incr 
GC: pause 11.07ms. collected 1422.550704MB. incr 
GC: pause 11.11ms. collected 1424.533696MB. incr 
GC: pause 11.05ms. collected 1424.535600MB. incr 
GC: pause 11.73ms. collected 1424.535600MB. incr 
GC: pause 11.17ms. collected 1424.862160MB. incr 
GC: pause 11.10ms. collected 1426.195840MB. incr 
GC: pause 11.14ms. collected 1426.515696MB. incr 
GC: pause 11.21ms. collected 1424.870208MB. incr 
GC: pause 11.11ms. collected 1426.196400MB. incr 
GC: pause 11.15ms. collected 1428.500592MB. incr 
GC: pause 11.55ms. collected 1426.530656MB. incr 
GC: pause 11.08ms. collected 1428.500944MB. incr 
GC: pause 11.11ms. collected 1428.423056MB. incr 
GC: pause 11.23ms. collected 1426.941808MB. incr 
GC: pause 11.18ms. collected 1428.509200MB. incr 
GC: pause 11.14ms. collected 1430.169440MB. incr 
GC: pause 11.11ms. collected 1429.966096MB. incr 
GC: pause 11.08ms. collected 1429.039104MB. incr 
GC: pause 11.70ms. collected 1430.496000MB. incr 
GC: pause 11.09ms. collected 1430.497552MB. incr 
GC: pause 11.09ms. collected 1432.388400MB. incr 
GC: pause 11.12ms. collected 1430.588848MB. incr 
GC: pause 11.15ms. collected 1432.482800MB. incr 
GC: pause 11.11ms. collected 1432.482800MB. incr 
GC: pause 11.08ms. collected 1432.476096MB. incr 
GC: pause 11.10ms. collected 1432.489504MB. incr 
GC: pause 11.23ms. collected 1432.482800MB. incr 
GC: pause 11.13ms. collected 1434.376752MB. incr 
GC: pause 11.17ms. collected 1434.032544MB. incr 
GC: pause 11.22ms. collected 1433.339264MB. incr 
GC: pause 11.12ms. collected 1435.599936MB. incr 
GC: pause 11.15ms. collected 1434.999504MB. incr 
GC: pause 11.09ms. collected 1436.363552MB. incr 
GC: pause 11.31ms. collected 1434.890352MB. incr 
GC: pause 11.13ms. collected 1436.130048MB. incr 
GC: pause 11.15ms. collected 1438.348800MB. incr 
GC: pause 11.10ms. collected 1436.549248MB. incr 
GC: pause 11.10ms. collected 1437.913248MB. incr 
GC: pause 11.12ms. collected 1436.988256MB. incr 
GC: pause 11.14ms. collected 1438.441296MB. incr 
GC: pause 11.25ms. collected 1438.769760MB. incr 
GC: pause 11.26ms. collected 1440.103440MB. incr 
GC: pause 11.63ms. collected 1438.771104MB. incr 
GC: pause 11.13ms. collected 1440.102096MB. incr 
GC: pause 11.15ms. collected 1440.430000MB. incr 
GC: pause 11.19ms. collected 1440.431904MB. incr 
GC: pause 11.14ms. collected 1442.414896MB. incr 
GC: pause 11.15ms. collected 1440.431904MB. incr 
GC: pause 11.24ms. collected 1442.414896MB. incr 
GC: pause 11.12ms. collected 1442.416800MB. incr 
GC: pause 11.14ms. collected 1442.416800MB. incr 
GC: pause 11.12ms. collected 1442.418704MB. incr 
GC: pause 11.14ms. collected 1444.401696MB. incr 
GC: pause 11.11ms. collected 1444.310752MB. incr 
GC: pause 11.12ms. collected 1442.511552MB. incr 
GC: pause 11.16ms. collected 1444.403248MB. incr 
GC: pause 11.17ms. collected 1446.382144MB. incr 
GC: pause 11.15ms. collected 1444.410304MB. incr 
GC: pause 11.14ms. collected 1446.383696MB. incr 
GC: pause 11.13ms. collected 1446.304256MB. incr 
GC: pause 11.34ms. collected 1444.824352MB. incr 
GC: pause 11.25ms. collected 1446.390400MB. incr 
GC: pause 11.16ms. collected 1448.049296MB. incr 
GC: pause 11.19ms. collected 1448.377200MB. incr 
GC: pause 11.14ms. collected 1447.847248MB. incr 
GC: pause 11.18ms. collected 1446.922256MB. incr 
GC: pause 11.15ms. collected 1448.377200MB. incr 
GC: pause 11.19ms. collected 1450.362096MB. incr 
GC: pause 11.18ms. collected 1450.271152MB. incr 
GC: pause 11.21ms. collected 1448.471952MB. incr 
GC: pause 11.21ms. collected 1450.362096MB. incr 
GC: pause 11.31ms. collected 1450.690560MB. incr 
GC: pause 11.23ms. collected 1452.024240MB. incr 
GC: pause 11.28ms. collected 1450.691904MB. incr 
GC: pause 11.19ms. collected 1452.022896MB. incr 
GC: pause 11.21ms. collected 1452.350800MB. incr 
GC: pause 11.21ms. collected 1452.352704MB. incr 
GC: pause 11.29ms. collected 1454.242848MB. incr 
GC: pause 14.50ms. collected 1452.445200MB. incr 
GC: pause 14.81ms. collected 1454.336048MB. incr 
GC: pause 11.22ms. collected 1454.337600MB. incr 
GC: pause 11.25ms. collected 1454.337600MB. incr 
GC: pause 11.22ms. collected 1454.337600MB. incr 
GC: pause 11.21ms. collected 1454.337600MB. incr 
GC: pause 11.20ms. collected 1456.324400MB. incr 
GC: pause 11.24ms. collected 1456.324400MB. incr 
GC: pause 21.31ms. collected 1456.324400MB. incr 
GC: pause 11.21ms. collected 1456.324400MB. incr 
GC: pause 11.18ms. collected 1456.324400MB. incr 
GC: pause 11.28ms. collected 1458.304496MB. incr 
GC: pause 11.29ms. collected 1458.211680MB. incr 
GC: pause 11.32ms. collected 1456.757184MB. incr 
GC: pause 11.31ms. collected 1458.311200MB. incr 
GC: pause 13.12ms. collected 1459.971440MB. incr 
GC: pause 11.23ms. collected 1460.291296MB. incr 
GC: pause 11.32ms. collected 1458.645808MB. incr 
GC: pause 11.21ms. collected 1459.972000MB. incr 
GC: pause 11.24ms. collected 1462.190048MB. incr 
GC: pause 11.20ms. collected 1460.390848MB. incr 
GC: pause 11.23ms. collected 1462.191952MB. incr 
GC: pause 11.38ms. collected 1460.718752MB. incr 
GC: pause 11.63ms. collected 1461.958448MB. incr 
GC: pause 11.21ms. collected 1464.156448MB. incr 
GC: pause 11.28ms. collected 1462.398400MB. incr 
GC: pause 11.37ms. collected 1462.611360MB. incr 
GC: pause 11.24ms. collected 1463.945040MB. incr 
GC: pause 11.29ms. collected 1464.273504MB. incr 
GC: pause 11.25ms. collected 1465.726592MB. incr 
GC: pause 11.82ms. collected 1464.801504MB. incr 
GC: pause 11.34ms. collected 1464.599504MB. incr 
GC: pause 11.24ms. collected 1465.930496MB. incr 
GC: pause 11.28ms. collected 1466.260304MB. incr 
GC: pause 11.25ms. collected 1467.713392MB. incr 
GC: pause 11.29ms. collected 1466.788304MB. incr 
GC: pause 11.37ms. collected 1466.584960MB. incr 
GC: pause 11.30ms. collected 1467.918640MB. incr 
GC: pause 11.86ms. collected 1468.245200MB. incr 
GC: pause 11.25ms. collected 1468.247104MB. incr 
GC: pause 11.34ms. collected 1470.230096MB. incr 
GC: pause 11.25ms. collected 1468.247104MB. incr 
GC: pause 11.27ms. collected 1470.230096MB. incr 
GC: pause 11.29ms. collected 1470.232000MB. incr 
GC: pause 11.27ms. collected 1470.232000MB. incr 
GC: pause 11.72ms. collected 1470.233904MB. incr 
GC: pause 11.28ms. collected 1472.216896MB. incr 
GC: pause 11.29ms. collected 1472.212096MB. incr 
GC: pause 11.36ms. collected 1470.566608MB. incr 
GC: pause 11.27ms. collected 1471.892800MB. incr 
GC: pause 11.30ms. collected 1474.203696MB. incr 
GC: pause 11.37ms. collected 1472.545360MB. incr 
GC: pause 11.29ms. collected 1473.879040MB. incr 
GC: pause 11.79ms. collected 1474.205600MB. incr 
GC: pause 11.29ms. collected 1474.205600MB. incr 
GC: pause 11.27ms. collected 1474.207152MB. incr 
GC: pause 11.33ms. collected 1476.186224MB. incr 
GC: pause 11.39ms. collected 1474.538128MB. incr 
GC: pause 11.27ms. collected 1475.864496MB. incr 
GC: pause 11.32ms. collected 1476.194304MB. incr 
GC: pause 11.56ms. collected 1478.084448MB. incr 
GC: pause 11.26ms. collected 1476.285248MB. incr 
GC: pause 11.31ms. collected 1478.086352MB. incr 
GC: pause 11.36ms. collected 1477.742144MB. incr 
GC: pause 11.44ms. collected 1477.048864MB. incr 
GC: pause 11.29ms. collected 1479.309536MB. incr 
GC: pause 11.32ms. collected 1478.709104MB. incr 
GC: pause 11.33ms. collected 1480.073152MB. incr 
GC: pause 11.49ms. collected 1478.599952MB. incr 
GC: pause 11.29ms. collected 1479.840000MB. incr 
GC: pause 11.35ms. collected 1482.058048MB. incr 
GC: pause 11.31ms. collected 1480.258848MB. incr 
GC: pause 11.35ms. collected 1482.141024MB. incr 
GC: pause 11.34ms. collected 1481.634672MB. incr 
GC: pause 11.33ms. collected 1480.697808MB. incr 
GC: pause 11.39ms. collected 1482.483888MB. incr 
GC: pause 11.35ms. collected 1483.806608MB. incr 
GC: pause 11.30ms. collected 1484.139600MB. incr 
GC: pause 11.40ms. collected 1484.046752MB. incr 
GC: pause 11.31ms. collected 1483.702544MB. incr 
GC: pause 11.35ms. collected 1484.572400MB. incr 
GC: pause 11.32ms. collected 1484.236704MB. incr 
GC: pause 11.43ms. collected 1484.141152MB. incr 
GC: pause 11.38ms. collected 1486.124848MB. incr 
GC: pause 11.38ms. collected 1486.126400MB. incr 
GC: pause 11.41ms. collected 1486.127952MB. incr 
GC: pause 11.36ms. collected 1488.104944MB. incr 
GC: pause 11.32ms. collected 1486.135008MB. incr 
GC: pause 11.39ms. collected 1488.111296MB. incr 
GC: pause 11.37ms. collected 1488.113200MB. incr 
GC: pause 11.35ms. collected 1488.115104MB. incr 
GC: pause 11.36ms. collected 1490.098096MB. incr 
GC: pause 11.32ms. collected 1489.570096MB. incr 
GC: pause 11.34ms. collected 1488.643104MB. incr 
GC: pause 11.35ms. collected 1490.100000MB. incr 
GC: pause 11.40ms. collected 1490.101904MB. incr 
GC: pause 11.38ms. collected 1492.084896MB. incr 
GC: pause 11.33ms. collected 1491.977312MB. incr 
GC: pause 11.34ms. collected 1490.209488MB. incr 
GC: pause 11.34ms. collected 1492.086800MB. incr 
GC: pause 11.45ms. collected 1492.088352MB. incr 
GC: pause 11.38ms. collected 1493.979200MB. incr 
GC: pause 11.40ms. collected 1492.181552MB. incr 
GC: pause 11.40ms. collected 1494.071696MB. incr 
GC: pause 11.37ms. collected 1494.073600MB. incr 
GC: pause 11.37ms. collected 1494.073600MB. incr 
GC: pause 11.37ms. collected 1495.530448MB. incr 
GC: pause 11.40ms. collected 1494.603552MB. incr 
GC: pause 11.40ms. collected 1496.060400MB. incr 
GC: pause 11.38ms. collected 1496.060400MB. incr 
GC: pause 11.37ms. collected 1496.060400MB. incr 
GC: pause 11.35ms. collected 1496.060400MB. incr 
GC: pause 16.41ms. collected 1497.954352MB. incr 
GC: pause 11.49ms. collected 1496.481152MB. incr 
GC: pause 11.37ms. collected 1497.720848MB. incr 
GC: pause 11.37ms. collected 1499.922992MB. incr 
GC: pause 11.38ms. collected 1498.156656MB. incr 
GC: pause 11.47ms. collected 1498.373760MB. incr 
GC: pause 11.44ms. collected 1499.707440MB. incr 
GC: pause 20.33ms. collected 1500.035904MB. incr 
GC: pause 11.41ms. collected 1501.909728MB. incr 
GC: pause 11.39ms. collected 1500.143168MB. incr 
GC: pause 11.46ms. collected 1500.360560MB. incr 
GC: pause 11.38ms. collected 1501.694240MB. incr 
GC: pause 11.41ms. collected 1502.022704MB. incr 
GC: pause 11.37ms. collected 1503.905152MB. incr 
GC: pause 14.33ms. collected 1502.121344MB. incr 
GC: pause 11.54ms. collected 1502.348704MB. incr 
GC: pause 11.34ms. collected 1503.681600MB. incr 
GC: pause 11.55ms. collected 1504.332256MB. incr 
GC: pause 11.38ms. collected 1505.667840MB. incr 
GC: pause 11.36ms. collected 1504.007600MB. incr 
GC: pause 11.37ms. collected 1505.901552MB. incr 
GC: pause 11.87ms. collected 1505.557344MB. incr 
GC: pause 11.35ms. collected 1504.539408MB. incr 
GC: pause 11.42ms. collected 1506.320400MB. incr 
GC: pause 11.35ms. collected 1507.653296MB. incr 
GC: pause 11.38ms. collected 1507.981200MB. incr 
GC: pause 11.41ms. collected 1507.888352MB. incr 
GC: pause 11.42ms. collected 1506.415152MB. incr 
GC: pause 11.45ms. collected 1507.981200MB. incr 
GC: pause 11.49ms. collected 1509.640096MB. incr 
GC: pause 11.36ms. collected 1509.968000MB. incr 
GC: pause 11.33ms. collected 1509.858544MB. incr 
GC: pause 11.50ms. collected 1508.417216MB. incr 
GC: pause 11.47ms. collected 1509.968000MB. incr 
GC: pause 11.38ms. collected 1511.628240MB. incr 
GC: pause 11.38ms. collected 1511.861952MB. incr 
GC: pause 12.01ms. collected 1510.387408MB. incr 
GC: pause 11.37ms. collected 1511.629792MB. incr 
GC: pause 11.37ms. collected 1513.847200MB. incr 
GC: pause 11.41ms. collected 1512.047648MB. incr 
GC: pause 11.35ms. collected 1513.830768MB. incr 
GC: pause 11.47ms. collected 1512.392192MB. incr 
GC: pause 11.38ms. collected 1513.616592MB. incr 
GC: pause 11.84ms. collected 1515.834000MB. incr 
GC: pause 11.39ms. collected 1514.034448MB. incr 
GC: pause 11.40ms. collected 1515.834576MB. incr 
GC: pause 11.47ms. collected 1514.363328MB. incr 
GC: pause 11.41ms. collected 1515.602400MB. incr 
GC: pause 11.37ms. collected 1517.906592MB. incr 
GC: pause 11.48ms. collected 1515.936656MB. incr 
GC: pause 11.81ms. collected 1517.913648MB. incr 
GC: pause 11.42ms. collected 1517.908496MB. incr 
GC: pause 11.35ms. collected 1517.829056MB. incr 
GC: pause 11.37ms. collected 1518.001344MB. incr 
GC: pause 11.41ms. collected 1517.921904MB. incr 
GC: pause 11.42ms. collected 1518.243104MB. incr 
GC: pause 11.38ms. collected 1519.576000MB. incr 
GC: pause 11.35ms. collected 1521.356944MB. incr 
GC: pause 11.82ms. collected 1520.431952MB. incr 
GC: pause 11.35ms. collected 1519.903904MB. incr 
GC: pause 11.33ms. collected 1521.886896MB. incr 
GC: pause 11.41ms. collected 1521.888800MB. incr 
GC: pause 11.34ms. collected 1521.888800MB. incr 
GC: pause 11.38ms. collected 1521.888800MB. incr 
GC: pause 11.38ms. collected 1523.868896MB. incr 
GC: pause 11.56ms. collected 1522.223408MB. incr 
GC: pause 11.38ms. collected 1523.547696MB. incr 
GC: pause 11.48ms. collected 1524.203504MB. incr 
GC: pause 11.40ms. collected 1525.534496MB. incr 
GC: pause 11.36ms. collected 1525.332448MB. incr 
GC: pause 11.37ms. collected 1524.405552MB. incr 
GC: pause 11.38ms. collected 1525.862400MB. incr 
GC: pause 11.52ms. collected 1525.862400MB. incr 
GC: pause 11.37ms. collected 1525.864304MB. incr 
GC: pause 11.42ms. collected 1527.847296MB. incr 
GC: pause 11.38ms. collected 1527.849200MB. incr 
GC: pause 11.39ms. collected 1527.849200MB. incr 
GC: pause 11.42ms. collected 1527.849200MB. incr 
GC: pause 11.39ms. collected 1527.849200MB. incr 
GC: pause 11.55ms. collected 1527.851104MB. incr 
GC: pause 11.39ms. collected 1529.834096MB. incr 
GC: pause 11.36ms. collected 1529.836000MB. incr 
GC: pause 11.48ms. collected 1530.162560MB. incr 
GC: pause 11.43ms. collected 1531.496240MB. incr 
GC: pause 11.43ms. collected 1531.728800MB. incr 
GC: pause 11.37ms. collected 1529.931552MB. incr 
GC: pause 11.48ms. collected 1531.821248MB. incr 
GC: pause 11.40ms. collected 1531.824704MB. incr 
GC: pause 11.37ms. collected 1533.800992MB. incr 
GC: pause 11.47ms. collected 1532.156064MB. incr 
GC: pause 11.39ms. collected 1533.483040MB. incr 
GC: pause 11.46ms. collected 1533.809600MB. incr 
GC: pause 11.39ms. collected 1534.133696MB. incr 
GC: pause 11.55ms. collected 1535.472304MB. incr 
GC: pause 11.38ms. collected 1535.684560MB. incr 
GC: pause 11.42ms. collected 1533.923344MB. incr 
GC: pause 11.40ms. collected 1535.794496MB. incr 
GC: pause 11.42ms. collected 1537.253248MB. incr 
GC: pause 11.40ms. collected 1536.326352MB. incr 
GC: pause 11.40ms. collected 1537.253296MB. incr 
GC: pause 11.40ms. collected 1536.328208MB. incr 
GC: pause 11.38ms. collected 1537.783200MB. incr 
GC: pause 11.46ms. collected 1539.768096MB. incr 
GC: pause 11.40ms. collected 1537.785104MB. incr 
GC: pause 11.45ms. collected 1539.768096MB. incr 
GC: pause 11.41ms. collected 1539.770000MB. incr 
GC: pause 11.40ms. collected 1539.770000MB. incr 
GC: pause 11.48ms. collected 1539.771904MB. incr 
GC: pause 15.29ms. collected 1541.754896MB. incr 
GC: pause 11.45ms. collected 1541.663952MB. incr 
GC: pause 11.52ms. collected 1540.190752MB. incr 
GC: pause 11.57ms. collected 1541.755456MB. incr 
GC: pause 11.41ms. collected 1543.417040MB. incr 
GC: pause 11.49ms. collected 1543.213696MB. incr 
GC: pause 11.42ms. collected 1542.286704MB. incr 
GC: pause 20.23ms. collected 1543.743600MB. incr 
GC: pause 11.47ms. collected 1543.745504MB. incr 
GC: pause 11.47ms. collected 1545.721760MB. incr 
GC: pause 11.50ms. collected 1543.752240MB. incr 
GC: pause 11.46ms. collected 1545.728496MB. incr 
GC: pause 11.41ms. collected 1545.730400MB. incr 
GC: pause 11.45ms. collected 1545.730400MB. incr 
GC: pause 16.23ms. collected 1547.612256MB. incr 
GC: pause 11.46ms. collected 1545.835344MB. incr 
GC: pause 11.44ms. collected 1547.717200MB. incr 
GC: pause 11.45ms. collected 1547.717200MB. incr 
GC: pause 11.42ms. collected 1547.717200MB. incr 
GC: pause 11.60ms. collected 1548.043760MB. incr 
GC: pause 11.43ms. collected 1549.377440MB. incr 
GC: pause 11.86ms. collected 1549.704000MB. incr 
GC: pause 11.41ms. collected 1549.704000MB. incr 
GC: pause 11.49ms. collected 1549.705904MB. incr 
GC: pause 11.46ms. collected 1551.688896MB. incr 
GC: pause 11.44ms. collected 1551.581344MB. incr 
GC: pause 11.54ms. collected 1549.815360MB. incr 
GC: pause 11.45ms. collected 1551.688896MB. incr 
GC: pause 11.57ms. collected 1553.584752MB. incr 
GC: pause 11.42ms. collected 1551.783648MB. incr 
GC: pause 11.44ms. collected 1553.670896MB. incr 
GC: pause 11.47ms. collected 1553.677600MB. incr 
GC: pause 11.46ms. collected 1553.591456MB. incr 
GC: pause 11.52ms. collected 1553.770448MB. incr 
GC: pause 11.48ms. collected 1553.677600MB. incr 
GC: pause 12.05ms. collected 1555.664400MB. incr 
GC: pause 11.48ms. collected 1555.664400MB. incr 
GC: pause 11.54ms. collected 1555.664400MB. incr 
GC: pause 11.47ms. collected 1555.664400MB. incr 
GC: pause 11.46ms. collected 1557.644496MB. incr 
GC: pause 11.44ms. collected 1557.128000MB. incr 
GC: pause 11.47ms. collected 1556.196208MB. incr 
GC: pause 12.10ms. collected 1557.977200MB. incr 
GC: pause 11.45ms. collected 1559.310096MB. incr 
GC: pause 11.45ms. collected 1559.638000MB. incr 
GC: pause 11.45ms. collected 1559.545152MB. incr 
GC: pause 11.47ms. collected 1559.524080MB. incr 
GC: pause 11.47ms. collected 1559.751920MB. incr 
GC: pause 11.48ms. collected 1559.730848MB. incr 
GC: pause 11.98ms. collected 1559.639904MB. incr 
GC: pause 11.45ms. collected 1561.622896MB. incr 
GC: pause 11.50ms. collected 1561.626704MB. incr 
GC: pause 11.50ms. collected 1563.516848MB. incr 
GC: pause 11.46ms. collected 1561.717648MB. incr 
GC: pause 11.48ms. collected 1563.611600MB. incr 
GC: pause 11.52ms. collected 1563.611600MB. incr 
GC: pause 11.94ms. collected 1563.604896MB. incr 
GC: pause 11.54ms. collected 1563.618304MB. incr 
GC: pause 11.51ms. collected 1563.611600MB. incr 
GC: pause 11.47ms. collected 1565.598400MB. incr 
GC: pause 11.49ms. collected 1565.598400MB. incr 
GC: pause 11.49ms. collected 1565.598400MB. incr 
GC: pause 11.57ms. collected 1565.599952MB. incr 
GC: pause 11.51ms. collected 1567.583648MB. incr 
GC: pause 11.49ms. collected 1567.585200MB. incr 
GC: pause 11.55ms. collected 1567.492352MB. incr 
GC: pause 11.49ms. collected 1567.585216MB. incr 
GC: pause 11.49ms. collected 1567.678032MB. incr 
GC: pause 11.48ms. collected 1567.587104MB. incr 
GC: pause 11.54ms. collected 1569.570096MB. incr 
GC: pause 11.47ms. collected 1569.573904MB. incr 
GC: pause 11.49ms. collected 1571.464048MB. incr 
GC: pause 11.51ms. collected 1569.664848MB. incr 
GC: pause 11.51ms. collected 1571.552096MB. incr 
GC: pause 11.55ms. collected 1571.558800MB. incr 
GC: pause 11.65ms. collected 1571.472656MB. incr 
GC: pause 11.49ms. collected 1571.651648MB. incr 
GC: pause 11.48ms. collected 1571.558800MB. incr 
GC: pause 11.50ms. collected 1573.452752MB. incr 
GC: pause 11.49ms. collected 1573.545600MB. incr 
GC: pause 11.52ms. collected 1573.545440MB. incr 
GC: pause 11.59ms. collected 1573.638608MB. incr 
GC: pause 11.50ms. collected 1573.545600MB. incr 
GC: pause 11.53ms. collected 1575.532400MB. incr 
GC: pause 11.54ms. collected 1575.532400MB. incr 
GC: pause 11.51ms. collected 1575.532400MB. incr 
GC: pause 11.54ms. collected 1575.532400MB. incr 
GC: pause 11.54ms. collected 1577.426352MB. incr 
GC: pause 11.61ms. collected 1575.953152MB. incr 
GC: pause 11.54ms. collected 1577.193200MB. incr 
GC: pause 11.51ms. collected 1579.497392MB. incr 
GC: pause 11.56ms. collected 1577.527808MB. incr 
GC: pause 11.57ms. collected 1579.504096MB. incr 
GC: pause 11.51ms. collected 1579.506000MB. incr 
GC: pause 11.54ms. collected 1579.506000MB. incr 
GC: pause 11.53ms. collected 1579.506000MB. incr 
GC: pause 11.55ms. collected 1580.962848MB. incr 
GC: pause 11.53ms. collected 1580.037504MB. incr 
GC: pause 11.48ms. collected 1581.491248MB. incr 
GC: pause 11.50ms. collected 1581.494704MB. incr 
GC: pause 12.97ms. collected 1583.477696MB. incr 
GC: pause 11.65ms. collected 1581.820704MB. incr 
GC: pause 11.53ms. collected 1583.151696MB. incr 
GC: pause 11.53ms. collected 1583.479600MB. incr 
GC: pause 11.60ms. collected 1583.807504MB. incr 
GC: pause 11.58ms. collected 1585.138496MB. incr 
GC: pause 21.55ms. collected 1585.466400MB. incr 
GC: pause 11.54ms. collected 1584.936496MB. incr 
GC: pause 11.61ms. collected 1584.337408MB. incr 
GC: pause 11.52ms. collected 1587.032448MB. incr 
GC: pause 11.49ms. collected 1585.560800MB. incr 
GC: pause 11.52ms. collected 1587.451648MB. incr 
GC: pause 11.60ms. collected 1587.453200MB. incr 
GC: pause 18.57ms. collected 1587.453200MB. incr 
GC: pause 11.54ms. collected 1587.453200MB. incr 
GC: pause 11.53ms. collected 1588.910048MB. incr 
GC: pause 11.57ms. collected 1587.984704MB. incr 
GC: pause 11.55ms. collected 1589.438448MB. incr 
GC: pause 11.53ms. collected 1589.441904MB. incr 
GC: pause 12.19ms. collected 1591.424896MB. incr 
GC: pause 11.60ms. collected 1591.333952MB. incr 
GC: pause 11.58ms. collected 1589.534752MB. incr 
GC: pause 11.59ms. collected 1591.424896MB. incr 
GC: pause 11.58ms. collected 1592.883648MB. incr 
GC: pause 11.57ms. collected 1591.956752MB. incr 
GC: pause 11.76ms. collected 1592.883696MB. incr 
GC: pause 11.65ms. collected 1592.283264MB. incr 
GC: pause 11.65ms. collected 1593.413600MB. incr 
GC: pause 11.60ms. collected 1595.073840MB. incr 
GC: pause 11.61ms. collected 1594.870448MB. incr 
GC: pause 11.63ms. collected 1593.943552MB. incr 
GC: pause 12.09ms. collected 1595.400400MB. incr 
GC: pause 11.57ms. collected 1595.400400MB. incr 
GC: pause 11.79ms. collected 1595.728304MB. incr 
GC: pause 11.60ms. collected 1597.059296MB. incr 
GC: pause 11.59ms. collected 1597.387200MB. incr 
GC: pause 11.61ms. collected 1597.387200MB. incr 
GC: pause 12.06ms. collected 1597.388752MB. incr 
GC: pause 11.59ms. collected 1599.372448MB. incr 
GC: pause 11.66ms. collected 1598.844048MB. incr 
GC: pause 11.62ms. collected 1597.917152MB. incr 
GC: pause 11.60ms. collected 1599.374000MB. incr 
GC: pause 11.62ms. collected 1600.830896MB. incr 
GC: pause 11.59ms. collected 1599.903904MB. incr 
GC: pause 12.04ms. collected 1601.360800MB. incr 
GC: pause 11.63ms. collected 1601.360800MB. incr 
GC: pause 11.62ms. collected 1601.360800MB. incr 
GC: pause 11.61ms. collected 1601.360800MB. incr 
GC: pause 11.64ms. collected 1601.362704MB. incr 
GC: pause 11.59ms. collected 1603.345696MB. incr 
GC: pause 12.22ms. collected 1603.349504MB. incr 
GC: pause 11.63ms. collected 1605.223792MB. incr 
GC: pause 11.60ms. collected 1603.456304MB. incr 
GC: pause 11.64ms. collected 1605.228336MB. incr 
GC: pause 11.69ms. collected 1603.781568MB. incr 
GC: pause 11.60ms. collected 1605.008400MB. incr 
GC: pause 11.66ms. collected 1607.319296MB. incr 
GC: pause 11.73ms. collected 1605.660960MB. incr 
GC: pause 11.59ms. collected 1606.994640MB. incr 
GC: pause 11.61ms. collected 1607.321200MB. incr 
GC: pause 11.62ms. collected 1607.321200MB. incr 
GC: pause 11.64ms. collected 1609.215152MB. incr 
GC: pause 11.72ms. collected 1607.415952MB. incr 
GC: pause 11.62ms. collected 1609.306096MB. incr 
GC: pause 11.66ms. collected 1609.308000MB. incr 
GC: pause 11.69ms. collected 1609.308000MB. incr 
GC: pause 11.71ms. collected 1611.288096MB. incr 
GC: pause 11.79ms. collected 1609.641264MB. incr 
GC: pause 11.73ms. collected 1610.968240MB. incr 
GC: pause 11.62ms. collected 1611.296704MB. incr 
GC: pause 11.68ms. collected 1613.272992MB. incr 
GC: pause 11.64ms. collected 1611.303408MB. incr 
GC: pause 11.65ms. collected 1613.279696MB. incr 
GC: pause 11.69ms. collected 1613.281600MB. incr 
GC: pause 11.74ms. collected 1613.281600MB. incr 
GC: pause 11.70ms. collected 1615.156000MB. incr 
GC: pause 11.68ms. collected 1613.394000MB. incr 
GC: pause 11.70ms. collected 1615.268400MB. incr 
GC: pause 11.67ms. collected 1615.268400MB. incr 
GC: pause 11.64ms. collected 1615.268400MB. incr 
GC: pause 11.85ms. collected 1615.596304MB. incr 
GC: pause 11.68ms. collected 1616.927296MB. incr 
GC: pause 11.65ms. collected 1617.255200MB. incr 
GC: pause 11.67ms. collected 1617.257104MB. incr 
GC: pause 11.73ms. collected 1619.240096MB. incr 
GC: pause 11.77ms. collected 1617.581760MB. incr 
GC: pause 11.68ms. collected 1618.915440MB. incr 
GC: pause 11.69ms. collected 1619.242000MB. incr 
GC: pause 11.68ms. collected 1619.243552MB. incr 
GC: pause 11.69ms. collected 1621.220544MB. incr 
GC: pause 11.80ms. collected 1619.575264MB. incr 
GC: pause 11.67ms. collected 1620.902240MB. incr 
GC: pause 11.70ms. collected 1621.230352MB. incr 
GC: pause 11.68ms. collected 1623.007280MB. incr 
GC: pause 11.72ms. collected 1621.435568MB. incr 
GC: pause 11.72ms. collected 1623.122752MB. incr 
GC: pause 11.68ms. collected 1623.215600MB. incr 
GC: pause 11.70ms. collected 1623.202784MB. incr 
GC: pause 11.72ms. collected 1623.321264MB. incr 
GC: pause 12.63ms. collected 1623.215600MB. incr 
GC: pause 11.72ms. collected 1625.202400MB. incr 
GC: pause 11.73ms. collected 1625.202400MB. incr 
GC: pause 11.72ms. collected 1625.202400MB. incr 
GC: pause 11.75ms. collected 1625.202400MB. incr 
GC: pause 11.71ms. collected 1627.189200MB. incr 
GC: pause 13.21ms. collected 1627.182496MB. incr 
GC: pause 11.77ms. collected 1627.103056MB. incr 
GC: pause 11.76ms. collected 1627.282048MB. incr 
GC: pause 11.78ms. collected 1627.189200MB. incr 
GC: pause 11.75ms. collected 1629.176000MB. incr 
GC: pause 11.79ms. collected 1629.176000MB. incr 
GC: pause 21.92ms. collected 1629.176000MB. incr 
GC: pause 11.70ms. collected 1629.176000MB. incr 
GC: pause 11.72ms. collected 1631.069952MB. incr 
GC: pause 11.83ms. collected 1629.596752MB. incr 
GC: pause 11.80ms. collected 1630.836800MB. incr 
GC: pause 11.80ms. collected 1633.147696MB. incr 
GC: pause 13.25ms. collected 1631.164704MB. incr 
GC: pause 11.78ms. collected 1633.147696MB. incr 
GC: pause 11.81ms. collected 1633.149600MB. incr 
GC: pause 11.78ms. collected 1633.149600MB. incr 
GC: pause 11.80ms. collected 1634.606448MB. incr 
GC: pause 11.78ms. collected 1633.679552MB. incr 
GC: pause 12.17ms. collected 1635.136400MB. incr 
GC: pause 11.82ms. collected 1635.136400MB. incr 
GC: pause 11.79ms. collected 1635.136400MB. incr 
GC: pause 11.88ms. collected 1635.462960MB. incr 
GC: pause 11.78ms. collected 1636.796640MB. incr 
GC: pause 11.77ms. collected 1637.123200MB. incr 
GC: pause 11.95ms. collected 1637.124752MB. incr 
GC: pause 11.82ms. collected 1639.015600MB. incr 
GC: pause 11.80ms. collected 1637.217600MB. incr 
GC: pause 11.79ms. collected 1639.108448MB. incr 
GC: pause 11.79ms. collected 1639.110000MB. incr 
GC: pause 11.81ms. collected 1639.110000MB. incr 
GC: pause 12.40ms. collected 1640.566848MB. incr 
GC: pause 11.81ms. collected 1639.639952MB. incr 
GC: pause 11.82ms. collected 1641.096800MB. incr 
GC: pause 11.84ms. collected 1641.096800MB. incr 
GC: pause 11.88ms. collected 1641.098704MB. incr 
GC: pause 11.85ms. collected 1643.081696MB. incr 
GC: pause 12.29ms. collected 1643.083600MB. incr 
GC: pause 11.87ms. collected 1642.990752MB. incr 
GC: pause 11.84ms. collected 1643.083600MB. incr 
GC: pause 11.84ms. collected 1643.176448MB. incr 
GC: pause 11.86ms. collected 1643.085504MB. incr 
GC: pause 11.83ms. collected 1645.068496MB. incr 
GC: pause 12.37ms. collected 1645.071952MB. incr 
GC: pause 11.82ms. collected 1646.525744MB. incr 
GC: pause 11.84ms. collected 1645.600304MB. incr 
GC: pause 11.90ms. collected 1647.057200MB. incr 
GC: pause 11.83ms. collected 1647.057200MB. incr 
GC: pause 11.91ms. collected 1647.057200MB. incr 
GC: pause 12.14ms. collected 1647.057200MB. incr 
GC: pause 11.93ms. collected 1648.514096MB. incr 
GC: pause 11.94ms. collected 1647.589008MB. incr 
GC: pause 11.90ms. collected 1649.044000MB. incr 
GC: pause 11.90ms. collected 1651.028896MB. incr 
GC: pause 11.91ms. collected 1649.045904MB. incr 
GC: pause 11.98ms. collected 1651.028896MB. incr 
GC: pause 11.85ms. collected 1651.030800MB. incr 
GC: pause 11.89ms. collected 1651.030800MB. incr 
GC: pause 11.84ms. collected 1651.032704MB. incr 
GC: pause 11.88ms. collected 1653.015696MB. incr 
GC: pause 11.87ms. collected 1653.017600MB. incr 
GC: pause 11.97ms. collected 1653.017600MB. incr 
GC: pause 11.92ms. collected 1653.017600MB. incr 
GC: pause 11.87ms. collected 1654.911552MB. incr 
GC: pause 11.93ms. collected 1653.112352MB. incr 
GC: pause 11.90ms. collected 1655.002496MB. incr 
GC: pause 11.94ms. collected 1655.330960MB. incr 
GC: pause 11.96ms. collected 1656.664640MB. incr 
GC: pause 11.90ms. collected 1656.461248MB. incr 
GC: pause 11.87ms. collected 1655.534352MB. incr 
GC: pause 11.89ms. collected 1656.991200MB. incr 
GC: pause 11.86ms. collected 1656.993104MB. incr 
GC: pause 11.92ms. collected 1658.976096MB. incr 
GC: pause 12.06ms. collected 1658.976208MB. incr 
GC: pause 11.96ms. collected 1658.449840MB. incr 
GC: pause 12.03ms. collected 1657.849056MB. incr 
GC: pause 11.91ms. collected 1660.630192MB. incr 
GC: pause 11.89ms. collected 1658.986608MB. incr 
GC: pause 11.90ms. collected 1660.962896MB. incr 
GC: pause 11.99ms. collected 1660.964800MB. incr 
GC: pause 11.98ms. collected 1661.292704MB. incr 
GC: pause 11.90ms. collected 1662.623696MB. incr 
GC: pause 11.93ms. collected 1662.951600MB. incr 
GC: pause 11.95ms. collected 1662.944896MB. incr 
GC: pause 12.00ms. collected 1662.951600MB. incr 
GC: pause 12.01ms. collected 1662.958304MB. incr 
GC: pause 11.93ms. collected 1662.953152MB. incr 
GC: pause 11.98ms. collected 1664.936848MB. incr 
GC: pause 11.98ms. collected 1664.938400MB. incr 
GC: pause 11.97ms. collected 1664.940304MB. incr 
GC: pause 11.97ms. collected 1666.923296MB. incr 
GC: pause 12.96ms. collected 1666.832352MB. incr 
GC: pause 11.98ms. collected 1665.033152MB. incr 
GC: pause 11.93ms. collected 1666.925200MB. incr 
GC: pause 11.99ms. collected 1668.910096MB. incr 
GC: pause 12.01ms. collected 1668.382048MB. incr 
GC: pause 11.96ms. collected 1667.455152MB. incr 
GC: pause 13.21ms. collected 1668.912000MB. incr 
GC: pause 12.03ms. collected 1668.913904MB. incr 
GC: pause 11.98ms. collected 1670.896896MB. incr 
GC: pause 12.00ms. collected 1670.898800MB. incr 
GC: pause 11.97ms. collected 1670.368896MB. incr 
GC: pause 11.98ms. collected 1670.898800MB. incr 
GC: pause 14.73ms. collected 1671.428704MB. incr 
GC: pause 11.96ms. collected 1670.900704MB. incr 
GC: pause 12.02ms. collected 1672.883696MB. incr 
GC: pause 12.02ms. collected 1672.885600MB. incr 
GC: pause 12.08ms. collected 1673.212160MB. incr 
GC: pause 12.02ms. collected 1674.545840MB. incr 
GC: pause 16.10ms. collected 1674.872400MB. incr 
GC: pause 12.00ms. collected 1674.863792MB. incr 
GC: pause 12.04ms. collected 1674.869952MB. incr 
GC: pause 12.00ms. collected 1674.883456MB. incr 
GC: pause 11.99ms. collected 1674.872400MB. incr 
GC: pause 12.06ms. collected 1676.859200MB. incr 
GC: pause 12.49ms. collected 1676.859200MB. incr 
GC: pause 12.06ms. collected 1676.860752MB. incr 
GC: pause 12.06ms. collected 1678.844448MB. incr 
GC: pause 12.04ms. collected 1678.753152MB. incr 
GC: pause 12.10ms. collected 1677.278608MB. incr 
GC: pause 12.00ms. collected 1678.521344MB. incr 
GC: pause 12.14ms. collected 1680.830896MB. incr 
GC: pause 12.06ms. collected 1680.826096MB. incr 
GC: pause 12.11ms. collected 1679.180608MB. incr 
GC: pause 12.02ms. collected 1680.506800MB. incr 
GC: pause 12.05ms. collected 1682.817696MB. incr 
GC: pause 12.12ms. collected 1681.159360MB. incr 
GC: pause 12.61ms. collected 1682.493040MB. incr 
GC: pause 12.06ms. collected 1682.819600MB. incr 
GC: pause 12.12ms. collected 1682.821152MB. incr 
GC: pause 12.07ms. collected 1684.798144MB. incr 
GC: pause 12.10ms. collected 1683.152864MB. incr 
GC: pause 12.03ms. collected 1684.479840MB. incr 
GC: pause 12.49ms. collected 1684.808304MB. incr 
GC: pause 12.05ms. collected 1686.784592MB. incr 
GC: pause 12.07ms. collected 1684.815008MB. incr 
GC: pause 12.08ms. collected 1686.791296MB. incr 
GC: pause 12.10ms. collected 1686.793200MB. incr 
GC: pause 12.06ms. collected 1686.795104MB. incr 
GC: pause 12.50ms. collected 1688.778096MB. incr 
GC: pause 12.07ms. collected 1688.687152MB. incr 
GC: pause 12.15ms. collected 1687.212608MB. incr 
GC: pause 12.04ms. collected 1688.455344MB. incr 
GC: pause 12.08ms. collected 1690.764896MB. incr 
GC: pause 12.10ms. collected 1690.673952MB. incr 
GC: pause 12.53ms. collected 1688.874752MB. incr 
GC: pause 12.11ms. collected 1690.764896MB. incr 
GC: pause 12.12ms. collected 1692.223648MB. incr 
GC: pause 12.12ms. collected 1691.296752MB. incr 
GC: pause 12.10ms. collected 1692.659600MB. incr 
GC: pause 12.21ms. collected 1691.188704MB. incr 
GC: pause 12.14ms. collected 1692.752256MB. incr 
GC: pause 12.10ms. collected 1694.413840MB. incr 
GC: pause 12.07ms. collected 1694.647552MB. incr 
GC: pause 12.15ms. collected 1693.173008MB. incr 
GC: pause 12.19ms. collected 1694.415744MB. incr 
GC: pause 12.13ms. collected 1696.718592MB. incr 
GC: pause 12.10ms. collected 1694.749008MB. incr 
GC: pause 12.08ms. collected 1696.725296MB. incr 
GC: pause 12.08ms. collected 1696.727200MB. incr 
GC: pause 12.12ms. collected 1696.727200MB. incr 
GC: pause 12.17ms. collected 1698.184096MB. incr 
GC: pause 12.10ms. collected 1697.258656MB. incr 
GC: pause 12.09ms. collected 1698.712448MB. incr 
GC: pause 12.10ms. collected 1698.714000MB. incr 
GC: pause 12.12ms. collected 1700.170896MB. incr 
GC: pause 12.16ms. collected 1699.243904MB. incr 
GC: pause 12.13ms. collected 1700.700800MB. incr 
GC: pause 12.13ms. collected 1700.700800MB. incr 
GC: pause 12.17ms. collected 1700.700800MB. incr 
GC: pause 12.10ms. collected 1702.157648MB. incr 
GC: pause 12.27ms. collected 1701.230752MB. incr 
GC: pause 12.16ms. collected 1702.687600MB. incr 
GC: pause 12.11ms. collected 1702.689152MB. incr 
GC: pause 12.09ms. collected 1704.580000MB. incr 
GC: pause 12.14ms. collected 1702.782352MB. incr 
GC: pause 12.15ms. collected 1704.672496MB. incr 
GC: pause 12.16ms. collected 1704.674400MB. incr 
GC: pause 12.16ms. collected 1704.676304MB. incr 
GC: pause 12.18ms. collected 1706.659296MB. incr 
GC: pause 12.14ms. collected 1706.661200MB. incr 
GC: pause 12.14ms. collected 1706.661200MB. incr 
GC: pause 13.15ms. collected 1706.661200MB. incr 
GC: pause 12.14ms. collected 1706.661200MB. incr 
GC: pause 12.16ms. collected 1708.648000MB. incr 
GC: pause 12.16ms. collected 1708.648000MB. incr 
GC: pause 12.19ms. collected 1708.641296MB. incr 
GC: pause 13.97ms. collected 1708.654704MB. incr 
GC: pause 12.22ms. collected 1708.649552MB. incr 
GC: pause 12.17ms. collected 1710.633248MB. incr 
GC: pause 12.15ms. collected 1710.634800MB. incr 
GC: pause 12.22ms. collected 1710.636704MB. incr 
GC: pause 12.19ms. collected 1712.619696MB. incr 
GC: pause 12.41ms. collected 1712.528752MB. incr 
GC: pause 12.22ms. collected 1711.055552MB. incr 
GC: pause 12.27ms. collected 1712.621600MB. incr 
GC: pause 12.21ms. collected 1714.280496MB. incr 
GC: pause 12.24ms. collected 1714.608400MB. incr 
GC: pause 13.14ms. collected 1714.078496MB. incr 
GC: pause 12.24ms. collected 1713.479408MB. incr 
GC: pause 12.22ms. collected 1716.174448MB. incr 
GC: pause 12.21ms. collected 1714.703152MB. incr 
GC: pause 12.18ms. collected 1716.593296MB. incr 
GC: pause 12.58ms. collected 1716.595200MB. incr 
GC: pause 12.19ms. collected 1716.595200MB. incr 
GC: pause 12.21ms. collected 1718.489152MB. incr 
GC: pause 12.26ms. collected 1716.689952MB. incr 
GC: pause 12.23ms. collected 1718.580096MB. incr 
GC: pause 12.42ms. collected 1718.908560MB. incr 
GC: pause 12.24ms. collected 1720.242240MB. incr 
GC: pause 12.28ms. collected 1720.038896MB. incr 
GC: pause 12.20ms. collected 1719.113456MB. incr 
GC: pause 12.22ms. collected 1720.567248MB. incr 
GC: pause 12.26ms. collected 1722.462752MB. incr 
GC: pause 12.75ms. collected 1720.661648MB. incr 
GC: pause 12.23ms. collected 1722.555600MB. incr 
GC: pause 12.23ms. collected 1722.555600MB. incr 
GC: pause 12.32ms. collected 1722.555600MB. incr 
GC: pause 12.23ms. collected 1722.557504MB. incr 
GC: pause 12.69ms. collected 1724.540496MB. incr 
GC: pause 12.25ms. collected 1724.542400MB. incr 
GC: pause 12.28ms. collected 1724.542400MB. incr 
GC: pause 12.27ms. collected 1724.544304MB. incr 
GC: pause 12.27ms. collected 1726.527296MB. incr 
GC: pause 12.67ms. collected 1726.529200MB. incr 
GC: pause 12.29ms. collected 1726.529200MB. incr 
GC: pause 12.23ms. collected 1726.530752MB. incr 
GC: pause 12.27ms. collected 1728.514448MB. incr 
GC: pause 12.30ms. collected 1728.423152MB. incr 
GC: pause 12.25ms. collected 1728.078896MB. incr 
GC: pause 12.86ms. collected 1728.516048MB. incr 
GC: pause 12.29ms. collected 1729.045904MB. incr 
GC: pause 12.34ms. collected 1728.842560MB. incr 
GC: pause 12.27ms. collected 1730.177792MB. incr 
GC: pause 12.30ms. collected 1731.958096MB. incr 
GC: pause 12.31ms. collected 1731.032752MB. incr 
GC: pause 12.35ms. collected 1730.830704MB. incr 
GC: pause 12.29ms. collected 1732.163248MB. incr 
GC: pause 12.33ms. collected 1732.815952MB. incr 
GC: pause 12.35ms. collected 1734.148496MB. incr 
GC: pause 12.35ms. collected 1733.946448MB. incr 
GC: pause 12.34ms. collected 1733.019552MB. incr 
GC: pause 12.35ms. collected 1734.476400MB. incr 
GC: pause 12.35ms. collected 1734.478304MB. incr 
GC: pause 12.30ms. collected 1736.461296MB. incr 
GC: pause 12.40ms. collected 1736.370352MB. incr 
GC: pause 12.39ms. collected 1734.897152MB. incr 
GC: pause 12.38ms. collected 1736.461856MB. incr 
GC: pause 12.33ms. collected 1738.123440MB. incr 
GC: pause 12.32ms. collected 1738.357152MB. incr 
GC: pause 12.47ms. collected 1736.882608MB. incr 
GC: pause 12.32ms. collected 1738.125344MB. incr 
GC: pause 12.34ms. collected 1740.434896MB. incr 
GC: pause 12.38ms. collected 1738.777904MB. incr 
GC: pause 12.33ms. collected 1740.108896MB. incr 
GC: pause 12.34ms. collected 1740.436800MB. incr 
GC: pause 12.34ms. collected 1741.893648MB. incr 
GC: pause 12.40ms. collected 1740.966752MB. incr 
GC: pause 12.32ms. collected 1742.330752MB. incr 
GC: pause 12.33ms. collected 1742.423600MB. incr 
GC: pause 12.34ms. collected 1742.423600MB. incr 
GC: pause 12.32ms. collected 1742.516448MB. incr 
GC: pause 12.31ms. collected 1742.425152MB. incr 
GC: pause 12.32ms. collected 1744.408848MB. incr 
GC: pause 12.36ms. collected 1744.410400MB. incr 
GC: pause 12.36ms. collected 1745.867296MB. incr 
GC: pause 12.38ms. collected 1744.940304MB. incr 
GC: pause 12.37ms. collected 1746.397200MB. incr 
GC: pause 12.38ms. collected 1746.397200MB. incr 
GC: pause 12.37ms. collected 1746.397200MB. incr 
GC: pause 12.41ms. collected 1748.382208MB. incr 
GC: pause 13.42ms. collected 1747.855840MB. incr 
GC: pause 12.40ms. collected 1746.929056MB. incr 
GC: pause 12.38ms. collected 1748.384000MB. incr 
GC: pause 12.42ms. collected 1750.368896MB. incr 
GC: pause 12.40ms. collected 1750.370800MB. incr 
GC: pause 14.76ms. collected 1750.277952MB. incr 
GC: pause 12.40ms. collected 1750.370800MB. incr 
GC: pause 12.40ms. collected 1750.463648MB. incr 
GC: pause 12.43ms. collected 1750.372704MB. incr 
GC: pause 12.42ms. collected 1752.355696MB. incr 
GC: pause 12.43ms. collected 1752.359152MB. incr 
GC: pause 12.56ms. collected 1754.246112MB. incr 
GC: pause 12.48ms. collected 1752.454336MB. incr 
GC: pause 12.40ms. collected 1754.344400MB. incr 
GC: pause 12.44ms. collected 1754.344400MB. incr 
GC: pause 12.48ms. collected 1754.344400MB. incr 
GC: pause 12.64ms. collected 1754.670960MB. incr 
GC: pause 12.40ms. collected 1756.004640MB. incr 
GC: pause 12.45ms. collected 1756.331200MB. incr 
GC: pause 12.49ms. collected 1756.659104MB. incr 
GC: pause 12.43ms. collected 1757.990096MB. incr 
GC: pause 12.72ms. collected 1758.318000MB. incr 
GC: pause 12.45ms. collected 1758.225152MB. incr 
GC: pause 12.46ms. collected 1758.318000MB. incr 
GC: pause 12.45ms. collected 1758.410848MB. incr 
GC: pause 12.44ms. collected 1758.319552MB. incr 
GC: pause 12.70ms. collected 1760.303248MB. incr 
GC: pause 12.47ms. collected 1760.304800MB. incr 
GC: pause 12.51ms. collected 1760.632704MB. incr 
GC: pause 12.46ms. collected 1761.963696MB. incr 
GC: pause 12.44ms. collected 1762.291600MB. incr 
GC: pause 12.66ms. collected 1762.291600MB. incr 
GC: pause 12.50ms. collected 1762.291600MB. incr 
GC: pause 12.51ms. collected 1764.185552MB. incr 
GC: pause 12.58ms. collected 1762.711008MB. incr 
GC: pause 12.48ms. collected 1763.951840MB. incr 
GC: pause 13.18ms. collected 1765.735248MB. incr 
GC: pause 12.50ms. collected 1764.808352MB. incr 
GC: pause 12.49ms. collected 1765.735296MB. incr 
GC: pause 12.52ms. collected 1765.134864MB. incr 
GC: pause 12.50ms. collected 1766.265392MB. incr 
GC: pause 12.92ms. collected 1767.925248MB. incr 
GC: pause 12.59ms. collected 1768.159152MB. incr 
GC: pause 12.50ms. collected 1766.359952MB. incr 
GC: pause 12.49ms. collected 1768.251648MB. incr 
GC: pause 12.49ms. collected 1770.237248MB. incr 
GC: pause 12.51ms. collected 1768.253904MB. incr 
GC: pause 13.05ms. collected 1770.236896MB. incr 
GC: pause 12.50ms. collected 1770.238800MB. incr 
GC: pause 12.57ms. collected 1770.566704MB. incr 
GC: pause 12.55ms. collected 1771.897696MB. incr 
GC: pause 12.52ms. collected 1772.225600MB. incr 
GC: pause 12.66ms. collected 1772.225600MB. incr 
GC: pause 12.52ms. collected 1772.225600MB. incr 
GC: pause 12.58ms. collected 1772.552160MB. incr 
GC: pause 12.52ms. collected 1773.885840MB. incr 
GC: pause 12.58ms. collected 1774.212400MB. incr 
GC: pause 12.50ms. collected 1774.214304MB. incr 
GC: pause 12.53ms. collected 1776.197296MB. incr 
GC: pause 12.53ms. collected 1775.669248MB. incr 
GC: pause 12.52ms. collected 1774.742352MB. incr 
GC: pause 12.60ms. collected 1776.199200MB. incr 
GC: pause 12.54ms. collected 1778.093152MB. incr 
GC: pause 12.53ms. collected 1776.293600MB. incr 
GC: pause 12.56ms. collected 1778.184448MB. incr 
GC: pause 12.56ms. collected 1778.186000MB. incr 
GC: pause 12.54ms. collected 1778.187552MB. incr 
GC: pause 12.53ms. collected 1780.171248MB. incr 
GC: pause 12.58ms. collected 1780.166096MB. incr 
GC: pause 12.54ms. collected 1780.084416MB. incr 
GC: pause 12.71ms. collected 1780.175040MB. incr 
GC: pause 12.51ms. collected 1780.265648MB. incr 
GC: pause 12.58ms. collected 1780.499360MB. incr 
GC: pause 12.57ms. collected 1781.834944MB. incr 
GC: pause 12.60ms. collected 1784.051648MB. incr 
GC: pause 12.59ms. collected 1782.252448MB. incr 
GC: pause 12.57ms. collected 1784.053552MB. incr 
GC: pause 12.58ms. collected 1784.146400MB. incr 
GC: pause 12.56ms. collected 1784.141264MB. incr 
GC: pause 12.56ms. collected 1784.244384MB. incr 
GC: pause 12.64ms. collected 1784.146400MB. incr 
GC: pause 12.59ms. collected 1786.133200MB. incr 
GC: pause 12.57ms. collected 1786.133200MB. incr 
GC: pause 12.58ms. collected 1786.135104MB. incr 
GC: pause 13.53ms. collected 1788.118096MB. incr 
GC: pause 12.57ms. collected 1788.120000MB. incr 
GC: pause 12.57ms. collected 1788.120000MB. incr 
GC: pause 12.60ms. collected 1788.120000MB. incr 
GC: pause 12.58ms. collected 1790.013952MB. incr 
GC: pause 15.05ms. collected 1788.539408MB. incr 
GC: pause 12.57ms. collected 1789.781792MB. incr 
GC: pause 12.61ms. collected 1791.999200MB. incr 
GC: pause 12.62ms. collected 1790.199648MB. incr 
GC: pause 12.63ms. collected 1792.093600MB. incr 
GC: pause 12.93ms. collected 1792.093600MB. incr 
GC: pause 12.61ms. collected 1792.093600MB. incr 
GC: pause 12.65ms. collected 1792.095504MB. incr 
GC: pause 12.60ms. collected 1794.078496MB. incr 
GC: pause 12.92ms. collected 1794.080400MB. incr 
GC: pause 12.65ms. collected 1794.080400MB. incr 
GC: pause 12.67ms. collected 1795.537296MB. incr 
GC: pause 12.63ms. collected 1794.611856MB. incr 
GC: pause 12.67ms. collected 1796.065648MB. incr 
GC: pause 12.70ms. collected 1796.069104MB. incr 
GC: pause 12.69ms. collected 1798.045392MB. incr 
GC: pause 12.73ms. collected 1796.400464MB. incr 
GC: pause 12.66ms. collected 1797.727440MB. incr 
GC: pause 12.85ms. collected 1798.055904MB. incr 
GC: pause 12.72ms. collected 1799.946048MB. incr 
GC: pause 12.66ms. collected 1798.148752MB. incr 
GC: pause 12.69ms. collected 1800.038896MB. incr 
GC: pause 12.67ms. collected 1800.040800MB. incr 
GC: pause 12.87ms. collected 1800.367360MB. incr 
GC: pause 12.66ms. collected 1801.701040MB. incr 
GC: pause 12.69ms. collected 1802.027600MB. incr 
GC: pause 12.70ms. collected 1802.027600MB. incr 
GC: pause 12.70ms. collected 1802.027600MB. incr 
GC: pause 13.28ms. collected 1803.484448MB. incr 
GC: pause 12.72ms. collected 1802.559104MB. incr 
GC: pause 12.70ms. collected 1804.012848MB. incr 
GC: pause 12.78ms. collected 1804.340960MB. incr 
GC: pause 13.16ms. collected 1805.674640MB. incr 
GC: pause 12.71ms. collected 1805.994496MB. incr 
GC: pause 12.75ms. collected 1805.478000MB. incr 
GC: pause 12.70ms. collected 1806.001200MB. incr 
GC: pause 12.71ms. collected 1806.531104MB. incr 
GC: pause 13.21ms. collected 1806.327760MB. incr 
GC: pause 12.71ms. collected 1807.662992MB. incr 
GC: pause 12.76ms. collected 1809.443296MB. incr 
GC: pause 12.72ms. collected 1808.517952MB. incr 
GC: pause 13.18ms. collected 1809.444848MB. incr 
GC: pause 12.77ms. collected 1808.519856MB. incr 
GC: pause 12.73ms. collected 1809.974800MB. incr 
GC: pause 12.78ms. collected 1811.959696MB. incr 
GC: pause 12.76ms. collected 1811.952096MB. incr 
GC: pause 12.90ms. collected 1810.310864MB. incr 
GC: pause 12.77ms. collected 1811.636944MB. incr 
GC: pause 12.76ms. collected 1813.946496MB. incr 
GC: pause 12.84ms. collected 1812.288160MB. incr 
GC: pause 12.78ms. collected 1813.621840MB. incr 
GC: pause 12.84ms. collected 1813.949952MB. incr 
GC: pause 12.80ms. collected 1815.840800MB. incr 
GC: pause 12.76ms. collected 1814.042800MB. incr 
GC: pause 12.86ms. collected 1815.933648MB. incr 
GC: pause 12.82ms. collected 1815.935200MB. incr 
GC: pause 12.79ms. collected 1815.935200MB. incr 
GC: pause 12.83ms. collected 1817.829152MB. incr 
GC: pause 12.94ms. collected 1816.354608MB. incr 
GC: pause 12.79ms. collected 1817.595440MB. incr 
GC: pause 12.82ms. collected 1819.702640MB. incr 
GC: pause 12.80ms. collected 1818.128160MB. incr 
GC: pause 12.79ms. collected 1819.900768MB. incr 
GC: pause 12.81ms. collected 1819.905776MB. incr 
GC: pause 12.83ms. collected 1819.908080MB. incr 
GC: pause 12.80ms. collected 1819.920576MB. incr 
GC: pause 12.91ms. collected 1819.910704MB. incr 
GC: pause 12.86ms. collected 1821.895248MB. incr 
GC: pause 12.82ms. collected 1823.788000MB. incr 
GC: pause 12.82ms. collected 1821.988448MB. incr 
GC: pause 12.85ms. collected 1823.789552MB. incr 
GC: pause 14.02ms. collected 1823.860560MB. incr 
GC: pause 12.83ms. collected 1823.467136MB. incr 
GC: pause 12.81ms. collected 1824.405648MB. incr 
GC: pause 12.86ms. collected 1823.889104MB. incr 
GC: pause 15.21ms. collected 1825.869200MB. incr 
GC: pause 12.82ms. collected 1825.869200MB. incr 
GC: pause 12.85ms. collected 1827.326048MB. incr 
GC: pause 12.84ms. collected 1826.399152MB. incr 
GC: pause 14.36ms. collected 1827.856000MB. incr 
GC: pause 12.87ms. collected 1827.856000MB. incr 
GC: pause 12.91ms. collected 1828.182560MB. incr 
GC: pause 12.88ms. collected 1829.516240MB. incr 
GC: pause 13.33ms. collected 1829.842800MB. incr 
GC: pause 12.87ms. collected 1829.842800MB. incr 
GC: pause 12.96ms. collected 1830.169360MB. incr 
GC: pause 12.84ms. collected 1831.503040MB. incr 
GC: pause 12.89ms. collected 1831.829600MB. incr 
GC: pause 12.87ms. collected 1831.829600MB. incr 
GC: pause 12.90ms. collected 1831.829600MB. incr 
GC: pause 12.96ms. collected 1833.816400MB. incr 
GC: pause 12.90ms. collected 1833.723552MB. incr 
GC: pause 13.01ms. collected 1833.379344MB. incr 
GC: pause 12.92ms. collected 1834.336800MB. incr 
GC: pause 12.93ms. collected 1833.825904MB. incr 
GC: pause 12.88ms. collected 1835.710352MB. incr 
GC: pause 12.96ms. collected 1835.889344MB. incr 
GC: pause 12.94ms. collected 1835.809904MB. incr 
GC: pause 12.89ms. collected 1835.803200MB. incr 
GC: pause 12.97ms. collected 1837.790000MB. incr 
GC: pause 13.52ms. collected 1837.790000MB. incr 
GC: pause 12.98ms. collected 1837.790000MB. incr 
GC: pause 12.94ms. collected 1837.791904MB. incr 
GC: pause 12.94ms. collected 1839.774896MB. incr 
GC: pause 13.46ms. collected 1839.776800MB. incr 
GC: pause 13.02ms. collected 1840.104704MB. incr 
GC: pause 12.99ms. collected 1841.435696MB. incr 
GC: pause 12.97ms. collected 1841.763600MB. incr 
GC: pause 13.41ms. collected 1841.763600MB. incr 
GC: pause 12.96ms. collected 1841.763600MB. incr 
GC: pause 12.96ms. collected 1843.220448MB. incr 
GC: pause 12.94ms. collected 1842.295104MB. incr 
GC: pause 13.00ms. collected 1843.748848MB. incr 
GC: pause 13.56ms. collected 1844.076960MB. incr 
GC: pause 12.98ms. collected 1845.410640MB. incr 
GC: pause 13.02ms. collected 1845.730496MB. incr 
GC: pause 13.01ms. collected 1845.536112MB. incr 
GC: pause 13.03ms. collected 1845.829216MB. incr 
GC: pause 13.03ms. collected 1845.852976MB. incr 
GC: pause 13.02ms. collected 1845.739104MB. incr 
GC: pause 12.95ms. collected 1847.722096MB. incr 
GC: pause 13.19ms. collected 1848.051904MB. incr 
GC: pause 12.99ms. collected 1849.382896MB. incr 
GC: pause 13.03ms. collected 1849.710800MB. incr 
GC: pause 13.03ms. collected 1849.617952MB. incr 
GC: pause 13.07ms. collected 1849.710800MB. incr 
GC: pause 13.00ms. collected 1849.803648MB. incr 
GC: pause 13.04ms. collected 1849.712704MB. incr 
GC: pause 13.02ms. collected 1851.695696MB. incr 
GC: pause 13.12ms. collected 1851.699504MB. incr 
GC: pause 13.04ms. collected 1853.682496MB. incr 
GC: pause 13.04ms. collected 1853.591552MB. incr 
GC: pause 13.09ms. collected 1852.117008MB. incr 
GC: pause 13.14ms. collected 1853.681408MB. incr 
GC: pause 13.01ms. collected 1855.347632MB. incr 
GC: pause 13.05ms. collected 1855.578352MB. incr 
GC: pause 13.09ms. collected 1854.105152MB. incr 
GC: pause 13.17ms. collected 1855.669856MB. incr 
GC: pause 13.06ms. collected 1857.331440MB. incr 
GC: pause 13.06ms. collected 1857.651296MB. incr 
GC: pause 13.07ms. collected 1857.134752MB. incr 
GC: pause 13.11ms. collected 1856.529056MB. incr 
GC: pause 13.48ms. collected 1859.316896MB. incr 
GC: pause 13.08ms. collected 1859.114848MB. incr 
GC: pause 13.07ms. collected 1858.187952MB. incr 
GC: pause 13.08ms. collected 1859.644800MB. incr 
GC: pause 15.06ms. collected 1861.624896MB. incr 
GC: pause 13.15ms. collected 1859.978064MB. incr 
GC: pause 13.14ms. collected 1861.305040MB. incr 
GC: pause 13.07ms. collected 1861.633504MB. incr 
GC: pause 14.98ms. collected 1863.616496MB. incr 
GC: pause 13.09ms. collected 1863.525552MB. incr 
GC: pause 13.07ms. collected 1861.726352MB. incr 
GC: pause 13.11ms. collected 1863.618400MB. incr 
GC: pause 13.44ms. collected 1865.603296MB. incr 
GC: pause 13.07ms. collected 1865.512352MB. incr 
GC: pause 13.11ms. collected 1863.713152MB. incr 
GC: pause 13.13ms. collected 1865.605200MB. incr 
GC: pause 13.34ms. collected 1867.590096MB. incr 
GC: pause 13.13ms. collected 1867.499152MB. incr 
GC: pause 13.12ms. collected 1865.699952MB. incr 
GC: pause 13.16ms. collected 1867.592000MB. incr 
GC: pause 13.17ms. collected 1869.576896MB. incr 
GC: pause 13.14ms. collected 1869.485952MB. incr 
GC: pause 13.09ms. collected 1867.686752MB. incr 
GC: pause 13.15ms. collected 1869.578800MB. incr 
GC: pause 13.20ms. collected 1871.563696MB. incr 
GC: pause 13.13ms. collected 1871.472752MB. incr 
GC: pause 13.14ms. collected 1869.673552MB. incr 
GC: pause 13.11ms. collected 1871.565600MB. incr 
GC: pause 13.56ms. collected 1873.550496MB. incr 
GC: pause 13.15ms. collected 1873.459552MB. incr 
GC: pause 13.14ms. collected 1871.660352MB. incr 
GC: pause 13.13ms. collected 1873.552400MB. incr 
GC: pause 13.65ms. collected 1875.537296MB. incr 
GC: pause 13.13ms. collected 1875.446352MB. incr 
GC: pause 13.25ms. collected 1873.647152MB. incr 
GC: pause 13.11ms. collected 1875.539200MB. incr 
GC: pause 13.56ms. collected 1877.524096MB. incr 
GC: pause 13.19ms. collected 1877.433152MB. incr 
GC: pause 13.13ms. collected 1875.633952MB. incr 
GC: pause 13.21ms. collected 1877.526000MB. incr 
GC: pause 13.16ms. collected 1879.510896MB. incr 
GC: pause 13.76ms. collected 1879.419952MB. incr 
GC: pause 13.16ms. collected 1877.620752MB. incr 
GC: pause 13.19ms. collected 1879.512800MB. incr 
GC: pause 13.20ms. collected 1881.497696MB. incr 
GC: pause 13.25ms. collected 1881.406752MB. incr 
GC: pause 13.20ms. collected 1879.607552MB. incr 
GC: pause 13.18ms. collected 1881.499600MB. incr 
GC: pause 13.30ms. collected 1883.484496MB. incr 
GC: pause 13.19ms. collected 1883.393552MB. incr 
GC: pause 13.20ms. collected 1881.594352MB. incr 
GC: pause 13.21ms. collected 1883.486400MB. incr 
GC: pause 13.33ms. collected 1885.471296MB. incr 
GC: pause 13.22ms. collected 1885.466496MB. incr 
GC: pause 13.23ms. collected 1884.949952MB. incr 
GC: pause 13.26ms. collected 1884.344256MB. incr 
GC: pause 13.22ms. collected 1887.132096MB. incr 
GC: pause 13.22ms. collected 1886.930048MB. incr 
GC: pause 13.24ms. collected 1886.004704MB. incr 
GC: pause 13.23ms. collected 1887.460000MB. incr 
GC: pause 13.23ms. collected 1889.445248MB. incr 
GC: pause 13.22ms. collected 1888.916896MB. incr 
GC: pause 13.25ms. collected 1887.991808MB. incr 
GC: pause 13.33ms. collected 1889.446800MB. incr 
GC: pause 13.26ms. collected 1891.431696MB. incr 
GC: pause 13.28ms. collected 1891.433600MB. incr 
GC: pause 13.25ms. collected 1891.340752MB. incr 
GC: pause 13.32ms. collected 1891.519744MB. incr 
GC: pause 13.25ms. collected 1891.440304MB. incr 
GC: pause 13.28ms. collected 1891.760160MB. incr 
GC: pause 13.26ms. collected 1893.095744MB. incr 
GC: pause 14.25ms. collected 1895.312448MB. incr 
GC: pause 13.23ms. collected 1893.513248MB. incr 
GC: pause 13.27ms. collected 1895.400496MB. incr 
GC: pause 13.29ms. collected 1895.407200MB. incr 
GC: pause 15.36ms. collected 1895.413904MB. incr 
GC: pause 13.29ms. collected 1895.407200MB. incr 
GC: pause 13.28ms. collected 1896.864096MB. incr 
GC: pause 15.71ms. collected 1897.393952MB. incr 
GC: pause 13.26ms. collected 1897.831104MB. incr 
GC: pause 13.29ms. collected 1897.486848MB. incr 
GC: pause 13.31ms. collected 1897.721904MB. incr 
GC: pause 13.80ms. collected 1899.054800MB. incr 
GC: pause 13.38ms. collected 1901.365696MB. incr 
GC: pause 13.28ms. collected 1899.382704MB. incr 
GC: pause 13.28ms. collected 1901.365696MB. incr 
GC: pause 13.52ms. collected 1901.367600MB. incr 
GC: pause 13.33ms. collected 1901.369504MB. incr 
GC: pause 13.33ms. collected 1903.352496MB. incr 
GC: pause 13.33ms. collected 1903.354400MB. incr 
GC: pause 13.36ms. collected 1903.354400MB. incr 
GC: pause 13.31ms. collected 1903.354400MB. incr 
GC: pause 13.32ms. collected 1903.355952MB. incr 
GC: pause 13.40ms. collected 1905.339648MB. incr 
GC: pause 13.31ms. collected 1905.341200MB. incr 
GC: pause 13.31ms. collected 1905.343104MB. incr 
GC: pause 13.31ms. collected 1907.326096MB. incr 
GC: pause 13.43ms. collected 1907.328000MB. incr 
GC: pause 13.34ms. collected 1907.328000MB. incr 
GC: pause 13.34ms. collected 1907.328000MB. incr 
GC: pause 13.33ms. collected 1907.329904MB. incr 
GC: pause 13.96ms. collected 1909.312896MB. incr 
GC: pause 13.39ms. collected 1909.316704MB. incr 
GC: pause 13.35ms. collected 1911.299696MB. incr 
GC: pause 13.40ms. collected 1909.642704MB. incr 
GC: pause 13.76ms. collected 1910.973696MB. incr 
GC: pause 13.33ms. collected 1911.303504MB. incr 
GC: pause 13.39ms. collected 1913.286496MB. incr 
GC: pause 13.99ms. collected 1911.629504MB. incr 
GC: pause 13.33ms. collected 1912.960496MB. incr 
GC: pause 13.45ms. collected 1913.614960MB. incr 
GC: pause 13.35ms. collected 1914.948640MB. incr 
GC: pause 13.66ms. collected 1915.177456MB. incr 
GC: pause 13.35ms. collected 1913.388048MB. incr 
GC: pause 13.36ms. collected 1915.274848MB. incr 
GC: pause 13.45ms. collected 1917.260448MB. incr 
GC: pause 13.37ms. collected 1916.732096MB. incr 
GC: pause 13.33ms. collected 1915.807008MB. incr 
GC: pause 13.36ms. collected 1917.262000MB. incr 
GC: pause 13.45ms. collected 1919.246896MB. incr 
GC: pause 13.37ms. collected 1919.248800MB. incr 
GC: pause 13.38ms. collected 1919.155952MB. incr 
GC: pause 13.49ms. collected 1919.334944MB. incr 
GC: pause 13.37ms. collected 1919.255504MB. incr 
GC: pause 13.42ms. collected 1919.576704MB. incr 
GC: pause 13.39ms. collected 1920.909600MB. incr 
GC: pause 13.38ms. collected 1923.220496MB. incr 
GC: pause 13.45ms. collected 1921.237504MB. incr 
GC: pause 13.38ms. collected 1923.220496MB. incr 
GC: pause 13.42ms. collected 1923.222400MB. incr 
GC: pause 13.40ms. collected 1923.223952MB. incr 
GC: pause 13.37ms. collected 1925.207648MB. incr 
GC: pause 13.39ms. collected 1925.116352MB. incr 
GC: pause 13.49ms. collected 1924.772096MB. incr 
GC: pause 13.44ms. collected 1925.646304MB. incr 
GC: pause 13.42ms. collected 1925.302048MB. incr 
GC: pause 14.39ms. collected 1926.666096MB. incr 
GC: pause 13.43ms. collected 1927.196000MB. incr 
GC: pause 13.44ms. collected 1927.725904MB. incr 
GC: pause 13.42ms. collected 1927.196000MB. incr 
GC: pause 14.49ms. collected 1929.182800MB. incr 
GC: pause 13.48ms. collected 1929.182800MB. incr 
GC: pause 13.48ms. collected 1929.182800MB. incr 
GC: pause 15.85ms. collected 1931.076752MB. incr 
GC: pause 13.43ms. collected 1930.732544MB. incr 
GC: pause 13.50ms. collected 1930.040608MB. incr 
GC: pause 14.65ms. collected 1932.821792MB. incr 
GC: pause 13.63ms. collected 1931.502864MB. incr 
GC: pause 13.45ms. collected 1932.829840MB. incr 
GC: pause 13.48ms. collected 1933.158304MB. incr 
GC: pause 13.74ms. collected 1935.141296MB. incr 
GC: pause 13.48ms. collected 1935.050352MB. incr 
GC: pause 13.52ms. collected 1933.575808MB. incr 
GC: pause 13.55ms. collected 1935.143200MB. incr 
GC: pause 13.47ms. collected 1936.803440MB. incr 
GC: pause 13.52ms. collected 1937.130000MB. incr 
GC: pause 13.48ms. collected 1937.123296MB. incr 
GC: pause 13.57ms. collected 1937.136704MB. incr 
GC: pause 13.49ms. collected 1937.130000MB. incr 
GC: pause 13.51ms. collected 1939.023952MB. incr 
GC: pause 13.54ms. collected 1939.116800MB. incr 
GC: pause 13.50ms. collected 1939.202944MB. incr 
GC: pause 13.48ms. collected 1939.123504MB. incr 
GC: pause 13.51ms. collected 1941.010752MB. incr 
GC: pause 13.72ms. collected 1941.103600MB. incr 
GC: pause 13.52ms. collected 1941.189744MB. incr 
GC: pause 13.52ms. collected 1941.110304MB. incr 
GC: pause 13.96ms. collected 1942.997552MB. incr 
GC: pause 13.50ms. collected 1943.176544MB. incr 
GC: pause 13.54ms. collected 1943.097104MB. incr 
GC: pause 13.93ms. collected 1943.090400MB. incr 
GC: pause 13.50ms. collected 1945.077200MB. incr 
GC: pause 13.50ms. collected 1945.077200MB. incr 
GC: pause 13.55ms. collected 1945.079104MB. incr 
GC: pause 13.95ms. collected 1947.062096MB. incr 
GC: pause 13.53ms. collected 1947.064000MB. incr 
GC: pause 13.51ms. collected 1947.064000MB. incr 
GC: pause 13.57ms. collected 1948.941392MB. incr 
GC: pause 13.54ms. collected 1947.174960MB. incr 
GC: pause 13.55ms. collected 1949.049248MB. incr 
GC: pause 13.54ms. collected 1949.052352MB. incr 
GC: pause 13.56ms. collected 1950.943200MB. incr 
GC: pause 13.59ms. collected 1949.471552MB. incr 
GC: pause 13.54ms. collected 1950.711248MB. incr 
GC: pause 13.59ms. collected 1952.930000MB. incr 
GC: pause 13.55ms. collected 1951.130448MB. incr 
GC: pause 13.54ms. collected 1953.024400MB. incr 
GC: pause 13.69ms. collected 1953.024400MB. incr 
GC: pause 13.61ms. collected 1953.024400MB. incr 
GC: pause 13.59ms. collected 1953.026304MB. incr 
GC: pause 13.57ms. collected 1955.009296MB. incr 
GC: pause 13.61ms. collected 1955.012752MB. incr 
GC: pause 13.59ms. collected 1956.883392MB. incr 
GC: pause 13.58ms. collected 1955.124256MB. incr 
GC: pause 13.68ms. collected 1956.998000MB. incr 
GC: pause 13.62ms. collected 1956.998000MB. incr 
GC: pause 13.61ms. collected 1956.998000MB. incr 
GC: pause 13.62ms. collected 1958.984800MB. incr 
GC: pause 14.01ms. collected 1958.984800MB. incr 
GC: pause 13.60ms. collected 1958.984800MB. incr 
GC: pause 13.58ms. collected 1958.984800MB. incr 
GC: pause 16.01ms. collected 1960.878752MB. incr 
GC: pause 13.60ms. collected 1960.971600MB. incr 
GC: pause 13.63ms. collected 1960.971600MB. incr 
GC: pause 15.96ms. collected 1961.064448MB. incr 
GC: pause 13.64ms. collected 1960.973504MB. incr 
GC: pause 13.57ms. collected 1962.958048MB. incr 
GC: pause 13.61ms. collected 1964.850800MB. incr 
GC: pause 14.20ms. collected 1963.052800MB. incr 
GC: pause 13.64ms. collected 1964.943648MB. incr 
GC: pause 13.64ms. collected 1964.945200MB. incr 
GC: pause 14.07ms. collected 1964.945200MB. incr 
GC: pause 13.62ms. collected 1966.925296MB. incr 
GC: pause 13.63ms. collected 1966.408800MB. incr 
GC: pause 13.73ms. collected 1965.801664MB. incr 
GC: pause 13.63ms. collected 1968.499392MB. incr 
GC: pause 13.62ms. collected 1967.026752MB. incr 
GC: pause 13.64ms. collected 1968.916896MB. incr 
GC: pause 13.69ms. collected 1968.920704MB. incr 
GC: pause 13.69ms. collected 1970.896992MB. incr 
GC: pause 13.75ms. collected 1969.253408MB. incr 
GC: pause 13.66ms. collected 1970.577696MB. incr 
GC: pause 13.70ms. collected 1972.362448MB. incr 
GC: pause 13.66ms. collected 1971.435552MB. incr 
GC: pause 13.66ms. collected 1972.798400MB. incr 
GC: pause 13.78ms. collected 1972.456448MB. incr 
GC: pause 13.68ms. collected 1972.892400MB. incr 
GC: pause 13.64ms. collected 1973.422352MB. incr 
GC: pause 14.09ms. collected 1973.220304MB. incr 
GC: pause 13.68ms. collected 1974.553200MB. incr 
GC: pause 13.66ms. collected 1976.864096MB. incr 
GC: pause 14.10ms. collected 1976.336096MB. incr 
GC: pause 13.71ms. collected 1975.410656MB. incr 
GC: pause 13.66ms. collected 1976.864448MB. incr 
GC: pause 15.98ms. collected 1978.842176MB. incr 
GC: pause 14.25ms. collected 1976.878528MB. incr 
GC: pause 13.67ms. collected 1978.850896MB. incr 
GC: pause 13.72ms. collected 1978.854704MB. incr 
GC: pause 13.78ms. collected 1980.830992MB. incr 
GC: pause 13.77ms. collected 1979.187408MB. incr 
GC: pause 13.72ms. collected 1980.511696MB. incr 
GC: pause 13.78ms. collected 1982.296496MB. incr 
GC: pause 13.69ms. collected 1981.369504MB. incr 
GC: pause 13.73ms. collected 1982.819696MB. incr 
GC: pause 13.81ms. collected 1982.826400MB. incr 
GC: pause 13.68ms. collected 1982.833104MB. incr 
GC: pause 13.75ms. collected 1982.826400MB. incr 
GC: pause 13.77ms. collected 1984.813200MB. incr 
GC: pause 13.73ms. collected 1984.813200MB. incr 
GC: pause 13.74ms. collected 1984.813200MB. incr 
GC: pause 13.77ms. collected 1986.270048MB. incr 
GC: pause 13.71ms. collected 1985.345056MB. incr 
GC: pause 13.71ms. collected 1986.800000MB. incr 
GC: pause 13.76ms. collected 1988.784896MB. incr 
GC: pause 13.73ms. collected 1988.692800MB. incr 
GC: pause 13.75ms. collected 1986.895904MB. incr 
GC: pause 13.77ms. collected 1988.786800MB. incr 
GC: pause 14.14ms. collected 1990.771696MB. incr 
GC: pause 13.74ms. collected 1990.773600MB. incr 
GC: pause 13.71ms. collected 1990.680752MB. incr 
GC: pause 15.53ms. collected 1990.866448MB. incr 
GC: pause 13.72ms. collected 1990.773600MB. incr 
GC: pause 13.74ms. collected 1992.753696MB. incr 
GC: pause 16.19ms. collected 1992.767104MB. incr 
GC: pause 13.74ms. collected 1992.760400MB. incr 
GC: pause 13.76ms. collected 1992.761952MB. incr 
GC: pause 15.61ms. collected 1994.745648MB. incr 
GC: pause 13.79ms. collected 1994.747200MB. incr 
GC: pause 13.75ms. collected 1996.618768MB. incr 
GC: pause 14.14ms. collected 1994.863984MB. incr 
GC: pause 13.76ms. collected 1996.732448MB. incr 
GC: pause 13.74ms. collected 1996.734000MB. incr 
GC: pause 13.96ms. collected 1998.627952MB. incr 
GC: pause 13.78ms. collected 1996.828752MB. incr 
slurmstepd: error: Job 24814519 exceeded memory limit (4100596 > 4096000), being killed
slurmstepd: error: Exceeded job memory limit
slurmstepd: error: *** JOB 24814519 ON cs-g14c03b12 CANCELLED AT 2022-10-28T12:22:00 ***
